Logging started at 20250527-1323
scale: [3.1415927 3.1415927 3.1415927 3.1415927 3.1415927 3.1415927 3.1415927
 3.1415927 3.1415927 3.1415927 3.1415927 3.1415927 3.1415927 3.1415927
 3.1415927 3.1415927 3.1415927 3.1415927]
mid: [0. 0. 0. 0. 0. 0. 0. 0. 0. 0. 0. 0. 0. 0. 0. 0. 0. 0.]
action space high: [1. 1. 1. 1. 1. 1. 1. 1. 1. 1. 1. 1. 1. 1. 1. 1. 1. 1.]
action space low: [-1. -1. -1. -1. -1. -1. -1. -1. -1. -1. -1. -1. -1. -1. -1. -1. -1. -1.]
scale: [3.1415927 3.1415927 3.1415927 3.1415927 3.1415927 3.1415927 3.1415927
 3.1415927 3.1415927 3.1415927 3.1415927 3.1415927 3.1415927 3.1415927
 3.1415927 3.1415927 3.1415927 3.1415927]
mid: [0. 0. 0. 0. 0. 0. 0. 0. 0. 0. 0. 0. 0. 0. 0. 0. 0. 0.]
action space high: [1. 1. 1. 1. 1. 1. 1. 1. 1. 1. 1. 1. 1. 1. 1. 1. 1. 1.]
action space low: [-1. -1. -1. -1. -1. -1. -1. -1. -1. -1. -1. -1. -1. -1. -1. -1. -1. -1.]
NVIDIA RTX A6000
Process ID: 1232535
Env: StickInsect-v4, experts/StickInsect_states_v1u2.pt, experts/StickInsect_actions_v1u2.pt, Seed: 0
Rollout length: 3000
Num steps: 2000000, Eval interval: 10000
Gamma: 0.995, Mix buffer: 1, Batch size: 64
lr_actor: 0.0001, lr_critic: 0.0001, lr_disc: 0.0001
Units Actor: (64, 64), Units Critic: (64, 64)
Units Disc R: (100, 100), Units Disc V: (100, 100)
Epoch ppo: 50, Epoch disc: 10
Clip Epsc: 0.2, Lambda: 0.97, Coef Ent: 0.05, Max Grad Norm: 10.0
Load data states: (688, 47), actions: (688, 18)
Expert data states: (687, 47), actions: (687, 18)
normalized expert action high: 0.5587616562843323
normalized expert action low: -0.5598832368850708
Expert buffer size: 687
Initial state shape: (47,)
[Debug] Reward mean: 11.5198, std: 1.5309
[Debug] Reward mean: 11.6023, std: 1.3341
[Debug] Reward mean: 11.5892, std: 1.1963
Num steps: 10000    Return: 2724.2   Time: 0:00:14
[Debug] Reward mean: 11.5508, std: 1.1394
[Debug] Reward mean: 11.4479, std: 1.0733
[Debug] Reward mean: 11.2766, std: 1.0762
Num steps: 20000    Return: 2906.4   Time: 0:00:28
[Debug] Reward mean: 11.1384, std: 1.0587
[Debug] Reward mean: 10.9674, std: 1.0384
[Debug] Reward mean: 10.7646, std: 1.0390
[Debug] Reward mean: 10.6040, std: 1.0244
Num steps: 30000    Return: 2788.4   Time: 0:00:42
[Debug] Reward mean: 10.3557, std: 1.0443
[Debug] Reward mean: 10.1412, std: 1.0603
[Debug] Reward mean: 9.8528, std: 1.0830
Num steps: 40000    Return: 2816.5   Time: 0:00:55
[Debug] Reward mean: 9.5850, std: 1.1280
[Debug] Reward mean: 9.2246, std: 1.1412
[Debug] Reward mean: 8.9336, std: 1.1989
Num steps: 50000    Return: 2767.1   Time: 0:01:12
[Debug] Reward mean: 8.5328, std: 1.2678
[Debug] Reward mean: 8.1424, std: 1.3315
[Debug] Reward mean: 7.6653, std: 1.3685
[Debug] Reward mean: 7.1922, std: 1.4537
Num steps: 60000    Return: 2899.8   Time: 0:01:32
[Debug] Reward mean: 6.6855, std: 1.5487
[Debug] Reward mean: 6.2481, std: 1.6117
[Debug] Reward mean: 5.5927, std: 1.7766
Num steps: 70000    Return: 3082.4   Time: 0:01:51
[Debug] Reward mean: 5.1169, std: 1.8060
[Debug] Reward mean: 4.5183, std: 1.9164
[Debug] Reward mean: 3.9102, std: 1.9468
Num steps: 80000    Return: 2882.1   Time: 0:02:11
[Debug] Reward mean: 3.3945, std: 1.9638
[Debug] Reward mean: 2.7643, std: 1.8765
[Debug] Reward mean: 2.3776, std: 1.8080
[Debug] Reward mean: 1.9446, std: 1.7720
Num steps: 90000    Return: 2988.2   Time: 0:02:30
[Debug] Reward mean: 1.6395, std: 1.7056
[Debug] Reward mean: 1.3573, std: 1.6385
[Debug] Reward mean: 1.1730, std: 1.4930
Num steps: 100000   Return: 2863.0   Time: 0:02:50
[Debug] Reward mean: 1.0622, std: 1.4690
[Debug] Reward mean: 0.8584, std: 1.3488
[Debug] Reward mean: 0.7211, std: 1.2205
Num steps: 110000   Return: 2936.6   Time: 0:03:09
[Debug] Reward mean: 0.6393, std: 1.1573
[Debug] Reward mean: 0.6020, std: 1.2103
[Debug] Reward mean: 0.5726, std: 1.1670
[Debug] Reward mean: 0.5099, std: 1.0878
Num steps: 120000   Return: 2895.7   Time: 0:03:29
[Debug] Reward mean: 0.4974, std: 1.0483
[Debug] Reward mean: 0.4578, std: 1.0930
[Debug] Reward mean: 0.4098, std: 0.9457
Num steps: 130000   Return: 2825.8   Time: 0:03:49
[Debug] Reward mean: 0.3798, std: 0.9434
[Debug] Reward mean: 0.3437, std: 0.9627
[Debug] Reward mean: 0.3246, std: 0.9275
Num steps: 140000   Return: 2823.3   Time: 0:04:08
[Debug] Reward mean: 0.3343, std: 0.9587
[Debug] Reward mean: 0.3262, std: 0.9462
[Debug] Reward mean: 0.3354, std: 1.0225
[Debug] Reward mean: 0.2721, std: 0.8793
Num steps: 150000   Return: 3099.2   Time: 0:04:28
[Debug] Reward mean: 0.2837, std: 0.8924
[Debug] Reward mean: 0.2671, std: 0.8837
[Debug] Reward mean: 0.2687, std: 0.9008
Num steps: 160000   Return: 2874.7   Time: 0:04:47
[Debug] Reward mean: 0.2415, std: 0.7911
[Debug] Reward mean: 0.2554, std: 0.8447
[Debug] Reward mean: 0.2412, std: 0.8164
Num steps: 170000   Return: 2868.1   Time: 0:05:07
[Debug] Reward mean: 0.2281, std: 0.7760
[Debug] Reward mean: 0.2128, std: 0.8172
[Debug] Reward mean: 0.2148, std: 0.7979
[Debug] Reward mean: 0.2424, std: 0.8676
Num steps: 180000   Return: 2906.0   Time: 0:05:27
[Debug] Reward mean: 0.1963, std: 0.7741
[Debug] Reward mean: 0.1870, std: 0.7878
[Debug] Reward mean: 0.1980, std: 0.8297
Num steps: 190000   Return: 2991.2   Time: 0:05:46
[Debug] Reward mean: 0.2001, std: 0.8344
[Debug] Reward mean: 0.1907, std: 0.7707
[Debug] Reward mean: 0.2112, std: 0.8065
Num steps: 200000   Return: 2964.2   Time: 0:06:06
[Debug] Reward mean: 0.2157, std: 0.8164
[Debug] Reward mean: 0.2156, std: 0.7365
[Debug] Reward mean: 0.2021, std: 0.7697
[Debug] Reward mean: 0.1729, std: 0.7256
Num steps: 210000   Return: 2833.5   Time: 0:06:26
[Debug] Reward mean: 0.1692, std: 0.7656
[Debug] Reward mean: 0.1842, std: 0.7960
[Debug] Reward mean: 0.1714, std: 0.7513
Num steps: 220000   Return: 3010.0   Time: 0:06:45
[Debug] Reward mean: 0.1655, std: 0.7538
[Debug] Reward mean: 0.1631, std: 0.7240
[Debug] Reward mean: 0.1500, std: 0.6598
Num steps: 230000   Return: 2953.6   Time: 0:07:04
[Debug] Reward mean: 0.1463, std: 0.6825
[Debug] Reward mean: 0.1733, std: 0.7684
[Debug] Reward mean: 0.1238, std: 0.6185
[Debug] Reward mean: 0.1677, std: 0.7218
Num steps: 240000   Return: 3061.4   Time: 0:07:25
[Debug] Reward mean: 0.1559, std: 0.7615
[Debug] Reward mean: 0.1361, std: 0.6674
[Debug] Reward mean: 0.1685, std: 0.7805
Num steps: 250000   Return: 3173.9   Time: 0:07:44
[Debug] Reward mean: 0.1401, std: 0.6996
[Debug] Reward mean: 0.1280, std: 0.6273
[Debug] Reward mean: 0.1525, std: 0.7353
Num steps: 260000   Return: 2954.9   Time: 0:08:04
[Debug] Reward mean: 0.1261, std: 0.6399
[Debug] Reward mean: 0.1553, std: 0.6937
[Debug] Reward mean: 0.1561, std: 0.6948
[Debug] Reward mean: 0.1373, std: 0.6828
Num steps: 270000   Return: 2997.5   Time: 0:08:23
[Debug] Reward mean: 0.1413, std: 0.7149
[Debug] Reward mean: 0.1430, std: 0.7117
[Debug] Reward mean: 0.1464, std: 0.6888
Num steps: 280000   Return: 2852.5   Time: 0:08:43
[Debug] Reward mean: 0.1309, std: 0.6695
[Debug] Reward mean: 0.1252, std: 0.5864
[Debug] Reward mean: 0.1676, std: 0.8120
Num steps: 290000   Return: 2906.3   Time: 0:09:03
[Debug] Reward mean: 0.1283, std: 0.6779
[Debug] Reward mean: 0.1239, std: 0.6520
[Debug] Reward mean: 0.1208, std: 0.6560
[Debug] Reward mean: 0.1333, std: 0.6776
Num steps: 300000   Return: 2866.6   Time: 0:09:23
[Debug] Reward mean: 0.1190, std: 0.6679
[Debug] Reward mean: 0.1080, std: 0.6386
[Debug] Reward mean: 0.1171, std: 0.6373
Num steps: 310000   Return: 3067.9   Time: 0:09:43
[Debug] Reward mean: 0.1173, std: 0.6852
[Debug] Reward mean: 0.1229, std: 0.6114
[Debug] Reward mean: 0.1248, std: 0.6018
Num steps: 320000   Return: 3018.8   Time: 0:10:03
[Debug] Reward mean: 0.1164, std: 0.6472
[Debug] Reward mean: 0.1115, std: 0.5939
[Debug] Reward mean: 0.1233, std: 0.6774
[Debug] Reward mean: 0.1015, std: 0.5639
Num steps: 330000   Return: 2883.8   Time: 0:10:23
[Debug] Reward mean: 0.0988, std: 0.5794
[Debug] Reward mean: 0.1272, std: 0.6855
[Debug] Reward mean: 0.0907, std: 0.5722
Num steps: 340000   Return: 2941.3   Time: 0:10:43
[Debug] Reward mean: 0.1125, std: 0.6464
[Debug] Reward mean: 0.1069, std: 0.6581
[Debug] Reward mean: 0.1015, std: 0.6454
Num steps: 350000   Return: 2924.3   Time: 0:11:03
[Debug] Reward mean: 0.1188, std: 0.6254
[Debug] Reward mean: 0.0923, std: 0.5523
[Debug] Reward mean: 0.0993, std: 0.6293
[Debug] Reward mean: 0.1193, std: 0.6495
Num steps: 360000   Return: 3020.9   Time: 0:11:23
[Debug] Reward mean: 0.0867, std: 0.5232
[Debug] Reward mean: 0.0979, std: 0.6284
[Debug] Reward mean: 0.0759, std: 0.5086
Num steps: 370000   Return: 2980.8   Time: 0:11:43
[Debug] Reward mean: 0.1073, std: 0.6377
[Debug] Reward mean: 0.0999, std: 0.6338
[Debug] Reward mean: 0.1136, std: 0.6148
Num steps: 380000   Return: 2988.8   Time: 0:12:03
[Debug] Reward mean: 0.0982, std: 0.6096
[Debug] Reward mean: 0.1050, std: 0.6053
[Debug] Reward mean: 0.1062, std: 0.6328
[Debug] Reward mean: 0.1016, std: 0.6233
Num steps: 390000   Return: 3033.1   Time: 0:12:23
[Debug] Reward mean: 0.0887, std: 0.5393
[Debug] Reward mean: 0.0954, std: 0.6121
[Debug] Reward mean: 0.0878, std: 0.5812
Num steps: 400000   Return: 2914.8   Time: 0:12:43
[Debug] Reward mean: 0.0810, std: 0.5878
[Debug] Reward mean: 0.0972, std: 0.5844
[Debug] Reward mean: 0.0953, std: 0.5981
Num steps: 410000   Return: 2953.2   Time: 0:13:03
[Debug] Reward mean: 0.0847, std: 0.5205
[Debug] Reward mean: 0.0741, std: 0.5553
[Debug] Reward mean: 0.1082, std: 0.6279
[Debug] Reward mean: 0.0854, std: 0.5738
Num steps: 420000   Return: 2946.7   Time: 0:13:23
[Debug] Reward mean: 0.0752, std: 0.5396
[Debug] Reward mean: 0.1097, std: 0.5982
[Debug] Reward mean: 0.0792, std: 0.5292
Num steps: 430000   Return: 3030.1   Time: 0:13:43
[Debug] Reward mean: 0.0878, std: 0.5693
[Debug] Reward mean: 0.0664, std: 0.4891
[Debug] Reward mean: 0.0908, std: 0.5585
Num steps: 440000   Return: 3029.7   Time: 0:14:03
[Debug] Reward mean: 0.0670, std: 0.4438
[Debug] Reward mean: 0.0646, std: 0.4758
[Debug] Reward mean: 0.0704, std: 0.5196
[Debug] Reward mean: 0.0591, std: 0.4603
Num steps: 450000   Return: 2937.8   Time: 0:14:24
[Debug] Reward mean: 0.0757, std: 0.4835
[Debug] Reward mean: 0.0836, std: 0.5388
[Debug] Reward mean: 0.0833, std: 0.5391
Num steps: 460000   Return: 2894.6   Time: 0:14:44
[Debug] Reward mean: 0.0798, std: 0.5669
[Debug] Reward mean: 0.0743, std: 0.5538
[Debug] Reward mean: 0.1016, std: 0.5996
Num steps: 470000   Return: 3147.5   Time: 0:15:04
[Debug] Reward mean: 0.0589, std: 0.4528
[Debug] Reward mean: 0.0866, std: 0.5220
[Debug] Reward mean: 0.0821, std: 0.5565
[Debug] Reward mean: 0.0813, std: 0.5669
Num steps: 480000   Return: 2931.0   Time: 0:15:24
[Debug] Reward mean: 0.0645, std: 0.4982
[Debug] Reward mean: 0.0661, std: 0.4592
[Debug] Reward mean: 0.0690, std: 0.5068
Num steps: 490000   Return: 2961.3   Time: 0:15:44
[Debug] Reward mean: 0.0751, std: 0.4781
[Debug] Reward mean: 0.0702, std: 0.4803
[Debug] Reward mean: 0.0690, std: 0.4803
Num steps: 500000   Return: 2998.2   Time: 0:16:04
[Debug] Reward mean: 0.0720, std: 0.4653
[Debug] Reward mean: 0.0513, std: 0.3993
[Debug] Reward mean: 0.0662, std: 0.4919
[Debug] Reward mean: 0.0644, std: 0.4761
Num steps: 510000   Return: 2941.0   Time: 0:16:25
[Debug] Reward mean: 0.0626, std: 0.4694
[Debug] Reward mean: 0.0657, std: 0.4717
[Debug] Reward mean: 0.0723, std: 0.4836
Num steps: 520000   Return: 2908.3   Time: 0:16:45
[Debug] Reward mean: 0.0625, std: 0.4472
[Debug] Reward mean: 0.0658, std: 0.4825
[Debug] Reward mean: 0.0562, std: 0.4447
Num steps: 530000   Return: 3026.4   Time: 0:17:05
[Debug] Reward mean: 0.0751, std: 0.5245
[Debug] Reward mean: 0.0536, std: 0.4223
[Debug] Reward mean: 0.0523, std: 0.4141
[Debug] Reward mean: 0.0550, std: 0.4185
Num steps: 540000   Return: 3046.1   Time: 0:17:26
[Debug] Reward mean: 0.0644, std: 0.4474
[Debug] Reward mean: 0.0585, std: 0.4690
[Debug] Reward mean: 0.0584, std: 0.4681
Num steps: 550000   Return: 3052.5   Time: 0:17:46
[Debug] Reward mean: 0.0517, std: 0.3832
[Debug] Reward mean: 0.0552, std: 0.4341
[Debug] Reward mean: 0.0544, std: 0.4115
Num steps: 560000   Return: 3034.4   Time: 0:18:06
[Debug] Reward mean: 0.0646, std: 0.4706
[Debug] Reward mean: 0.0652, std: 0.4643
[Debug] Reward mean: 0.0478, std: 0.3596
[Debug] Reward mean: 0.0512, std: 0.4049
Num steps: 570000   Return: 3052.0   Time: 0:18:27
[Debug] Reward mean: 0.0554, std: 0.4282
[Debug] Reward mean: 0.0595, std: 0.4389
[Debug] Reward mean: 0.0567, std: 0.4167
Num steps: 580000   Return: 3107.8   Time: 0:18:47
[Debug] Reward mean: 0.0515, std: 0.4134
[Debug] Reward mean: 0.0514, std: 0.4054
[Debug] Reward mean: 0.0456, std: 0.3640
Num steps: 590000   Return: 2951.2   Time: 0:19:07
[Debug] Reward mean: 0.0554, std: 0.3997
[Debug] Reward mean: 0.0435, std: 0.3590
[Debug] Reward mean: 0.0529, std: 0.4012
[Debug] Reward mean: 0.0558, std: 0.4026
Num steps: 600000   Return: 2922.2   Time: 0:19:28
[Debug] Reward mean: 0.0379, std: 0.3120
[Debug] Reward mean: 0.0477, std: 0.3542
[Debug] Reward mean: 0.0455, std: 0.3705
Num steps: 610000   Return: 2953.9   Time: 0:19:48
[Debug] Reward mean: 0.0404, std: 0.3366
[Debug] Reward mean: 0.0376, std: 0.3341
[Debug] Reward mean: 0.0462, std: 0.3368
Num steps: 620000   Return: 2980.5   Time: 0:20:08
[Debug] Reward mean: 0.0464, std: 0.3460
[Debug] Reward mean: 0.0414, std: 0.3070
[Debug] Reward mean: 0.0378, std: 0.3307
[Debug] Reward mean: 0.0403, std: 0.3060
Num steps: 630000   Return: 2996.2   Time: 0:20:29
[Debug] Reward mean: 0.0420, std: 0.3122
[Debug] Reward mean: 0.0445, std: 0.3226
[Debug] Reward mean: 0.0314, std: 0.2618
Num steps: 640000   Return: 2938.3   Time: 0:20:49
[Debug] Reward mean: 0.0357, std: 0.2975
[Debug] Reward mean: 0.0349, std: 0.2739
[Debug] Reward mean: 0.0324, std: 0.2600
Num steps: 650000   Return: 2992.1   Time: 0:21:10
[Debug] Reward mean: 0.0313, std: 0.2847
[Debug] Reward mean: 0.0371, std: 0.2828
[Debug] Reward mean: 0.0338, std: 0.2756
[Debug] Reward mean: 0.0343, std: 0.2801
Num steps: 660000   Return: 3062.8   Time: 0:21:31
[Debug] Reward mean: 0.0328, std: 0.2709
[Debug] Reward mean: 0.0401, std: 0.3287
[Debug] Reward mean: 0.0319, std: 0.2596
Num steps: 670000   Return: 2978.5   Time: 0:21:51
[Debug] Reward mean: 0.0356, std: 0.2866
[Debug] Reward mean: 0.0294, std: 0.2446
[Debug] Reward mean: 0.0298, std: 0.2808
Num steps: 680000   Return: 3108.9   Time: 0:22:11
[Debug] Reward mean: 0.0359, std: 0.2854
[Debug] Reward mean: 0.0355, std: 0.2766
[Debug] Reward mean: 0.0288, std: 0.2305
[Debug] Reward mean: 0.0327, std: 0.2737
Num steps: 690000   Return: 2988.7   Time: 0:22:32
[Debug] Reward mean: 0.0287, std: 0.2330
[Debug] Reward mean: 0.0267, std: 0.2315
[Debug] Reward mean: 0.0260, std: 0.2385
Num steps: 700000   Return: 3008.4   Time: 0:22:52
[Debug] Reward mean: 0.0261, std: 0.2236
[Debug] Reward mean: 0.0219, std: 0.2164
[Debug] Reward mean: 0.0302, std: 0.2474
Num steps: 710000   Return: 2926.8   Time: 0:23:12
[Debug] Reward mean: 0.0321, std: 0.2583
[Debug] Reward mean: 0.0280, std: 0.2553
[Debug] Reward mean: 0.0322, std: 0.2544
[Debug] Reward mean: 0.0203, std: 0.1738
Num steps: 720000   Return: 2963.0   Time: 0:23:33
[Debug] Reward mean: 0.0285, std: 0.2564
[Debug] Reward mean: 0.0257, std: 0.2156
[Debug] Reward mean: 0.0241, std: 0.1986
Num steps: 730000   Return: 3051.5   Time: 0:23:53
[Debug] Reward mean: 0.0269, std: 0.2508
[Debug] Reward mean: 0.0231, std: 0.2191
[Debug] Reward mean: 0.0216, std: 0.1975
Num steps: 740000   Return: 3088.1   Time: 0:24:13
[Debug] Reward mean: 0.0221, std: 0.1711
[Debug] Reward mean: 0.0289, std: 0.2497
[Debug] Reward mean: 0.0187, std: 0.1919
[Debug] Reward mean: 0.0188, std: 0.1697
Num steps: 750000   Return: 3044.4   Time: 0:24:34
[Debug] Reward mean: 0.0209, std: 0.1989
[Debug] Reward mean: 0.0180, std: 0.1743
[Debug] Reward mean: 0.0237, std: 0.2024
Num steps: 760000   Return: 2926.1   Time: 0:24:54
[Debug] Reward mean: 0.0174, std: 0.1679
[Debug] Reward mean: 0.0188, std: 0.1601
[Debug] Reward mean: 0.0204, std: 0.1986
Num steps: 770000   Return: 2921.1   Time: 0:25:14
[Debug] Reward mean: 0.0274, std: 0.2296
[Debug] Reward mean: 0.0160, std: 0.1504
[Debug] Reward mean: 0.0125, std: 0.1344
[Debug] Reward mean: 0.0206, std: 0.1932
Num steps: 780000   Return: 3009.4   Time: 0:25:35
[Debug] Reward mean: 0.0171, std: 0.1549
[Debug] Reward mean: 0.0236, std: 0.2357
[Debug] Reward mean: 0.0242, std: 0.2432
Num steps: 790000   Return: 2992.8   Time: 0:25:55
[Debug] Reward mean: 0.0240, std: 0.1848
[Debug] Reward mean: 0.0149, std: 0.1650
[Debug] Reward mean: 0.0216, std: 0.1942
Num steps: 800000   Return: 2927.5   Time: 0:26:15
[Debug] Reward mean: 0.0178, std: 0.1614
[Debug] Reward mean: 0.0165, std: 0.1542
[Debug] Reward mean: 0.0205, std: 0.1770
[Debug] Reward mean: 0.0154, std: 0.1373
Num steps: 810000   Return: 3047.3   Time: 0:26:36
[Debug] Reward mean: 0.0172, std: 0.1540
[Debug] Reward mean: 0.0148, std: 0.1516
[Debug] Reward mean: 0.0153, std: 0.1397
Num steps: 820000   Return: 2904.8   Time: 0:26:57
[Debug] Reward mean: 0.0161, std: 0.1553
[Debug] Reward mean: 0.0165, std: 0.1623
[Debug] Reward mean: 0.0167, std: 0.1661
Num steps: 830000   Return: 2968.9   Time: 0:27:17
[Debug] Reward mean: 0.0178, std: 0.1693
[Debug] Reward mean: 0.0137, std: 0.1421
[Debug] Reward mean: 0.0189, std: 0.1627
[Debug] Reward mean: 0.0151, std: 0.1542
Num steps: 840000   Return: 2980.8   Time: 0:27:38
[Debug] Reward mean: 0.0140, std: 0.1279
[Debug] Reward mean: 0.0115, std: 0.1122
[Debug] Reward mean: 0.0134, std: 0.1154
Num steps: 850000   Return: 3001.1   Time: 0:27:58
[Debug] Reward mean: 0.0111, std: 0.0991
[Debug] Reward mean: 0.0130, std: 0.1266
[Debug] Reward mean: 0.0144, std: 0.1552
Num steps: 860000   Return: 3023.0   Time: 0:28:18
[Debug] Reward mean: 0.0134, std: 0.1316
[Debug] Reward mean: 0.0127, std: 0.1291
[Debug] Reward mean: 0.0134, std: 0.1314
[Debug] Reward mean: 0.0096, std: 0.0910
Num steps: 870000   Return: 2973.1   Time: 0:28:39
[Debug] Reward mean: 0.0113, std: 0.1077
[Debug] Reward mean: 0.0115, std: 0.1413
[Debug] Reward mean: 0.0132, std: 0.1355
Num steps: 880000   Return: 2967.0   Time: 0:28:59
[Debug] Reward mean: 0.0132, std: 0.1340
[Debug] Reward mean: 0.0124, std: 0.1376
[Debug] Reward mean: 0.0104, std: 0.1140
Num steps: 890000   Return: 2922.4   Time: 0:29:19
[Debug] Reward mean: 0.0091, std: 0.1026
[Debug] Reward mean: 0.0096, std: 0.1012
[Debug] Reward mean: 0.0096, std: 0.0988
[Debug] Reward mean: 0.0121, std: 0.1357
Num steps: 900000   Return: 3023.1   Time: 0:29:40
[Debug] Reward mean: 0.0125, std: 0.1573
[Debug] Reward mean: 0.0151, std: 0.1690
[Debug] Reward mean: 0.0114, std: 0.1302
Num steps: 910000   Return: 3056.3   Time: 0:30:01
[Debug] Reward mean: 0.0141, std: 0.1643
[Debug] Reward mean: 0.0125, std: 0.1182
[Debug] Reward mean: 0.0171, std: 0.1827
Num steps: 920000   Return: 3044.3   Time: 0:30:21
[Debug] Reward mean: 0.0152, std: 0.1863
[Debug] Reward mean: 0.0072, std: 0.0877
[Debug] Reward mean: 0.0108, std: 0.1168
[Debug] Reward mean: 0.0111, std: 0.1296
Num steps: 930000   Return: 2936.7   Time: 0:30:42
[Debug] Reward mean: 0.0122, std: 0.1652
[Debug] Reward mean: 0.0102, std: 0.0989
[Debug] Reward mean: 0.0099, std: 0.1116
Num steps: 940000   Return: 2927.5   Time: 0:31:02
[Debug] Reward mean: 0.0114, std: 0.1566
[Debug] Reward mean: 0.0092, std: 0.1161
[Debug] Reward mean: 0.0120, std: 0.1324
Num steps: 950000   Return: 3022.6   Time: 0:31:22
[Debug] Reward mean: 0.0097, std: 0.0980
[Debug] Reward mean: 0.0076, std: 0.0788
[Debug] Reward mean: 0.0117, std: 0.1201
[Debug] Reward mean: 0.0101, std: 0.1207
Num steps: 960000   Return: 2896.3   Time: 0:31:43
[Debug] Reward mean: 0.0122, std: 0.1282
[Debug] Reward mean: 0.0078, std: 0.0759
[Debug] Reward mean: 0.0127, std: 0.1256
Num steps: 970000   Return: 2893.5   Time: 0:32:03
[Debug] Reward mean: 0.0125, std: 0.1224
[Debug] Reward mean: 0.0109, std: 0.1125
[Debug] Reward mean: 0.0104, std: 0.1310
Num steps: 980000   Return: 3091.3   Time: 0:32:23
[Debug] Reward mean: 0.0119, std: 0.1296
[Debug] Reward mean: 0.0061, std: 0.0720
[Debug] Reward mean: 0.0122, std: 0.1315
[Debug] Reward mean: 0.0071, std: 0.0675
Num steps: 990000   Return: 3007.2   Time: 0:32:44
[Debug] Reward mean: 0.0093, std: 0.1129
[Debug] Reward mean: 0.0131, std: 0.1261
[Debug] Reward mean: 0.0115, std: 0.1249
Num steps: 1000000   Return: 3066.9   Time: 0:33:04
[Debug] Reward mean: 0.0119, std: 0.1386
[Debug] Reward mean: 0.0094, std: 0.1036
[Debug] Reward mean: 0.0154, std: 0.1594
Num steps: 1010000   Return: 2894.7   Time: 0:33:24
[Debug] Reward mean: 0.0083, std: 0.0885
[Debug] Reward mean: 0.0151, std: 0.1752
[Debug] Reward mean: 0.0076, std: 0.0708
[Debug] Reward mean: 0.0069, std: 0.0952
Num steps: 1020000   Return: 2963.6   Time: 0:33:45
[Debug] Reward mean: 0.0159, std: 0.2178
[Debug] Reward mean: 0.0092, std: 0.1173
[Debug] Reward mean: 0.0077, std: 0.0978
Num steps: 1030000   Return: 2965.9   Time: 0:34:06
[Debug] Reward mean: 0.0139, std: 0.1745
[Debug] Reward mean: 0.0104, std: 0.1593
[Debug] Reward mean: 0.0100, std: 0.1450
Num steps: 1040000   Return: 2971.2   Time: 0:34:26
[Debug] Reward mean: 0.0084, std: 0.0858
[Debug] Reward mean: 0.0084, std: 0.1185
[Debug] Reward mean: 0.0123, std: 0.1294
[Debug] Reward mean: 0.0069, std: 0.0724
Num steps: 1050000   Return: 2971.0   Time: 0:34:47
[Debug] Reward mean: 0.0078, std: 0.0828
[Debug] Reward mean: 0.0083, std: 0.0850
[Debug] Reward mean: 0.0054, std: 0.0593
Num steps: 1060000   Return: 2985.6   Time: 0:35:07
[Debug] Reward mean: 0.0090, std: 0.1020
[Debug] Reward mean: 0.0081, std: 0.0939
[Debug] Reward mean: 0.0104, std: 0.1224
Num steps: 1070000   Return: 2945.7   Time: 0:35:27
[Debug] Reward mean: 0.0101, std: 0.1252
[Debug] Reward mean: 0.0047, std: 0.0658
[Debug] Reward mean: 0.0108, std: 0.1529
[Debug] Reward mean: 0.0052, std: 0.0746
Num steps: 1080000   Return: 2946.6   Time: 0:35:48
[Debug] Reward mean: 0.0042, std: 0.0542
[Debug] Reward mean: 0.0067, std: 0.0733
[Debug] Reward mean: 0.0140, std: 0.2411
Num steps: 1090000   Return: 2999.8   Time: 0:36:08
[Debug] Reward mean: 0.0081, std: 0.0971
[Debug] Reward mean: 0.0044, std: 0.0663
[Debug] Reward mean: 0.0069, std: 0.0813
Num steps: 1100000   Return: 3028.6   Time: 0:36:28
[Debug] Reward mean: 0.0070, std: 0.0952
[Debug] Reward mean: 0.0125, std: 0.1459
[Debug] Reward mean: 0.0092, std: 0.1227
[Debug] Reward mean: 0.0076, std: 0.1228
Num steps: 1110000   Return: 3015.6   Time: 0:36:49
[Debug] Reward mean: 0.0066, std: 0.1008
[Debug] Reward mean: 0.0065, std: 0.0862
[Debug] Reward mean: 0.0062, std: 0.0939
Num steps: 1120000   Return: 2980.5   Time: 0:37:09
[Debug] Reward mean: 0.0080, std: 0.1158
[Debug] Reward mean: 0.0098, std: 0.1343
[Debug] Reward mean: 0.0092, std: 0.1110
Num steps: 1130000   Return: 3071.8   Time: 0:37:29
[Debug] Reward mean: 0.0080, std: 0.1119
[Debug] Reward mean: 0.0083, std: 0.1202
[Debug] Reward mean: 0.0075, std: 0.1042
[Debug] Reward mean: 0.0056, std: 0.0842
Num steps: 1140000   Return: 3027.8   Time: 0:37:50
[Debug] Reward mean: 0.0079, std: 0.1143
[Debug] Reward mean: 0.0096, std: 0.1036
[Debug] Reward mean: 0.0040, std: 0.0452
Num steps: 1150000   Return: 2913.1   Time: 0:38:10
[Debug] Reward mean: 0.0056, std: 0.0658
[Debug] Reward mean: 0.0069, std: 0.0939
[Debug] Reward mean: 0.0072, std: 0.0999
Num steps: 1160000   Return: 2922.2   Time: 0:38:30
[Debug] Reward mean: 0.0081, std: 0.1168
[Debug] Reward mean: 0.0050, std: 0.0736
[Debug] Reward mean: 0.0087, std: 0.1299
[Debug] Reward mean: 0.0046, std: 0.1201
Num steps: 1170000   Return: 3014.8   Time: 0:38:52
[Debug] Reward mean: 0.0071, std: 0.0941
[Debug] Reward mean: 0.0082, std: 0.1112
[Debug] Reward mean: 0.0066, std: 0.1131
Num steps: 1180000   Return: 3059.8   Time: 0:39:12
[Debug] Reward mean: 0.0073, std: 0.1404
[Debug] Reward mean: 0.0048, std: 0.0778
[Debug] Reward mean: 0.0125, std: 0.1520
Num steps: 1190000   Return: 3014.0   Time: 0:39:32
[Debug] Reward mean: 0.0057, std: 0.0910
[Debug] Reward mean: 0.0087, std: 0.1832
[Debug] Reward mean: 0.0027, std: 0.0414
[Debug] Reward mean: 0.0087, std: 0.1216
Num steps: 1200000   Return: 2985.0   Time: 0:39:53
[Debug] Reward mean: 0.0099, std: 0.1335
[Debug] Reward mean: 0.0032, std: 0.0459
[Debug] Reward mean: 0.0066, std: 0.1066
Num steps: 1210000   Return: 2992.5   Time: 0:40:13
[Debug] Reward mean: 0.0056, std: 0.0847
[Debug] Reward mean: 0.0042, std: 0.0619
[Debug] Reward mean: 0.0096, std: 0.1500
Num steps: 1220000   Return: 3044.0   Time: 0:40:33
[Debug] Reward mean: 0.0043, std: 0.0697
[Debug] Reward mean: 0.0056, std: 0.0658
[Debug] Reward mean: 0.0075, std: 0.1052
[Debug] Reward mean: 0.0064, std: 0.1179
Num steps: 1230000   Return: 2961.1   Time: 0:40:54
[Debug] Reward mean: 0.0071, std: 0.1092
[Debug] Reward mean: 0.0051, std: 0.0740
[Debug] Reward mean: 0.0042, std: 0.0903
Num steps: 1240000   Return: 3109.0   Time: 0:41:15
[Debug] Reward mean: 0.0061, std: 0.0906
[Debug] Reward mean: 0.0077, std: 0.1749
[Debug] Reward mean: 0.0054, std: 0.0968
Num steps: 1250000   Return: 3082.9   Time: 0:41:35
[Debug] Reward mean: 0.0044, std: 0.0553
[Debug] Reward mean: 0.0058, std: 0.0787
[Debug] Reward mean: 0.0116, std: 0.1398
[Debug] Reward mean: 0.0054, std: 0.1070
Num steps: 1260000   Return: 2923.1   Time: 0:41:56
[Debug] Reward mean: 0.0076, std: 0.1481
[Debug] Reward mean: 0.0059, std: 0.0811
[Debug] Reward mean: 0.0038, std: 0.0898
Num steps: 1270000   Return: 3001.8   Time: 0:42:16
[Debug] Reward mean: 0.0128, std: 0.1666
[Debug] Reward mean: 0.0020, std: 0.0471
[Debug] Reward mean: 0.0076, std: 0.1110
Num steps: 1280000   Return: 3020.9   Time: 0:42:36
[Debug] Reward mean: 0.0025, std: 0.0390
[Debug] Reward mean: 0.0087, std: 0.1324
[Debug] Reward mean: 0.0096, std: 0.1352
[Debug] Reward mean: 0.0086, std: 0.1602
Num steps: 1290000   Return: 2971.6   Time: 0:42:57
[Debug] Reward mean: 0.0070, std: 0.1001
[Debug] Reward mean: 0.0090, std: 0.1373
[Debug] Reward mean: 0.0066, std: 0.1231
Num steps: 1300000   Return: 3065.5   Time: 0:43:17
[Debug] Reward mean: 0.0037, std: 0.0569
[Debug] Reward mean: 0.0038, std: 0.0555
[Debug] Reward mean: 0.0046, std: 0.0830
Num steps: 1310000   Return: 3082.5   Time: 0:43:37
[Debug] Reward mean: 0.0089, std: 0.1512
[Debug] Reward mean: 0.0107, std: 0.2099
[Debug] Reward mean: 0.0091, std: 0.1339
[Debug] Reward mean: 0.0088, std: 0.1502
Num steps: 1320000   Return: 2861.4   Time: 0:43:58
[Debug] Reward mean: 0.0080, std: 0.1330
[Debug] Reward mean: 0.0087, std: 0.2016
[Debug] Reward mean: 0.0033, std: 0.0465
Num steps: 1330000   Return: 2965.0   Time: 0:44:18
[Debug] Reward mean: 0.0013, std: 0.0173
[Debug] Reward mean: 0.0055, std: 0.0860
[Debug] Reward mean: 0.0078, std: 0.1032
Num steps: 1340000   Return: 3019.9   Time: 0:44:38
[Debug] Reward mean: 0.0083, std: 0.1485
[Debug] Reward mean: 0.0069, std: 0.0994
[Debug] Reward mean: 0.0069, std: 0.1123
[Debug] Reward mean: 0.0041, std: 0.0837
Num steps: 1350000   Return: 2909.9   Time: 0:44:59
[Debug] Reward mean: 0.0044, std: 0.0721
[Debug] Reward mean: 0.0050, std: 0.1233
[Debug] Reward mean: 0.0056, std: 0.0857
Num steps: 1360000   Return: 3032.3   Time: 0:45:19
[Debug] Reward mean: 0.0067, std: 0.1713
[Debug] Reward mean: 0.0053, std: 0.1319
[Debug] Reward mean: 0.0119, std: 0.1645
Num steps: 1370000   Return: 2904.9   Time: 0:45:40
[Debug] Reward mean: 0.0059, std: 0.1537
[Debug] Reward mean: 0.0098, std: 0.1750
[Debug] Reward mean: 0.0115, std: 0.1899
[Debug] Reward mean: 0.0086, std: 0.1492
Num steps: 1380000   Return: 2949.4   Time: 0:46:01
[Debug] Reward mean: 0.0093, std: 0.1782
[Debug] Reward mean: 0.0147, std: 0.2358
[Debug] Reward mean: 0.0067, std: 0.1016
Num steps: 1390000   Return: 3059.7   Time: 0:46:21
[Debug] Reward mean: 0.0101, std: 0.1585
[Debug] Reward mean: 0.0074, std: 0.1017
[Debug] Reward mean: 0.0109, std: 0.1733
Num steps: 1400000   Return: 2908.8   Time: 0:46:41
[Debug] Reward mean: 0.0135, std: 0.2267
[Debug] Reward mean: 0.0058, std: 0.1065
[Debug] Reward mean: 0.0142, std: 0.2715
[Debug] Reward mean: 0.0149, std: 0.2660
Num steps: 1410000   Return: 3135.9   Time: 0:47:02
[Debug] Reward mean: 0.0059, std: 0.0889
[Debug] Reward mean: 0.0145, std: 0.2221
[Debug] Reward mean: 0.0071, std: 0.1677
Num steps: 1420000   Return: 2948.9   Time: 0:47:22
[Debug] Reward mean: 0.0125, std: 0.1563
[Debug] Reward mean: 0.0081, std: 0.1076
[Debug] Reward mean: 0.0090, std: 0.1323
Num steps: 1430000   Return: 2960.2   Time: 0:47:42
[Debug] Reward mean: 0.0111, std: 0.2030
[Debug] Reward mean: 0.0122, std: 0.1868
[Debug] Reward mean: 0.0052, std: 0.0945
[Debug] Reward mean: 0.0132, std: 0.2329
Num steps: 1440000   Return: 2985.4   Time: 0:48:03
[Debug] Reward mean: 0.0138, std: 0.2420
[Debug] Reward mean: 0.0329, std: 0.4134
[Debug] Reward mean: 0.0081, std: 0.1351
Num steps: 1450000   Return: 3048.7   Time: 0:48:23
[Debug] Reward mean: 0.0247, std: 0.3555
[Debug] Reward mean: 0.0195, std: 0.2937
[Debug] Reward mean: 0.0223, std: 0.3510
Num steps: 1460000   Return: 2945.6   Time: 0:48:44
[Debug] Reward mean: 0.0218, std: 0.3809
[Debug] Reward mean: 0.0194, std: 0.3443
[Debug] Reward mean: 0.0285, std: 0.3798
[Debug] Reward mean: 0.0211, std: 0.4266
Num steps: 1470000   Return: 2959.5   Time: 0:49:05
[Debug] Reward mean: 0.0284, std: 0.4691
[Debug] Reward mean: 0.0130, std: 0.2012
[Debug] Reward mean: 0.0270, std: 0.3711
Num steps: 1480000   Return: 2962.9   Time: 0:49:25
[Debug] Reward mean: 0.0322, std: 0.5135
[Debug] Reward mean: 0.0229, std: 0.2959
[Debug] Reward mean: 0.0242, std: 0.3951
Num steps: 1490000   Return: 3072.2   Time: 0:49:45
[Debug] Reward mean: 0.0313, std: 0.3909
[Debug] Reward mean: 0.0139, std: 0.1919
[Debug] Reward mean: 0.0248, std: 0.3917
[Debug] Reward mean: 0.0151, std: 0.3923
Num steps: 1500000   Return: 2979.0   Time: 0:50:06
[Debug] Reward mean: 0.0161, std: 0.2421
[Debug] Reward mean: 0.0331, std: 0.4616
[Debug] Reward mean: 0.0339, std: 0.4797
Num steps: 1510000   Return: 2922.5   Time: 0:50:26
[Debug] Reward mean: 0.0435, std: 0.6089
[Debug] Reward mean: 0.0451, std: 0.6966
[Debug] Reward mean: 0.0328, std: 0.4724
Num steps: 1520000   Return: 2936.5   Time: 0:50:46
[Debug] Reward mean: 0.0508, std: 0.6720
[Debug] Reward mean: 0.0405, std: 0.5431
[Debug] Reward mean: 0.0735, std: 0.8377
[Debug] Reward mean: 0.0610, std: 0.7913
Num steps: 1530000   Return: 2989.4   Time: 0:51:07
[Debug] Reward mean: 0.0545, std: 0.7600
[Debug] Reward mean: 0.0324, std: 0.5179
[Debug] Reward mean: 0.0301, std: 0.4742
Num steps: 1540000   Return: 2988.6   Time: 0:51:27
[Debug] Reward mean: 0.0242, std: 0.3579
[Debug] Reward mean: 0.0478, std: 0.6165
[Debug] Reward mean: 0.0396, std: 0.5099
Num steps: 1550000   Return: 3030.8   Time: 0:51:47
[Debug] Reward mean: 0.0875, std: 1.2442
[Debug] Reward mean: 0.0479, std: 0.7180
[Debug] Reward mean: 0.0698, std: 0.8934
[Debug] Reward mean: 0.0512, std: 0.8921
Num steps: 1560000   Return: 2997.3   Time: 0:52:08
[Debug] Reward mean: 0.0855, std: 0.9529
[Debug] Reward mean: 0.0616, std: 0.8229
[Debug] Reward mean: 0.0311, std: 0.4250
Num steps: 1570000   Return: 3041.6   Time: 0:52:29
[Debug] Reward mean: 0.0845, std: 0.9857
[Debug] Reward mean: 0.0726, std: 0.8015
[Debug] Reward mean: 0.0497, std: 0.7505
Num steps: 1580000   Return: 2997.2   Time: 0:52:49
[Debug] Reward mean: 0.0867, std: 1.0057
[Debug] Reward mean: 0.0660, std: 0.7929
[Debug] Reward mean: 0.0549, std: 0.7748
[Debug] Reward mean: 0.0818, std: 0.9434
Num steps: 1590000   Return: 3009.4   Time: 0:53:10
[Debug] Reward mean: 0.0622, std: 0.7765
[Debug] Reward mean: 0.0775, std: 0.9552
[Debug] Reward mean: 0.0879, std: 1.0272
Num steps: 1600000   Return: 3117.0   Time: 0:53:30
[Debug] Reward mean: 0.0754, std: 0.8941
[Debug] Reward mean: 0.0793, std: 1.0126
[Debug] Reward mean: 0.0672, std: 0.8510
Num steps: 1610000   Return: 2963.3   Time: 0:53:50
[Debug] Reward mean: 0.0809, std: 1.1932
[Debug] Reward mean: 0.1024, std: 1.0585
[Debug] Reward mean: 0.0245, std: 0.4081
[Debug] Reward mean: 0.0757, std: 0.9136
Num steps: 1620000   Return: 2999.5   Time: 0:54:11
[Debug] Reward mean: 0.0775, std: 0.9641
[Debug] Reward mean: 0.0900, std: 1.1508
[Debug] Reward mean: 0.0974, std: 1.2457
Num steps: 1630000   Return: 3031.2   Time: 0:54:31
[Debug] Reward mean: 0.1010, std: 1.3415
[Debug] Reward mean: 0.1693, std: 1.9697
[Debug] Reward mean: 0.0905, std: 1.0630
Num steps: 1640000   Return: 3108.1   Time: 0:54:51
[Debug] Reward mean: 0.0919, std: 1.3129
[Debug] Reward mean: 0.1035, std: 1.4721
[Debug] Reward mean: 0.0757, std: 1.0182
[Debug] Reward mean: 0.0847, std: 1.3196
Num steps: 1650000   Return: 2954.8   Time: 0:55:12
[Debug] Reward mean: 0.0878, std: 1.2116
[Debug] Reward mean: 0.0415, std: 0.6863
[Debug] Reward mean: 0.0885, std: 1.2083
Num steps: 1660000   Return: 3071.8   Time: 0:55:32
[Debug] Reward mean: 0.1559, std: 1.7055
[Debug] Reward mean: 0.0367, std: 0.6804
[Debug] Reward mean: 0.0499, std: 0.7405
Num steps: 1670000   Return: 3104.4   Time: 0:55:52
[Debug] Reward mean: 0.0442, std: 0.7125
[Debug] Reward mean: 0.1629, std: 1.9367
[Debug] Reward mean: 0.0694, std: 1.0962
[Debug] Reward mean: 0.0596, std: 0.8991
Num steps: 1680000   Return: 3139.7   Time: 0:56:14
[Debug] Reward mean: 0.0527, std: 0.8053
[Debug] Reward mean: 0.1376, std: 1.6011
[Debug] Reward mean: 0.1537, std: 1.7725
Num steps: 1690000   Return: 3118.8   Time: 0:56:34
[Debug] Reward mean: 0.0892, std: 1.1399
[Debug] Reward mean: 0.0850, std: 1.2830
[Debug] Reward mean: 0.0684, std: 1.0932
Num steps: 1700000   Return: 3026.7   Time: 0:56:54
[Debug] Reward mean: 0.0941, std: 1.4833
[Debug] Reward mean: 0.2020, std: 2.3635
[Debug] Reward mean: 0.1091, std: 1.3320
[Debug] Reward mean: 0.0988, std: 1.2833
Num steps: 1710000   Return: 3038.8   Time: 0:57:15
[Debug] Reward mean: 0.1881, std: 2.2737
[Debug] Reward mean: 0.1664, std: 1.8972
[Debug] Reward mean: 0.1162, std: 1.5870
Num steps: 1720000   Return: 2954.4   Time: 0:57:35
[Debug] Reward mean: 0.0406, std: 0.8693
[Debug] Reward mean: 0.0997, std: 1.3544
[Debug] Reward mean: 0.1265, std: 1.4435
Num steps: 1730000   Return: 2850.0   Time: 0:57:55
[Debug] Reward mean: 0.1221, std: 1.6046
[Debug] Reward mean: 0.1697, std: 1.9144
[Debug] Reward mean: 0.2299, std: 2.7429
[Debug] Reward mean: 0.1323, std: 1.6895
Num steps: 1740000   Return: 2995.9   Time: 0:58:16
[Debug] Reward mean: 0.1939, std: 2.0596
[Debug] Reward mean: 0.1723, std: 2.4106
[Debug] Reward mean: 0.0826, std: 1.3646
Num steps: 1750000   Return: 3009.1   Time: 0:58:36
[Debug] Reward mean: 0.2653, std: 3.1041
[Debug] Reward mean: 0.2113, std: 2.7757
[Debug] Reward mean: 0.0706, std: 1.0280
Num steps: 1760000   Return: 3015.5   Time: 0:58:56
[Debug] Reward mean: 0.1270, std: 1.7802
[Debug] Reward mean: 0.2164, std: 2.1593
[Debug] Reward mean: 0.2357, std: 3.0225
[Debug] Reward mean: 0.1621, std: 2.0919
Num steps: 1770000   Return: 2959.4   Time: 0:59:17
[Debug] Reward mean: 0.0914, std: 1.4603
[Debug] Reward mean: 0.1315, std: 2.0756
[Debug] Reward mean: 0.0628, std: 1.0321
Num steps: 1780000   Return: 3071.4   Time: 0:59:37
[Debug] Reward mean: 0.1071, std: 1.4238
[Debug] Reward mean: 0.1094, std: 1.5582
[Debug] Reward mean: 0.1200, std: 1.8846
Num steps: 1790000   Return: 2909.0   Time: 0:59:57
[Debug] Reward mean: 0.1705, std: 2.0658
[Debug] Reward mean: 0.3102, std: 3.0530
[Debug] Reward mean: 0.1109, std: 1.5819
[Debug] Reward mean: 0.2068, std: 2.5150
Num steps: 1800000   Return: 3043.2   Time: 1:00:18
[Debug] Reward mean: 0.2573, std: 2.6093
[Debug] Reward mean: 0.1521, std: 2.1205
[Debug] Reward mean: 0.2307, std: 2.9756
Num steps: 1810000   Return: 3000.6   Time: 1:00:38
[Debug] Reward mean: 0.2780, std: 3.6838
[Debug] Reward mean: 0.1967, std: 2.3160
[Debug] Reward mean: 0.2902, std: 3.0849
Num steps: 1820000   Return: 3005.0   Time: 1:00:58
[Debug] Reward mean: 0.1689, std: 2.5171
[Debug] Reward mean: 0.1283, std: 1.6401
[Debug] Reward mean: 0.2389, std: 3.3166
[Debug] Reward mean: 0.1141, std: 1.8943
Num steps: 1830000   Return: 3050.9   Time: 1:01:19
[Debug] Reward mean: 0.1211, std: 1.8645
[Debug] Reward mean: 0.1727, std: 2.5942
[Debug] Reward mean: 0.2236, std: 3.1085
Num steps: 1840000   Return: 3022.2   Time: 1:01:40
[Debug] Reward mean: 0.1797, std: 2.8777
[Debug] Reward mean: 0.1781, std: 2.7568
[Debug] Reward mean: 0.1692, std: 1.9757
Num steps: 1850000   Return: 3279.1   Time: 1:02:00
[Debug] Reward mean: 0.1741, std: 3.6198
[Debug] Reward mean: 0.1445, std: 2.0251
[Debug] Reward mean: 0.2451, std: 3.1833
[Debug] Reward mean: 0.0958, std: 1.8273
Num steps: 1860000   Return: 2919.2   Time: 1:02:21
[Debug] Reward mean: 0.2965, std: 3.5966
[Debug] Reward mean: 0.0892, std: 1.5342
[Debug] Reward mean: 0.2162, std: 3.2955
Num steps: 1870000   Return: 2994.0   Time: 1:02:41
[Debug] Reward mean: 0.1266, std: 1.8441
[Debug] Reward mean: 0.2758, std: 3.6140
[Debug] Reward mean: 0.1904, std: 2.7743
Num steps: 1880000   Return: 2935.4   Time: 1:03:01
[Debug] Reward mean: 0.1489, std: 2.3419
[Debug] Reward mean: 0.2431, std: 2.9836
[Debug] Reward mean: 0.2244, std: 2.8295
[Debug] Reward mean: 0.3252, std: 3.6908
Num steps: 1890000   Return: 2996.9   Time: 1:03:22
[Debug] Reward mean: 0.2338, std: 3.0538
[Debug] Reward mean: 0.1791, std: 2.8515
[Debug] Reward mean: 0.1151, std: 1.8626
Num steps: 1900000   Return: 3046.2   Time: 1:03:42
[Debug] Reward mean: 0.3434, std: 3.4482
[Debug] Reward mean: 0.2537, std: 3.7837
[Debug] Reward mean: 0.1615, std: 2.4059
Num steps: 1910000   Return: 3110.3   Time: 1:04:02
[Debug] Reward mean: 0.1623, std: 2.5312
[Debug] Reward mean: 0.2898, std: 3.7226
[Debug] Reward mean: 0.2347, std: 3.7777
[Debug] Reward mean: 0.1510, std: 2.7970
Num steps: 1920000   Return: 2964.9   Time: 1:04:23
[Debug] Reward mean: 0.0905, std: 1.7512
[Debug] Reward mean: 0.1786, std: 3.0693
[Debug] Reward mean: 0.0665, std: 1.2283
Num steps: 1930000   Return: 2978.2   Time: 1:04:43
[Debug] Reward mean: 0.2190, std: 3.3869
[Debug] Reward mean: 0.0790, std: 1.5313
[Debug] Reward mean: 0.1062, std: 2.1602
Num steps: 1940000   Return: 3013.9   Time: 1:05:03
[Debug] Reward mean: 0.1677, std: 2.3170
[Debug] Reward mean: 0.5716, std: 6.7661
[Debug] Reward mean: 0.0648, std: 1.3250
[Debug] Reward mean: 0.1417, std: 2.8084
Num steps: 1950000   Return: 2898.2   Time: 1:05:24
[Debug] Reward mean: 0.1282, std: 2.4119
[Debug] Reward mean: 0.0541, std: 1.5116
[Debug] Reward mean: 0.1478, std: 2.5780
Num steps: 1960000   Return: 2976.7   Time: 1:05:44
[Debug] Reward mean: 0.1260, std: 2.3657
[Debug] Reward mean: 0.1237, std: 2.6662
[Debug] Reward mean: 0.0613, std: 1.7562
Num steps: 1970000   Return: 3011.1   Time: 1:06:04
[Debug] Reward mean: 0.1538, std: 3.0426
[Debug] Reward mean: 0.3672, std: 4.8387
[Debug] Reward mean: 0.0851, std: 2.1355
[Debug] Reward mean: 0.3472, std: 5.5134
Num steps: 1980000   Return: 3037.9   Time: 1:06:25
[Debug] Reward mean: 0.1796, std: 3.6634
[Debug] Reward mean: 0.0549, std: 1.1821
[Debug] Reward mean: 0.1556, std: 2.9360
Num steps: 1990000   Return: 3032.5   Time: 1:06:45
[Debug] Reward mean: 0.1313, std: 2.5026
[Debug] Reward mean: 0.1083, std: 2.7429
[Debug] Reward mean: 0.0653, std: 1.8390
Num steps: 2000000   Return: 2951.7   Time: 1:07:05
Models saved to logs/StickInsect-v4/airl/20250527-1323/model
