Logging started at 20250527-1324
scale: [3.1415927 3.1415927 3.1415927 3.1415927 3.1415927 3.1415927 3.1415927
 3.1415927 3.1415927 3.1415927 3.1415927 3.1415927 3.1415927 3.1415927
 3.1415927 3.1415927 3.1415927 3.1415927]
mid: [0. 0. 0. 0. 0. 0. 0. 0. 0. 0. 0. 0. 0. 0. 0. 0. 0. 0.]
action space high: [1. 1. 1. 1. 1. 1. 1. 1. 1. 1. 1. 1. 1. 1. 1. 1. 1. 1.]
action space low: [-1. -1. -1. -1. -1. -1. -1. -1. -1. -1. -1. -1. -1. -1. -1. -1. -1. -1.]
scale: [3.1415927 3.1415927 3.1415927 3.1415927 3.1415927 3.1415927 3.1415927
 3.1415927 3.1415927 3.1415927 3.1415927 3.1415927 3.1415927 3.1415927
 3.1415927 3.1415927 3.1415927 3.1415927]
mid: [0. 0. 0. 0. 0. 0. 0. 0. 0. 0. 0. 0. 0. 0. 0. 0. 0. 0.]
action space high: [1. 1. 1. 1. 1. 1. 1. 1. 1. 1. 1. 1. 1. 1. 1. 1. 1. 1.]
action space low: [-1. -1. -1. -1. -1. -1. -1. -1. -1. -1. -1. -1. -1. -1. -1. -1. -1. -1.]
NVIDIA RTX A6000
Process ID: 1233104
Env: StickInsect-v4, experts/StickInsect_states_v1u2.pt, experts/StickInsect_actions_v1u2.pt, Seed: 0
Rollout length: 3000
Num steps: 2000000, Eval interval: 10000
Gamma: 0.995, Mix buffer: 1, Batch size: 64
lr_actor: 5e-05, lr_critic: 5e-05, lr_disc: 5e-05
Units Actor: (64, 64), Units Critic: (64, 64)
Units Disc R: (100, 100), Units Disc V: (100, 100)
Epoch ppo: 50, Epoch disc: 10
Clip Epsc: 0.2, Lambda: 0.97, Coef Ent: 0.05, Max Grad Norm: 10.0
Load data states: (688, 47), actions: (688, 18)
Expert data states: (687, 47), actions: (687, 18)
normalized expert action high: 0.5587616562843323
normalized expert action low: -0.5598832368850708
Expert buffer size: 687
Initial state shape: (47,)
[Debug] Reward mean: 11.5865, std: 1.5201
[Debug] Reward mean: 11.6617, std: 1.4061
[Debug] Reward mean: 11.6752, std: 1.3221
Num steps: 10000    Return: 1984.7   Time: 0:00:20
[Debug] Reward mean: 11.7139, std: 1.2605
[Debug] Reward mean: 11.7182, std: 1.1731
[Debug] Reward mean: 11.6507, std: 1.1658
Num steps: 20000    Return: 2469.3   Time: 0:00:39
[Debug] Reward mean: 11.5857, std: 1.1530
[Debug] Reward mean: 11.5399, std: 1.1004
[Debug] Reward mean: 11.4521, std: 1.0933
[Debug] Reward mean: 11.4464, std: 1.0493
Num steps: 30000    Return: 2850.5   Time: 0:01:00
[Debug] Reward mean: 11.3653, std: 1.0451
[Debug] Reward mean: 11.2961, std: 1.0516
[Debug] Reward mean: 11.2167, std: 1.0317
Num steps: 40000    Return: 2872.8   Time: 0:01:19
[Debug] Reward mean: 11.1602, std: 1.0419
[Debug] Reward mean: 11.0553, std: 1.0000
[Debug] Reward mean: 10.9834, std: 1.0201
Num steps: 50000    Return: 3028.8   Time: 0:01:39
[Debug] Reward mean: 10.9059, std: 1.0134
[Debug] Reward mean: 10.7723, std: 1.0400
[Debug] Reward mean: 10.6712, std: 1.0146
[Debug] Reward mean: 10.5638, std: 1.0093
Num steps: 60000    Return: 2911.5   Time: 0:01:59
[Debug] Reward mean: 10.4560, std: 1.0248
[Debug] Reward mean: 10.3294, std: 1.0008
[Debug] Reward mean: 10.1736, std: 1.0486
Num steps: 70000    Return: 2920.9   Time: 0:02:18
[Debug] Reward mean: 10.0424, std: 1.0662
[Debug] Reward mean: 9.8934, std: 1.0441
[Debug] Reward mean: 9.7580, std: 1.0927
Num steps: 80000    Return: 2790.1   Time: 0:02:38
[Debug] Reward mean: 9.6224, std: 1.1123
[Debug] Reward mean: 9.4731, std: 1.1065
[Debug] Reward mean: 9.3003, std: 1.1114
[Debug] Reward mean: 9.1210, std: 1.1778
Num steps: 90000    Return: 2865.8   Time: 0:02:58
[Debug] Reward mean: 8.9626, std: 1.1841
[Debug] Reward mean: 8.7350, std: 1.1952
[Debug] Reward mean: 8.5161, std: 1.2022
Num steps: 100000   Return: 2866.1   Time: 0:03:18
[Debug] Reward mean: 8.3750, std: 1.2556
[Debug] Reward mean: 8.1648, std: 1.2763
[Debug] Reward mean: 7.9378, std: 1.3630
Num steps: 110000   Return: 2803.0   Time: 0:03:37
[Debug] Reward mean: 7.6951, std: 1.3907
[Debug] Reward mean: 7.4605, std: 1.4221
[Debug] Reward mean: 7.1885, std: 1.5020
[Debug] Reward mean: 6.9665, std: 1.4559
Num steps: 120000   Return: 2895.9   Time: 0:03:57
[Debug] Reward mean: 6.6532, std: 1.5655
[Debug] Reward mean: 6.4832, std: 1.6045
[Debug] Reward mean: 6.1878, std: 1.6216
Num steps: 130000   Return: 2844.3   Time: 0:04:17
[Debug] Reward mean: 5.9451, std: 1.6801
[Debug] Reward mean: 5.5261, std: 1.7372
[Debug] Reward mean: 5.3467, std: 1.7746
Num steps: 140000   Return: 2785.7   Time: 0:04:36
[Debug] Reward mean: 5.0926, std: 1.8065
[Debug] Reward mean: 4.7833, std: 1.8827
[Debug] Reward mean: 4.4150, std: 1.9116
[Debug] Reward mean: 4.1692, std: 1.8915
Num steps: 150000   Return: 2967.5   Time: 0:04:56
[Debug] Reward mean: 3.8961, std: 1.9075
[Debug] Reward mean: 3.6509, std: 1.9514
[Debug] Reward mean: 3.2822, std: 1.9310
Num steps: 160000   Return: 2871.5   Time: 0:05:16
[Debug] Reward mean: 3.1382, std: 1.8972
[Debug] Reward mean: 2.8393, std: 1.9172
[Debug] Reward mean: 2.5983, std: 1.9265
Num steps: 170000   Return: 2941.0   Time: 0:05:36
[Debug] Reward mean: 2.4678, std: 1.8897
[Debug] Reward mean: 2.2364, std: 1.8307
[Debug] Reward mean: 2.0494, std: 1.7767
[Debug] Reward mean: 1.9254, std: 1.7774
Num steps: 180000   Return: 3042.5   Time: 0:05:56
[Debug] Reward mean: 1.7392, std: 1.7036
[Debug] Reward mean: 1.4847, std: 1.6218
[Debug] Reward mean: 1.4675, std: 1.6068
Num steps: 190000   Return: 2920.9   Time: 0:06:16
[Debug] Reward mean: 1.3078, std: 1.5660
[Debug] Reward mean: 1.2240, std: 1.5352
[Debug] Reward mean: 1.2383, std: 1.5279
Num steps: 200000   Return: 3063.3   Time: 0:06:35
[Debug] Reward mean: 1.0917, std: 1.4886
[Debug] Reward mean: 1.0413, std: 1.4419
[Debug] Reward mean: 0.9089, std: 1.3013
[Debug] Reward mean: 0.8816, std: 1.3224
Num steps: 210000   Return: 2849.3   Time: 0:06:56
[Debug] Reward mean: 0.8054, std: 1.3546
[Debug] Reward mean: 0.8459, std: 1.3182
[Debug] Reward mean: 0.7933, std: 1.2917
Num steps: 220000   Return: 2922.5   Time: 0:07:16
[Debug] Reward mean: 0.6899, std: 1.2389
[Debug] Reward mean: 0.6598, std: 1.2071
[Debug] Reward mean: 0.6542, std: 1.2311
Num steps: 230000   Return: 2933.1   Time: 0:07:35
[Debug] Reward mean: 0.6040, std: 1.1695
[Debug] Reward mean: 0.5882, std: 1.1238
[Debug] Reward mean: 0.5191, std: 1.0675
[Debug] Reward mean: 0.5287, std: 1.0501
Num steps: 240000   Return: 2955.0   Time: 0:07:56
[Debug] Reward mean: 0.5190, std: 1.1231
[Debug] Reward mean: 0.4932, std: 1.0526
[Debug] Reward mean: 0.4745, std: 1.0692
Num steps: 250000   Return: 2998.2   Time: 0:08:16
[Debug] Reward mean: 0.4812, std: 1.0763
[Debug] Reward mean: 0.4240, std: 0.9753
[Debug] Reward mean: 0.4706, std: 1.0543
Num steps: 260000   Return: 2916.0   Time: 0:08:35
[Debug] Reward mean: 0.4025, std: 1.0615
[Debug] Reward mean: 0.3949, std: 0.9596
[Debug] Reward mean: 0.3690, std: 0.9177
[Debug] Reward mean: 0.3960, std: 1.0219
Num steps: 270000   Return: 3021.3   Time: 0:08:56
[Debug] Reward mean: 0.3693, std: 1.0126
[Debug] Reward mean: 0.3685, std: 0.9689
[Debug] Reward mean: 0.3476, std: 0.9377
Num steps: 280000   Return: 2975.4   Time: 0:09:16
[Debug] Reward mean: 0.3548, std: 0.9418
[Debug] Reward mean: 0.3370, std: 0.9259
[Debug] Reward mean: 0.3433, std: 0.9182
Num steps: 290000   Return: 2965.2   Time: 0:09:36
[Debug] Reward mean: 0.3226, std: 0.8906
[Debug] Reward mean: 0.2937, std: 0.8841
[Debug] Reward mean: 0.3191, std: 0.9330
[Debug] Reward mean: 0.3004, std: 0.9145
Num steps: 300000   Return: 2917.9   Time: 0:09:56
[Debug] Reward mean: 0.2664, std: 0.8506
[Debug] Reward mean: 0.2709, std: 0.8503
[Debug] Reward mean: 0.2582, std: 0.8668
Num steps: 310000   Return: 3037.3   Time: 0:10:16
[Debug] Reward mean: 0.3001, std: 0.8231
[Debug] Reward mean: 0.2663, std: 0.8309
[Debug] Reward mean: 0.2702, std: 0.8885
Num steps: 320000   Return: 2947.9   Time: 0:10:36
[Debug] Reward mean: 0.2588, std: 0.8014
[Debug] Reward mean: 0.2597, std: 0.7872
[Debug] Reward mean: 0.2456, std: 0.8465
[Debug] Reward mean: 0.2576, std: 0.8367
Num steps: 330000   Return: 2994.1   Time: 0:10:56
[Debug] Reward mean: 0.2356, std: 0.7760
[Debug] Reward mean: 0.2319, std: 0.8097
[Debug] Reward mean: 0.2259, std: 0.7685
Num steps: 340000   Return: 2929.5   Time: 0:11:16
[Debug] Reward mean: 0.2241, std: 0.8082
[Debug] Reward mean: 0.2573, std: 0.8789
[Debug] Reward mean: 0.2035, std: 0.7928
Num steps: 350000   Return: 2933.4   Time: 0:11:36
[Debug] Reward mean: 0.2079, std: 0.7969
[Debug] Reward mean: 0.2287, std: 0.7964
[Debug] Reward mean: 0.1838, std: 0.7189
[Debug] Reward mean: 0.2205, std: 0.8625
Num steps: 360000   Return: 2906.2   Time: 0:11:57
[Debug] Reward mean: 0.2195, std: 0.7653
[Debug] Reward mean: 0.2172, std: 0.7489
[Debug] Reward mean: 0.2065, std: 0.7178
Num steps: 370000   Return: 2943.2   Time: 0:12:17
[Debug] Reward mean: 0.2107, std: 0.7663
[Debug] Reward mean: 0.2077, std: 0.7786
[Debug] Reward mean: 0.1983, std: 0.7302
Num steps: 380000   Return: 2943.4   Time: 0:12:37
[Debug] Reward mean: 0.1670, std: 0.6807
[Debug] Reward mean: 0.2116, std: 0.7502
[Debug] Reward mean: 0.1830, std: 0.7245
[Debug] Reward mean: 0.2198, std: 0.8653
Num steps: 390000   Return: 3030.7   Time: 0:12:58
[Debug] Reward mean: 0.1836, std: 0.7389
[Debug] Reward mean: 0.1868, std: 0.7722
[Debug] Reward mean: 0.2074, std: 0.7722
Num steps: 400000   Return: 3038.8   Time: 0:13:18
[Debug] Reward mean: 0.1660, std: 0.7413
[Debug] Reward mean: 0.1896, std: 0.7282
[Debug] Reward mean: 0.1966, std: 0.8298
Num steps: 410000   Return: 2995.4   Time: 0:13:38
[Debug] Reward mean: 0.1734, std: 0.7001
[Debug] Reward mean: 0.1707, std: 0.7490
[Debug] Reward mean: 0.2032, std: 0.7643
[Debug] Reward mean: 0.1678, std: 0.7265
Num steps: 420000   Return: 3016.3   Time: 0:13:59
[Debug] Reward mean: 0.1762, std: 0.7924
[Debug] Reward mean: 0.1814, std: 0.7764
[Debug] Reward mean: 0.1527, std: 0.7218
Num steps: 430000   Return: 2983.9   Time: 0:14:19
[Debug] Reward mean: 0.1781, std: 0.7914
[Debug] Reward mean: 0.1358, std: 0.5962
[Debug] Reward mean: 0.1844, std: 0.7512
Num steps: 440000   Return: 2990.2   Time: 0:14:39
[Debug] Reward mean: 0.1605, std: 0.6909
[Debug] Reward mean: 0.1559, std: 0.7468
[Debug] Reward mean: 0.1690, std: 0.7472
[Debug] Reward mean: 0.1814, std: 0.7790
Num steps: 450000   Return: 2917.2   Time: 0:15:00
[Debug] Reward mean: 0.1466, std: 0.6902
[Debug] Reward mean: 0.1597, std: 0.6650
[Debug] Reward mean: 0.1657, std: 0.7103
Num steps: 460000   Return: 2985.3   Time: 0:15:20
[Debug] Reward mean: 0.1486, std: 0.6920
[Debug] Reward mean: 0.1552, std: 0.6973
[Debug] Reward mean: 0.1545, std: 0.6870
Num steps: 470000   Return: 3056.7   Time: 0:15:40
[Debug] Reward mean: 0.1652, std: 0.7742
[Debug] Reward mean: 0.1280, std: 0.6387
[Debug] Reward mean: 0.1687, std: 0.7735
[Debug] Reward mean: 0.1568, std: 0.7224
Num steps: 480000   Return: 2971.0   Time: 0:16:01
[Debug] Reward mean: 0.1460, std: 0.6220
[Debug] Reward mean: 0.1495, std: 0.7038
[Debug] Reward mean: 0.1481, std: 0.7131
Num steps: 490000   Return: 3020.2   Time: 0:16:21
[Debug] Reward mean: 0.1417, std: 0.6193
[Debug] Reward mean: 0.1530, std: 0.7127
[Debug] Reward mean: 0.1523, std: 0.7346
Num steps: 500000   Return: 3071.2   Time: 0:16:41
[Debug] Reward mean: 0.1473, std: 0.6743
[Debug] Reward mean: 0.1386, std: 0.6991
[Debug] Reward mean: 0.1395, std: 0.6706
[Debug] Reward mean: 0.1408, std: 0.6841
Num steps: 510000   Return: 3238.5   Time: 0:17:02
[Debug] Reward mean: 0.1331, std: 0.7140
[Debug] Reward mean: 0.1429, std: 0.7007
[Debug] Reward mean: 0.1334, std: 0.7016
Num steps: 520000   Return: 3088.9   Time: 0:17:22
[Debug] Reward mean: 0.1273, std: 0.6133
[Debug] Reward mean: 0.1531, std: 0.7344
[Debug] Reward mean: 0.1423, std: 0.6694
Num steps: 530000   Return: 3012.6   Time: 0:17:42
[Debug] Reward mean: 0.1347, std: 0.6801
[Debug] Reward mean: 0.1362, std: 0.7168
[Debug] Reward mean: 0.1446, std: 0.6931
[Debug] Reward mean: 0.1335, std: 0.6736
Num steps: 540000   Return: 3023.7   Time: 0:18:03
[Debug] Reward mean: 0.1222, std: 0.5918
[Debug] Reward mean: 0.1449, std: 0.6911
[Debug] Reward mean: 0.1410, std: 0.7190
Num steps: 550000   Return: 2976.0   Time: 0:18:23
[Debug] Reward mean: 0.1363, std: 0.6620
[Debug] Reward mean: 0.1338, std: 0.6793
[Debug] Reward mean: 0.1240, std: 0.6800
Num steps: 560000   Return: 2982.6   Time: 0:18:43
[Debug] Reward mean: 0.1442, std: 0.7159
[Debug] Reward mean: 0.1108, std: 0.6430
[Debug] Reward mean: 0.1366, std: 0.6626
[Debug] Reward mean: 0.0967, std: 0.5080
Num steps: 570000   Return: 3085.0   Time: 0:19:04
[Debug] Reward mean: 0.1204, std: 0.6577
[Debug] Reward mean: 0.1219, std: 0.6801
[Debug] Reward mean: 0.1177, std: 0.5800
Num steps: 580000   Return: 2909.9   Time: 0:19:24
[Debug] Reward mean: 0.1251, std: 0.6841
[Debug] Reward mean: 0.1471, std: 0.7205
[Debug] Reward mean: 0.1173, std: 0.6253
Num steps: 590000   Return: 3154.0   Time: 0:19:44
[Debug] Reward mean: 0.1369, std: 0.6465
[Debug] Reward mean: 0.1215, std: 0.7077
[Debug] Reward mean: 0.1261, std: 0.6595
[Debug] Reward mean: 0.1229, std: 0.6584
Num steps: 600000   Return: 2911.3   Time: 0:20:05
[Debug] Reward mean: 0.1063, std: 0.5795
[Debug] Reward mean: 0.0922, std: 0.5055
[Debug] Reward mean: 0.1266, std: 0.6821
Num steps: 610000   Return: 3068.9   Time: 0:20:26
[Debug] Reward mean: 0.1159, std: 0.6649
[Debug] Reward mean: 0.1024, std: 0.6148
[Debug] Reward mean: 0.1136, std: 0.6610
Num steps: 620000   Return: 3042.1   Time: 0:20:46
[Debug] Reward mean: 0.1262, std: 0.7271
[Debug] Reward mean: 0.1270, std: 0.6196
[Debug] Reward mean: 0.1214, std: 0.6180
[Debug] Reward mean: 0.1078, std: 0.6455
Num steps: 630000   Return: 2966.8   Time: 0:21:07
[Debug] Reward mean: 0.1126, std: 0.6098
[Debug] Reward mean: 0.1054, std: 0.5776
[Debug] Reward mean: 0.1077, std: 0.5966
Num steps: 640000   Return: 2949.7   Time: 0:21:27
[Debug] Reward mean: 0.1086, std: 0.6395
[Debug] Reward mean: 0.1243, std: 0.6415
[Debug] Reward mean: 0.1105, std: 0.6523
Num steps: 650000   Return: 2994.0   Time: 0:21:47
[Debug] Reward mean: 0.1263, std: 0.6235
[Debug] Reward mean: 0.1052, std: 0.6313
[Debug] Reward mean: 0.0894, std: 0.5458
[Debug] Reward mean: 0.1317, std: 0.7088
Num steps: 660000   Return: 2977.7   Time: 0:22:08
[Debug] Reward mean: 0.1210, std: 0.6288
[Debug] Reward mean: 0.1262, std: 0.7067
[Debug] Reward mean: 0.1044, std: 0.6250
Num steps: 670000   Return: 3080.8   Time: 0:22:28
[Debug] Reward mean: 0.1141, std: 0.6052
[Debug] Reward mean: 0.0995, std: 0.5886
[Debug] Reward mean: 0.0965, std: 0.5735
Num steps: 680000   Return: 3009.9   Time: 0:22:48
[Debug] Reward mean: 0.1106, std: 0.5839
[Debug] Reward mean: 0.1272, std: 0.6962
[Debug] Reward mean: 0.1039, std: 0.6142
[Debug] Reward mean: 0.1027, std: 0.6329
Num steps: 690000   Return: 2953.8   Time: 0:23:09
[Debug] Reward mean: 0.0873, std: 0.4943
[Debug] Reward mean: 0.0945, std: 0.6053
[Debug] Reward mean: 0.1052, std: 0.6418
Num steps: 700000   Return: 2928.2   Time: 0:23:29
[Debug] Reward mean: 0.0960, std: 0.5724
[Debug] Reward mean: 0.1066, std: 0.6497
[Debug] Reward mean: 0.0963, std: 0.5940
Num steps: 710000   Return: 3089.3   Time: 0:23:49
[Debug] Reward mean: 0.0917, std: 0.6022
[Debug] Reward mean: 0.0916, std: 0.5915
[Debug] Reward mean: 0.1066, std: 0.5993
[Debug] Reward mean: 0.1150, std: 0.6547
Num steps: 720000   Return: 3026.6   Time: 0:24:10
[Debug] Reward mean: 0.1167, std: 0.6414
[Debug] Reward mean: 0.1047, std: 0.6313
[Debug] Reward mean: 0.0980, std: 0.6170
Num steps: 730000   Return: 3002.5   Time: 0:24:30
[Debug] Reward mean: 0.0917, std: 0.5749
[Debug] Reward mean: 0.1040, std: 0.6136
[Debug] Reward mean: 0.1013, std: 0.6002
Num steps: 740000   Return: 3153.9   Time: 0:24:50
[Debug] Reward mean: 0.1081, std: 0.6204
[Debug] Reward mean: 0.1009, std: 0.6351
[Debug] Reward mean: 0.1010, std: 0.5493
[Debug] Reward mean: 0.0820, std: 0.5293
Num steps: 750000   Return: 3031.4   Time: 0:25:11
[Debug] Reward mean: 0.0932, std: 0.5853
[Debug] Reward mean: 0.0906, std: 0.5442
[Debug] Reward mean: 0.0929, std: 0.5737
Num steps: 760000   Return: 3007.1   Time: 0:25:31
[Debug] Reward mean: 0.0937, std: 0.6188
[Debug] Reward mean: 0.0998, std: 0.6035
[Debug] Reward mean: 0.0958, std: 0.6060
Num steps: 770000   Return: 3012.2   Time: 0:25:52
[Debug] Reward mean: 0.0972, std: 0.6013
[Debug] Reward mean: 0.1100, std: 0.6125
[Debug] Reward mean: 0.0876, std: 0.5731
[Debug] Reward mean: 0.0811, std: 0.5514
Num steps: 780000   Return: 2971.7   Time: 0:26:12
[Debug] Reward mean: 0.1026, std: 0.5751
[Debug] Reward mean: 0.0801, std: 0.5544
[Debug] Reward mean: 0.0981, std: 0.6534
Num steps: 790000   Return: 2980.0   Time: 0:26:33
[Debug] Reward mean: 0.0761, std: 0.4962
[Debug] Reward mean: 0.0959, std: 0.6301
[Debug] Reward mean: 0.0844, std: 0.5515
Num steps: 800000   Return: 3014.1   Time: 0:26:53
[Debug] Reward mean: 0.0895, std: 0.6180
[Debug] Reward mean: 0.1010, std: 0.6454
[Debug] Reward mean: 0.0729, std: 0.5210
[Debug] Reward mean: 0.0847, std: 0.5477
Num steps: 810000   Return: 3032.0   Time: 0:27:14
[Debug] Reward mean: 0.1021, std: 0.6189
[Debug] Reward mean: 0.0875, std: 0.5982
[Debug] Reward mean: 0.0925, std: 0.5728
Num steps: 820000   Return: 3050.0   Time: 0:27:34
[Debug] Reward mean: 0.0965, std: 0.6135
[Debug] Reward mean: 0.0901, std: 0.5805
[Debug] Reward mean: 0.0931, std: 0.6032
Num steps: 830000   Return: 3025.5   Time: 0:27:54
[Debug] Reward mean: 0.0777, std: 0.4883
[Debug] Reward mean: 0.0946, std: 0.6166
[Debug] Reward mean: 0.0850, std: 0.5618
[Debug] Reward mean: 0.0752, std: 0.5359
Num steps: 840000   Return: 2916.7   Time: 0:28:15
[Debug] Reward mean: 0.0712, std: 0.4758
[Debug] Reward mean: 0.0802, std: 0.5524
[Debug] Reward mean: 0.0741, std: 0.5081
Num steps: 850000   Return: 2959.6   Time: 0:28:35
[Debug] Reward mean: 0.0665, std: 0.4495
[Debug] Reward mean: 0.0668, std: 0.4786
[Debug] Reward mean: 0.0958, std: 0.6096
Num steps: 860000   Return: 3053.7   Time: 0:28:56
[Debug] Reward mean: 0.0957, std: 0.6445
[Debug] Reward mean: 0.0715, std: 0.4867
[Debug] Reward mean: 0.0736, std: 0.5020
[Debug] Reward mean: 0.0812, std: 0.5552
Num steps: 870000   Return: 3061.7   Time: 0:29:16
[Debug] Reward mean: 0.0930, std: 0.5255
[Debug] Reward mean: 0.0884, std: 0.5701
[Debug] Reward mean: 0.0792, std: 0.5284
Num steps: 880000   Return: 2992.3   Time: 0:29:37
[Debug] Reward mean: 0.0596, std: 0.4400
[Debug] Reward mean: 0.0705, std: 0.5042
[Debug] Reward mean: 0.0793, std: 0.5636
Num steps: 890000   Return: 2943.3   Time: 0:29:57
[Debug] Reward mean: 0.0620, std: 0.4769
[Debug] Reward mean: 0.0822, std: 0.5519
[Debug] Reward mean: 0.0740, std: 0.5142
[Debug] Reward mean: 0.0614, std: 0.4367
Num steps: 900000   Return: 2971.1   Time: 0:30:18
[Debug] Reward mean: 0.0668, std: 0.4142
[Debug] Reward mean: 0.0698, std: 0.5091
[Debug] Reward mean: 0.0576, std: 0.4689
Num steps: 910000   Return: 3050.3   Time: 0:30:38
[Debug] Reward mean: 0.0802, std: 0.5478
[Debug] Reward mean: 0.0752, std: 0.5235
[Debug] Reward mean: 0.0738, std: 0.5223
Num steps: 920000   Return: 3008.6   Time: 0:30:58
[Debug] Reward mean: 0.0940, std: 0.5890
[Debug] Reward mean: 0.0733, std: 0.5246
[Debug] Reward mean: 0.0815, std: 0.5707
[Debug] Reward mean: 0.0698, std: 0.4974
Num steps: 930000   Return: 3084.0   Time: 0:31:19
[Debug] Reward mean: 0.0593, std: 0.4786
[Debug] Reward mean: 0.0769, std: 0.5304
[Debug] Reward mean: 0.0608, std: 0.4666
Num steps: 940000   Return: 2925.1   Time: 0:31:39
[Debug] Reward mean: 0.0731, std: 0.4756
[Debug] Reward mean: 0.0616, std: 0.4591
[Debug] Reward mean: 0.0745, std: 0.5466
Num steps: 950000   Return: 3070.7   Time: 0:31:59
[Debug] Reward mean: 0.0678, std: 0.5060
[Debug] Reward mean: 0.0831, std: 0.5635
[Debug] Reward mean: 0.0681, std: 0.4778
[Debug] Reward mean: 0.0758, std: 0.5046
Num steps: 960000   Return: 3081.7   Time: 0:32:20
[Debug] Reward mean: 0.0730, std: 0.4868
[Debug] Reward mean: 0.0644, std: 0.4667
[Debug] Reward mean: 0.0714, std: 0.4951
Num steps: 970000   Return: 3123.4   Time: 0:32:40
[Debug] Reward mean: 0.0696, std: 0.5014
[Debug] Reward mean: 0.0556, std: 0.4491
[Debug] Reward mean: 0.0734, std: 0.4964
Num steps: 980000   Return: 3033.1   Time: 0:33:01
[Debug] Reward mean: 0.0598, std: 0.4532
[Debug] Reward mean: 0.0659, std: 0.4615
[Debug] Reward mean: 0.0760, std: 0.5196
[Debug] Reward mean: 0.0566, std: 0.4370
Num steps: 990000   Return: 2994.8   Time: 0:33:21
[Debug] Reward mean: 0.0628, std: 0.4672
[Debug] Reward mean: 0.0575, std: 0.4473
[Debug] Reward mean: 0.0690, std: 0.4808
Num steps: 1000000   Return: 3049.6   Time: 0:33:42
[Debug] Reward mean: 0.0476, std: 0.3747
[Debug] Reward mean: 0.0560, std: 0.4535
[Debug] Reward mean: 0.0608, std: 0.4541
Num steps: 1010000   Return: 2997.8   Time: 0:34:02
[Debug] Reward mean: 0.0496, std: 0.3886
[Debug] Reward mean: 0.0682, std: 0.4667
[Debug] Reward mean: 0.0556, std: 0.4445
[Debug] Reward mean: 0.0593, std: 0.4667
Num steps: 1020000   Return: 3046.3   Time: 0:34:22
[Debug] Reward mean: 0.0603, std: 0.4136
[Debug] Reward mean: 0.0437, std: 0.3594
[Debug] Reward mean: 0.0581, std: 0.4511
Num steps: 1030000   Return: 2917.7   Time: 0:34:43
[Debug] Reward mean: 0.0625, std: 0.4942
[Debug] Reward mean: 0.0465, std: 0.3838
[Debug] Reward mean: 0.0591, std: 0.4312
Num steps: 1040000   Return: 2984.5   Time: 0:35:03
[Debug] Reward mean: 0.0651, std: 0.4560
[Debug] Reward mean: 0.0556, std: 0.4302
[Debug] Reward mean: 0.0497, std: 0.3909
[Debug] Reward mean: 0.0553, std: 0.4358
Num steps: 1050000   Return: 2992.4   Time: 0:35:24
[Debug] Reward mean: 0.0594, std: 0.4281
[Debug] Reward mean: 0.0554, std: 0.4154
[Debug] Reward mean: 0.0434, std: 0.3318
Num steps: 1060000   Return: 3061.0   Time: 0:35:44
[Debug] Reward mean: 0.0528, std: 0.4043
[Debug] Reward mean: 0.0511, std: 0.4004
[Debug] Reward mean: 0.0619, std: 0.4113
Num steps: 1070000   Return: 3105.8   Time: 0:36:04
[Debug] Reward mean: 0.0499, std: 0.3963
[Debug] Reward mean: 0.0584, std: 0.4561
[Debug] Reward mean: 0.0438, std: 0.3462
[Debug] Reward mean: 0.0489, std: 0.3921
Num steps: 1080000   Return: 2927.2   Time: 0:36:25
[Debug] Reward mean: 0.0426, std: 0.3506
[Debug] Reward mean: 0.0518, std: 0.3741
[Debug] Reward mean: 0.0533, std: 0.3619
Num steps: 1090000   Return: 3034.1   Time: 0:36:45
[Debug] Reward mean: 0.0447, std: 0.3578
[Debug] Reward mean: 0.0492, std: 0.3831
[Debug] Reward mean: 0.0470, std: 0.3755
Num steps: 1100000   Return: 2939.1   Time: 0:37:05
[Debug] Reward mean: 0.0491, std: 0.3982
[Debug] Reward mean: 0.0507, std: 0.3809
[Debug] Reward mean: 0.0451, std: 0.3546
[Debug] Reward mean: 0.0443, std: 0.3629
Num steps: 1110000   Return: 3236.5   Time: 0:37:26
[Debug] Reward mean: 0.0411, std: 0.3369
[Debug] Reward mean: 0.0498, std: 0.3857
[Debug] Reward mean: 0.0524, std: 0.3866
Num steps: 1120000   Return: 3001.8   Time: 0:37:47
[Debug] Reward mean: 0.0432, std: 0.3404
[Debug] Reward mean: 0.0396, std: 0.3575
[Debug] Reward mean: 0.0400, std: 0.3220
Num steps: 1130000   Return: 3216.3   Time: 0:38:07
[Debug] Reward mean: 0.0428, std: 0.3593
[Debug] Reward mean: 0.0443, std: 0.3516
[Debug] Reward mean: 0.0365, std: 0.2852
[Debug] Reward mean: 0.0469, std: 0.3673
Num steps: 1140000   Return: 2974.5   Time: 0:38:28
[Debug] Reward mean: 0.0419, std: 0.3389
[Debug] Reward mean: 0.0565, std: 0.4078
[Debug] Reward mean: 0.0392, std: 0.3363
Num steps: 1150000   Return: 3086.3   Time: 0:38:48
[Debug] Reward mean: 0.0450, std: 0.3565
[Debug] Reward mean: 0.0400, std: 0.3228
[Debug] Reward mean: 0.0419, std: 0.3478
Num steps: 1160000   Return: 2969.6   Time: 0:39:08
[Debug] Reward mean: 0.0356, std: 0.2988
[Debug] Reward mean: 0.0302, std: 0.2873
[Debug] Reward mean: 0.0360, std: 0.3140
[Debug] Reward mean: 0.0338, std: 0.2869
Num steps: 1170000   Return: 2979.6   Time: 0:39:29
[Debug] Reward mean: 0.0404, std: 0.3429
[Debug] Reward mean: 0.0353, std: 0.2776
[Debug] Reward mean: 0.0336, std: 0.2633
Num steps: 1180000   Return: 3097.3   Time: 0:39:49
[Debug] Reward mean: 0.0294, std: 0.2787
[Debug] Reward mean: 0.0395, std: 0.3108
[Debug] Reward mean: 0.0375, std: 0.3167
Num steps: 1190000   Return: 2961.3   Time: 0:40:10
[Debug] Reward mean: 0.0364, std: 0.3084
[Debug] Reward mean: 0.0490, std: 0.3737
[Debug] Reward mean: 0.0335, std: 0.3052
[Debug] Reward mean: 0.0325, std: 0.2845
Num steps: 1200000   Return: 3018.0   Time: 0:40:30
[Debug] Reward mean: 0.0356, std: 0.2981
[Debug] Reward mean: 0.0254, std: 0.2466
[Debug] Reward mean: 0.0233, std: 0.2210
Num steps: 1210000   Return: 3175.0   Time: 0:40:51
[Debug] Reward mean: 0.0308, std: 0.2775
[Debug] Reward mean: 0.0440, std: 0.3494
[Debug] Reward mean: 0.0299, std: 0.2672
Num steps: 1220000   Return: 2965.7   Time: 0:41:11
[Debug] Reward mean: 0.0278, std: 0.2668
[Debug] Reward mean: 0.0408, std: 0.3269
[Debug] Reward mean: 0.0347, std: 0.2891
[Debug] Reward mean: 0.0346, std: 0.2558
Num steps: 1230000   Return: 2965.3   Time: 0:41:32
[Debug] Reward mean: 0.0280, std: 0.2476
[Debug] Reward mean: 0.0351, std: 0.2874
[Debug] Reward mean: 0.0268, std: 0.2336
Num steps: 1240000   Return: 2973.2   Time: 0:41:52
[Debug] Reward mean: 0.0278, std: 0.2475
[Debug] Reward mean: 0.0428, std: 0.3292
[Debug] Reward mean: 0.0237, std: 0.2196
Num steps: 1250000   Return: 3018.9   Time: 0:42:12
[Debug] Reward mean: 0.0187, std: 0.1659
[Debug] Reward mean: 0.0343, std: 0.2952
[Debug] Reward mean: 0.0250, std: 0.2276
[Debug] Reward mean: 0.0302, std: 0.2613
Num steps: 1260000   Return: 2975.6   Time: 0:42:33
[Debug] Reward mean: 0.0251, std: 0.2144
[Debug] Reward mean: 0.0237, std: 0.2211
[Debug] Reward mean: 0.0210, std: 0.1979
Num steps: 1270000   Return: 2976.3   Time: 0:42:53
[Debug] Reward mean: 0.0306, std: 0.2403
[Debug] Reward mean: 0.0252, std: 0.2349
[Debug] Reward mean: 0.0303, std: 0.2605
Num steps: 1280000   Return: 2918.0   Time: 0:43:13
[Debug] Reward mean: 0.0283, std: 0.2607
[Debug] Reward mean: 0.0215, std: 0.1726
[Debug] Reward mean: 0.0273, std: 0.2335
[Debug] Reward mean: 0.0284, std: 0.2424
Num steps: 1290000   Return: 3101.5   Time: 0:43:34
[Debug] Reward mean: 0.0247, std: 0.2169
[Debug] Reward mean: 0.0258, std: 0.2107
[Debug] Reward mean: 0.0253, std: 0.2272
Num steps: 1300000   Return: 2985.3   Time: 0:43:54
[Debug] Reward mean: 0.0224, std: 0.2041
[Debug] Reward mean: 0.0206, std: 0.1818
[Debug] Reward mean: 0.0181, std: 0.1702
Num steps: 1310000   Return: 3079.4   Time: 0:44:15
[Debug] Reward mean: 0.0244, std: 0.2277
[Debug] Reward mean: 0.0220, std: 0.2094
[Debug] Reward mean: 0.0284, std: 0.2354
[Debug] Reward mean: 0.0225, std: 0.2202
Num steps: 1320000   Return: 2987.5   Time: 0:44:35
[Debug] Reward mean: 0.0249, std: 0.2175
[Debug] Reward mean: 0.0250, std: 0.2232
[Debug] Reward mean: 0.0267, std: 0.2347
Num steps: 1330000   Return: 3026.2   Time: 0:44:56
[Debug] Reward mean: 0.0281, std: 0.2358
[Debug] Reward mean: 0.0161, std: 0.1659
[Debug] Reward mean: 0.0227, std: 0.2068
Num steps: 1340000   Return: 2929.8   Time: 0:45:16
[Debug] Reward mean: 0.0173, std: 0.1608
[Debug] Reward mean: 0.0229, std: 0.1961
[Debug] Reward mean: 0.0247, std: 0.2188
[Debug] Reward mean: 0.0214, std: 0.1943
Num steps: 1350000   Return: 3067.2   Time: 0:45:37
[Debug] Reward mean: 0.0202, std: 0.1841
[Debug] Reward mean: 0.0238, std: 0.2133
[Debug] Reward mean: 0.0176, std: 0.1688
Num steps: 1360000   Return: 2972.8   Time: 0:45:57
[Debug] Reward mean: 0.0191, std: 0.1981
[Debug] Reward mean: 0.0198, std: 0.1982
[Debug] Reward mean: 0.0249, std: 0.2167
Num steps: 1370000   Return: 2992.7   Time: 0:46:17
[Debug] Reward mean: 0.0119, std: 0.1308
[Debug] Reward mean: 0.0174, std: 0.1545
[Debug] Reward mean: 0.0204, std: 0.2251
[Debug] Reward mean: 0.0217, std: 0.2083
Num steps: 1380000   Return: 3055.0   Time: 0:46:38
[Debug] Reward mean: 0.0208, std: 0.1843
[Debug] Reward mean: 0.0189, std: 0.1554
[Debug] Reward mean: 0.0219, std: 0.1997
Num steps: 1390000   Return: 3025.8   Time: 0:46:58
[Debug] Reward mean: 0.0185, std: 0.1740
[Debug] Reward mean: 0.0162, std: 0.1630
[Debug] Reward mean: 0.0229, std: 0.2157
Num steps: 1400000   Return: 3027.5   Time: 0:47:19
[Debug] Reward mean: 0.0199, std: 0.1979
[Debug] Reward mean: 0.0196, std: 0.1645
[Debug] Reward mean: 0.0222, std: 0.1970
[Debug] Reward mean: 0.0148, std: 0.1408
Num steps: 1410000   Return: 3002.6   Time: 0:47:39
[Debug] Reward mean: 0.0133, std: 0.1321
[Debug] Reward mean: 0.0162, std: 0.1685
[Debug] Reward mean: 0.0183, std: 0.1680
Num steps: 1420000   Return: 2986.0   Time: 0:48:00
[Debug] Reward mean: 0.0163, std: 0.1597
[Debug] Reward mean: 0.0237, std: 0.2199
[Debug] Reward mean: 0.0140, std: 0.1333
Num steps: 1430000   Return: 3044.9   Time: 0:48:20
[Debug] Reward mean: 0.0113, std: 0.1189
[Debug] Reward mean: 0.0183, std: 0.1855
[Debug] Reward mean: 0.0146, std: 0.1670
[Debug] Reward mean: 0.0140, std: 0.1434
Num steps: 1440000   Return: 2933.6   Time: 0:48:41
[Debug] Reward mean: 0.0120, std: 0.1304
[Debug] Reward mean: 0.0152, std: 0.1377
[Debug] Reward mean: 0.0142, std: 0.1526
Num steps: 1450000   Return: 3024.5   Time: 0:49:01
[Debug] Reward mean: 0.0202, std: 0.1849
[Debug] Reward mean: 0.0146, std: 0.1482
[Debug] Reward mean: 0.0194, std: 0.1594
Num steps: 1460000   Return: 2960.0   Time: 0:49:21
[Debug] Reward mean: 0.0101, std: 0.1015
[Debug] Reward mean: 0.0178, std: 0.1599
[Debug] Reward mean: 0.0180, std: 0.1661
[Debug] Reward mean: 0.0105, std: 0.1075
Num steps: 1470000   Return: 2944.4   Time: 0:49:42
[Debug] Reward mean: 0.0157, std: 0.1455
[Debug] Reward mean: 0.0144, std: 0.1543
[Debug] Reward mean: 0.0138, std: 0.1461
Num steps: 1480000   Return: 3038.5   Time: 0:50:02
[Debug] Reward mean: 0.0144, std: 0.1514
[Debug] Reward mean: 0.0116, std: 0.1415
[Debug] Reward mean: 0.0140, std: 0.1324
Num steps: 1490000   Return: 2998.4   Time: 0:50:22
[Debug] Reward mean: 0.0174, std: 0.1791
[Debug] Reward mean: 0.0141, std: 0.1644
[Debug] Reward mean: 0.0140, std: 0.1437
[Debug] Reward mean: 0.0133, std: 0.1433
Num steps: 1500000   Return: 3005.0   Time: 0:50:43
[Debug] Reward mean: 0.0112, std: 0.1266
[Debug] Reward mean: 0.0133, std: 0.1337
[Debug] Reward mean: 0.0108, std: 0.1115
Num steps: 1510000   Return: 3024.8   Time: 0:51:03
[Debug] Reward mean: 0.0120, std: 0.1454
[Debug] Reward mean: 0.0124, std: 0.1204
[Debug] Reward mean: 0.0108, std: 0.1158
Num steps: 1520000   Return: 3015.0   Time: 0:51:24
[Debug] Reward mean: 0.0170, std: 0.2024
[Debug] Reward mean: 0.0104, std: 0.1137
[Debug] Reward mean: 0.0171, std: 0.1381
[Debug] Reward mean: 0.0107, std: 0.1215
Num steps: 1530000   Return: 2908.9   Time: 0:51:44
[Debug] Reward mean: 0.0113, std: 0.1208
[Debug] Reward mean: 0.0113, std: 0.1295
[Debug] Reward mean: 0.0160, std: 0.1540
Num steps: 1540000   Return: 3021.4   Time: 0:52:05
[Debug] Reward mean: 0.0076, std: 0.0882
[Debug] Reward mean: 0.0077, std: 0.0773
[Debug] Reward mean: 0.0084, std: 0.0945
Num steps: 1550000   Return: 2986.7   Time: 0:52:25
[Debug] Reward mean: 0.0135, std: 0.1260
[Debug] Reward mean: 0.0089, std: 0.0957
[Debug] Reward mean: 0.0173, std: 0.1803
[Debug] Reward mean: 0.0096, std: 0.0859
Num steps: 1560000   Return: 2935.3   Time: 0:52:46
[Debug] Reward mean: 0.0193, std: 0.1872
[Debug] Reward mean: 0.0154, std: 0.1960
[Debug] Reward mean: 0.0131, std: 0.1399
Num steps: 1570000   Return: 3018.9   Time: 0:53:06
[Debug] Reward mean: 0.0125, std: 0.1243
[Debug] Reward mean: 0.0110, std: 0.1285
[Debug] Reward mean: 0.0129, std: 0.1388
Num steps: 1580000   Return: 3100.8   Time: 0:53:26
[Debug] Reward mean: 0.0132, std: 0.1488
[Debug] Reward mean: 0.0141, std: 0.1641
[Debug] Reward mean: 0.0085, std: 0.1008
[Debug] Reward mean: 0.0128, std: 0.1533
Num steps: 1590000   Return: 3004.8   Time: 0:53:47
[Debug] Reward mean: 0.0143, std: 0.1453
[Debug] Reward mean: 0.0097, std: 0.1085
[Debug] Reward mean: 0.0097, std: 0.0993
Num steps: 1600000   Return: 2988.8   Time: 0:54:07
[Debug] Reward mean: 0.0103, std: 0.0982
[Debug] Reward mean: 0.0172, std: 0.1950
[Debug] Reward mean: 0.0083, std: 0.0987
Num steps: 1610000   Return: 3047.8   Time: 0:54:27
[Debug] Reward mean: 0.0130, std: 0.1319
[Debug] Reward mean: 0.0089, std: 0.0953
[Debug] Reward mean: 0.0104, std: 0.1188
[Debug] Reward mean: 0.0089, std: 0.1183
Num steps: 1620000   Return: 2933.3   Time: 0:54:48
[Debug] Reward mean: 0.0075, std: 0.0917
[Debug] Reward mean: 0.0092, std: 0.0891
[Debug] Reward mean: 0.0126, std: 0.1285
Num steps: 1630000   Return: 3074.1   Time: 0:55:09
[Debug] Reward mean: 0.0126, std: 0.1408
[Debug] Reward mean: 0.0146, std: 0.1634
[Debug] Reward mean: 0.0108, std: 0.1185
Num steps: 1640000   Return: 2995.0   Time: 0:55:29
[Debug] Reward mean: 0.0100, std: 0.1024
[Debug] Reward mean: 0.0161, std: 0.1600
[Debug] Reward mean: 0.0194, std: 0.2139
[Debug] Reward mean: 0.0075, std: 0.0826
Num steps: 1650000   Return: 3024.2   Time: 0:55:50
[Debug] Reward mean: 0.0108, std: 0.1275
[Debug] Reward mean: 0.0081, std: 0.1004
[Debug] Reward mean: 0.0136, std: 0.1719
Num steps: 1660000   Return: 3081.6   Time: 0:56:10
[Debug] Reward mean: 0.0092, std: 0.1343
[Debug] Reward mean: 0.0079, std: 0.0896
[Debug] Reward mean: 0.0101, std: 0.1289
Num steps: 1670000   Return: 3040.2   Time: 0:56:30
[Debug] Reward mean: 0.0095, std: 0.1172
[Debug] Reward mean: 0.0088, std: 0.1000
[Debug] Reward mean: 0.0146, std: 0.1629
[Debug] Reward mean: 0.0062, std: 0.0681
Num steps: 1680000   Return: 2949.2   Time: 0:56:51
[Debug] Reward mean: 0.0117, std: 0.1102
[Debug] Reward mean: 0.0097, std: 0.1309
[Debug] Reward mean: 0.0076, std: 0.0810
Num steps: 1690000   Return: 3028.1   Time: 0:57:11
[Debug] Reward mean: 0.0047, std: 0.0646
[Debug] Reward mean: 0.0090, std: 0.1094
[Debug] Reward mean: 0.0076, std: 0.1165
Num steps: 1700000   Return: 2967.1   Time: 0:57:31
[Debug] Reward mean: 0.0067, std: 0.0776
[Debug] Reward mean: 0.0173, std: 0.1837
[Debug] Reward mean: 0.0090, std: 0.1319
[Debug] Reward mean: 0.0055, std: 0.0645
Num steps: 1710000   Return: 3026.1   Time: 0:57:52
[Debug] Reward mean: 0.0086, std: 0.0910
[Debug] Reward mean: 0.0119, std: 0.1365
[Debug] Reward mean: 0.0091, std: 0.0963
Num steps: 1720000   Return: 2990.6   Time: 0:58:12
[Debug] Reward mean: 0.0093, std: 0.1399
[Debug] Reward mean: 0.0088, std: 0.0931
[Debug] Reward mean: 0.0074, std: 0.1111
Num steps: 1730000   Return: 2976.1   Time: 0:58:32
[Debug] Reward mean: 0.0073, std: 0.1021
[Debug] Reward mean: 0.0079, std: 0.0957
[Debug] Reward mean: 0.0103, std: 0.1258
[Debug] Reward mean: 0.0093, std: 0.1087
Num steps: 1740000   Return: 2894.4   Time: 0:58:53
[Debug] Reward mean: 0.0090, std: 0.1053
[Debug] Reward mean: 0.0095, std: 0.1087
[Debug] Reward mean: 0.0072, std: 0.1311
Num steps: 1750000   Return: 2997.8   Time: 0:59:13
[Debug] Reward mean: 0.0107, std: 0.1409
[Debug] Reward mean: 0.0127, std: 0.1568
[Debug] Reward mean: 0.0072, std: 0.0918
Num steps: 1760000   Return: 3119.6   Time: 0:59:33
[Debug] Reward mean: 0.0070, std: 0.1188
[Debug] Reward mean: 0.0095, std: 0.1210
[Debug] Reward mean: 0.0148, std: 0.1628
[Debug] Reward mean: 0.0110, std: 0.1555
Num steps: 1770000   Return: 3052.7   Time: 0:59:54
[Debug] Reward mean: 0.0026, std: 0.0242
[Debug] Reward mean: 0.0083, std: 0.1059
[Debug] Reward mean: 0.0067, std: 0.0908
Num steps: 1780000   Return: 2993.7   Time: 1:00:14
[Debug] Reward mean: 0.0039, std: 0.0484
[Debug] Reward mean: 0.0050, std: 0.0652
[Debug] Reward mean: 0.0143, std: 0.2280
Num steps: 1790000   Return: 2997.3   Time: 1:00:35
[Debug] Reward mean: 0.0069, std: 0.0887
[Debug] Reward mean: 0.0113, std: 0.1694
[Debug] Reward mean: 0.0041, std: 0.0435
[Debug] Reward mean: 0.0066, std: 0.0739
Num steps: 1800000   Return: 2999.5   Time: 1:00:55
[Debug] Reward mean: 0.0075, std: 0.1061
[Debug] Reward mean: 0.0055, std: 0.0735
[Debug] Reward mean: 0.0068, std: 0.1233
Num steps: 1810000   Return: 2995.2   Time: 1:01:16
[Debug] Reward mean: 0.0069, std: 0.1116
[Debug] Reward mean: 0.0065, std: 0.0811
[Debug] Reward mean: 0.0062, std: 0.1036
Num steps: 1820000   Return: 2985.6   Time: 1:01:36
[Debug] Reward mean: 0.0088, std: 0.1451
[Debug] Reward mean: 0.0031, std: 0.0418
[Debug] Reward mean: 0.0115, std: 0.1703
[Debug] Reward mean: 0.0079, std: 0.1036
Num steps: 1830000   Return: 3028.4   Time: 1:01:57
[Debug] Reward mean: 0.0083, std: 0.1236
[Debug] Reward mean: 0.0062, std: 0.0817
[Debug] Reward mean: 0.0074, std: 0.1027
Num steps: 1840000   Return: 3106.6   Time: 1:02:17
[Debug] Reward mean: 0.0083, std: 0.1201
[Debug] Reward mean: 0.0045, std: 0.0802
[Debug] Reward mean: 0.0047, std: 0.0567
Num steps: 1850000   Return: 2945.6   Time: 1:02:37
[Debug] Reward mean: 0.0102, std: 0.1107
[Debug] Reward mean: 0.0063, std: 0.0820
[Debug] Reward mean: 0.0100, std: 0.1612
[Debug] Reward mean: 0.0062, std: 0.1009
Num steps: 1860000   Return: 2998.6   Time: 1:02:58
[Debug] Reward mean: 0.0069, std: 0.1061
[Debug] Reward mean: 0.0055, std: 0.0874
[Debug] Reward mean: 0.0048, std: 0.0625
Num steps: 1870000   Return: 2992.3   Time: 1:03:18
[Debug] Reward mean: 0.0043, std: 0.0528
[Debug] Reward mean: 0.0076, std: 0.1210
[Debug] Reward mean: 0.0044, std: 0.0686
Num steps: 1880000   Return: 2923.6   Time: 1:03:38
[Debug] Reward mean: 0.0104, std: 0.1570
[Debug] Reward mean: 0.0088, std: 0.1155
[Debug] Reward mean: 0.0031, std: 0.0498
[Debug] Reward mean: 0.0085, std: 0.1367
Num steps: 1890000   Return: 3132.3   Time: 1:03:59
[Debug] Reward mean: 0.0054, std: 0.0698
[Debug] Reward mean: 0.0067, std: 0.0884
[Debug] Reward mean: 0.0065, std: 0.0793
Num steps: 1900000   Return: 3026.8   Time: 1:04:19
[Debug] Reward mean: 0.0089, std: 0.1131
[Debug] Reward mean: 0.0040, std: 0.0522
[Debug] Reward mean: 0.0077, std: 0.1024
Num steps: 1910000   Return: 3030.3   Time: 1:04:39
[Debug] Reward mean: 0.0066, std: 0.0919
[Debug] Reward mean: 0.0056, std: 0.0755
[Debug] Reward mean: 0.0085, std: 0.1157
[Debug] Reward mean: 0.0037, std: 0.0668
Num steps: 1920000   Return: 2967.1   Time: 1:05:00
[Debug] Reward mean: 0.0062, std: 0.0821
[Debug] Reward mean: 0.0077, std: 0.1072
[Debug] Reward mean: 0.0047, std: 0.0643
Num steps: 1930000   Return: 2919.9   Time: 1:05:20
[Debug] Reward mean: 0.0091, std: 0.1051
[Debug] Reward mean: 0.0086, std: 0.1314
[Debug] Reward mean: 0.0066, std: 0.1011
Num steps: 1940000   Return: 3023.8   Time: 1:05:40
[Debug] Reward mean: 0.0038, std: 0.0508
[Debug] Reward mean: 0.0084, std: 0.1026
[Debug] Reward mean: 0.0046, std: 0.0897
[Debug] Reward mean: 0.0050, std: 0.0742
Num steps: 1950000   Return: 2960.3   Time: 1:06:01
[Debug] Reward mean: 0.0079, std: 0.1066
[Debug] Reward mean: 0.0034, std: 0.0401
[Debug] Reward mean: 0.0069, std: 0.1006
Num steps: 1960000   Return: 2952.5   Time: 1:06:16
[Debug] Reward mean: 0.0062, std: 0.1008
[Debug] Reward mean: 0.0101, std: 0.1440
[Debug] Reward mean: 0.0069, std: 0.1145
Num steps: 1970000   Return: 2945.4   Time: 1:06:30
[Debug] Reward mean: 0.0053, std: 0.1013
[Debug] Reward mean: 0.0053, std: 0.0825
[Debug] Reward mean: 0.0069, std: 0.1057
[Debug] Reward mean: 0.0072, std: 0.0891
Num steps: 1980000   Return: 2985.5   Time: 1:06:44
[Debug] Reward mean: 0.0065, std: 0.1375
[Debug] Reward mean: 0.0064, std: 0.1291
[Debug] Reward mean: 0.0071, std: 0.0964
Num steps: 1990000   Return: 2975.0   Time: 1:06:58
[Debug] Reward mean: 0.0025, std: 0.0480
[Debug] Reward mean: 0.0042, std: 0.0540
[Debug] Reward mean: 0.0066, std: 0.1681
Num steps: 2000000   Return: 3045.3   Time: 1:07:12
Models saved to logs/StickInsect-v4/airl/20250527-1324/model
