Logging started at 20250527-1325
scale: [3.1415927 3.1415927 3.1415927 3.1415927 3.1415927 3.1415927 3.1415927
 3.1415927 3.1415927 3.1415927 3.1415927 3.1415927 3.1415927 3.1415927
 3.1415927 3.1415927 3.1415927 3.1415927]
mid: [0. 0. 0. 0. 0. 0. 0. 0. 0. 0. 0. 0. 0. 0. 0. 0. 0. 0.]
action space high: [1. 1. 1. 1. 1. 1. 1. 1. 1. 1. 1. 1. 1. 1. 1. 1. 1. 1.]
action space low: [-1. -1. -1. -1. -1. -1. -1. -1. -1. -1. -1. -1. -1. -1. -1. -1. -1. -1.]
scale: [3.1415927 3.1415927 3.1415927 3.1415927 3.1415927 3.1415927 3.1415927
 3.1415927 3.1415927 3.1415927 3.1415927 3.1415927 3.1415927 3.1415927
 3.1415927 3.1415927 3.1415927 3.1415927]
mid: [0. 0. 0. 0. 0. 0. 0. 0. 0. 0. 0. 0. 0. 0. 0. 0. 0. 0.]
action space high: [1. 1. 1. 1. 1. 1. 1. 1. 1. 1. 1. 1. 1. 1. 1. 1. 1. 1.]
action space low: [-1. -1. -1. -1. -1. -1. -1. -1. -1. -1. -1. -1. -1. -1. -1. -1. -1. -1.]
NVIDIA RTX A6000
Process ID: 1233664
Env: StickInsect-v4, experts/StickInsect_states_v1u2.pt, experts/StickInsect_actions_v1u2.pt, Seed: 0
Rollout length: 3000
Num steps: 2000000, Eval interval: 10000
Gamma: 0.995, Mix buffer: 1, Batch size: 64
lr_actor: 0.0001, lr_critic: 0.0001, lr_disc: 0.0001
Units Actor: (64, 64), Units Critic: (64, 64)
Units Disc: (100, 100)
Epoch ppo: 50, Epoch disc: 10
Clip Epsc: 0.2, Lambda: 0.97, Coef Ent: 0.05, Max Grad Norm: 10.0
Load data states: (688, 47), actions: (688, 18)
Expert data states: (687, 47), actions: (687, 18)
normalized expert action high: 0.5587616562843323
normalized expert action low: -0.5598832368850708
Expert buffer size: 687
Initial state shape: (47,)
Num steps: 10000    Return: 2738.4   Time: 0:00:14
Num steps: 20000    Return: 2868.8   Time: 0:00:27
Num steps: 30000    Return: 2850.6   Time: 0:00:41
Num steps: 40000    Return: 2929.2   Time: 0:00:54
Num steps: 50000    Return: 2995.9   Time: 0:01:10
Num steps: 60000    Return: 2956.1   Time: 0:01:30
Num steps: 70000    Return: 2745.6   Time: 0:01:49
Num steps: 80000    Return: 2998.7   Time: 0:02:08
Num steps: 90000    Return: 2855.1   Time: 0:02:28
Num steps: 100000   Return: 2859.0   Time: 0:02:47
Num steps: 110000   Return: 2809.8   Time: 0:03:07
Num steps: 120000   Return: 2940.6   Time: 0:03:26
Num steps: 130000   Return: 2856.1   Time: 0:03:45
Num steps: 140000   Return: 2975.2   Time: 0:04:05
Num steps: 150000   Return: 2944.7   Time: 0:04:24
Num steps: 160000   Return: 3093.9   Time: 0:04:44
Num steps: 170000   Return: 2835.5   Time: 0:05:03
Num steps: 180000   Return: 2956.4   Time: 0:05:23
Num steps: 190000   Return: 2887.7   Time: 0:05:41
Num steps: 200000   Return: 2975.1   Time: 0:06:01
Num steps: 210000   Return: 2911.4   Time: 0:06:20
Num steps: 220000   Return: 2938.7   Time: 0:06:40
Num steps: 230000   Return: 2955.0   Time: 0:06:59
Num steps: 240000   Return: 3040.9   Time: 0:07:18
Num steps: 250000   Return: 3044.2   Time: 0:07:37
Num steps: 260000   Return: 2896.2   Time: 0:07:57
Num steps: 270000   Return: 2954.3   Time: 0:08:16
Num steps: 280000   Return: 2981.1   Time: 0:08:36
Num steps: 290000   Return: 2939.3   Time: 0:08:55
Num steps: 300000   Return: 2921.5   Time: 0:09:14
Num steps: 310000   Return: 3006.5   Time: 0:09:34
Num steps: 320000   Return: 3004.5   Time: 0:09:53
Num steps: 330000   Return: 2970.6   Time: 0:10:12
Num steps: 340000   Return: 2977.1   Time: 0:10:31
Num steps: 350000   Return: 2954.8   Time: 0:10:50
Num steps: 360000   Return: 2988.4   Time: 0:11:10
Num steps: 370000   Return: 2967.5   Time: 0:11:28
Num steps: 380000   Return: 3027.8   Time: 0:11:48
Num steps: 390000   Return: 2979.6   Time: 0:12:07
Num steps: 400000   Return: 2942.5   Time: 0:12:26
Num steps: 410000   Return: 2961.4   Time: 0:12:45
Num steps: 420000   Return: 2952.6   Time: 0:13:05
Num steps: 430000   Return: 2881.5   Time: 0:13:24
Num steps: 440000   Return: 2967.7   Time: 0:13:43
Num steps: 450000   Return: 2904.1   Time: 0:14:02
Num steps: 460000   Return: 2944.6   Time: 0:14:21
Num steps: 470000   Return: 2939.5   Time: 0:14:40
Num steps: 480000   Return: 3030.2   Time: 0:15:00
Num steps: 490000   Return: 2982.4   Time: 0:15:19
Num steps: 500000   Return: 2937.4   Time: 0:15:38
Num steps: 510000   Return: 2872.3   Time: 0:15:58
Num steps: 520000   Return: 2973.1   Time: 0:16:17
Num steps: 530000   Return: 3035.2   Time: 0:16:36
Num steps: 540000   Return: 3020.8   Time: 0:16:55
Num steps: 550000   Return: 2940.0   Time: 0:17:14
Num steps: 560000   Return: 3047.5   Time: 0:17:34
Num steps: 570000   Return: 2916.2   Time: 0:17:53
Num steps: 580000   Return: 2996.7   Time: 0:18:12
Num steps: 590000   Return: 2987.6   Time: 0:18:31
Num steps: 600000   Return: 3159.3   Time: 0:18:51
Num steps: 610000   Return: 3006.2   Time: 0:19:10
Num steps: 620000   Return: 2986.7   Time: 0:19:29
Num steps: 630000   Return: 2974.3   Time: 0:19:48
Num steps: 640000   Return: 2984.0   Time: 0:20:07
Num steps: 650000   Return: 3093.7   Time: 0:20:26
Num steps: 660000   Return: 3023.3   Time: 0:20:46
Num steps: 670000   Return: 2979.7   Time: 0:21:05
Num steps: 680000   Return: 3188.9   Time: 0:21:25
Num steps: 690000   Return: 3152.1   Time: 0:21:44
Num steps: 700000   Return: 3012.3   Time: 0:22:04
Num steps: 710000   Return: 3016.2   Time: 0:22:23
Num steps: 720000   Return: 2992.8   Time: 0:22:43
Num steps: 730000   Return: 3110.7   Time: 0:23:02
Num steps: 740000   Return: 2945.8   Time: 0:23:22
Num steps: 750000   Return: 2941.2   Time: 0:23:41
Num steps: 760000   Return: 3064.5   Time: 0:24:01
Num steps: 770000   Return: 3012.0   Time: 0:24:20
Num steps: 780000   Return: 3019.9   Time: 0:24:40
Num steps: 790000   Return: 3023.5   Time: 0:25:00
Num steps: 800000   Return: 2962.1   Time: 0:25:19
Num steps: 810000   Return: 2975.6   Time: 0:25:39
Num steps: 820000   Return: 2914.0   Time: 0:25:58
Num steps: 830000   Return: 2914.4   Time: 0:26:18
Num steps: 840000   Return: 3069.6   Time: 0:26:38
Num steps: 850000   Return: 3055.0   Time: 0:26:58
Num steps: 860000   Return: 2925.3   Time: 0:27:17
Num steps: 870000   Return: 3013.4   Time: 0:27:37
Num steps: 880000   Return: 2997.4   Time: 0:27:56
Num steps: 890000   Return: 2943.9   Time: 0:28:15
Num steps: 900000   Return: 2965.9   Time: 0:28:35
Num steps: 910000   Return: 3079.4   Time: 0:28:55
Num steps: 920000   Return: 2996.8   Time: 0:29:14
Num steps: 930000   Return: 3019.6   Time: 0:29:33
Num steps: 940000   Return: 3090.4   Time: 0:29:53
Num steps: 950000   Return: 2991.7   Time: 0:30:12
Num steps: 960000   Return: 3032.3   Time: 0:30:31
Num steps: 970000   Return: 3070.0   Time: 0:30:51
Num steps: 980000   Return: 2980.3   Time: 0:31:10
Num steps: 990000   Return: 3011.4   Time: 0:31:30
Num steps: 1000000   Return: 2915.5   Time: 0:31:49
Num steps: 1010000   Return: 3060.4   Time: 0:32:08
Num steps: 1020000   Return: 2934.5   Time: 0:32:28
Num steps: 1030000   Return: 3069.7   Time: 0:32:47
Num steps: 1040000   Return: 3117.5   Time: 0:33:07
Num steps: 1050000   Return: 3028.8   Time: 0:33:26
Num steps: 1060000   Return: 2991.0   Time: 0:33:46
Num steps: 1070000   Return: 3005.1   Time: 0:34:05
Num steps: 1080000   Return: 3055.3   Time: 0:34:24
Num steps: 1090000   Return: 2944.9   Time: 0:34:44
Num steps: 1100000   Return: 2977.1   Time: 0:35:03
Num steps: 1110000   Return: 2983.5   Time: 0:35:23
Num steps: 1120000   Return: 3130.3   Time: 0:35:43
Num steps: 1130000   Return: 2966.5   Time: 0:36:02
Num steps: 1140000   Return: 2919.5   Time: 0:36:22
Num steps: 1150000   Return: 3018.0   Time: 0:36:42
Num steps: 1160000   Return: 3081.8   Time: 0:37:01
Num steps: 1170000   Return: 3054.0   Time: 0:37:21
Num steps: 1180000   Return: 2939.3   Time: 0:37:41
Num steps: 1190000   Return: 2962.9   Time: 0:38:00
Num steps: 1200000   Return: 2985.8   Time: 0:38:20
Num steps: 1210000   Return: 3024.2   Time: 0:38:40
Num steps: 1220000   Return: 3128.6   Time: 0:38:59
Num steps: 1230000   Return: 2988.2   Time: 0:39:19
Num steps: 1240000   Return: 3008.5   Time: 0:39:39
Num steps: 1250000   Return: 3093.5   Time: 0:39:58
Num steps: 1260000   Return: 2973.8   Time: 0:40:18
Num steps: 1270000   Return: 3062.5   Time: 0:40:38
Num steps: 1280000   Return: 3028.7   Time: 0:40:57
Num steps: 1290000   Return: 2927.6   Time: 0:41:17
Num steps: 1300000   Return: 2986.4   Time: 0:41:37
Num steps: 1310000   Return: 2943.2   Time: 0:41:56
Num steps: 1320000   Return: 2997.3   Time: 0:42:16
Num steps: 1330000   Return: 3079.2   Time: 0:42:35
Num steps: 1340000   Return: 2996.9   Time: 0:42:54
Num steps: 1350000   Return: 3037.2   Time: 0:43:14
Num steps: 1360000   Return: 3076.3   Time: 0:43:34
Num steps: 1370000   Return: 3056.0   Time: 0:43:53
Num steps: 1380000   Return: 2972.3   Time: 0:44:13
Num steps: 1390000   Return: 3113.9   Time: 0:44:32
Num steps: 1400000   Return: 2984.9   Time: 0:44:52
Num steps: 1410000   Return: 2955.5   Time: 0:45:11
Num steps: 1420000   Return: 2986.4   Time: 0:45:31
Num steps: 1430000   Return: 2949.9   Time: 0:45:51
Num steps: 1440000   Return: 2949.9   Time: 0:46:10
Num steps: 1450000   Return: 3096.1   Time: 0:46:29
Num steps: 1460000   Return: 2952.9   Time: 0:46:48
Num steps: 1470000   Return: 3047.8   Time: 0:47:08
Num steps: 1480000   Return: 3042.1   Time: 0:47:27
Num steps: 1490000   Return: 2967.3   Time: 0:47:46
Num steps: 1500000   Return: 2960.3   Time: 0:48:06
Num steps: 1510000   Return: 3006.8   Time: 0:48:25
Num steps: 1520000   Return: 3020.0   Time: 0:48:45
Num steps: 1530000   Return: 2987.8   Time: 0:49:05
Num steps: 1540000   Return: 3038.8   Time: 0:49:24
Num steps: 1550000   Return: 2967.9   Time: 0:49:43
Num steps: 1560000   Return: 3116.7   Time: 0:50:02
Num steps: 1570000   Return: 3006.3   Time: 0:50:22
Num steps: 1580000   Return: 3039.1   Time: 0:50:42
Num steps: 1590000   Return: 2984.5   Time: 0:51:01
Num steps: 1600000   Return: 2975.4   Time: 0:51:20
Num steps: 1610000   Return: 3006.9   Time: 0:51:40
Num steps: 1620000   Return: 3029.3   Time: 0:51:59
Num steps: 1630000   Return: 2951.4   Time: 0:52:18
Num steps: 1640000   Return: 3180.7   Time: 0:52:37
Num steps: 1650000   Return: 3005.5   Time: 0:52:57
Num steps: 1660000   Return: 3049.4   Time: 0:53:16
Num steps: 1670000   Return: 2951.6   Time: 0:53:37
Num steps: 1680000   Return: 3098.1   Time: 0:53:58
Num steps: 1690000   Return: 3035.8   Time: 0:54:18
Num steps: 1700000   Return: 2971.8   Time: 0:54:37
Num steps: 1710000   Return: 3064.5   Time: 0:54:57
Num steps: 1720000   Return: 2952.7   Time: 0:55:17
Num steps: 1730000   Return: 3130.4   Time: 0:55:36
Num steps: 1740000   Return: 3063.5   Time: 0:55:56
Num steps: 1750000   Return: 2988.7   Time: 0:56:16
Num steps: 1760000   Return: 3065.5   Time: 0:56:35
Num steps: 1770000   Return: 2944.6   Time: 0:56:55
Num steps: 1780000   Return: 3037.9   Time: 0:57:14
Num steps: 1790000   Return: 3040.8   Time: 0:57:33
Num steps: 1800000   Return: 3130.6   Time: 0:57:53
Num steps: 1810000   Return: 3013.7   Time: 0:58:12
Num steps: 1820000   Return: 2967.1   Time: 0:58:31
Num steps: 1830000   Return: 2985.1   Time: 0:58:51
Num steps: 1840000   Return: 2958.3   Time: 0:59:10
Num steps: 1850000   Return: 3054.0   Time: 0:59:30
Num steps: 1860000   Return: 2952.1   Time: 0:59:49
Num steps: 1870000   Return: 3111.1   Time: 1:00:09
Num steps: 1880000   Return: 3039.3   Time: 1:00:28
Num steps: 1890000   Return: 2994.5   Time: 1:00:48
Num steps: 1900000   Return: 3026.8   Time: 1:01:08
Num steps: 1910000   Return: 3008.9   Time: 1:01:27
Num steps: 1920000   Return: 2998.1   Time: 1:01:47
Num steps: 1930000   Return: 2948.9   Time: 1:02:07
Num steps: 1940000   Return: 2954.5   Time: 1:02:26
Num steps: 1950000   Return: 2953.0   Time: 1:02:46
Num steps: 1960000   Return: 3012.7   Time: 1:03:05
Num steps: 1970000   Return: 3049.2   Time: 1:03:24
Num steps: 1980000   Return: 3131.3   Time: 1:03:44
Num steps: 1990000   Return: 2984.8   Time: 1:04:03
Num steps: 2000000   Return: 2970.5   Time: 1:04:23
Models saved to logs/StickInsect-v4/gail/20250527-1325/model
