Logging started at 20250821-1905
scale: [1. 1. 1. 1. 1. 1. 1. 1.]
mid: [0. 0. 0. 0. 0. 0. 0. 0.]
action space high: [1. 1. 1. 1. 1. 1. 1. 1.]
action space low: [-1. -1. -1. -1. -1. -1. -1. -1.]
scale: [1. 1. 1. 1. 1. 1. 1. 1.]
mid: [0. 0. 0. 0. 0. 0. 0. 0.]
action space high: [1. 1. 1. 1. 1. 1. 1. 1.]
action space low: [-1. -1. -1. -1. -1. -1. -1. -1.]
NVIDIA GeForce RTX 4060 Laptop GPU
Process ID: 615181
Env: Ant-v4, experts/Ant_make_states.pt, experts/Ant_make_actions.pt, Seed: 0
Rollout length: 1000
Num steps: 2000000, Eval interval: 10000
Gamma: 0.995, Mix buffer: 1, Batch size: 64
lr_actor: 0.0001, lr_critic: 0.0001, lr_disc: 0.0001
Units Actor: (64, 64), Units Critic: (64, 64)
Units Disc R: (100, 100), Units Disc V: (100, 100)
Epoch ppo: 50, Epoch disc: 10
Clip Epsc: 0.2, Lambda: 0.97, Coef Ent: 0.01, Max Grad Norm: 10.0
Load data states: (1, 62155, 27), actions: (1, 62155, 8)
Expert data states: (62154, 27), actions: (62154, 8)
normalized expert action high: 0.9985060691833496
normalized expert action low: -0.9924452304840088
Expert buffer size: 62154
Initial state shape: (27,)
Num steps: 10000    Return: 893.4   Time: 0:00:09
Num steps: 20000    Return: 898.3   Time: 0:00:18
Num steps: 30000    Return: 912.8   Time: 0:00:27
Num steps: 40000    Return: 830.7   Time: 0:00:36
Num steps: 50000    Return: 818.0   Time: 0:00:45
Num steps: 60000    Return: 681.6   Time: 0:00:56
Num steps: 70000    Return: 592.1   Time: 0:01:06
Num steps: 80000    Return: 562.0   Time: 0:01:16
Num steps: 90000    Return: 665.7   Time: 0:01:27
Num steps: 100000   Return: 623.3   Time: 0:01:36
Num steps: 110000   Return: 587.9   Time: 0:01:46
Num steps: 120000   Return: 318.5   Time: 0:01:57
Num steps: 130000   Return: 134.3   Time: 0:02:07
Num steps: 140000   Return: -38.1   Time: 0:02:17
Num steps: 150000   Return: -151.6   Time: 0:02:27
Num steps: 160000   Return: -274.4   Time: 0:02:38
Num steps: 170000   Return: -320.0   Time: 0:02:49
Num steps: 180000   Return: -256.4   Time: 0:02:59
Num steps: 190000   Return: -204.7   Time: 0:03:10
Num steps: 200000   Return: -159.9   Time: 0:03:19
Num steps: 210000   Return: -92.9   Time: 0:03:29
Num steps: 220000   Return: -268.5   Time: 0:03:39
Num steps: 230000   Return: -365.1   Time: 0:03:49
Num steps: 240000   Return: -300.5   Time: 0:03:59
Num steps: 250000   Return: -321.1   Time: 0:04:08
Num steps: 260000   Return: -304.0   Time: 0:04:18
Num steps: 270000   Return: -204.8   Time: 0:04:28
Num steps: 280000   Return: -247.4   Time: 0:04:38
Num steps: 290000   Return: -311.8   Time: 0:04:46
Num steps: 300000   Return: -132.4   Time: 0:04:55
Num steps: 310000   Return: -148.4   Time: 0:05:03
Num steps: 320000   Return: -242.3   Time: 0:05:12
Num steps: 330000   Return: -273.7   Time: 0:05:21
Num steps: 340000   Return: -225.1   Time: 0:05:31
Num steps: 350000   Return: -245.7   Time: 0:05:41
Num steps: 360000   Return: -148.1   Time: 0:05:50
Num steps: 370000   Return: -22.9   Time: 0:05:59
Num steps: 380000   Return: 44.3    Time: 0:06:08
Num steps: 390000   Return: -102.0   Time: 0:06:16
Num steps: 400000   Return: 39.3    Time: 0:06:25
Num steps: 410000   Return: -56.5   Time: 0:06:33
Num steps: 420000   Return: -238.8   Time: 0:06:42
Num steps: 430000   Return: -71.5   Time: 0:06:51
Num steps: 440000   Return: 1211.6   Time: 0:06:59
Num steps: 450000   Return: 805.5   Time: 0:07:08
Num steps: 460000   Return: -132.9   Time: 0:07:17
Num steps: 470000   Return: -93.8   Time: 0:07:26
Num steps: 480000   Return: -69.9   Time: 0:07:35
Num steps: 490000   Return: -146.4   Time: 0:07:45
Num steps: 500000   Return: -186.2   Time: 0:07:55
Num steps: 510000   Return: -163.8   Time: 0:08:04
Num steps: 520000   Return: -102.8   Time: 0:08:13
Num steps: 530000   Return: 62.6    Time: 0:08:21
Num steps: 540000   Return: 257.5   Time: 0:08:30
Num steps: 550000   Return: 57.5    Time: 0:08:39
Num steps: 560000   Return: 110.2   Time: 0:08:47
Num steps: 570000   Return: 120.2   Time: 0:08:56
Num steps: 580000   Return: 226.3   Time: 0:09:05
Num steps: 590000   Return: 89.3    Time: 0:09:14
Num steps: 600000   Return: 104.9   Time: 0:09:23
Num steps: 610000   Return: 28.6    Time: 0:09:32
Num steps: 620000   Return: 96.6    Time: 0:09:40
Num steps: 630000   Return: 746.5   Time: 0:09:49
Num steps: 640000   Return: 495.8   Time: 0:09:58
Num steps: 650000   Return: 617.0   Time: 0:10:07
Num steps: 660000   Return: 463.4   Time: 0:10:16
Num steps: 670000   Return: 284.9   Time: 0:10:24
Num steps: 680000   Return: 229.8   Time: 0:10:33
Num steps: 690000   Return: 257.6   Time: 0:10:42
Num steps: 700000   Return: 340.8   Time: 0:10:51
Num steps: 710000   Return: 771.8   Time: 0:11:00
Num steps: 720000   Return: 789.5   Time: 0:11:09
Num steps: 730000   Return: 683.1   Time: 0:11:19
Num steps: 740000   Return: 269.2   Time: 0:11:29
Num steps: 750000   Return: 223.4   Time: 0:11:39
Num steps: 760000   Return: 213.3   Time: 0:11:47
Num steps: 770000   Return: 197.7   Time: 0:11:56
Num steps: 780000   Return: 617.5   Time: 0:12:05
Num steps: 790000   Return: 769.6   Time: 0:12:14
Num steps: 800000   Return: 674.7   Time: 0:12:23
Num steps: 810000   Return: 578.5   Time: 0:12:31
Num steps: 820000   Return: 720.3   Time: 0:12:41
Num steps: 830000   Return: 286.6   Time: 0:12:49
Num steps: 840000   Return: 473.6   Time: 0:12:58
Num steps: 850000   Return: 254.4   Time: 0:13:07
Num steps: 860000   Return: 518.0   Time: 0:13:17
Num steps: 870000   Return: 141.0   Time: 0:13:26
Num steps: 880000   Return: 675.0   Time: 0:13:34
Num steps: 890000   Return: 271.9   Time: 0:13:43
Num steps: 900000   Return: 254.2   Time: 0:13:52
Num steps: 910000   Return: 366.9   Time: 0:14:01
Num steps: 920000   Return: 431.2   Time: 0:14:09
Num steps: 930000   Return: 466.5   Time: 0:14:18
Num steps: 940000   Return: 830.3   Time: 0:14:27
Num steps: 950000   Return: 781.4   Time: 0:14:35
Num steps: 960000   Return: 490.3   Time: 0:14:44
Num steps: 970000   Return: 433.4   Time: 0:14:52
Num steps: 980000   Return: 491.0   Time: 0:15:01
Num steps: 990000   Return: 402.8   Time: 0:15:10
Num steps: 1000000   Return: 309.6   Time: 0:15:18
Num steps: 1010000   Return: 398.2   Time: 0:15:27
Num steps: 1020000   Return: 581.4   Time: 0:15:35
Num steps: 1030000   Return: 438.2   Time: 0:15:44
Num steps: 1040000   Return: 404.9   Time: 0:15:53
Num steps: 1050000   Return: 483.5   Time: 0:16:01
Num steps: 1060000   Return: 470.7   Time: 0:16:10
Num steps: 1070000   Return: -176.8   Time: 0:16:18
Num steps: 1080000   Return: 826.4   Time: 0:16:27
Num steps: 1090000   Return: 766.5   Time: 0:16:36
Num steps: 1100000   Return: 475.6   Time: 0:16:44
Num steps: 1110000   Return: 726.7   Time: 0:16:53
Num steps: 1120000   Return: 850.6   Time: 0:17:02
Num steps: 1130000   Return: 888.4   Time: 0:17:11
Num steps: 1140000   Return: 766.6   Time: 0:17:19
Num steps: 1150000   Return: 698.1   Time: 0:17:28
Num steps: 1160000   Return: 988.1   Time: 0:17:37
Num steps: 1170000   Return: 614.1   Time: 0:17:46
Num steps: 1180000   Return: 936.1   Time: 0:17:54
Num steps: 1190000   Return: 932.2   Time: 0:18:03
Num steps: 1200000   Return: 891.8   Time: 0:18:12
Num steps: 1210000   Return: 922.4   Time: 0:18:21
Num steps: 1220000   Return: 795.7   Time: 0:18:30
Num steps: 1230000   Return: 840.1   Time: 0:18:40
Num steps: 1240000   Return: 908.4   Time: 0:18:49
Num steps: 1250000   Return: 861.9   Time: 0:18:57
Num steps: 1260000   Return: 813.5   Time: 0:19:06
Num steps: 1270000   Return: 745.4   Time: 0:19:15
Num steps: 1280000   Return: 982.2   Time: 0:19:24
Num steps: 1290000   Return: 634.1   Time: 0:19:33
Num steps: 1300000   Return: 519.9   Time: 0:19:42
Num steps: 1310000   Return: 1126.9   Time: 0:19:50
Num steps: 1320000   Return: 963.8   Time: 0:20:00
Num steps: 1330000   Return: 824.0   Time: 0:20:10
Num steps: 1340000   Return: 964.7   Time: 0:20:20
Num steps: 1350000   Return: 1024.3   Time: 0:20:29
Num steps: 1360000   Return: 366.8   Time: 0:20:37
Num steps: 1370000   Return: 781.0   Time: 0:20:46
Num steps: 1380000   Return: 706.3   Time: 0:20:55
Num steps: 1390000   Return: 773.1   Time: 0:21:04
Num steps: 1400000   Return: 352.0   Time: 0:21:13
Num steps: 1410000   Return: 971.8   Time: 0:21:22
Num steps: 1420000   Return: 441.8   Time: 0:21:30
Num steps: 1430000   Return: 425.8   Time: 0:21:40
Num steps: 1440000   Return: 657.0   Time: 0:21:49
Num steps: 1450000   Return: 423.3   Time: 0:21:58
Num steps: 1460000   Return: 478.9   Time: 0:22:06
Num steps: 1470000   Return: 376.8   Time: 0:22:15
Num steps: 1480000   Return: 686.4   Time: 0:22:24
Num steps: 1490000   Return: 264.4   Time: 0:22:32
Num steps: 1500000   Return: 310.9   Time: 0:22:41
Num steps: 1510000   Return: 813.1   Time: 0:22:49
Num steps: 1520000   Return: 788.1   Time: 0:22:58
Num steps: 1530000   Return: 917.5   Time: 0:23:07
Num steps: 1540000   Return: 1011.7   Time: 0:23:17
Num steps: 1550000   Return: 944.7   Time: 0:23:26
Num steps: 1560000   Return: 779.6   Time: 0:23:35
Num steps: 1570000   Return: 931.8   Time: 0:23:43
Num steps: 1580000   Return: 710.4   Time: 0:23:52
Num steps: 1590000   Return: 855.3   Time: 0:24:01
Num steps: 1600000   Return: 646.4   Time: 0:24:10
Num steps: 1610000   Return: 627.9   Time: 0:24:18
Num steps: 1620000   Return: 95.1    Time: 0:24:27
Num steps: 1630000   Return: 118.8   Time: 0:24:36
Num steps: 1640000   Return: 725.5   Time: 0:24:45
Num steps: 1650000   Return: 864.4   Time: 0:24:54
Num steps: 1660000   Return: 914.0   Time: 0:25:03
Num steps: 1670000   Return: 769.6   Time: 0:25:11
Num steps: 1680000   Return: 757.5   Time: 0:25:20
Num steps: 1690000   Return: 946.6   Time: 0:25:29
Num steps: 1700000   Return: 632.7   Time: 0:25:37
Num steps: 1710000   Return: 474.2   Time: 0:25:45
Num steps: 1720000   Return: 531.1   Time: 0:25:54
Num steps: 1730000   Return: 510.8   Time: 0:26:02
Num steps: 1740000   Return: 56.2    Time: 0:26:11
Num steps: 1750000   Return: -296.7   Time: 0:26:20
Num steps: 1760000   Return: -297.3   Time: 0:26:28
Num steps: 1770000   Return: 712.0   Time: 0:26:37
Num steps: 1780000   Return: 445.2   Time: 0:26:45
Num steps: 1790000   Return: -174.1   Time: 0:26:54
Num steps: 1800000   Return: -312.6   Time: 0:27:02
Num steps: 1810000   Return: 958.2   Time: 0:27:11
Num steps: 1820000   Return: 504.5   Time: 0:27:19
Num steps: 1830000   Return: 765.4   Time: 0:27:28
Num steps: 1840000   Return: 459.5   Time: 0:27:37
Num steps: 1850000   Return: 858.9   Time: 0:27:45
Num steps: 1860000   Return: 746.0   Time: 0:27:54
Num steps: 1870000   Return: 717.4   Time: 0:28:03
Num steps: 1880000   Return: 874.0   Time: 0:28:11
Num steps: 1890000   Return: 845.7   Time: 0:28:20
Num steps: 1900000   Return: 664.8   Time: 0:28:29
Num steps: 1910000   Return: 654.5   Time: 0:28:37
Num steps: 1920000   Return: 408.1   Time: 0:28:46
Num steps: 1930000   Return: 467.3   Time: 0:28:55
Num steps: 1940000   Return: 706.3   Time: 0:29:03
Num steps: 1950000   Return: 920.6   Time: 0:29:12
Num steps: 1960000   Return: 637.2   Time: 0:29:21
Num steps: 1970000   Return: 545.3   Time: 0:29:30
Num steps: 1980000   Return: 931.4   Time: 0:29:38
Num steps: 1990000   Return: 589.4   Time: 0:29:47
Num steps: 2000000   Return: -436.4   Time: 0:29:56
Models saved to logs/Ant-v4/airl/20250821-1905/model
