Logging started at 20250516-1733
NVIDIA RTX A6000
Process ID: 3187262
Env: StickInsect-v5, experts/StickInsect_states_v2.pt, experts/StickInsect_actions_v2.pt, Seed: 0
Rollout length: 3000
Num steps: 2000000, Eval interval: 10000
Gamma: 0.995, Mix buffer: 1, Batch size: 64
lr_actor: 0.0001, lr_critic: 0.0001, lr_disc: 0.0001
Units Actor: (64, 64), Units Critic: (64, 64)
Units Disc R: (100, 100), Units Disc V: (100, 100)
Epoch ppo: 50, Epoch disc: 10
Clip Epsc: 0.2, Lambda: 0.97, Coef Ent: 0.01, Max Grad Norm: 10.0
Load data states: (2749, 49), actions: (2749, 18)
Expert data states: (2748, 49), actions: (2748, 18)
Expert buffer size: 2748
Initial state shape: (49,)
[Debug] Reward mean: 11.5246, std: 1.2724
[Debug] Reward mean: 11.7348, std: 1.0693
[Debug] Reward mean: 11.6717, std: 0.9971
Num steps: 10000    Return: 3061.5   Time: 0:00:21
[Debug] Reward mean: 11.6564, std: 0.9453
[Debug] Reward mean: 11.6938, std: 0.8990
[Debug] Reward mean: 11.6026, std: 0.8864
Num steps: 20000    Return: 2976.0   Time: 0:00:42
[Debug] Reward mean: 11.4988, std: 0.8711
[Debug] Reward mean: 11.4526, std: 0.8451
[Debug] Reward mean: 11.1816, std: 0.8507
[Debug] Reward mean: 11.3008, std: 0.7975
Num steps: 30000    Return: 2841.7   Time: 0:01:03
[Debug] Reward mean: 11.1797, std: 0.7947
[Debug] Reward mean: 10.9372, std: 0.7945
[Debug] Reward mean: 10.7001, std: 0.7937
Num steps: 40000    Return: 3293.6   Time: 0:01:24
[Debug] Reward mean: 10.5907, std: 0.7949
[Debug] Reward mean: 10.5181, std: 0.7835
[Debug] Reward mean: 10.1729, std: 0.7869
Num steps: 50000    Return: 3109.3   Time: 0:01:45
[Debug] Reward mean: 9.6313, std: 0.8212
[Debug] Reward mean: 9.6041, std: 0.8472
[Debug] Reward mean: 8.7514, std: 0.8481
[Debug] Reward mean: 9.1014, std: 0.7929
Num steps: 60000    Return: 2862.6   Time: 0:02:06
[Debug] Reward mean: 8.8585, std: 0.8220
[Debug] Reward mean: 7.8435, std: 0.8687
[Debug] Reward mean: 7.7442, std: 0.8477
Num steps: 70000    Return: 3004.8   Time: 0:02:27
[Debug] Reward mean: 7.1448, std: 0.9449
[Debug] Reward mean: 6.2536, std: 1.0405
[Debug] Reward mean: 6.6263, std: 0.8813
Num steps: 80000    Return: 2938.5   Time: 0:02:47
[Debug] Reward mean: 4.7340, std: 1.1489
[Debug] Reward mean: 3.8845, std: 1.0310
[Debug] Reward mean: 4.9075, std: 1.1979
[Debug] Reward mean: 2.9751, std: 1.3408
Num steps: 90000    Return: 2906.4   Time: 0:03:08
[Debug] Reward mean: 2.2866, std: 1.2630
[Debug] Reward mean: 1.6037, std: 1.0592
[Debug] Reward mean: 1.0504, std: 1.0924
Num steps: 100000   Return: 3088.0   Time: 0:03:29
[Debug] Reward mean: 0.8458, std: 0.8537
[Debug] Reward mean: 0.5393, std: 0.7913
[Debug] Reward mean: 0.4585, std: 0.6898
Num steps: 110000   Return: 3215.1   Time: 0:03:50
[Debug] Reward mean: 0.3952, std: 0.5046
[Debug] Reward mean: 1.1743, std: 1.0947
[Debug] Reward mean: 0.2831, std: 0.3407
[Debug] Reward mean: 0.2743, std: 0.3589
Num steps: 120000   Return: 2865.6   Time: 0:04:11
[Debug] Reward mean: 0.0645, std: 0.1771
[Debug] Reward mean: 0.6307, std: 0.7120
[Debug] Reward mean: 0.3175, std: 0.5020
Num steps: 130000   Return: 3115.0   Time: 0:04:32
[Debug] Reward mean: 0.7559, std: 0.8316
[Debug] Reward mean: 0.0707, std: 0.2049
[Debug] Reward mean: 0.0328, std: 0.1462
Num steps: 140000   Return: 2911.1   Time: 0:04:52
[Debug] Reward mean: 0.0280, std: 0.1137
[Debug] Reward mean: 0.0221, std: 0.1049
[Debug] Reward mean: 0.0071, std: 0.0509
[Debug] Reward mean: 0.0044, std: 0.0526
Num steps: 150000   Return: 3295.2   Time: 0:05:14
[Debug] Reward mean: 0.0128, std: 0.0572
[Debug] Reward mean: 0.0011, std: 0.0273
[Debug] Reward mean: 0.0008, std: 0.0122
Num steps: 160000   Return: 3079.4   Time: 0:05:34
[Debug] Reward mean: 0.0002, std: 0.0028
[Debug] Reward mean: 0.0001, std: 0.0013
[Debug] Reward mean: 0.0000, std: 0.0008
Num steps: 170000   Return: 3031.0   Time: 0:05:55
[Debug] Reward mean: 0.0000, std: 0.0003
[Debug] Reward mean: 0.0000, std: 0.0002
[Debug] Reward mean: 0.0000, std: 0.0001
[Debug] Reward mean: 0.0000, std: 0.0000
Num steps: 180000   Return: 2960.4   Time: 0:06:16
[Debug] Reward mean: 0.0000, std: 0.0000
[Debug] Reward mean: 0.0000, std: 0.0000
[Debug] Reward mean: 0.0000, std: 0.0000
Num steps: 190000   Return: 3080.0   Time: 0:06:36
[Debug] Reward mean: 0.0000, std: 0.0000
[Debug] Reward mean: 0.0000, std: 0.0000
[Debug] Reward mean: 0.0000, std: 0.0000
Num steps: 200000   Return: 3013.4   Time: 0:06:57
[Debug] Reward mean: 0.0000, std: 0.0000
[Debug] Reward mean: 0.0000, std: 0.0000
[Debug] Reward mean: 0.0000, std: 0.0000
[Debug] Reward mean: 0.0000, std: 0.0000
Num steps: 210000   Return: 3243.3   Time: 0:07:18
[Debug] Reward mean: 0.0000, std: 0.0000
[Debug] Reward mean: 0.0000, std: 0.0000
[Debug] Reward mean: 0.0000, std: 0.0000
Num steps: 220000   Return: 3008.7   Time: 0:07:39
[Debug] Reward mean: 0.0000, std: 0.0000
[Debug] Reward mean: 0.0000, std: 0.0000
[Debug] Reward mean: 0.0000, std: 0.0000
Num steps: 230000   Return: 3062.5   Time: 0:07:59
[Debug] Reward mean: 0.0000, std: 0.0000
[Debug] Reward mean: 0.0000, std: 0.0000
[Debug] Reward mean: 0.0000, std: 0.0000
[Debug] Reward mean: 0.0000, std: 0.0000
Num steps: 240000   Return: 2648.7   Time: 0:08:19
[Debug] Reward mean: 0.0000, std: 0.0000
[Debug] Reward mean: 0.0000, std: 0.0000
[Debug] Reward mean: 0.0000, std: 0.0000
Num steps: 250000   Return: 2931.2   Time: 0:08:40
[Debug] Reward mean: 0.0000, std: 0.0000
[Debug] Reward mean: 0.0000, std: 0.0000
[Debug] Reward mean: 0.0000, std: 0.0000
Num steps: 260000   Return: 2895.2   Time: 0:09:01
[Debug] Reward mean: 0.0000, std: 0.0000
[Debug] Reward mean: 0.0000, std: 0.0000
[Debug] Reward mean: 0.0000, std: 0.0000
[Debug] Reward mean: 0.0000, std: 0.0000
Num steps: 270000   Return: 3115.6   Time: 0:09:22
[Debug] Reward mean: 0.0000, std: 0.0000
[Debug] Reward mean: 0.0000, std: 0.0000
[Debug] Reward mean: 0.0000, std: 0.0000
Num steps: 280000   Return: 2981.5   Time: 0:09:43
[Debug] Reward mean: 0.0000, std: 0.0000
[Debug] Reward mean: 0.0000, std: 0.0000
[Debug] Reward mean: 0.0000, std: 0.0000
Num steps: 290000   Return: 3021.9   Time: 0:10:03
[Debug] Reward mean: 0.0000, std: 0.0000
[Debug] Reward mean: 0.0000, std: 0.0000
[Debug] Reward mean: 0.0000, std: 0.0000
[Debug] Reward mean: 0.0000, std: 0.0000
Num steps: 300000   Return: 3441.0   Time: 0:10:25
[Debug] Reward mean: 0.0000, std: 0.0000
[Debug] Reward mean: 0.0000, std: 0.0000
[Debug] Reward mean: 0.0000, std: 0.0000
Num steps: 310000   Return: 3005.2   Time: 0:10:45
[Debug] Reward mean: 0.0000, std: 0.0000
[Debug] Reward mean: 0.0000, std: 0.0000
[Debug] Reward mean: 0.0000, std: 0.0000
Num steps: 320000   Return: 2962.8   Time: 0:11:06
[Debug] Reward mean: 0.0000, std: 0.0000
[Debug] Reward mean: 0.0000, std: 0.0000
[Debug] Reward mean: 0.0000, std: 0.0000
[Debug] Reward mean: 0.0000, std: 0.0000
Num steps: 330000   Return: 3019.1   Time: 0:11:27
[Debug] Reward mean: 0.0000, std: 0.0000
[Debug] Reward mean: 0.0000, std: 0.0000
[Debug] Reward mean: 0.0000, std: 0.0000
Num steps: 340000   Return: 3284.0   Time: 0:11:48
[Debug] Reward mean: 0.0000, std: 0.0000
[Debug] Reward mean: 0.0000, std: 0.0000
[Debug] Reward mean: 0.0000, std: 0.0000
Num steps: 350000   Return: 3063.1   Time: 0:12:09
[Debug] Reward mean: 0.0000, std: 0.0000
[Debug] Reward mean: 0.0000, std: 0.0000
[Debug] Reward mean: 0.0000, std: 0.0000
[Debug] Reward mean: 0.0000, std: 0.0000
Num steps: 360000   Return: 3084.8   Time: 0:12:30
[Debug] Reward mean: 0.0000, std: 0.0000
[Debug] Reward mean: 0.0000, std: 0.0000
[Debug] Reward mean: 0.0000, std: 0.0000
Num steps: 370000   Return: 3114.7   Time: 0:12:51
[Debug] Reward mean: 0.0000, std: 0.0000
[Debug] Reward mean: 0.0000, std: 0.0000
[Debug] Reward mean: 0.0000, std: 0.0000
Num steps: 380000   Return: 2884.5   Time: 0:13:11
[Debug] Reward mean: 0.0000, std: 0.0000
[Debug] Reward mean: 0.0000, std: 0.0000
[Debug] Reward mean: 0.0000, std: 0.0000
[Debug] Reward mean: 0.0000, std: 0.0000
Num steps: 390000   Return: 3053.4   Time: 0:13:33
[Debug] Reward mean: 0.0000, std: 0.0000
[Debug] Reward mean: 0.0000, std: 0.0000
[Debug] Reward mean: 0.0000, std: 0.0000
Num steps: 400000   Return: 2878.4   Time: 0:13:53
[Debug] Reward mean: 0.0000, std: 0.0000
[Debug] Reward mean: 0.0000, std: 0.0000
[Debug] Reward mean: 0.0000, std: 0.0000
Num steps: 410000   Return: 2928.5   Time: 0:14:14
[Debug] Reward mean: 0.0000, std: 0.0000
[Debug] Reward mean: 0.0000, std: 0.0000
[Debug] Reward mean: 0.0000, std: 0.0000
[Debug] Reward mean: 0.0000, std: 0.0000
Num steps: 420000   Return: 3152.1   Time: 0:14:36
[Debug] Reward mean: 0.0000, std: 0.0000
[Debug] Reward mean: 0.0000, std: 0.0000
[Debug] Reward mean: 0.0000, std: 0.0000
Num steps: 430000   Return: 2940.5   Time: 0:14:57
[Debug] Reward mean: 0.0000, std: 0.0000
[Debug] Reward mean: 0.0000, std: 0.0000
[Debug] Reward mean: 0.0000, std: 0.0000
Num steps: 440000   Return: 3281.9   Time: 0:15:18
[Debug] Reward mean: 0.0000, std: 0.0000
[Debug] Reward mean: 0.0000, std: 0.0000
[Debug] Reward mean: 0.0000, std: 0.0000
[Debug] Reward mean: 0.0000, std: 0.0000
Num steps: 450000   Return: 3031.3   Time: 0:15:39
[Debug] Reward mean: 0.0000, std: 0.0000
[Debug] Reward mean: 0.0000, std: 0.0000
[Debug] Reward mean: 0.0000, std: 0.0000
Num steps: 460000   Return: 3158.0   Time: 0:16:00
[Debug] Reward mean: 0.0000, std: 0.0000
[Debug] Reward mean: 0.0000, std: 0.0000
[Debug] Reward mean: 0.0000, std: 0.0000
Num steps: 470000   Return: 3190.7   Time: 0:16:21
[Debug] Reward mean: 0.0000, std: 0.0000
[Debug] Reward mean: 0.0000, std: 0.0000
[Debug] Reward mean: 0.0000, std: 0.0000
[Debug] Reward mean: 0.0000, std: 0.0000
Num steps: 480000   Return: 3672.7   Time: 0:16:42
[Debug] Reward mean: 0.0000, std: 0.0000
[Debug] Reward mean: 0.0000, std: 0.0000
[Debug] Reward mean: 0.0000, std: 0.0000
Num steps: 490000   Return: 3133.5   Time: 0:17:03
[Debug] Reward mean: 0.0000, std: 0.0000
[Debug] Reward mean: 0.0000, std: 0.0000
[Debug] Reward mean: 0.0000, std: 0.0000
Num steps: 500000   Return: 3132.3   Time: 0:17:24
[Debug] Reward mean: 0.0000, std: 0.0001
[Debug] Reward mean: 0.0000, std: 0.0000
[Debug] Reward mean: 0.0000, std: 0.0000
[Debug] Reward mean: 0.0000, std: 0.0000
Num steps: 510000   Return: 3060.0   Time: 0:17:46
[Debug] Reward mean: 0.0000, std: 0.0000
[Debug] Reward mean: 0.0000, std: 0.0000
[Debug] Reward mean: 0.0000, std: 0.0000
Num steps: 520000   Return: 2935.8   Time: 0:18:07
[Debug] Reward mean: 0.0000, std: 0.0000
[Debug] Reward mean: 0.0000, std: 0.0000
[Debug] Reward mean: 0.0000, std: 0.0000
Num steps: 530000   Return: 3211.5   Time: 0:18:28
[Debug] Reward mean: 0.0000, std: 0.0000
[Debug] Reward mean: 0.0000, std: 0.0000
[Debug] Reward mean: 0.0000, std: 0.0000
[Debug] Reward mean: 0.0000, std: 0.0000
Num steps: 540000   Return: 3111.4   Time: 0:18:50
[Debug] Reward mean: 0.0000, std: 0.0000
[Debug] Reward mean: 0.0000, std: 0.0000
[Debug] Reward mean: 0.0000, std: 0.0000
Num steps: 550000   Return: 2942.3   Time: 0:19:11
[Debug] Reward mean: 0.0000, std: 0.0000
[Debug] Reward mean: 0.0000, std: 0.0000
[Debug] Reward mean: 0.0000, std: 0.0000
Num steps: 560000   Return: 2879.0   Time: 0:19:32
[Debug] Reward mean: 0.0000, std: 0.0000
[Debug] Reward mean: 0.0000, std: 0.0000
[Debug] Reward mean: 0.0000, std: 0.0000
[Debug] Reward mean: 0.0000, std: 0.0005
Num steps: 570000   Return: 3344.7   Time: 0:19:53
[Debug] Reward mean: 0.0000, std: 0.0003
[Debug] Reward mean: 0.0000, std: 0.0000
[Debug] Reward mean: 0.0000, std: 0.0000
Num steps: 580000   Return: 3131.9   Time: 0:20:14
[Debug] Reward mean: 0.0000, std: 0.0000
[Debug] Reward mean: 0.0000, std: 0.0000
[Debug] Reward mean: 0.0000, std: 0.0000
Num steps: 590000   Return: 2935.1   Time: 0:20:35
[Debug] Reward mean: 0.0000, std: 0.0000
[Debug] Reward mean: 0.0000, std: 0.0000
[Debug] Reward mean: 0.0000, std: 0.0000
[Debug] Reward mean: 0.0000, std: 0.0000
Num steps: 600000   Return: 3298.4   Time: 0:20:57
[Debug] Reward mean: 0.0000, std: 0.0000
[Debug] Reward mean: 0.0000, std: 0.0000
[Debug] Reward mean: 0.0000, std: 0.0000
Num steps: 610000   Return: 3071.0   Time: 0:21:17
[Debug] Reward mean: 0.0000, std: 0.0000
[Debug] Reward mean: 0.0000, std: 0.0001
[Debug] Reward mean: 0.0000, std: 0.0000
Num steps: 620000   Return: 2978.2   Time: 0:21:37
[Debug] Reward mean: 0.0087, std: 0.1927
[Debug] Reward mean: 0.0118, std: 0.2076
[Debug] Reward mean: 0.0000, std: 0.0000
[Debug] Reward mean: 0.0000, std: 0.0000
Num steps: 630000   Return: 3096.2   Time: 0:21:59
[Debug] Reward mean: 0.0000, std: 0.0000
[Debug] Reward mean: 0.0009, std: 0.0442
[Debug] Reward mean: 0.0000, std: 0.0000
Num steps: 640000   Return: 2927.7   Time: 0:22:20
[Debug] Reward mean: 0.0000, std: 0.0000
[Debug] Reward mean: 0.0000, std: 0.0000
[Debug] Reward mean: 0.0000, std: 0.0000
Num steps: 650000   Return: 2913.5   Time: 0:22:41
[Debug] Reward mean: 0.0000, std: 0.0000
[Debug] Reward mean: 0.0000, std: 0.0000
[Debug] Reward mean: 0.0000, std: 0.0000
[Debug] Reward mean: 0.0000, std: 0.0000
Num steps: 660000   Return: 3143.4   Time: 0:23:03
[Debug] Reward mean: 0.0000, std: 0.0000
[Debug] Reward mean: 0.0000, std: 0.0000
[Debug] Reward mean: 0.0000, std: 0.0000
Num steps: 670000   Return: 3624.1   Time: 0:23:24
[Debug] Reward mean: 0.0000, std: 0.0000
[Debug] Reward mean: 0.0000, std: 0.0000
[Debug] Reward mean: 0.0000, std: 0.0000
Num steps: 680000   Return: 3111.9   Time: 0:23:44
[Debug] Reward mean: 0.0000, std: 0.0000
[Debug] Reward mean: 0.0000, std: 0.0000
[Debug] Reward mean: 0.0000, std: 0.0000
[Debug] Reward mean: 0.0000, std: 0.0000
Num steps: 690000   Return: 3344.7   Time: 0:24:06
[Debug] Reward mean: 0.0000, std: 0.0000
[Debug] Reward mean: 0.0000, std: 0.0000
[Debug] Reward mean: 0.0000, std: 0.0000
Num steps: 700000   Return: 3339.8   Time: 0:24:28
[Debug] Reward mean: 0.0000, std: 0.0000
[Debug] Reward mean: 0.0000, std: 0.0000
[Debug] Reward mean: 0.0000, std: 0.0000
Num steps: 710000   Return: 3504.9   Time: 0:24:49
[Debug] Reward mean: 0.0000, std: 0.0000
[Debug] Reward mean: 0.0000, std: 0.0000
[Debug] Reward mean: 0.0000, std: 0.0000
[Debug] Reward mean: 0.0000, std: 0.0000
Num steps: 720000   Return: 2911.1   Time: 0:25:10
[Debug] Reward mean: 0.0000, std: 0.0000
[Debug] Reward mean: 0.0000, std: 0.0000
[Debug] Reward mean: 0.0002, std: 0.0090
Num steps: 730000   Return: 2878.1   Time: 0:25:31
[Debug] Reward mean: 0.0000, std: 0.0000
[Debug] Reward mean: 0.0040, std: 0.1203
[Debug] Reward mean: 0.0103, std: 0.2080
Num steps: 740000   Return: 3094.1   Time: 0:25:52
[Debug] Reward mean: 0.0024, std: 0.1035
[Debug] Reward mean: 0.0000, std: 0.0000
[Debug] Reward mean: 0.0000, std: 0.0000
[Debug] Reward mean: 0.0000, std: 0.0000
Num steps: 750000   Return: 2935.8   Time: 0:26:14
[Debug] Reward mean: 0.0000, std: 0.0000
[Debug] Reward mean: 0.0000, std: 0.0000
[Debug] Reward mean: 0.0000, std: 0.0000
Num steps: 760000   Return: 2912.1   Time: 0:26:35
[Debug] Reward mean: 0.0002, std: 0.0123
[Debug] Reward mean: 0.0000, std: 0.0000
[Debug] Reward mean: 0.0000, std: 0.0000
Num steps: 770000   Return: 3102.9   Time: 0:26:56
[Debug] Reward mean: 0.0000, std: 0.0000
[Debug] Reward mean: 0.0000, std: 0.0000
[Debug] Reward mean: 0.0000, std: 0.0000
[Debug] Reward mean: 0.0000, std: 0.0000
Num steps: 780000   Return: 2851.9   Time: 0:27:17
[Debug] Reward mean: 0.0000, std: 0.0000
[Debug] Reward mean: 0.0000, std: 0.0001
[Debug] Reward mean: 0.0000, std: 0.0000
Num steps: 790000   Return: 3326.9   Time: 0:27:38
[Debug] Reward mean: 0.0000, std: 0.0000
[Debug] Reward mean: 0.0000, std: 0.0000
[Debug] Reward mean: 0.0000, std: 0.0000
Num steps: 800000   Return: 2939.1   Time: 0:27:58
[Debug] Reward mean: 0.0000, std: 0.0000
[Debug] Reward mean: 0.0000, std: 0.0000
[Debug] Reward mean: 0.0000, std: 0.0000
[Debug] Reward mean: 0.0000, std: 0.0000
Num steps: 810000   Return: 2902.7   Time: 0:28:20
[Debug] Reward mean: 0.0136, std: 0.2669
[Debug] Reward mean: 0.0000, std: 0.0000
[Debug] Reward mean: 0.0000, std: 0.0000
Num steps: 820000   Return: 2814.3   Time: 0:28:40
[Debug] Reward mean: 0.0000, std: 0.0000
[Debug] Reward mean: 0.0108, std: 0.3723
[Debug] Reward mean: 0.0000, std: 0.0000
Num steps: 830000   Return: 3350.6   Time: 0:29:01
[Debug] Reward mean: 0.0000, std: 0.0000
[Debug] Reward mean: 0.0000, std: 0.0000
[Debug] Reward mean: 0.0000, std: 0.0000
[Debug] Reward mean: 0.0000, std: 0.0000
Num steps: 840000   Return: 3287.8   Time: 0:29:23
[Debug] Reward mean: 0.0000, std: 0.0000
[Debug] Reward mean: 0.0000, std: 0.0000
[Debug] Reward mean: 0.0000, std: 0.0000
Num steps: 850000   Return: 2924.7   Time: 0:29:43
[Debug] Reward mean: 0.0000, std: 0.0000
[Debug] Reward mean: 0.0000, std: 0.0000
[Debug] Reward mean: 0.0000, std: 0.0000
Num steps: 860000   Return: 3005.7   Time: 0:30:04
[Debug] Reward mean: 0.0000, std: 0.0000
[Debug] Reward mean: 0.0000, std: 0.0000
[Debug] Reward mean: 0.0000, std: 0.0000
[Debug] Reward mean: 0.0030, std: 0.1620
Num steps: 870000   Return: 3268.6   Time: 0:30:26
[Debug] Reward mean: 0.0000, std: 0.0000
[Debug] Reward mean: 0.0000, std: 0.0000
[Debug] Reward mean: 0.0000, std: 0.0000
Num steps: 880000   Return: 3099.2   Time: 0:30:47
[Debug] Reward mean: 0.0001, std: 0.0047
[Debug] Reward mean: 0.0001, std: 0.0028
[Debug] Reward mean: 0.0154, std: 0.2988
Num steps: 890000   Return: 3492.1   Time: 0:31:08
[Debug] Reward mean: 0.0000, std: 0.0000
[Debug] Reward mean: 0.0000, std: 0.0000
[Debug] Reward mean: 0.0000, std: 0.0000
[Debug] Reward mean: 0.0027, std: 0.1273
Num steps: 900000   Return: 3296.7   Time: 0:31:30
[Debug] Reward mean: 0.0053, std: 0.1919
[Debug] Reward mean: 0.0000, std: 0.0000
[Debug] Reward mean: 0.0000, std: 0.0000
Num steps: 910000   Return: 2978.9   Time: 0:31:51
[Debug] Reward mean: 0.0000, std: 0.0000
[Debug] Reward mean: 0.0000, std: 0.0000
[Debug] Reward mean: 0.0000, std: 0.0000
Num steps: 920000   Return: 3114.0   Time: 0:32:12
[Debug] Reward mean: 0.0000, std: 0.0000
[Debug] Reward mean: 0.0034, std: 0.1887
[Debug] Reward mean: 0.0000, std: 0.0000
[Debug] Reward mean: 0.0000, std: 0.0000
Num steps: 930000   Return: 3061.5   Time: 0:32:34
[Debug] Reward mean: 0.0000, std: 0.0000
[Debug] Reward mean: 0.0000, std: 0.0000
[Debug] Reward mean: 0.0000, std: 0.0000
Num steps: 940000   Return: 2912.8   Time: 0:32:55
[Debug] Reward mean: 0.0000, std: 0.0000
[Debug] Reward mean: 0.0024, std: 0.1290
[Debug] Reward mean: 0.0000, std: 0.0000
Num steps: 950000   Return: 3253.6   Time: 0:33:16
[Debug] Reward mean: 0.0047, std: 0.2580
[Debug] Reward mean: 0.0423, std: 0.5534
[Debug] Reward mean: 0.0375, std: 0.7458
[Debug] Reward mean: 0.0000, std: 0.0000
Num steps: 960000   Return: 3144.1   Time: 0:33:38
[Debug] Reward mean: 0.0000, std: 0.0000
[Debug] Reward mean: 0.0000, std: 0.0000
[Debug] Reward mean: 0.0000, std: 0.0000
Num steps: 970000   Return: 3356.8   Time: 0:33:59
[Debug] Reward mean: 0.0000, std: 0.0000
[Debug] Reward mean: 0.0000, std: 0.0000
[Debug] Reward mean: 0.0001, std: 0.0043
Num steps: 980000   Return: 2968.5   Time: 0:34:20
[Debug] Reward mean: 0.0375, std: 1.0520
[Debug] Reward mean: 0.0716, std: 1.0875
[Debug] Reward mean: 0.1198, std: 1.2067
[Debug] Reward mean: 0.0000, std: 0.0000
Num steps: 990000   Return: 2689.1   Time: 0:34:41
[Debug] Reward mean: 0.0000, std: 0.0000
[Debug] Reward mean: 0.0000, std: 0.0000
[Debug] Reward mean: 0.0000, std: 0.0000
Num steps: 1000000   Return: 3095.1   Time: 0:35:02
[Debug] Reward mean: 0.0182, std: 0.4250
[Debug] Reward mean: 0.0588, std: 1.1686
[Debug] Reward mean: 0.0000, std: 0.0000
Num steps: 1010000   Return: 3169.5   Time: 0:35:23
[Debug] Reward mean: 0.0000, std: 0.0000
[Debug] Reward mean: 0.0000, std: 0.0000
[Debug] Reward mean: 0.0227, std: 0.6070
[Debug] Reward mean: 0.0000, std: 0.0000
Num steps: 1020000   Return: 3500.5   Time: 0:35:45
[Debug] Reward mean: 0.0000, std: 0.0000
[Debug] Reward mean: 0.0000, std: 0.0000
[Debug] Reward mean: 0.0000, std: 0.0000
Num steps: 1030000   Return: 2966.4   Time: 0:36:07
[Debug] Reward mean: 0.0000, std: 0.0000
[Debug] Reward mean: 0.0000, std: 0.0000
[Debug] Reward mean: 0.0000, std: 0.0000
Num steps: 1040000   Return: 3168.7   Time: 0:36:28
[Debug] Reward mean: 0.0000, std: 0.0000
[Debug] Reward mean: 0.0000, std: 0.0000
[Debug] Reward mean: 0.0000, std: 0.0000
[Debug] Reward mean: 0.0000, std: 0.0000
Num steps: 1050000   Return: 3246.6   Time: 0:36:50
[Debug] Reward mean: 0.0000, std: 0.0000
[Debug] Reward mean: 0.0000, std: 0.0000
[Debug] Reward mean: 0.0480, std: 1.3488
Num steps: 1060000   Return: 2988.5   Time: 0:37:11
[Debug] Reward mean: 0.0000, std: 0.0000
[Debug] Reward mean: 0.0000, std: 0.0000
[Debug] Reward mean: 0.0000, std: 0.0000
Num steps: 1070000   Return: 3113.3   Time: 0:37:33
[Debug] Reward mean: 0.0000, std: 0.0000
[Debug] Reward mean: 0.0000, std: 0.0000
[Debug] Reward mean: 0.0000, std: 0.0000
[Debug] Reward mean: 0.0000, std: 0.0000
Num steps: 1080000   Return: 3054.2   Time: 0:37:54
[Debug] Reward mean: 0.0000, std: 0.0000
[Debug] Reward mean: 0.0000, std: 0.0000
[Debug] Reward mean: 0.0344, std: 1.1587
Num steps: 1090000   Return: 2937.4   Time: 0:38:16
[Debug] Reward mean: 0.0002, std: 0.0101
[Debug] Reward mean: 0.0068, std: 0.3707
[Debug] Reward mean: 0.0000, std: 0.0000
Num steps: 1100000   Return: 3067.4   Time: 0:38:37
[Debug] Reward mean: 0.0429, std: 1.8420
[Debug] Reward mean: 0.0155, std: 0.7409
[Debug] Reward mean: 0.0000, std: 0.0000
[Debug] Reward mean: 0.0265, std: 1.4412
Num steps: 1110000   Return: 3321.2   Time: 0:38:59
[Debug] Reward mean: 0.0000, std: 0.0000
[Debug] Reward mean: 0.0000, std: 0.0000
[Debug] Reward mean: 0.0478, std: 1.8513
Num steps: 1120000   Return: 3445.7   Time: 0:39:20
[Debug] Reward mean: 0.0000, std: 0.0000
[Debug] Reward mean: 0.0323, std: 1.2537
[Debug] Reward mean: 0.0000, std: 0.0000
Num steps: 1130000   Return: 3019.3   Time: 0:39:42
[Debug] Reward mean: 0.0000, std: 0.0000
[Debug] Reward mean: 0.0000, std: 0.0000
[Debug] Reward mean: 0.0000, std: 0.0000
[Debug] Reward mean: 0.0000, std: 0.0000
Num steps: 1140000   Return: 3045.1   Time: 0:40:04
[Debug] Reward mean: 0.0000, std: 0.0000
[Debug] Reward mean: 0.0000, std: 0.0000
[Debug] Reward mean: 0.0084, std: 0.3655
Num steps: 1150000   Return: 3267.2   Time: 0:40:25
[Debug] Reward mean: 0.0000, std: 0.0000
[Debug] Reward mean: 0.0000, std: 0.0000
[Debug] Reward mean: 0.0000, std: 0.0000
Num steps: 1160000   Return: 3199.3   Time: 0:40:46
[Debug] Reward mean: 0.0000, std: 0.0000
[Debug] Reward mean: 0.0000, std: 0.0000
[Debug] Reward mean: 0.0000, std: 0.0000
[Debug] Reward mean: 0.0642, std: 2.2224
Num steps: 1170000   Return: 3015.6   Time: 0:41:08
[Debug] Reward mean: 0.0000, std: 0.0000
[Debug] Reward mean: 0.1273, std: 2.7440
[Debug] Reward mean: 0.0000, std: 0.0000
Num steps: 1180000   Return: 3128.5   Time: 0:41:29
[Debug] Reward mean: 0.1643, std: 3.6461
[Debug] Reward mean: 0.0000, std: 0.0000
[Debug] Reward mean: 0.0000, std: 0.0000
Num steps: 1190000   Return: 3008.0   Time: 0:41:50
[Debug] Reward mean: 0.0000, std: 0.0000
[Debug] Reward mean: 0.3712, std: 4.0408
[Debug] Reward mean: 0.0044, std: 0.2417
[Debug] Reward mean: 0.0000, std: 0.0000
Num steps: 1200000   Return: 3072.4   Time: 0:42:12
[Debug] Reward mean: 0.0000, std: 0.0000
[Debug] Reward mean: 0.0469, std: 1.2500
[Debug] Reward mean: 0.0002, std: 0.0114
Num steps: 1210000   Return: 2691.3   Time: 0:42:33
[Debug] Reward mean: 0.0000, std: 0.0000
[Debug] Reward mean: 0.0000, std: 0.0000
[Debug] Reward mean: 0.0000, std: 0.0000
Num steps: 1220000   Return: 3000.2   Time: 0:42:59
[Debug] Reward mean: 0.0022, std: 0.1221
[Debug] Reward mean: 0.0000, std: 0.0000
[Debug] Reward mean: 0.1994, std: 4.6407
[Debug] Reward mean: 0.0000, std: 0.0000
Num steps: 1230000   Return: 3003.5   Time: 0:43:21
[Debug] Reward mean: 0.0000, std: 0.0000
[Debug] Reward mean: 0.0000, std: 0.0000
[Debug] Reward mean: 0.5044, std: 5.5798
Num steps: 1240000   Return: 3164.9   Time: 0:43:43
[Debug] Reward mean: 0.0000, std: 0.0000
[Debug] Reward mean: 0.0000, std: 0.0000
[Debug] Reward mean: 0.0000, std: 0.0000
Num steps: 1250000   Return: 3218.4   Time: 0:44:05
[Debug] Reward mean: 0.0000, std: 0.0000
[Debug] Reward mean: 0.0000, std: 0.0000
[Debug] Reward mean: 0.0000, std: 0.0000
[Debug] Reward mean: 0.0000, std: 0.0000
Num steps: 1260000   Return: 2944.7   Time: 0:44:27
[Debug] Reward mean: 0.0000, std: 0.0000
[Debug] Reward mean: 0.0181, std: 0.9903
[Debug] Reward mean: 0.0000, std: 0.0000
Num steps: 1270000   Return: 2873.5   Time: 0:44:49
[Debug] Reward mean: 0.0000, std: 0.0000
[Debug] Reward mean: 0.0435, std: 2.0066
[Debug] Reward mean: 0.0000, std: 0.0000
Num steps: 1280000   Return: 2950.4   Time: 0:45:11
[Debug] Reward mean: 0.0119, std: 0.6497
[Debug] Reward mean: 0.0000, std: 0.0000
[Debug] Reward mean: 0.0412, std: 2.1010
[Debug] Reward mean: 0.0000, std: 0.0000
Num steps: 1290000   Return: 3032.3   Time: 0:45:33
[Debug] Reward mean: 0.0000, std: 0.0000
[Debug] Reward mean: 0.0000, std: 0.0000
[Debug] Reward mean: 0.0000, std: 0.0000
Num steps: 1300000   Return: 3417.7   Time: 0:45:55
[Debug] Reward mean: 0.0000, std: 0.0000
[Debug] Reward mean: 0.0000, std: 0.0000
[Debug] Reward mean: 0.0081, std: 0.4418
Num steps: 1310000   Return: 3055.2   Time: 0:46:18
[Debug] Reward mean: 0.0000, std: 0.0000
[Debug] Reward mean: 0.0312, std: 1.2743
[Debug] Reward mean: 0.7835, std: 8.7059
[Debug] Reward mean: 0.0000, std: 0.0000
Num steps: 1320000   Return: 3212.9   Time: 0:46:40
[Debug] Reward mean: 0.0000, std: 0.0000
[Debug] Reward mean: 0.0000, std: 0.0000
[Debug] Reward mean: 0.0000, std: 0.0000
Num steps: 1330000   Return: 3009.5   Time: 0:47:02
[Debug] Reward mean: 0.0722, std: 2.8164
[Debug] Reward mean: 0.0000, std: 0.0000
[Debug] Reward mean: 0.0000, std: 0.0000
Num steps: 1340000   Return: 3019.9   Time: 0:47:19
[Debug] Reward mean: 0.4105, std: 6.4760
[Debug] Reward mean: 0.0000, std: 0.0000
[Debug] Reward mean: 0.1262, std: 4.5820
[Debug] Reward mean: 0.0000, std: 0.0000
Num steps: 1350000   Return: 2990.4   Time: 0:47:35
[Debug] Reward mean: 0.0116, std: 0.6333
[Debug] Reward mean: 0.0000, std: 0.0000
[Debug] Reward mean: 0.0559, std: 2.2319
Num steps: 1360000   Return: 3221.9   Time: 0:47:50
[Debug] Reward mean: 0.9558, std: 9.9838
[Debug] Reward mean: 0.0000, std: 0.0000
[Debug] Reward mean: 0.0000, std: 0.0000
Num steps: 1370000   Return: 3270.5   Time: 0:48:06
[Debug] Reward mean: 0.0429, std: 2.3492
[Debug] Reward mean: 0.4939, std: 7.5831
[Debug] Reward mean: 0.0000, std: 0.0000
[Debug] Reward mean: 0.2387, std: 5.7522
Num steps: 1380000   Return: 3143.3   Time: 0:48:22
[Debug] Reward mean: 0.0000, std: 0.0000
[Debug] Reward mean: 0.0000, std: 0.0000
[Debug] Reward mean: 0.0236, std: 1.2923
Num steps: 1390000   Return: 2113.9   Time: 0:48:36
[Debug] Reward mean: 0.1407, std: 3.0943
[Debug] Reward mean: 0.0000, std: 0.0000
[Debug] Reward mean: 0.0000, std: 0.0000
Num steps: 1400000   Return: 2956.9   Time: 0:48:51
[Debug] Reward mean: 0.0000, std: 0.0000
[Debug] Reward mean: 0.0521, std: 2.8558
[Debug] Reward mean: 0.4566, std: 7.1824
[Debug] Reward mean: 0.0696, std: 3.5553
Num steps: 1410000   Return: 3393.4   Time: 0:49:07
[Debug] Reward mean: 0.0000, std: 0.0000
[Debug] Reward mean: 0.0727, std: 2.8250
[Debug] Reward mean: 0.0510, std: 2.7931
Num steps: 1420000   Return: 2958.3   Time: 0:49:23
[Debug] Reward mean: 0.0000, std: 0.0000
[Debug] Reward mean: 0.0000, std: 0.0000
[Debug] Reward mean: 0.0000, std: 0.0000
Num steps: 1430000   Return: 3254.8   Time: 0:49:38
[Debug] Reward mean: 0.0000, std: 0.0000
[Debug] Reward mean: 0.0000, std: 0.0000
[Debug] Reward mean: 0.0000, std: 0.0000
[Debug] Reward mean: 0.0000, std: 0.0000
Num steps: 1440000   Return: 3022.1   Time: 0:49:54
[Debug] Reward mean: 0.0000, std: 0.0000
[Debug] Reward mean: 0.1186, std: 5.1902
[Debug] Reward mean: 0.0000, std: 0.0000
Num steps: 1450000   Return: 3013.1   Time: 0:50:09
[Debug] Reward mean: 0.0097, std: 0.5338
[Debug] Reward mean: 0.9632, std: 10.6515
[Debug] Reward mean: 0.8456, std: 10.4471
Num steps: 1460000   Return: 2862.2   Time: 0:50:25
[Debug] Reward mean: 0.4683, std: 8.2413
[Debug] Reward mean: 0.1741, std: 5.4209
[Debug] Reward mean: 0.0000, std: 0.0000
[Debug] Reward mean: 0.3154, std: 7.2797
Num steps: 1470000   Return: 3220.8   Time: 0:50:41
[Debug] Reward mean: 0.0000, std: 0.0000
[Debug] Reward mean: 0.0000, std: 0.0000
[Debug] Reward mean: 0.0000, std: 0.0000
Num steps: 1480000   Return: 3091.6   Time: 0:50:56
[Debug] Reward mean: 0.0000, std: 0.0000
[Debug] Reward mean: 0.0000, std: 0.0000
[Debug] Reward mean: 0.0680, std: 3.2308
Num steps: 1490000   Return: 3327.7   Time: 0:51:11
[Debug] Reward mean: 3.4123, std: 22.6692
[Debug] Reward mean: 0.0000, std: 0.0000
[Debug] Reward mean: 0.0000, std: 0.0000
[Debug] Reward mean: 0.0000, std: 0.0000
Num steps: 1500000   Return: 3051.9   Time: 0:51:27
[Debug] Reward mean: 0.3611, std: 8.5534
[Debug] Reward mean: 0.6038, std: 9.6075
[Debug] Reward mean: 0.1480, std: 5.0904
Num steps: 1510000   Return: 3020.5   Time: 0:51:42
[Debug] Reward mean: 0.0000, std: 0.0000
[Debug] Reward mean: 0.0000, std: 0.0000
[Debug] Reward mean: 0.0000, std: 0.0000
Num steps: 1520000   Return: 2961.4   Time: 0:51:58
[Debug] Reward mean: 0.2321, std: 8.6083
[Debug] Reward mean: 0.0000, std: 0.0000
[Debug] Reward mean: 1.4491, std: 15.4306
[Debug] Reward mean: 0.0000, std: 0.0000
Num steps: 1530000   Return: 3067.8   Time: 0:52:13
[Debug] Reward mean: 1.4203, std: 16.3668
[Debug] Reward mean: 1.1561, std: 13.8089
[Debug] Reward mean: 0.4569, std: 8.1388
Num steps: 1540000   Return: 3064.2   Time: 0:52:29
[Debug] Reward mean: 0.0000, std: 0.0000
[Debug] Reward mean: 0.1366, std: 3.3827
[Debug] Reward mean: 0.0000, std: 0.0000
Num steps: 1550000   Return: 3183.3   Time: 0:52:44
[Debug] Reward mean: 0.2160, std: 5.6020
[Debug] Reward mean: 0.0822, std: 3.2041
[Debug] Reward mean: 1.0847, std: 12.1612
[Debug] Reward mean: 0.0000, std: 0.0000
Num steps: 1560000   Return: 2982.6   Time: 0:53:00
[Debug] Reward mean: 0.0000, std: 0.0000
[Debug] Reward mean: 0.0000, std: 0.0000
[Debug] Reward mean: 0.1396, std: 7.6435
Num steps: 1570000   Return: 3255.3   Time: 0:53:15
[Debug] Reward mean: 0.0487, std: 1.8962
[Debug] Reward mean: 1.7497, std: 15.0101
[Debug] Reward mean: 0.0000, std: 0.0000
Num steps: 1580000   Return: 3073.0   Time: 0:53:31
[Debug] Reward mean: 0.1221, std: 4.7725
[Debug] Reward mean: 0.0000, std: 0.0000
[Debug] Reward mean: 0.0000, std: 0.0000
[Debug] Reward mean: 0.0000, std: 0.0000
Num steps: 1590000   Return: 2877.7   Time: 0:53:46
[Debug] Reward mean: 0.0000, std: 0.0000
[Debug] Reward mean: 4.2476, std: 23.5894
[Debug] Reward mean: 3.8854, std: 23.1844
Num steps: 1600000   Return: 3159.0   Time: 0:54:02
[Debug] Reward mean: 0.0000, std: 0.0000
[Debug] Reward mean: 1.9117, std: 19.0914
[Debug] Reward mean: 0.1458, std: 5.1773
Num steps: 1610000   Return: 3027.5   Time: 0:54:17
[Debug] Reward mean: 0.0000, std: 0.0000
[Debug] Reward mean: 0.0359, std: 1.9658
[Debug] Reward mean: 0.0000, std: 0.0000
[Debug] Reward mean: 0.0000, std: 0.0000
Num steps: 1620000   Return: 3393.8   Time: 0:54:33
[Debug] Reward mean: 0.0000, std: 0.0000
[Debug] Reward mean: 0.1698, std: 5.6370
[Debug] Reward mean: 0.0252, std: 1.3777
Num steps: 1630000   Return: 3560.6   Time: 0:54:48
[Debug] Reward mean: 0.0000, std: 0.0000
[Debug] Reward mean: 0.2098, std: 6.4297
[Debug] Reward mean: 0.0000, std: 0.0000
Num steps: 1640000   Return: 2992.5   Time: 0:55:04
[Debug] Reward mean: 0.2479, std: 8.0240
[Debug] Reward mean: 0.0658, std: 2.6765
[Debug] Reward mean: 0.0345, std: 1.8902
[Debug] Reward mean: 2.6949, std: 19.0876
Num steps: 1650000   Return: 2982.9   Time: 0:55:19
[Debug] Reward mean: 0.2525, std: 6.7128
[Debug] Reward mean: 0.0000, std: 0.0000
[Debug] Reward mean: 0.0001, std: 0.0043
Num steps: 1660000   Return: 3133.9   Time: 0:55:35
[Debug] Reward mean: 0.3527, std: 7.9769
[Debug] Reward mean: 0.1067, std: 4.2287
[Debug] Reward mean: 0.0000, std: 0.0000
Num steps: 1670000   Return: 2507.9   Time: 0:55:49
[Debug] Reward mean: 0.0000, std: 0.0000
[Debug] Reward mean: 0.0000, std: 0.0000
[Debug] Reward mean: 0.0000, std: 0.0000
[Debug] Reward mean: 0.0000, std: 0.0000
Num steps: 1680000   Return: 3226.4   Time: 0:56:04
[Debug] Reward mean: 0.1668, std: 5.7428
[Debug] Reward mean: 0.2010, std: 4.6980
[Debug] Reward mean: 0.0000, std: 0.0000
Num steps: 1690000   Return: 2558.6   Time: 0:56:19
[Debug] Reward mean: 0.1590, std: 6.4923
[Debug] Reward mean: 0.4995, std: 11.3973
[Debug] Reward mean: 0.0000, std: 0.0000
Num steps: 1700000   Return: 3147.9   Time: 0:56:34
[Debug] Reward mean: 0.8079, std: 14.4658
[Debug] Reward mean: 0.2561, std: 6.7069
[Debug] Reward mean: 0.0000, std: 0.0000
[Debug] Reward mean: 0.0000, std: 0.0000
Num steps: 1710000   Return: 3083.9   Time: 0:56:50
[Debug] Reward mean: 0.0314, std: 1.3097
[Debug] Reward mean: 0.0623, std: 3.4134
[Debug] Reward mean: 0.0000, std: 0.0000
Num steps: 1720000   Return: 2872.3   Time: 0:57:05
[Debug] Reward mean: 0.0000, std: 0.0000
[Debug] Reward mean: 1.2887, std: 19.6221
[Debug] Reward mean: 0.6253, std: 9.1666
Num steps: 1730000   Return: 3132.8   Time: 0:57:21
[Debug] Reward mean: 0.0703, std: 2.7277
[Debug] Reward mean: 0.0185, std: 1.0134
[Debug] Reward mean: 0.0000, std: 0.0000
[Debug] Reward mean: 0.0605, std: 3.2389
Num steps: 1740000   Return: 3010.7   Time: 0:57:36
[Debug] Reward mean: 0.1152, std: 4.7874
[Debug] Reward mean: 0.0000, std: 0.0000
[Debug] Reward mean: 0.1475, std: 5.7136
Num steps: 1750000   Return: 3437.4   Time: 0:57:52
[Debug] Reward mean: 0.1291, std: 5.5524
[Debug] Reward mean: 0.0000, std: 0.0000
[Debug] Reward mean: 0.0000, std: 0.0000
Num steps: 1760000   Return: 3304.8   Time: 0:58:07
[Debug] Reward mean: 0.2867, std: 7.8066
[Debug] Reward mean: 0.2092, std: 7.2520
[Debug] Reward mean: 0.4728, std: 10.0923
[Debug] Reward mean: 0.0000, std: 0.0000
Num steps: 1770000   Return: 2971.7   Time: 0:58:23
[Debug] Reward mean: 0.0000, std: 0.0000
[Debug] Reward mean: 0.1452, std: 6.5057
[Debug] Reward mean: 0.0000, std: 0.0000
Num steps: 1780000   Return: 2918.3   Time: 0:58:39
[Debug] Reward mean: 0.2261, std: 7.1357
[Debug] Reward mean: 0.1090, std: 2.9738
[Debug] Reward mean: 0.0057, std: 0.2217
Num steps: 1790000   Return: 3046.3   Time: 0:58:54
[Debug] Reward mean: 0.0180, std: 0.9869
[Debug] Reward mean: 0.2399, std: 6.9225
[Debug] Reward mean: 5.1813, std: 31.5162
[Debug] Reward mean: 1.2418, std: 17.5421
Num steps: 1800000   Return: 2989.6   Time: 0:59:10
[Debug] Reward mean: 0.0636, std: 3.4854
[Debug] Reward mean: 0.0000, std: 0.0000
[Debug] Reward mean: 0.1138, std: 6.2305
Num steps: 1810000   Return: 2375.6   Time: 0:59:24
[Debug] Reward mean: 0.5248, std: 12.7340
[Debug] Reward mean: 0.0624, std: 3.4202
[Debug] Reward mean: 0.7482, std: 17.2995
Num steps: 1820000   Return: 2969.5   Time: 0:59:39
[Debug] Reward mean: 0.7195, std: 13.1387
[Debug] Reward mean: 1.1986, std: 14.3476
[Debug] Reward mean: 0.3000, std: 7.8124
[Debug] Reward mean: 0.0000, std: 0.0000
Num steps: 1830000   Return: 2933.8   Time: 0:59:55
[Debug] Reward mean: 0.0000, std: 0.0000
[Debug] Reward mean: 0.0526, std: 2.8827
[Debug] Reward mean: 0.0154, std: 0.8447
Num steps: 1840000   Return: 3145.7   Time: 1:00:10
[Debug] Reward mean: 0.0000, std: 0.0000
[Debug] Reward mean: 0.0000, std: 0.0000
[Debug] Reward mean: 0.0000, std: 0.0000
Num steps: 1850000   Return: 3037.0   Time: 1:00:26
[Debug] Reward mean: 0.1404, std: 7.6911
[Debug] Reward mean: 0.0000, std: 0.0000
[Debug] Reward mean: 3.3646, std: 28.2023
[Debug] Reward mean: 1.5864, std: 17.7709
Num steps: 1860000   Return: 2990.0   Time: 1:00:42
[Debug] Reward mean: 0.0000, std: 0.0000
[Debug] Reward mean: 0.0000, std: 0.0000
[Debug] Reward mean: 0.1484, std: 5.8830
Num steps: 1870000   Return: 3144.2   Time: 1:00:57
[Debug] Reward mean: 0.0000, std: 0.0000
[Debug] Reward mean: 0.5225, std: 12.0973
[Debug] Reward mean: 0.1926, std: 7.8881
Num steps: 1880000   Return: 3444.3   Time: 1:01:12
[Debug] Reward mean: 0.1173, std: 5.5842
[Debug] Reward mean: 0.0000, std: 0.0000
[Debug] Reward mean: 0.1555, std: 8.5156
[Debug] Reward mean: 0.7960, std: 15.9865
Num steps: 1890000   Return: 2676.5   Time: 1:01:27
[Debug] Reward mean: 0.0000, std: 0.0000
[Debug] Reward mean: 0.7464, std: 17.5681
[Debug] Reward mean: 0.0000, std: 0.0000
Num steps: 1900000   Return: 3063.9   Time: 1:01:42
[Debug] Reward mean: 0.0245, std: 1.3405
[Debug] Reward mean: 1.1672, std: 19.4692
[Debug] Reward mean: 3.6436, std: 32.9343
Num steps: 1910000   Return: 3168.4   Time: 1:01:58
[Debug] Reward mean: 0.2181, std: 9.9589
[Debug] Reward mean: 1.9346, std: 24.0928
[Debug] Reward mean: 2.0069, std: 21.5007
[Debug] Reward mean: 0.0966, std: 4.0873
Num steps: 1920000   Return: 3173.7   Time: 1:02:13
[Debug] Reward mean: 0.0000, std: 0.0000
[Debug] Reward mean: 0.3744, std: 10.5960
[Debug] Reward mean: 0.0657, std: 3.5970
Num steps: 1930000   Return: 2924.9   Time: 1:02:29
[Debug] Reward mean: 0.0000, std: 0.0000
[Debug] Reward mean: 0.0000, std: 0.0000
[Debug] Reward mean: 2.7733, std: 30.4265
Num steps: 1940000   Return: 3057.6   Time: 1:02:44
[Debug] Reward mean: 8.1593, std: 50.6627
[Debug] Reward mean: 2.2868, std: 22.2039
[Debug] Reward mean: 0.0000, std: 0.0000
[Debug] Reward mean: 0.0000, std: 0.0000
Num steps: 1950000   Return: 2583.3   Time: 1:02:59
[Debug] Reward mean: 0.0517, std: 2.8340
[Debug] Reward mean: 0.0000, std: 0.0000
[Debug] Reward mean: 0.0000, std: 0.0000
Num steps: 1960000   Return: 3182.9   Time: 1:03:14
[Debug] Reward mean: 0.0121, std: 0.6648
[Debug] Reward mean: 0.2499, std: 12.5187
[Debug] Reward mean: 0.0000, std: 0.0000
Num steps: 1970000   Return: 3001.6   Time: 1:03:30
[Debug] Reward mean: 0.0000, std: 0.0000
[Debug] Reward mean: 0.0000, std: 0.0000
[Debug] Reward mean: 2.4183, std: 26.1789
[Debug] Reward mean: 1.1740, std: 19.6829
Num steps: 1980000   Return: 3198.4   Time: 1:03:46
[Debug] Reward mean: 0.1011, std: 5.5354
[Debug] Reward mean: 0.7398, std: 16.0845
[Debug] Reward mean: 0.1727, std: 7.8241
Num steps: 1990000   Return: 3171.7   Time: 1:04:01
[Debug] Reward mean: 5.7521, std: 38.3680
[Debug] Reward mean: 1.7468, std: 21.9009
[Debug] Reward mean: 0.0000, std: 0.0000
Num steps: 2000000   Return: 3132.9   Time: 1:04:16
Models saved to logs/StickInsect-v5/airl/20250516-1733/model
