Logging started at 20250728-1647
Ontime :
True
Action space mid: [-0.0205206   0.1673988  -1.3896672   0.73325681  0.58896359 -1.6511396
  0.18083922 -0.15080036  1.30874578 -0.74782036 -0.56708082  1.47821588], scale: [0.73484704 0.4457115  0.8509844  0.45946249 0.41638221 0.9457742
 0.73073588 0.35183635 0.95987222 0.47668324 0.43512017 0.99632052]
INFO: VrepInterfaze is initialized successfully.
Ontime :
True
Action space mid: [-0.0205206   0.1673988  -1.3896672   0.73325681  0.58896359 -1.6511396
  0.18083922 -0.15080036  1.30874578 -0.74782036 -0.56708082  1.47821588], scale: [0.73484704 0.4457115  0.8509844  0.45946249 0.41638221 0.9457742
 0.73073588 0.35183635 0.95987222 0.47668324 0.43512017 0.99632052]
INFO: VrepInterfaze is initialized successfully.
NVIDIA GeForce RTX 4060 Laptop GPU
Process ID: 139724
Env: Medauroidea_cutlegs, expert_cutlegs.csv, Seed: 0
Rollout length: 1000
Num steps: 2000000, Eval interval: 10000
Gamma: 0.995, Mix buffer: 1, Batch size: 64
lr_actor: 0.0001, lr_critic: 0.0001, lr_disc: 0.0001
Units Actor: (64, 64), Units Critic: (64, 64)
Units Disc R: (100, 100), Units Disc V: (100, 100)
Epoch ppo: 50, Epoch disc: 10
Clip Epsc: 0.2, Lambda: 0.97, Coef Ent: 0.01, Max Grad Norm: 10.0
Expert buffer size: 1243
Initial state shape: (24,)
Num steps: 10000    Return: -15911.9   Time: 0:09:37
Models saved to logs/Medauroidea_cutlegs/airl/20250728-1647/model/step10000
Num steps: 20000    Return: -15993.2   Time: 0:19:25
Models saved to logs/Medauroidea_cutlegs/airl/20250728-1647/model/step20000
Num steps: 30000    Return: -15816.9   Time: 0:28:57
Models saved to logs/Medauroidea_cutlegs/airl/20250728-1647/model/step30000
Num steps: 40000    Return: -16330.9   Time: 0:38:44
Models saved to logs/Medauroidea_cutlegs/airl/20250728-1647/model/step40000
Num steps: 50000    Return: -16025.2   Time: 0:48:13
Models saved to logs/Medauroidea_cutlegs/airl/20250728-1647/model/step50000
Num steps: 60000    Return: -15723.6   Time: 0:57:29
Models saved to logs/Medauroidea_cutlegs/airl/20250728-1647/model/step60000
Num steps: 70000    Return: -17088.0   Time: 1:06:42
Models saved to logs/Medauroidea_cutlegs/airl/20250728-1647/model/step70000
Num steps: 80000    Return: -16157.8   Time: 1:16:01
Models saved to logs/Medauroidea_cutlegs/airl/20250728-1647/model/step80000
Num steps: 90000    Return: -15991.8   Time: 1:25:53
Models saved to logs/Medauroidea_cutlegs/airl/20250728-1647/model/step90000
Num steps: 100000   Return: -16207.0   Time: 1:35:53
Models saved to logs/Medauroidea_cutlegs/airl/20250728-1647/model/step100000
Num steps: 110000   Return: -20855.1   Time: 1:45:14
Models saved to logs/Medauroidea_cutlegs/airl/20250728-1647/model/step110000
Num steps: 120000   Return: -18807.0   Time: 1:54:37
Models saved to logs/Medauroidea_cutlegs/airl/20250728-1647/model/step120000
Num steps: 130000   Return: -17611.7   Time: 2:04:05
Models saved to logs/Medauroidea_cutlegs/airl/20250728-1647/model/step130000
Num steps: 140000   Return: -18676.7   Time: 2:13:15
Models saved to logs/Medauroidea_cutlegs/airl/20250728-1647/model/step140000
Num steps: 150000   Return: -14783.9   Time: 2:22:22
Models saved to logs/Medauroidea_cutlegs/airl/20250728-1647/model/step150000
Num steps: 160000   Return: -11673.3   Time: 2:31:39
Models saved to logs/Medauroidea_cutlegs/airl/20250728-1647/model/step160000
Num steps: 170000   Return: -14638.8   Time: 2:40:51
Models saved to logs/Medauroidea_cutlegs/airl/20250728-1647/model/step170000
Num steps: 180000   Return: -12188.9   Time: 2:50:01
Models saved to logs/Medauroidea_cutlegs/airl/20250728-1647/model/step180000
Num steps: 190000   Return: -15997.8   Time: 2:59:17
Models saved to logs/Medauroidea_cutlegs/airl/20250728-1647/model/step190000
Num steps: 200000   Return: -17138.4   Time: 3:08:40
Models saved to logs/Medauroidea_cutlegs/airl/20250728-1647/model/step200000
Num steps: 210000   Return: -18925.1   Time: 3:18:02
Models saved to logs/Medauroidea_cutlegs/airl/20250728-1647/model/step210000
Num steps: 220000   Return: -15841.3   Time: 3:27:17
Models saved to logs/Medauroidea_cutlegs/airl/20250728-1647/model/step220000
Num steps: 230000   Return: -17534.1   Time: 3:36:27
Models saved to logs/Medauroidea_cutlegs/airl/20250728-1647/model/step230000
Num steps: 240000   Return: -18055.2   Time: 3:45:16
Models saved to logs/Medauroidea_cutlegs/airl/20250728-1647/model/step240000
Num steps: 250000   Return: -15576.2   Time: 3:53:59
Models saved to logs/Medauroidea_cutlegs/airl/20250728-1647/model/step250000
Num steps: 260000   Return: -19900.0   Time: 4:02:40
Models saved to logs/Medauroidea_cutlegs/airl/20250728-1647/model/step260000
Num steps: 270000   Return: -15268.6   Time: 4:11:31
Models saved to logs/Medauroidea_cutlegs/airl/20250728-1647/model/step270000
Num steps: 280000   Return: -17066.3   Time: 4:20:14
Models saved to logs/Medauroidea_cutlegs/airl/20250728-1647/model/step280000
Num steps: 290000   Return: -17585.3   Time: 4:28:57
Models saved to logs/Medauroidea_cutlegs/airl/20250728-1647/model/step290000
Num steps: 300000   Return: -18435.0   Time: 4:37:48
Models saved to logs/Medauroidea_cutlegs/airl/20250728-1647/model/step300000
Num steps: 310000   Return: -16746.9   Time: 4:46:31
Models saved to logs/Medauroidea_cutlegs/airl/20250728-1647/model/step310000
Num steps: 320000   Return: -16571.3   Time: 4:55:15
Models saved to logs/Medauroidea_cutlegs/airl/20250728-1647/model/step320000
Num steps: 330000   Return: -17929.3   Time: 5:04:02
Models saved to logs/Medauroidea_cutlegs/airl/20250728-1647/model/step330000
Num steps: 340000   Return: -18201.7   Time: 5:12:49
Models saved to logs/Medauroidea_cutlegs/airl/20250728-1647/model/step340000
Num steps: 350000   Return: -11852.1   Time: 5:21:36
Models saved to logs/Medauroidea_cutlegs/airl/20250728-1647/model/step350000
Num steps: 360000   Return: -16577.6   Time: 5:30:20
Models saved to logs/Medauroidea_cutlegs/airl/20250728-1647/model/step360000
Num steps: 370000   Return: -17184.3   Time: 5:39:06
Models saved to logs/Medauroidea_cutlegs/airl/20250728-1647/model/step370000
Num steps: 380000   Return: -16713.8   Time: 5:47:46
Models saved to logs/Medauroidea_cutlegs/airl/20250728-1647/model/step380000
Num steps: 390000   Return: -16571.3   Time: 5:56:28
Models saved to logs/Medauroidea_cutlegs/airl/20250728-1647/model/step390000
Num steps: 400000   Return: -12901.3   Time: 6:05:12
Models saved to logs/Medauroidea_cutlegs/airl/20250728-1647/model/step400000
Num steps: 410000   Return: -17659.4   Time: 6:13:52
Models saved to logs/Medauroidea_cutlegs/airl/20250728-1647/model/step410000
Num steps: 420000   Return: -16845.1   Time: 6:22:36
Models saved to logs/Medauroidea_cutlegs/airl/20250728-1647/model/step420000
Num steps: 430000   Return: -16300.5   Time: 6:31:16
Models saved to logs/Medauroidea_cutlegs/airl/20250728-1647/model/step430000
Num steps: 440000   Return: -13741.8   Time: 6:40:00
Models saved to logs/Medauroidea_cutlegs/airl/20250728-1647/model/step440000
Num steps: 450000   Return: -17435.2   Time: 6:48:48
Models saved to logs/Medauroidea_cutlegs/airl/20250728-1647/model/step450000
Num steps: 460000   Return: -16742.5   Time: 6:57:40
Models saved to logs/Medauroidea_cutlegs/airl/20250728-1647/model/step460000
Num steps: 470000   Return: -16161.9   Time: 7:06:28
Models saved to logs/Medauroidea_cutlegs/airl/20250728-1647/model/step470000
Num steps: 480000   Return: -17946.9   Time: 7:15:10
Models saved to logs/Medauroidea_cutlegs/airl/20250728-1647/model/step480000
Num steps: 490000   Return: -18304.2   Time: 7:23:55
Models saved to logs/Medauroidea_cutlegs/airl/20250728-1647/model/step490000
Num steps: 500000   Return: -16393.3   Time: 7:32:37
Models saved to logs/Medauroidea_cutlegs/airl/20250728-1647/model/step500000
Num steps: 510000   Return: -18902.6   Time: 7:41:25
Models saved to logs/Medauroidea_cutlegs/airl/20250728-1647/model/step510000
Num steps: 520000   Return: -18459.7   Time: 7:50:10
Models saved to logs/Medauroidea_cutlegs/airl/20250728-1647/model/step520000
Num steps: 530000   Return: -17320.4   Time: 7:59:00
Models saved to logs/Medauroidea_cutlegs/airl/20250728-1647/model/step530000
Num steps: 540000   Return: -15297.5   Time: 8:07:47
Models saved to logs/Medauroidea_cutlegs/airl/20250728-1647/model/step540000
Num steps: 550000   Return: -17156.2   Time: 8:16:31
Models saved to logs/Medauroidea_cutlegs/airl/20250728-1647/model/step550000
Num steps: 560000   Return: -16555.8   Time: 8:25:33
Models saved to logs/Medauroidea_cutlegs/airl/20250728-1647/model/step560000
Num steps: 570000   Return: -13693.4   Time: 8:35:02
Models saved to logs/Medauroidea_cutlegs/airl/20250728-1647/model/step570000
Num steps: 580000   Return: -16266.8   Time: 8:44:00
Models saved to logs/Medauroidea_cutlegs/airl/20250728-1647/model/step580000
Num steps: 590000   Return: -15820.6   Time: 8:52:50
Models saved to logs/Medauroidea_cutlegs/airl/20250728-1647/model/step590000
Num steps: 600000   Return: -16376.3   Time: 9:01:40
Models saved to logs/Medauroidea_cutlegs/airl/20250728-1647/model/step600000
Num steps: 610000   Return: -15589.7   Time: 9:10:33
Models saved to logs/Medauroidea_cutlegs/airl/20250728-1647/model/step610000
Num steps: 620000   Return: -15467.0   Time: 9:19:24
Models saved to logs/Medauroidea_cutlegs/airl/20250728-1647/model/step620000
Num steps: 630000   Return: -16270.6   Time: 9:28:16
Models saved to logs/Medauroidea_cutlegs/airl/20250728-1647/model/step630000
Num steps: 640000   Return: -16249.0   Time: 9:37:09
Models saved to logs/Medauroidea_cutlegs/airl/20250728-1647/model/step640000
Num steps: 650000   Return: -15656.7   Time: 9:46:07
Models saved to logs/Medauroidea_cutlegs/airl/20250728-1647/model/step650000
Num steps: 660000   Return: -15956.3   Time: 9:55:02
Models saved to logs/Medauroidea_cutlegs/airl/20250728-1647/model/step660000
Num steps: 670000   Return: -16151.1   Time: 10:04:01
Models saved to logs/Medauroidea_cutlegs/airl/20250728-1647/model/step670000
Num steps: 680000   Return: -15694.7   Time: 10:12:59
Models saved to logs/Medauroidea_cutlegs/airl/20250728-1647/model/step680000
Num steps: 690000   Return: -16115.9   Time: 10:21:55
Models saved to logs/Medauroidea_cutlegs/airl/20250728-1647/model/step690000
Num steps: 700000   Return: -15773.0   Time: 10:30:46
Models saved to logs/Medauroidea_cutlegs/airl/20250728-1647/model/step700000
Num steps: 710000   Return: -15789.3   Time: 10:39:40
Models saved to logs/Medauroidea_cutlegs/airl/20250728-1647/model/step710000
Num steps: 720000   Return: -16114.5   Time: 10:48:30
Models saved to logs/Medauroidea_cutlegs/airl/20250728-1647/model/step720000
Num steps: 730000   Return: -16237.8   Time: 10:57:26
Models saved to logs/Medauroidea_cutlegs/airl/20250728-1647/model/step730000
Num steps: 740000   Return: -16220.0   Time: 11:06:23
Models saved to logs/Medauroidea_cutlegs/airl/20250728-1647/model/step740000
Num steps: 750000   Return: -16251.9   Time: 11:15:25
Models saved to logs/Medauroidea_cutlegs/airl/20250728-1647/model/step750000
Num steps: 760000   Return: -16982.2   Time: 11:24:27
Models saved to logs/Medauroidea_cutlegs/airl/20250728-1647/model/step760000
Num steps: 770000   Return: -16996.5   Time: 11:33:29
Models saved to logs/Medauroidea_cutlegs/airl/20250728-1647/model/step770000
Num steps: 780000   Return: -16208.4   Time: 11:42:33
Models saved to logs/Medauroidea_cutlegs/airl/20250728-1647/model/step780000
Num steps: 790000   Return: -15674.0   Time: 11:51:30
Models saved to logs/Medauroidea_cutlegs/airl/20250728-1647/model/step790000
Num steps: 800000   Return: -17969.7   Time: 12:00:27
Models saved to logs/Medauroidea_cutlegs/airl/20250728-1647/model/step800000
Num steps: 810000   Return: -15926.4   Time: 12:09:24
Models saved to logs/Medauroidea_cutlegs/airl/20250728-1647/model/step810000
Num steps: 820000   Return: -16856.9   Time: 12:18:17
Models saved to logs/Medauroidea_cutlegs/airl/20250728-1647/model/step820000
Num steps: 830000   Return: -13580.9   Time: 12:27:07
Models saved to logs/Medauroidea_cutlegs/airl/20250728-1647/model/step830000
Num steps: 840000   Return: -16272.3   Time: 12:36:01
Models saved to logs/Medauroidea_cutlegs/airl/20250728-1647/model/step840000
Num steps: 850000   Return: -16324.5   Time: 12:44:57
Models saved to logs/Medauroidea_cutlegs/airl/20250728-1647/model/step850000
Num steps: 860000   Return: -15818.4   Time: 12:53:55
Models saved to logs/Medauroidea_cutlegs/airl/20250728-1647/model/step860000
Num steps: 870000   Return: -17130.6   Time: 13:02:54
Models saved to logs/Medauroidea_cutlegs/airl/20250728-1647/model/step870000
Num steps: 880000   Return: -14159.4   Time: 13:11:53
Models saved to logs/Medauroidea_cutlegs/airl/20250728-1647/model/step880000
Num steps: 890000   Return: -14439.8   Time: 13:20:51
Models saved to logs/Medauroidea_cutlegs/airl/20250728-1647/model/step890000
Num steps: 900000   Return: -14982.1   Time: 13:29:55
Models saved to logs/Medauroidea_cutlegs/airl/20250728-1647/model/step900000
Num steps: 910000   Return: -13630.4   Time: 13:39:15
Models saved to logs/Medauroidea_cutlegs/airl/20250728-1647/model/step910000
Num steps: 920000   Return: -13645.0   Time: 13:48:26
Models saved to logs/Medauroidea_cutlegs/airl/20250728-1647/model/step920000
Num steps: 930000   Return: -15002.0   Time: 13:57:38
Models saved to logs/Medauroidea_cutlegs/airl/20250728-1647/model/step930000
Num steps: 940000   Return: -15545.3   Time: 14:07:00
Models saved to logs/Medauroidea_cutlegs/airl/20250728-1647/model/step940000
Num steps: 950000   Return: -15755.8   Time: 14:16:30
Models saved to logs/Medauroidea_cutlegs/airl/20250728-1647/model/step950000
Num steps: 960000   Return: -15716.0   Time: 14:26:05
Models saved to logs/Medauroidea_cutlegs/airl/20250728-1647/model/step960000
Num steps: 970000   Return: -17363.3   Time: 14:35:37
Models saved to logs/Medauroidea_cutlegs/airl/20250728-1647/model/step970000
Num steps: 980000   Return: -15919.4   Time: 14:45:10
Models saved to logs/Medauroidea_cutlegs/airl/20250728-1647/model/step980000
Num steps: 990000   Return: -15996.2   Time: 14:54:43
Models saved to logs/Medauroidea_cutlegs/airl/20250728-1647/model/step990000
Num steps: 1000000   Return: -17221.1   Time: 15:04:18
Models saved to logs/Medauroidea_cutlegs/airl/20250728-1647/model/step1000000
Num steps: 1010000   Return: -18382.5   Time: 15:14:00
Models saved to logs/Medauroidea_cutlegs/airl/20250728-1647/model/step1010000
Num steps: 1020000   Return: -17085.3   Time: 15:23:37
Models saved to logs/Medauroidea_cutlegs/airl/20250728-1647/model/step1020000
Num steps: 1030000   Return: -16977.6   Time: 15:33:11
Models saved to logs/Medauroidea_cutlegs/airl/20250728-1647/model/step1030000
Num steps: 1040000   Return: -15576.2   Time: 15:42:44
Models saved to logs/Medauroidea_cutlegs/airl/20250728-1647/model/step1040000
Num steps: 1050000   Return: -15564.8   Time: 15:52:59
Models saved to logs/Medauroidea_cutlegs/airl/20250728-1647/model/step1050000
Num steps: 1060000   Return: -16053.4   Time: 16:03:10
Models saved to logs/Medauroidea_cutlegs/airl/20250728-1647/model/step1060000
Num steps: 1070000   Return: -16092.8   Time: 16:13:23
Models saved to logs/Medauroidea_cutlegs/airl/20250728-1647/model/step1070000
Num steps: 1080000   Return: -16149.6   Time: 16:23:01
Models saved to logs/Medauroidea_cutlegs/airl/20250728-1647/model/step1080000
Num steps: 1090000   Return: -15838.7   Time: 16:30:36
Models saved to logs/Medauroidea_cutlegs/airl/20250728-1647/model/step1090000
Num steps: 1100000   Return: -15809.4   Time: 16:38:10
Models saved to logs/Medauroidea_cutlegs/airl/20250728-1647/model/step1100000
Num steps: 1110000   Return: -15746.4   Time: 16:45:46
Models saved to logs/Medauroidea_cutlegs/airl/20250728-1647/model/step1110000
Num steps: 1120000   Return: -15593.7   Time: 16:53:20
Models saved to logs/Medauroidea_cutlegs/airl/20250728-1647/model/step1120000
Num steps: 1130000   Return: -15723.9   Time: 17:00:57
Models saved to logs/Medauroidea_cutlegs/airl/20250728-1647/model/step1130000
Num steps: 1140000   Return: -16090.4   Time: 17:08:36
Models saved to logs/Medauroidea_cutlegs/airl/20250728-1647/model/step1140000
Num steps: 1150000   Return: -16096.7   Time: 17:16:05
Models saved to logs/Medauroidea_cutlegs/airl/20250728-1647/model/step1150000
Num steps: 1160000   Return: -16145.4   Time: 17:23:40
Models saved to logs/Medauroidea_cutlegs/airl/20250728-1647/model/step1160000
Num steps: 1170000   Return: -16778.6   Time: 17:31:12
Models saved to logs/Medauroidea_cutlegs/airl/20250728-1647/model/step1170000
Num steps: 1180000   Return: -17253.3   Time: 17:38:43
Models saved to logs/Medauroidea_cutlegs/airl/20250728-1647/model/step1180000
Num steps: 1190000   Return: -16733.0   Time: 17:46:14
Models saved to logs/Medauroidea_cutlegs/airl/20250728-1647/model/step1190000
Num steps: 1200000   Return: -16433.2   Time: 17:53:50
Models saved to logs/Medauroidea_cutlegs/airl/20250728-1647/model/step1200000
Num steps: 1210000   Return: -15301.4   Time: 18:01:23
Models saved to logs/Medauroidea_cutlegs/airl/20250728-1647/model/step1210000
Num steps: 1220000   Return: -16208.0   Time: 18:09:00
Models saved to logs/Medauroidea_cutlegs/airl/20250728-1647/model/step1220000
Num steps: 1230000   Return: -16999.9   Time: 18:16:36
Models saved to logs/Medauroidea_cutlegs/airl/20250728-1647/model/step1230000
Num steps: 1240000   Return: -17666.5   Time: 18:24:16
Models saved to logs/Medauroidea_cutlegs/airl/20250728-1647/model/step1240000
Num steps: 1250000   Return: -15780.1   Time: 18:31:54
Models saved to logs/Medauroidea_cutlegs/airl/20250728-1647/model/step1250000
Num steps: 1260000   Return: -15837.1   Time: 18:39:14
Models saved to logs/Medauroidea_cutlegs/airl/20250728-1647/model/step1260000
Num steps: 1270000   Return: -16046.8   Time: 18:46:32
Models saved to logs/Medauroidea_cutlegs/airl/20250728-1647/model/step1270000
Num steps: 1280000   Return: -16763.0   Time: 18:53:49
Models saved to logs/Medauroidea_cutlegs/airl/20250728-1647/model/step1280000
Num steps: 1290000   Return: -15750.1   Time: 19:01:05
Models saved to logs/Medauroidea_cutlegs/airl/20250728-1647/model/step1290000
Num steps: 1300000   Return: -15004.2   Time: 19:08:22
Models saved to logs/Medauroidea_cutlegs/airl/20250728-1647/model/step1300000
Num steps: 1310000   Return: -15794.6   Time: 19:15:42
Models saved to logs/Medauroidea_cutlegs/airl/20250728-1647/model/step1310000
Num steps: 1320000   Return: -16611.9   Time: 19:23:01
Models saved to logs/Medauroidea_cutlegs/airl/20250728-1647/model/step1320000
Num steps: 1330000   Return: -16333.1   Time: 19:30:20
Models saved to logs/Medauroidea_cutlegs/airl/20250728-1647/model/step1330000
Num steps: 1340000   Return: -16228.6   Time: 19:37:44
Models saved to logs/Medauroidea_cutlegs/airl/20250728-1647/model/step1340000
Num steps: 1350000   Return: -16095.8   Time: 19:45:09
Models saved to logs/Medauroidea_cutlegs/airl/20250728-1647/model/step1350000
Num steps: 1360000   Return: -16411.3   Time: 19:52:31
Models saved to logs/Medauroidea_cutlegs/airl/20250728-1647/model/step1360000
Num steps: 1370000   Return: -16146.4   Time: 19:59:50
Models saved to logs/Medauroidea_cutlegs/airl/20250728-1647/model/step1370000
Num steps: 1380000   Return: -16715.7   Time: 20:07:07
Models saved to logs/Medauroidea_cutlegs/airl/20250728-1647/model/step1380000
Num steps: 1390000   Return: -16716.1   Time: 20:14:32
Models saved to logs/Medauroidea_cutlegs/airl/20250728-1647/model/step1390000
Num steps: 1400000   Return: -16466.5   Time: 20:22:08
Models saved to logs/Medauroidea_cutlegs/airl/20250728-1647/model/step1400000
Num steps: 1410000   Return: -16395.2   Time: 20:29:46
Models saved to logs/Medauroidea_cutlegs/airl/20250728-1647/model/step1410000
Num steps: 1420000   Return: -16024.9   Time: 20:37:39
Models saved to logs/Medauroidea_cutlegs/airl/20250728-1647/model/step1420000
Num steps: 1430000   Return: -15967.3   Time: 20:45:30
Models saved to logs/Medauroidea_cutlegs/airl/20250728-1647/model/step1430000
Num steps: 1440000   Return: -16666.0   Time: 20:53:30
Models saved to logs/Medauroidea_cutlegs/airl/20250728-1647/model/step1440000
Num steps: 1450000   Return: -16855.2   Time: 21:01:36
Models saved to logs/Medauroidea_cutlegs/airl/20250728-1647/model/step1450000
Num steps: 1460000   Return: -16865.0   Time: 21:09:32
Models saved to logs/Medauroidea_cutlegs/airl/20250728-1647/model/step1460000
Num steps: 1470000   Return: -16800.2   Time: 21:17:26
Models saved to logs/Medauroidea_cutlegs/airl/20250728-1647/model/step1470000
Num steps: 1480000   Return: -15830.6   Time: 21:25:16
Models saved to logs/Medauroidea_cutlegs/airl/20250728-1647/model/step1480000
Num steps: 1490000   Return: -15797.0   Time: 21:33:00
Models saved to logs/Medauroidea_cutlegs/airl/20250728-1647/model/step1490000
Num steps: 1500000   Return: -16135.5   Time: 21:40:44
Models saved to logs/Medauroidea_cutlegs/airl/20250728-1647/model/step1500000
Num steps: 1510000   Return: -15774.9   Time: 21:48:27
Models saved to logs/Medauroidea_cutlegs/airl/20250728-1647/model/step1510000
Num steps: 1520000   Return: -15409.6   Time: 21:56:15
Models saved to logs/Medauroidea_cutlegs/airl/20250728-1647/model/step1520000
Num steps: 1530000   Return: -16332.1   Time: 22:04:01
Models saved to logs/Medauroidea_cutlegs/airl/20250728-1647/model/step1530000
Num steps: 1540000   Return: -16424.4   Time: 22:11:45
Models saved to logs/Medauroidea_cutlegs/airl/20250728-1647/model/step1540000
Num steps: 1550000   Return: -16322.2   Time: 22:19:30
Models saved to logs/Medauroidea_cutlegs/airl/20250728-1647/model/step1550000
Num steps: 1560000   Return: -16557.8   Time: 22:27:22
Models saved to logs/Medauroidea_cutlegs/airl/20250728-1647/model/step1560000
Num steps: 1570000   Return: -17762.6   Time: 22:35:45
Models saved to logs/Medauroidea_cutlegs/airl/20250728-1647/model/step1570000
Num steps: 1580000   Return: -15867.9   Time: 22:43:59
Models saved to logs/Medauroidea_cutlegs/airl/20250728-1647/model/step1580000
Num steps: 1590000   Return: -16649.4   Time: 22:52:19
Models saved to logs/Medauroidea_cutlegs/airl/20250728-1647/model/step1590000
Num steps: 1600000   Return: -11796.5   Time: 23:00:23
Models saved to logs/Medauroidea_cutlegs/airl/20250728-1647/model/step1600000
Num steps: 1610000   Return: -15577.6   Time: 23:08:22
Models saved to logs/Medauroidea_cutlegs/airl/20250728-1647/model/step1610000
Num steps: 1620000   Return: -16923.3   Time: 23:16:38
Models saved to logs/Medauroidea_cutlegs/airl/20250728-1647/model/step1620000
Num steps: 1630000   Return: -16242.2   Time: 23:24:35
Models saved to logs/Medauroidea_cutlegs/airl/20250728-1647/model/step1630000
Num steps: 1640000   Return: -16398.1   Time: 23:32:19
Models saved to logs/Medauroidea_cutlegs/airl/20250728-1647/model/step1640000
Num steps: 1650000   Return: -15754.7   Time: 23:40:12
Models saved to logs/Medauroidea_cutlegs/airl/20250728-1647/model/step1650000
Num steps: 1660000   Return: -15754.0   Time: 23:47:58
Models saved to logs/Medauroidea_cutlegs/airl/20250728-1647/model/step1660000
Num steps: 1670000   Return: -15000.5   Time: 23:55:42
Models saved to logs/Medauroidea_cutlegs/airl/20250728-1647/model/step1670000
Num steps: 1680000   Return: -16211.5   Time: 1 day, 0:03:08
Models saved to logs/Medauroidea_cutlegs/airl/20250728-1647/model/step1680000
Num steps: 1690000   Return: -15614.7   Time: 1 day, 0:11:43
Models saved to logs/Medauroidea_cutlegs/airl/20250728-1647/model/step1690000
Num steps: 1700000   Return: -18142.5   Time: 1 day, 0:20:34
Models saved to logs/Medauroidea_cutlegs/airl/20250728-1647/model/step1700000
Num steps: 1710000   Return: -14816.5   Time: 1 day, 0:28:51
Models saved to logs/Medauroidea_cutlegs/airl/20250728-1647/model/step1710000
Num steps: 1720000   Return: -15787.0   Time: 1 day, 0:36:48
Models saved to logs/Medauroidea_cutlegs/airl/20250728-1647/model/step1720000
Num steps: 1730000   Return: -16105.9   Time: 1 day, 0:45:08
Models saved to logs/Medauroidea_cutlegs/airl/20250728-1647/model/step1730000
Num steps: 1740000   Return: -14588.6   Time: 1 day, 0:53:49
Models saved to logs/Medauroidea_cutlegs/airl/20250728-1647/model/step1740000
Num steps: 1750000   Return: -14381.3   Time: 1 day, 1:01:50
Models saved to logs/Medauroidea_cutlegs/airl/20250728-1647/model/step1750000
Num steps: 1760000   Return: -16707.0   Time: 1 day, 1:10:12
Models saved to logs/Medauroidea_cutlegs/airl/20250728-1647/model/step1760000
Num steps: 1770000   Return: -16738.6   Time: 1 day, 1:18:44
Models saved to logs/Medauroidea_cutlegs/airl/20250728-1647/model/step1770000
Num steps: 1780000   Return: -16655.0   Time: 1 day, 1:26:36
Models saved to logs/Medauroidea_cutlegs/airl/20250728-1647/model/step1780000
Num steps: 1790000   Return: -19086.4   Time: 1 day, 1:34:26
Models saved to logs/Medauroidea_cutlegs/airl/20250728-1647/model/step1790000
Num steps: 1800000   Return: -16992.9   Time: 1 day, 1:42:21
Models saved to logs/Medauroidea_cutlegs/airl/20250728-1647/model/step1800000
Num steps: 1810000   Return: -16102.3   Time: 1 day, 1:50:12
Models saved to logs/Medauroidea_cutlegs/airl/20250728-1647/model/step1810000
Num steps: 1820000   Return: -16412.1   Time: 1 day, 1:58:44
Models saved to logs/Medauroidea_cutlegs/airl/20250728-1647/model/step1820000
Num steps: 1830000   Return: -16034.9   Time: 1 day, 2:07:08
Models saved to logs/Medauroidea_cutlegs/airl/20250728-1647/model/step1830000
Num steps: 1840000   Return: -16144.3   Time: 1 day, 2:15:51
Models saved to logs/Medauroidea_cutlegs/airl/20250728-1647/model/step1840000
Num steps: 1850000   Return: -15856.0   Time: 1 day, 2:24:07
Models saved to logs/Medauroidea_cutlegs/airl/20250728-1647/model/step1850000
Num steps: 1860000   Return: -15892.0   Time: 1 day, 2:32:15
Models saved to logs/Medauroidea_cutlegs/airl/20250728-1647/model/step1860000
Num steps: 1870000   Return: -16341.3   Time: 1 day, 2:40:04
Models saved to logs/Medauroidea_cutlegs/airl/20250728-1647/model/step1870000
Num steps: 1880000   Return: -16090.4   Time: 1 day, 2:47:34
Models saved to logs/Medauroidea_cutlegs/airl/20250728-1647/model/step1880000
Num steps: 1890000   Return: -17737.3   Time: 1 day, 2:54:45
Models saved to logs/Medauroidea_cutlegs/airl/20250728-1647/model/step1890000
Num steps: 1900000   Return: -15954.0   Time: 1 day, 3:01:58
Models saved to logs/Medauroidea_cutlegs/airl/20250728-1647/model/step1900000
Num steps: 1910000   Return: -16684.7   Time: 1 day, 3:09:12
Models saved to logs/Medauroidea_cutlegs/airl/20250728-1647/model/step1910000
Num steps: 1920000   Return: -15436.3   Time: 1 day, 3:16:28
Models saved to logs/Medauroidea_cutlegs/airl/20250728-1647/model/step1920000
Num steps: 1930000   Return: -16866.9   Time: 1 day, 3:23:37
Models saved to logs/Medauroidea_cutlegs/airl/20250728-1647/model/step1930000
Num steps: 1940000   Return: -16501.3   Time: 1 day, 3:30:39
Models saved to logs/Medauroidea_cutlegs/airl/20250728-1647/model/step1940000
Num steps: 1950000   Return: -16324.0   Time: 1 day, 3:37:42
Models saved to logs/Medauroidea_cutlegs/airl/20250728-1647/model/step1950000
Num steps: 1960000   Return: -16335.6   Time: 1 day, 3:44:48
Models saved to logs/Medauroidea_cutlegs/airl/20250728-1647/model/step1960000
Num steps: 1970000   Return: -19167.6   Time: 1 day, 3:51:54
Models saved to logs/Medauroidea_cutlegs/airl/20250728-1647/model/step1970000
Num steps: 1980000   Return: -19526.1   Time: 1 day, 3:59:02
Models saved to logs/Medauroidea_cutlegs/airl/20250728-1647/model/step1980000
Num steps: 1990000   Return: -17352.6   Time: 1 day, 4:06:09
Models saved to logs/Medauroidea_cutlegs/airl/20250728-1647/model/step1990000
Num steps: 2000000   Return: -20258.6   Time: 1 day, 4:13:20
Models saved to logs/Medauroidea_cutlegs/airl/20250728-1647/model/step2000000
Models saved to logs/Medauroidea_cutlegs/airl/20250728-1647/model
