Logging started at 20250715-1930
Ontime :
True
INFO: VrepInterfaze is initialized successfully.
Ontime :
True
INFO: VrepInterfaze is initialized successfully.
NVIDIA GeForce RTX 4060 Laptop GPU
Process ID: 25981
Env: Medauroidea, expert.csv, Seed: 0
Rollout length: 100
Num steps: 1000000, Eval interval: 10000
Gamma: 0.995, Mix buffer: 1, Batch size: 64
lr_actor: 0.0001, lr_critic: 0.0001, lr_disc: 0.0001
Units Actor: (64, 64), Units Critic: (64, 64)
Units Disc R: (100, 100), Units Disc V: (100, 100)
Epoch ppo: 50, Epoch disc: 3
Clip Epsc: 0.2, Lambda: 0.97, Coef Ent: 0.05, Max Grad Norm: 10.0
Expert buffer size: 1517
Initial state shape: (33,)
Step 1, t=1, state shape: (33,)
RolloutBuffer: _n=1, _p=1, total_size=100
Step 2, t=2, state shape: (33,)
RolloutBuffer: _n=2, _p=2, total_size=100
Step 3, t=3, state shape: (33,)
RolloutBuffer: _n=3, _p=3, total_size=100
Step 4, t=4, state shape: (33,)
RolloutBuffer: _n=4, _p=4, total_size=100
Step 5, t=5, state shape: (33,)
RolloutBuffer: _n=5, _p=5, total_size=100
Step 6, t=6, state shape: (33,)
RolloutBuffer: _n=6, _p=6, total_size=100
Step 7, t=7, state shape: (33,)
RolloutBuffer: _n=7, _p=7, total_size=100
Step 8, t=8, state shape: (33,)
RolloutBuffer: _n=8, _p=8, total_size=100
Step 9, t=9, state shape: (33,)
RolloutBuffer: _n=9, _p=9, total_size=100
Step 10, t=10, state shape: (33,)
RolloutBuffer: _n=10, _p=10, total_size=100
Step 11, t=1, state shape: (33,)
RolloutBuffer: _n=11, _p=11, total_size=100
Step 12, t=2, state shape: (33,)
RolloutBuffer: _n=12, _p=12, total_size=100
Step 13, t=3, state shape: (33,)
RolloutBuffer: _n=13, _p=13, total_size=100
Step 14, t=4, state shape: (33,)
RolloutBuffer: _n=14, _p=14, total_size=100
Step 15, t=5, state shape: (33,)
RolloutBuffer: _n=15, _p=15, total_size=100
Step 16, t=6, state shape: (33,)
RolloutBuffer: _n=16, _p=16, total_size=100
Step 17, t=7, state shape: (33,)
RolloutBuffer: _n=17, _p=17, total_size=100
Step 18, t=1, state shape: (33,)
RolloutBuffer: _n=18, _p=18, total_size=100
Step 19, t=2, state shape: (33,)
RolloutBuffer: _n=19, _p=19, total_size=100
Step 20, t=3, state shape: (33,)
RolloutBuffer: _n=20, _p=20, total_size=100
Step 21, t=4, state shape: (33,)
RolloutBuffer: _n=21, _p=21, total_size=100
Step 22, t=5, state shape: (33,)
RolloutBuffer: _n=22, _p=22, total_size=100
Step 23, t=1, state shape: (33,)
RolloutBuffer: _n=23, _p=23, total_size=100
Step 24, t=2, state shape: (33,)
RolloutBuffer: _n=24, _p=24, total_size=100
Step 25, t=3, state shape: (33,)
RolloutBuffer: _n=25, _p=25, total_size=100
Step 26, t=4, state shape: (33,)
RolloutBuffer: _n=26, _p=26, total_size=100
Step 27, t=1, state shape: (33,)
RolloutBuffer: _n=27, _p=27, total_size=100
Step 28, t=2, state shape: (33,)
RolloutBuffer: _n=28, _p=28, total_size=100
Step 29, t=3, state shape: (33,)
RolloutBuffer: _n=29, _p=29, total_size=100
Step 30, t=4, state shape: (33,)
RolloutBuffer: _n=30, _p=30, total_size=100
Step 31, t=5, state shape: (33,)
RolloutBuffer: _n=31, _p=31, total_size=100
Step 32, t=6, state shape: (33,)
RolloutBuffer: _n=32, _p=32, total_size=100
Step 33, t=7, state shape: (33,)
RolloutBuffer: _n=33, _p=33, total_size=100
Step 34, t=1, state shape: (33,)
RolloutBuffer: _n=34, _p=34, total_size=100
Step 35, t=2, state shape: (33,)
RolloutBuffer: _n=35, _p=35, total_size=100
Step 36, t=3, state shape: (33,)
RolloutBuffer: _n=36, _p=36, total_size=100
Step 37, t=4, state shape: (33,)
RolloutBuffer: _n=37, _p=37, total_size=100
Step 38, t=5, state shape: (33,)
RolloutBuffer: _n=38, _p=38, total_size=100
Step 39, t=6, state shape: (33,)
RolloutBuffer: _n=39, _p=39, total_size=100
Step 40, t=7, state shape: (33,)
RolloutBuffer: _n=40, _p=40, total_size=100
Step 41, t=8, state shape: (33,)
RolloutBuffer: _n=41, _p=41, total_size=100
Step 42, t=9, state shape: (33,)
RolloutBuffer: _n=42, _p=42, total_size=100
Step 43, t=10, state shape: (33,)
RolloutBuffer: _n=43, _p=43, total_size=100
Step 44, t=11, state shape: (33,)
RolloutBuffer: _n=44, _p=44, total_size=100
Step 45, t=12, state shape: (33,)
RolloutBuffer: _n=45, _p=45, total_size=100
Step 46, t=13, state shape: (33,)
RolloutBuffer: _n=46, _p=46, total_size=100
Step 47, t=14, state shape: (33,)
RolloutBuffer: _n=47, _p=47, total_size=100
Step 48, t=15, state shape: (33,)
RolloutBuffer: _n=48, _p=48, total_size=100
Step 49, t=1, state shape: (33,)
RolloutBuffer: _n=49, _p=49, total_size=100
Step 50, t=2, state shape: (33,)
RolloutBuffer: _n=50, _p=50, total_size=100
Step 51, t=3, state shape: (33,)
RolloutBuffer: _n=51, _p=51, total_size=100
Step 52, t=4, state shape: (33,)
RolloutBuffer: _n=52, _p=52, total_size=100
Step 53, t=5, state shape: (33,)
RolloutBuffer: _n=53, _p=53, total_size=100
Step 54, t=6, state shape: (33,)
RolloutBuffer: _n=54, _p=54, total_size=100
Step 55, t=1, state shape: (33,)
RolloutBuffer: _n=55, _p=55, total_size=100
Step 56, t=2, state shape: (33,)
RolloutBuffer: _n=56, _p=56, total_size=100
Step 57, t=3, state shape: (33,)
RolloutBuffer: _n=57, _p=57, total_size=100
Step 58, t=4, state shape: (33,)
RolloutBuffer: _n=58, _p=58, total_size=100
Step 59, t=5, state shape: (33,)
RolloutBuffer: _n=59, _p=59, total_size=100
Step 60, t=6, state shape: (33,)
RolloutBuffer: _n=60, _p=60, total_size=100
Step 61, t=7, state shape: (33,)
RolloutBuffer: _n=61, _p=61, total_size=100
Step 62, t=1, state shape: (33,)
RolloutBuffer: _n=62, _p=62, total_size=100
Step 63, t=2, state shape: (33,)
RolloutBuffer: _n=63, _p=63, total_size=100
Step 64, t=3, state shape: (33,)
RolloutBuffer: _n=64, _p=64, total_size=100
Step 65, t=4, state shape: (33,)
RolloutBuffer: _n=65, _p=65, total_size=100
Step 66, t=5, state shape: (33,)
RolloutBuffer: _n=66, _p=66, total_size=100
Step 67, t=6, state shape: (33,)
RolloutBuffer: _n=67, _p=67, total_size=100
Step 68, t=7, state shape: (33,)
RolloutBuffer: _n=68, _p=68, total_size=100
Step 69, t=1, state shape: (33,)
RolloutBuffer: _n=69, _p=69, total_size=100
Step 70, t=2, state shape: (33,)
RolloutBuffer: _n=70, _p=70, total_size=100
Step 71, t=3, state shape: (33,)
RolloutBuffer: _n=71, _p=71, total_size=100
Step 72, t=4, state shape: (33,)
RolloutBuffer: _n=72, _p=72, total_size=100
Step 73, t=5, state shape: (33,)
RolloutBuffer: _n=73, _p=73, total_size=100
Step 74, t=6, state shape: (33,)
RolloutBuffer: _n=74, _p=74, total_size=100
Step 75, t=1, state shape: (33,)
RolloutBuffer: _n=75, _p=75, total_size=100
Step 76, t=2, state shape: (33,)
RolloutBuffer: _n=76, _p=76, total_size=100
Step 77, t=3, state shape: (33,)
RolloutBuffer: _n=77, _p=77, total_size=100
Step 78, t=4, state shape: (33,)
RolloutBuffer: _n=78, _p=78, total_size=100
Step 79, t=5, state shape: (33,)
RolloutBuffer: _n=79, _p=79, total_size=100
Step 80, t=6, state shape: (33,)
RolloutBuffer: _n=80, _p=80, total_size=100
Step 81, t=7, state shape: (33,)
RolloutBuffer: _n=81, _p=81, total_size=100
Step 82, t=8, state shape: (33,)
RolloutBuffer: _n=82, _p=82, total_size=100
Step 83, t=1, state shape: (33,)
RolloutBuffer: _n=83, _p=83, total_size=100
Step 84, t=2, state shape: (33,)
RolloutBuffer: _n=84, _p=84, total_size=100
Step 85, t=3, state shape: (33,)
RolloutBuffer: _n=85, _p=85, total_size=100
Step 86, t=4, state shape: (33,)
RolloutBuffer: _n=86, _p=86, total_size=100
Step 87, t=5, state shape: (33,)
RolloutBuffer: _n=87, _p=87, total_size=100
Step 88, t=6, state shape: (33,)
RolloutBuffer: _n=88, _p=88, total_size=100
Step 89, t=1, state shape: (33,)
RolloutBuffer: _n=89, _p=89, total_size=100
Step 90, t=2, state shape: (33,)
RolloutBuffer: _n=90, _p=90, total_size=100
Step 91, t=3, state shape: (33,)
RolloutBuffer: _n=91, _p=91, total_size=100
Step 92, t=4, state shape: (33,)
RolloutBuffer: _n=92, _p=92, total_size=100
Step 93, t=5, state shape: (33,)
RolloutBuffer: _n=93, _p=93, total_size=100
Step 94, t=1, state shape: (33,)
RolloutBuffer: _n=94, _p=94, total_size=100
Step 95, t=2, state shape: (33,)
RolloutBuffer: _n=95, _p=95, total_size=100
Step 96, t=3, state shape: (33,)
RolloutBuffer: _n=96, _p=96, total_size=100
Step 97, t=4, state shape: (33,)
RolloutBuffer: _n=97, _p=97, total_size=100
Step 98, t=5, state shape: (33,)
RolloutBuffer: _n=98, _p=98, total_size=100
Step 99, t=6, state shape: (33,)
RolloutBuffer: _n=99, _p=99, total_size=100
Step 100, t=7, state shape: (33,)
RolloutBuffer: _n=100, _p=0, total_size=100
[Debug] Log probabilities of current policy actions: tensor([[ -9.2511],
        [-10.7158],
        [-12.3889],
        [-12.9016],
        [-12.9016],
        [-13.7398],
        [-13.1644],
        [-11.3037],
        [-13.9403],
        [-10.1603],
        [-10.5652],
        [-10.3316],
        [-10.3316],
        [ -9.1828],
        [-12.4590],
        [-13.5853],
        [-11.6528],
        [-10.1603],
        [-11.0309],
        [-10.3316],
        [-10.5451],
        [-12.8178],
        [-10.0247],
        [-10.7965],
        [-11.2427],
        [-13.7398],
        [-10.2722],
        [-10.1089],
        [-11.9217],
        [ -9.8004],
        [-10.7158],
        [-12.3889],
        [-10.9608],
        [-13.4193],
        [-10.3316],
        [-10.5761],
        [ -8.0377],
        [-12.1313],
        [-12.1313],
        [-13.7284],
        [-11.6528],
        [-13.3075],
        [-13.5853],
        [-13.7398],
        [-13.0995],
        [-13.3075],
        [-11.2457],
        [-14.2937],
        [-12.8686],
        [-11.2264],
        [ -8.7533],
        [-10.7829],
        [-11.7067],
        [-14.3978],
        [-11.6645],
        [-11.6645],
        [-13.9403],
        [ -9.9728],
        [-10.7573],
        [-12.2471],
        [-12.2665],
        [ -9.8004],
        [-11.3256],
        [-11.4507]], device='cuda:0')
[Debug] actions_exp max:
1.0
min:
-1.0000001192092896
[Debug] Log probabilities of expert actions: tensor([[-15.8583],
        [-23.4011],
        [-12.1256],
        [-14.3175],
        [-13.0449],
        [-15.7654],
        [-13.3644],
        [-27.2591],
        [-13.9904],
        [-14.4847],
        [-14.5278],
        [-14.4825],
        [-29.8029],
        [-14.5237],
        [-13.2127],
        [-13.6372],
        [-14.0110],
        [-24.9800],
        [-11.9576],
        [-17.1326],
        [-15.0235],
        [-12.8713],
        [-13.5280],
        [-13.8265],
        [-27.4058],
        [-12.0887],
        [-10.4635],
        [-13.4677],
        [-12.9778],
        [-13.9744],
        [-14.4188],
        [-12.6525],
        [-13.3602],
        [-12.8860],
        [-13.6734],
        [-14.0283],
        [-12.3078],
        [-15.2022],
        [-15.3178],
        [-15.6001],
        [-14.4052],
        [-14.4662],
        [-13.3842],
        [-14.3452],
        [-14.1663],
        [-23.4160],
        [-13.2169],
        [-12.9306],
        [-13.2160],
        [-12.5981],
        [-13.0706],
        [-13.9744],
        [-12.0685],
        [-12.8761],
        [-26.7423],
        [-13.0828],
        [-14.1034],
        [-14.4933],
        [-13.3642],
        [-13.1551],
        [-15.3128],
        [-15.6454],
        [-12.9891],
        [-13.4217]], device='cuda:0')
[Debug] Log probabilities of current policy actions: tensor([[ -9.9416],
        [-13.3289],
        [-13.7284],
        [-10.7042],
        [-12.4590],
        [-13.5853],
        [-13.9403],
        [-12.2216],
        [-11.1054],
        [-13.2564],
        [-12.8179],
        [-11.2855],
        [-10.8342],
        [-10.1089],
        [-13.3075],
        [-12.4090],
        [-11.6645],
        [-12.2471],
        [-12.1313],
        [-11.0309],
        [-11.4507],
        [-10.4606],
        [-12.8372],
        [-10.7965],
        [-12.3953],
        [ -8.8993],
        [-11.2855],
        [-11.5519],
        [-13.7765],
        [-10.9767],
        [-11.6719],
        [ -9.6502],
        [-11.2427],
        [-12.1313],
        [-10.9528],
        [-11.2427],
        [ -9.6321],
        [-11.4155],
        [-11.4428],
        [-12.9016],
        [-12.1731],
        [-13.7284],
        [-10.6003],
        [-11.3256],
        [-12.9016],
        [-12.8179],
        [-11.1054],
        [-10.7965],
        [ -8.7533],
        [-10.4606],
        [-12.0288],
        [ -8.8993],
        [ -8.0377],
        [-11.3037],
        [-10.0247],
        [-10.1089],
        [-12.8372],
        [-12.1731],
        [-13.1644],
        [-14.3650],
        [-13.3075],
        [-10.5652],
        [ -9.9738],
        [-11.2457]], device='cuda:0')
[Debug] actions_exp max:
1.0
min:
-1.0
[Debug] Log probabilities of expert actions: tensor([[-11.7996],
        [-12.8727],
        [-15.8522],
        [-13.4967],
        [-28.4899],
        [-16.4060],
        [-13.0637],
        [-13.9904],
        [-11.3345],
        [-13.4303],
        [-11.9187],
        [-14.4531],
        [-13.6951],
        [-13.4968],
        [-13.5731],
        [-12.4893],
        [-12.7351],
        [-15.7014],
        [-14.4715],
        [-26.0485],
        [-15.7714],
        [-13.3644],
        [-11.6255],
        [-12.4212],
        [-13.0928],
        [-13.0706],
        [-13.0746],
        [-13.3257],
        [-14.3584],
        [-13.4886],
        [-13.4013],
        [-14.0456],
        [-13.4266],
        [-15.0318],
        [-12.0902],
        [-12.5322],
        [-13.1669],
        [-25.9990],
        [-11.7592],
        [-12.9891],
        [-17.1164],
        [-13.2651],
        [-13.6928],
        [-23.8341],
        [-40.5637],
        [-13.0774],
        [-13.2797],
        [-13.0615],
        [-12.4089],
        [-14.1583],
        [-23.4234],
        [-14.0161],
        [-12.7251],
        [-27.2486],
        [-13.6277],
        [-11.3560],
        [-11.5130],
        [-23.4027],
        [-27.0355],
        [-16.4158],
        [-13.2548],
        [-12.9955],
        [-15.7658],
        [-15.6430]], device='cuda:0')
[Debug] Log probabilities of current policy actions: tensor([[-13.9403],
        [-11.6645],
        [ -8.7533],
        [-14.3978],
        [-11.9217],
        [ -9.9728],
        [-10.1089],
        [-11.9485],
        [-10.2815],
        [-12.1731],
        [-13.8664],
        [-10.5451],
        [-11.2264],
        [-10.6619],
        [ -9.6502],
        [-13.9403],
        [-12.5132],
        [-10.0247],
        [-12.9016],
        [-11.2264],
        [-12.3953],
        [ -8.0377],
        [-14.3650],
        [-11.9098],
        [-12.2665],
        [-10.2524],
        [-13.7572],
        [-11.2855],
        [-11.9217],
        [ -9.1828],
        [ -9.2511],
        [-11.4155],
        [-10.6619],
        [ -9.9738],
        [-11.6528],
        [-11.6528],
        [ -8.7533],
        [-12.7359],
        [-12.3953],
        [-12.2665],
        [-10.5652],
        [-11.6726],
        [-11.9098],
        [ -9.4661],
        [-13.2564],
        [-13.1644],
        [-10.5761],
        [-10.7042],
        [-10.2524],
        [-11.0309],
        [-11.3037],
        [-11.0096],
        [-12.8332],
        [-10.6003],
        [-10.6619],
        [-11.0096],
        [-11.7067],
        [-10.5451],
        [-12.4590],
        [-11.6645],
        [-11.1054],
        [-12.4732],
        [-12.0288],
        [-13.9403]], device='cuda:0')
[Debug] actions_exp max:
1.0
min:
-1.0
[Debug] Log probabilities of expert actions: tensor([[-14.4097],
        [-14.4605],
        [-11.5132],
        [-12.3332],
        [-13.7781],
        [-12.0375],
        [-14.1210],
        [-24.5003],
        [-15.6322],
        [-29.9536],
        [-15.7937],
        [-13.3007],
        [-11.6298],
        [-15.8131],
        [-13.8065],
        [-15.7937],
        [-12.5764],
        [-13.3917],
        [-14.2698],
        [-14.6929],
        [-25.9126],
        [-11.8437],
        [-13.0546],
        [-15.7510],
        [-13.7853],
        [-30.5451],
        [-29.9633],
        [-13.0502],
        [-14.2668],
        [-15.4914],
        [-13.1655],
        [-12.9778],
        [-11.8597],
        [-15.0523],
        [-13.0469],
        [-29.8050],
        [-13.9893],
        [-14.4052],
        [-13.4037],
        [-12.1799],
        [-13.3948],
        [-13.4005],
        [-10.7137],
        [-40.4604],
        [-13.0904],
        [-15.8449],
        [-14.3990],
        [-15.7740],
        [-13.2256],
        [-15.7469],
        [-23.4011],
        [-13.2417],
        [-15.6454],
        [-13.0076],
        [-14.5395],
        [-53.8307],
        [-15.0299],
        [-15.1154],
        [-24.3460],
        [-14.5395],
        [-15.8449],
        [-22.4897],
        [-28.4778],
        [-12.7757]], device='cuda:0')
[Debug] Rewards: tensor([[11.6051],
        [13.7059],
        [10.9618],
        [11.3279],
        [11.0060],
        [10.4580],
        [12.1693],
        [13.0138],
        [10.6418],
        [13.8604],
        [12.1581],
        [12.6951],
        [ 8.7180],
        [11.5791],
        [13.6538],
        [11.0005],
        [12.1540],
        [12.2494],
        [11.8555],
        [12.0574],
        [10.1723],
        [11.4380],
        [12.5546],
        [12.7954],
        [ 8.6417],
        [10.1624],
        [ 9.6132],
        [13.1341],
        [11.2500],
        [ 7.5292],
        [11.9952],
        [11.2533],
        [13.4200],
        [14.2921],
        [14.3196],
        [11.1957],
        [13.7936],
        [12.6222],
        [12.0226],
        [11.2439],
        [ 9.2682],
        [10.5195],
        [11.1861],
        [13.1516],
        [ 9.0355],
        [12.0730],
        [11.0211],
        [10.8147],
        [12.3671],
        [10.4761],
        [ 9.6331],
        [10.5041],
        [11.5815],
        [10.4780],
        [12.3363],
        [10.5885],
        [ 9.9499],
        [12.7838],
        [12.4320],
        [12.2398],
        [12.9132],
        [12.0428],
        [11.9126],
        [12.4297],
        [12.2519],
        [13.4255],
        [11.1337],
        [13.0345],
        [ 7.9224],
        [11.8146],
        [10.2434],
        [11.4495],
        [11.0835],
        [10.9817],
        [14.2280],
        [ 8.7471],
        [12.8111],
        [10.5152],
        [12.3414],
        [ 9.7080],
        [10.1169],
        [10.6666],
        [10.8570],
        [13.0910],
        [13.7120],
        [ 9.8315],
        [10.8415],
        [10.1301],
        [10.2066],
        [12.6687],
        [10.2046],
        [10.6091],
        [ 9.3457],
        [10.1040],
        [13.7231],
        [10.5859],
        [10.4642],
        [10.6806],
        [10.3414],
        [13.0206]], device='cuda:0')
[Debug] Reward mean: 11.4495, std: 1.4570
[Debug] actions_exp max:
2.041945457458496
min:
-2.0352256298065186
[Debug] actions_exp max:
2.041945457458496
min:
-2.0352256298065186
[Debug] actions_exp max:
2.041945457458496
min:
-2.0352256298065186
[Debug] actions_exp max:
2.041945457458496
min:
-2.0352256298065186
[Debug] actions_exp max:
2.041945457458496
min:
-2.0352256298065186
[Debug] actions_exp max:
2.041945457458496
min:
-2.0352256298065186
[Debug] actions_exp max:
2.041945457458496
min:
-2.0352256298065186
[Debug] actions_exp max:
2.041945457458496
min:
-2.0352256298065186
[Debug] actions_exp max:
2.041945457458496
min:
-2.0352256298065186
[Debug] actions_exp max:
2.041945457458496
min:
-2.0352256298065186
[Debug] actions_exp max:
2.041945457458496
min:
-2.0352256298065186
[Debug] actions_exp max:
2.041945457458496
min:
-2.0352256298065186
[Debug] actions_exp max:
2.041945457458496
min:
-2.0352256298065186
[Debug] actions_exp max:
2.041945457458496
min:
-2.0352256298065186
[Debug] actions_exp max:
2.041945457458496
min:
-2.0352256298065186
[Debug] actions_exp max:
2.041945457458496
min:
-2.0352256298065186
[Debug] actions_exp max:
2.041945457458496
min:
-2.0352256298065186
[Debug] actions_exp max:
2.041945457458496
min:
-2.0352256298065186
[Debug] actions_exp max:
2.041945457458496
min:
-2.0352256298065186
[Debug] actions_exp max:
2.041945457458496
min:
-2.0352256298065186
[Debug] actions_exp max:
2.041945457458496
min:
-2.0352256298065186
[Debug] actions_exp max:
2.041945457458496
min:
-2.0352256298065186
[Debug] actions_exp max:
2.041945457458496
min:
-2.0352256298065186
[Debug] actions_exp max:
2.041945457458496
min:
-2.0352256298065186
[Debug] actions_exp max:
2.041945457458496
min:
-2.0352256298065186
[Debug] actions_exp max:
2.041945457458496
min:
-2.0352256298065186
[Debug] actions_exp max:
2.041945457458496
min:
-2.0352256298065186
[Debug] actions_exp max:
2.041945457458496
min:
-2.0352256298065186
[Debug] actions_exp max:
2.041945457458496
min:
-2.0352256298065186
[Debug] actions_exp max:
2.041945457458496
min:
-2.0352256298065186
[Debug] actions_exp max:
2.041945457458496
min:
-2.0352256298065186
[Debug] actions_exp max:
2.041945457458496
min:
-2.0352256298065186
[Debug] actions_exp max:
2.041945457458496
min:
-2.0352256298065186
[Debug] actions_exp max:
2.041945457458496
min:
-2.0352256298065186
[Debug] actions_exp max:
2.041945457458496
min:
-2.0352256298065186
[Debug] actions_exp max:
2.041945457458496
min:
-2.0352256298065186
[Debug] actions_exp max:
2.041945457458496
min:
-2.0352256298065186
[Debug] actions_exp max:
2.041945457458496
min:
-2.0352256298065186
[Debug] actions_exp max:
2.041945457458496
min:
-2.0352256298065186
[Debug] actions_exp max:
2.041945457458496
min:
-2.0352256298065186
[Debug] actions_exp max:
2.041945457458496
min:
-2.0352256298065186
[Debug] actions_exp max:
2.041945457458496
min:
-2.0352256298065186
[Debug] actions_exp max:
2.041945457458496
min:
-2.0352256298065186
[Debug] actions_exp max:
2.041945457458496
min:
-2.0352256298065186
[Debug] actions_exp max:
2.041945457458496
min:
-2.0352256298065186
[Debug] actions_exp max:
2.041945457458496
min:
-2.0352256298065186
[Debug] actions_exp max:
2.041945457458496
min:
-2.0352256298065186
[Debug] actions_exp max:
2.041945457458496
min:
-2.0352256298065186
[Debug] actions_exp max:
2.041945457458496
min:
-2.0352256298065186
[Debug] actions_exp max:
2.041945457458496
min:
-2.0352256298065186
Step 101, t=8, state shape: (33,)
RolloutBuffer: _n=100, _p=1, total_size=100
Step 102, t=1, state shape: (33,)
RolloutBuffer: _n=100, _p=2, total_size=100
Step 103, t=1, state shape: (33,)
RolloutBuffer: _n=100, _p=3, total_size=100
Step 104, t=1, state shape: (33,)
RolloutBuffer: _n=100, _p=4, total_size=100
Step 105, t=1, state shape: (33,)
RolloutBuffer: _n=100, _p=5, total_size=100
Step 106, t=1, state shape: (33,)
RolloutBuffer: _n=100, _p=6, total_size=100
Step 107, t=1, state shape: (33,)
RolloutBuffer: _n=100, _p=7, total_size=100
Step 108, t=1, state shape: (33,)
RolloutBuffer: _n=100, _p=8, total_size=100
Step 109, t=1, state shape: (33,)
RolloutBuffer: _n=100, _p=9, total_size=100
Step 110, t=1, state shape: (33,)
RolloutBuffer: _n=100, _p=10, total_size=100
Step 111, t=1, state shape: (33,)
RolloutBuffer: _n=100, _p=11, total_size=100
Step 112, t=1, state shape: (33,)
RolloutBuffer: _n=100, _p=12, total_size=100
Step 113, t=1, state shape: (33,)
RolloutBuffer: _n=100, _p=13, total_size=100
Step 114, t=1, state shape: (33,)
RolloutBuffer: _n=100, _p=14, total_size=100
Step 115, t=1, state shape: (33,)
RolloutBuffer: _n=100, _p=15, total_size=100
Step 116, t=1, state shape: (33,)
RolloutBuffer: _n=100, _p=16, total_size=100
Step 117, t=1, state shape: (33,)
RolloutBuffer: _n=100, _p=17, total_size=100
Step 118, t=1, state shape: (33,)
RolloutBuffer: _n=100, _p=18, total_size=100
Step 119, t=1, state shape: (33,)
RolloutBuffer: _n=100, _p=19, total_size=100
Step 120, t=1, state shape: (33,)
RolloutBuffer: _n=100, _p=20, total_size=100
Step 121, t=1, state shape: (33,)
RolloutBuffer: _n=100, _p=21, total_size=100
Step 122, t=1, state shape: (33,)
RolloutBuffer: _n=100, _p=22, total_size=100
Step 123, t=1, state shape: (33,)
RolloutBuffer: _n=100, _p=23, total_size=100
Step 124, t=1, state shape: (33,)
RolloutBuffer: _n=100, _p=24, total_size=100
Step 125, t=1, state shape: (33,)
RolloutBuffer: _n=100, _p=25, total_size=100
Step 126, t=1, state shape: (33,)
RolloutBuffer: _n=100, _p=26, total_size=100
Step 127, t=1, state shape: (33,)
RolloutBuffer: _n=100, _p=27, total_size=100
Step 128, t=1, state shape: (33,)
RolloutBuffer: _n=100, _p=28, total_size=100
Step 129, t=1, state shape: (33,)
RolloutBuffer: _n=100, _p=29, total_size=100
Step 130, t=1, state shape: (33,)
RolloutBuffer: _n=100, _p=30, total_size=100
Step 131, t=1, state shape: (33,)
RolloutBuffer: _n=100, _p=31, total_size=100
Step 132, t=1, state shape: (33,)
RolloutBuffer: _n=100, _p=32, total_size=100
Step 133, t=1, state shape: (33,)
RolloutBuffer: _n=100, _p=33, total_size=100
Step 134, t=1, state shape: (33,)
RolloutBuffer: _n=100, _p=34, total_size=100
Step 135, t=1, state shape: (33,)
RolloutBuffer: _n=100, _p=35, total_size=100
Step 136, t=1, state shape: (33,)
RolloutBuffer: _n=100, _p=36, total_size=100
Step 137, t=1, state shape: (33,)
RolloutBuffer: _n=100, _p=37, total_size=100
Step 138, t=1, state shape: (33,)
RolloutBuffer: _n=100, _p=38, total_size=100
Step 139, t=1, state shape: (33,)
RolloutBuffer: _n=100, _p=39, total_size=100
Step 140, t=1, state shape: (33,)
RolloutBuffer: _n=100, _p=40, total_size=100
Step 141, t=1, state shape: (33,)
RolloutBuffer: _n=100, _p=41, total_size=100
Step 142, t=1, state shape: (33,)
RolloutBuffer: _n=100, _p=42, total_size=100
Step 143, t=1, state shape: (33,)
RolloutBuffer: _n=100, _p=43, total_size=100
Step 144, t=1, state shape: (33,)
RolloutBuffer: _n=100, _p=44, total_size=100
Step 145, t=1, state shape: (33,)
RolloutBuffer: _n=100, _p=45, total_size=100
Step 146, t=1, state shape: (33,)
RolloutBuffer: _n=100, _p=46, total_size=100
Step 147, t=1, state shape: (33,)
RolloutBuffer: _n=100, _p=47, total_size=100
Step 148, t=1, state shape: (33,)
RolloutBuffer: _n=100, _p=48, total_size=100
Step 149, t=1, state shape: (33,)
RolloutBuffer: _n=100, _p=49, total_size=100
Step 150, t=1, state shape: (33,)
RolloutBuffer: _n=100, _p=50, total_size=100
Step 151, t=1, state shape: (33,)
RolloutBuffer: _n=100, _p=51, total_size=100
Step 152, t=1, state shape: (33,)
RolloutBuffer: _n=100, _p=52, total_size=100
Step 153, t=1, state shape: (33,)
RolloutBuffer: _n=100, _p=53, total_size=100
Step 154, t=1, state shape: (33,)
RolloutBuffer: _n=100, _p=54, total_size=100
Step 155, t=1, state shape: (33,)
RolloutBuffer: _n=100, _p=55, total_size=100
Step 156, t=1, state shape: (33,)
RolloutBuffer: _n=100, _p=56, total_size=100
Step 157, t=1, state shape: (33,)
RolloutBuffer: _n=100, _p=57, total_size=100
Step 158, t=1, state shape: (33,)
RolloutBuffer: _n=100, _p=58, total_size=100
Step 159, t=1, state shape: (33,)
RolloutBuffer: _n=100, _p=59, total_size=100
Step 160, t=1, state shape: (33,)
RolloutBuffer: _n=100, _p=60, total_size=100
Step 161, t=1, state shape: (33,)
RolloutBuffer: _n=100, _p=61, total_size=100
Step 162, t=1, state shape: (33,)
RolloutBuffer: _n=100, _p=62, total_size=100
Step 163, t=1, state shape: (33,)
RolloutBuffer: _n=100, _p=63, total_size=100
Step 164, t=1, state shape: (33,)
RolloutBuffer: _n=100, _p=64, total_size=100
Step 165, t=1, state shape: (33,)
RolloutBuffer: _n=100, _p=65, total_size=100
Step 166, t=1, state shape: (33,)
RolloutBuffer: _n=100, _p=66, total_size=100
Step 167, t=1, state shape: (33,)
RolloutBuffer: _n=100, _p=67, total_size=100
Step 168, t=1, state shape: (33,)
RolloutBuffer: _n=100, _p=68, total_size=100
Step 169, t=1, state shape: (33,)
RolloutBuffer: _n=100, _p=69, total_size=100
Step 170, t=1, state shape: (33,)
RolloutBuffer: _n=100, _p=70, total_size=100
Step 171, t=1, state shape: (33,)
RolloutBuffer: _n=100, _p=71, total_size=100
Step 172, t=1, state shape: (33,)
RolloutBuffer: _n=100, _p=72, total_size=100
Step 173, t=1, state shape: (33,)
RolloutBuffer: _n=100, _p=73, total_size=100
Step 174, t=1, state shape: (33,)
RolloutBuffer: _n=100, _p=74, total_size=100
Step 175, t=1, state shape: (33,)
RolloutBuffer: _n=100, _p=75, total_size=100
Step 176, t=1, state shape: (33,)
RolloutBuffer: _n=100, _p=76, total_size=100
Step 177, t=1, state shape: (33,)
RolloutBuffer: _n=100, _p=77, total_size=100
Step 178, t=1, state shape: (33,)
RolloutBuffer: _n=100, _p=78, total_size=100
Step 179, t=1, state shape: (33,)
RolloutBuffer: _n=100, _p=79, total_size=100
Step 180, t=1, state shape: (33,)
RolloutBuffer: _n=100, _p=80, total_size=100
Step 181, t=1, state shape: (33,)
RolloutBuffer: _n=100, _p=81, total_size=100
Step 182, t=1, state shape: (33,)
RolloutBuffer: _n=100, _p=82, total_size=100
Step 183, t=1, state shape: (33,)
RolloutBuffer: _n=100, _p=83, total_size=100
Step 184, t=1, state shape: (33,)
RolloutBuffer: _n=100, _p=84, total_size=100
Step 185, t=1, state shape: (33,)
RolloutBuffer: _n=100, _p=85, total_size=100
Step 186, t=1, state shape: (33,)
RolloutBuffer: _n=100, _p=86, total_size=100
Step 187, t=1, state shape: (33,)
RolloutBuffer: _n=100, _p=87, total_size=100
Step 188, t=1, state shape: (33,)
RolloutBuffer: _n=100, _p=88, total_size=100
Step 189, t=1, state shape: (33,)
RolloutBuffer: _n=100, _p=89, total_size=100
Step 190, t=1, state shape: (33,)
RolloutBuffer: _n=100, _p=90, total_size=100
Step 191, t=1, state shape: (33,)
RolloutBuffer: _n=100, _p=91, total_size=100
Step 192, t=1, state shape: (33,)
RolloutBuffer: _n=100, _p=92, total_size=100
Step 193, t=1, state shape: (33,)
RolloutBuffer: _n=100, _p=93, total_size=100
Step 194, t=1, state shape: (33,)
RolloutBuffer: _n=100, _p=94, total_size=100
Step 195, t=1, state shape: (33,)
RolloutBuffer: _n=100, _p=95, total_size=100
Step 196, t=1, state shape: (33,)
RolloutBuffer: _n=100, _p=96, total_size=100
Step 197, t=1, state shape: (33,)
RolloutBuffer: _n=100, _p=97, total_size=100
Step 198, t=1, state shape: (33,)
RolloutBuffer: _n=100, _p=98, total_size=100
Step 199, t=1, state shape: (33,)
RolloutBuffer: _n=100, _p=99, total_size=100
Step 200, t=1, state shape: (33,)
RolloutBuffer: _n=100, _p=0, total_size=100
[Debug] Log probabilities of current policy actions: tensor([[nan],
        [nan],
        [nan],
        [nan],
        [nan],
        [nan],
        [nan],
        [nan],
        [nan],
        [nan],
        [nan],
        [nan],
        [nan],
        [nan],
        [nan],
        [nan],
        [nan],
        [nan],
        [nan],
        [nan],
        [nan],
        [nan],
        [nan],
        [nan],
        [nan],
        [nan],
        [nan],
        [nan],
        [nan],
        [nan],
        [nan],
        [nan],
        [nan],
        [nan],
        [nan],
        [nan],
        [nan],
        [nan],
        [nan],
        [nan],
        [nan],
        [nan],
        [nan],
        [nan],
        [nan],
        [nan],
        [nan],
        [nan],
        [nan],
        [nan],
        [nan],
        [nan],
        [nan],
        [nan],
        [nan],
        [nan],
        [nan],
        [nan],
        [nan],
        [nan],
        [nan],
        [nan],
        [nan],
        [nan]], device='cuda:0')
[Debug] actions_exp max:
1.0
min:
-1.0
[Debug] Log probabilities of expert actions: tensor([[nan],
        [nan],
        [nan],
        [nan],
        [nan],
        [nan],
        [nan],
        [nan],
        [nan],
        [nan],
        [nan],
        [nan],
        [nan],
        [nan],
        [nan],
        [nan],
        [nan],
        [nan],
        [nan],
        [nan],
        [nan],
        [nan],
        [nan],
        [nan],
        [nan],
        [nan],
        [nan],
        [nan],
        [nan],
        [nan],
        [nan],
        [nan],
        [nan],
        [nan],
        [nan],
        [nan],
        [nan],
        [nan],
        [nan],
        [nan],
        [nan],
        [nan],
        [nan],
        [nan],
        [nan],
        [nan],
        [nan],
        [nan],
        [nan],
        [nan],
        [nan],
        [nan],
        [nan],
        [nan],
        [nan],
        [nan],
        [nan],
        [nan],
        [nan],
        [nan],
        [nan],
        [nan],
        [nan],
        [nan]], device='cuda:0')
[Debug] Log probabilities of current policy actions: tensor([[nan],
        [nan],
        [nan],
        [nan],
        [nan],
        [nan],
        [nan],
        [nan],
        [nan],
        [nan],
        [nan],
        [nan],
        [nan],
        [nan],
        [nan],
        [nan],
        [nan],
        [nan],
        [nan],
        [nan],
        [nan],
        [nan],
        [nan],
        [nan],
        [nan],
        [nan],
        [nan],
        [nan],
        [nan],
        [nan],
        [nan],
        [nan],
        [nan],
        [nan],
        [nan],
        [nan],
        [nan],
        [nan],
        [nan],
        [nan],
        [nan],
        [nan],
        [nan],
        [nan],
        [nan],
        [nan],
        [nan],
        [nan],
        [nan],
        [nan],
        [nan],
        [nan],
        [nan],
        [nan],
        [nan],
        [nan],
        [nan],
        [nan],
        [nan],
        [nan],
        [nan],
        [nan],
        [nan],
        [nan]], device='cuda:0')
[Debug] actions_exp max:
1.0000001192092896
min:
-1.0
[Debug] Log probabilities of expert actions: tensor([[nan],
        [nan],
        [nan],
        [nan],
        [nan],
        [nan],
        [nan],
        [nan],
        [nan],
        [nan],
        [nan],
        [nan],
        [nan],
        [nan],
        [nan],
        [nan],
        [nan],
        [nan],
        [nan],
        [nan],
        [nan],
        [nan],
        [nan],
        [nan],
        [nan],
        [nan],
        [nan],
        [nan],
        [nan],
        [nan],
        [nan],
        [nan],
        [nan],
        [nan],
        [nan],
        [nan],
        [nan],
        [nan],
        [nan],
        [nan],
        [nan],
        [nan],
        [nan],
        [nan],
        [nan],
        [nan],
        [nan],
        [nan],
        [nan],
        [nan],
        [nan],
        [nan],
        [nan],
        [nan],
        [nan],
        [nan],
        [nan],
        [nan],
        [nan],
        [nan],
        [nan],
        [nan],
        [nan],
        [nan]], device='cuda:0')
[Debug] Log probabilities of current policy actions: tensor([[nan],
        [nan],
        [nan],
        [nan],
        [nan],
        [nan],
        [nan],
        [nan],
        [nan],
        [nan],
        [nan],
        [nan],
        [nan],
        [nan],
        [nan],
        [nan],
        [nan],
        [nan],
        [nan],
        [nan],
        [nan],
        [nan],
        [nan],
        [nan],
        [nan],
        [nan],
        [nan],
        [nan],
        [nan],
        [nan],
        [nan],
        [nan],
        [nan],
        [nan],
        [nan],
        [nan],
        [nan],
        [nan],
        [nan],
        [nan],
        [nan],
        [nan],
        [nan],
        [nan],
        [nan],
        [nan],
        [nan],
        [nan],
        [nan],
        [nan],
        [nan],
        [nan],
        [nan],
        [nan],
        [nan],
        [nan],
        [nan],
        [nan],
        [nan],
        [nan],
        [nan],
        [nan],
        [nan],
        [nan]], device='cuda:0')
[Debug] actions_exp max:
1.0
min:
-1.0000001192092896
[Debug] Log probabilities of expert actions: tensor([[nan],
        [nan],
        [nan],
        [nan],
        [nan],
        [nan],
        [nan],
        [nan],
        [nan],
        [nan],
        [nan],
        [nan],
        [nan],
        [nan],
        [nan],
        [nan],
        [nan],
        [nan],
        [nan],
        [nan],
        [nan],
        [nan],
        [nan],
        [nan],
        [nan],
        [nan],
        [nan],
        [nan],
        [nan],
        [nan],
        [nan],
        [nan],
        [nan],
        [nan],
        [nan],
        [nan],
        [nan],
        [nan],
        [nan],
        [nan],
        [nan],
        [nan],
        [nan],
        [nan],
        [nan],
        [nan],
        [nan],
        [nan],
        [nan],
        [nan],
        [nan],
        [nan],
        [nan],
        [nan],
        [nan],
        [nan],
        [nan],
        [nan],
        [nan],
        [nan],
        [nan],
        [nan],
        [nan],
        [nan]], device='cuda:0')
[Debug] Rewards: tensor([[nan],
        [nan],
        [nan],
        [nan],
        [nan],
        [nan],
        [nan],
        [nan],
        [nan],
        [nan],
        [nan],
        [nan],
        [nan],
        [nan],
        [nan],
        [nan],
        [nan],
        [nan],
        [nan],
        [nan],
        [nan],
        [nan],
        [nan],
        [nan],
        [nan],
        [nan],
        [nan],
        [nan],
        [nan],
        [nan],
        [nan],
        [nan],
        [nan],
        [nan],
        [nan],
        [nan],
        [nan],
        [nan],
        [nan],
        [nan],
        [nan],
        [nan],
        [nan],
        [nan],
        [nan],
        [nan],
        [nan],
        [nan],
        [nan],
        [nan],
        [nan],
        [nan],
        [nan],
        [nan],
        [nan],
        [nan],
        [nan],
        [nan],
        [nan],
        [nan],
        [nan],
        [nan],
        [nan],
        [nan],
        [nan],
        [nan],
        [nan],
        [nan],
        [nan],
        [nan],
        [nan],
        [nan],
        [nan],
        [nan],
        [nan],
        [nan],
        [nan],
        [nan],
        [nan],
        [nan],
        [nan],
        [nan],
        [nan],
        [nan],
        [nan],
        [nan],
        [nan],
        [nan],
        [nan],
        [nan],
        [nan],
        [nan],
        [nan],
        [nan],
        [nan],
        [nan],
        [nan],
        [nan],
        [nan],
        [nan]], device='cuda:0')
[Debug] Reward mean: nan, std: nan
[Debug] actions_exp max:
nan
min:
nan
[Debug] actions_exp max:
nan
min:
nan
[Debug] actions_exp max:
nan
min:
nan
[Debug] actions_exp max:
nan
min:
nan
[Debug] actions_exp max:
nan
min:
nan
[Debug] actions_exp max:
nan
min:
nan
[Debug] actions_exp max:
nan
min:
nan
[Debug] actions_exp max:
nan
min:
nan
[Debug] actions_exp max:
nan
min:
nan
[Debug] actions_exp max:
nan
min:
nan
[Debug] actions_exp max:
nan
min:
nan
[Debug] actions_exp max:
nan
min:
nan
[Debug] actions_exp max:
nan
min:
nan
[Debug] actions_exp max:
nan
min:
nan
[Debug] actions_exp max:
nan
min:
nan
[Debug] actions_exp max:
nan
min:
nan
[Debug] actions_exp max:
nan
min:
nan
[Debug] actions_exp max:
nan
min:
nan
[Debug] actions_exp max:
nan
min:
nan
[Debug] actions_exp max:
nan
min:
nan
[Debug] actions_exp max:
nan
min:
nan
[Debug] actions_exp max:
nan
min:
nan
[Debug] actions_exp max:
nan
min:
nan
[Debug] actions_exp max:
nan
min:
nan
[Debug] actions_exp max:
nan
min:
nan
[Debug] actions_exp max:
nan
min:
nan
[Debug] actions_exp max:
nan
min:
nan
[Debug] actions_exp max:
nan
min:
nan
[Debug] actions_exp max:
nan
min:
nan
[Debug] actions_exp max:
nan
min:
nan
[Debug] actions_exp max:
nan
min:
nan
[Debug] actions_exp max:
nan
min:
nan
[Debug] actions_exp max:
nan
min:
nan
[Debug] actions_exp max:
nan
min:
nan
[Debug] actions_exp max:
nan
min:
nan
[Debug] actions_exp max:
nan
min:
nan
[Debug] actions_exp max:
nan
min:
nan
[Debug] actions_exp max:
nan
min:
nan
[Debug] actions_exp max:
nan
min:
nan
[Debug] actions_exp max:
nan
min:
nan
[Debug] actions_exp max:
nan
min:
nan
[Debug] actions_exp max:
nan
min:
nan
[Debug] actions_exp max:
nan
min:
nan
[Debug] actions_exp max:
nan
min:
nan
[Debug] actions_exp max:
nan
min:
nan
[Debug] actions_exp max:
nan
min:
nan
[Debug] actions_exp max:
nan
min:
nan
[Debug] actions_exp max:
nan
min:
nan
[Debug] actions_exp max:
nan
min:
nan
[Debug] actions_exp max:
nan
min:
nan
Step 201, t=1, state shape: (33,)
RolloutBuffer: _n=100, _p=1, total_size=100
Step 202, t=1, state shape: (33,)
RolloutBuffer: _n=100, _p=2, total_size=100
Step 203, t=1, state shape: (33,)
RolloutBuffer: _n=100, _p=3, total_size=100
Step 204, t=1, state shape: (33,)
RolloutBuffer: _n=100, _p=4, total_size=100
Step 205, t=1, state shape: (33,)
RolloutBuffer: _n=100, _p=5, total_size=100
Step 206, t=1, state shape: (33,)
RolloutBuffer: _n=100, _p=6, total_size=100
Step 207, t=1, state shape: (33,)
RolloutBuffer: _n=100, _p=7, total_size=100
Step 208, t=1, state shape: (33,)
RolloutBuffer: _n=100, _p=8, total_size=100
Step 209, t=1, state shape: (33,)
RolloutBuffer: _n=100, _p=9, total_size=100
Step 210, t=1, state shape: (33,)
