[0.415s] Invoking command in '/home/yuchen/airl-insect-walking/ros2_ws/src/red_mirror_pkg': CONDA_PROMPT_MODIFIER=(base) PYTHONPATH=/home/yuchen/airl-insect-walking/ros2_ws/build/red_mirror_pkg/prefix_override:/usr/lib/python3/dist-packages/colcon_core/task/python/colcon_distutils_commands:/home/yuchen/airl-insect-walking/ros2_ws/install/red_mirror_pkg/lib/python3.10/site-packages:${PYTHONPATH} /usr/bin/python3 -W ignore:setup.py install is deprecated -W ignore:easy_install command is deprecated setup.py egg_info --egg-base ../../build/red_mirror_pkg build --build-base /home/yuchen/airl-insect-walking/ros2_ws/build/red_mirror_pkg/build install --record /home/yuchen/airl-insect-walking/ros2_ws/build/red_mirror_pkg/install.log --single-version-externally-managed install_data
[0.529s] running egg_info
[0.529s] writing ../../build/red_mirror_pkg/red_mirror_pkg.egg-info/PKG-INFO
[0.529s] writing dependency_links to ../../build/red_mirror_pkg/red_mirror_pkg.egg-info/dependency_links.txt
[0.529s] writing entry points to ../../build/red_mirror_pkg/red_mirror_pkg.egg-info/entry_points.txt
[0.529s] writing requirements to ../../build/red_mirror_pkg/red_mirror_pkg.egg-info/requires.txt
[0.529s] writing top-level names to ../../build/red_mirror_pkg/red_mirror_pkg.egg-info/top_level.txt
[0.530s] reading manifest file '../../build/red_mirror_pkg/red_mirror_pkg.egg-info/SOURCES.txt'
[0.531s] writing manifest file '../../build/red_mirror_pkg/red_mirror_pkg.egg-info/SOURCES.txt'
[0.531s] running build
[0.531s] running build_py
[0.531s] copying red_mirror_pkg/red_mirror_esp32_node.py -> /home/yuchen/airl-insect-walking/ros2_ws/build/red_mirror_pkg/build/lib/red_mirror_pkg
[0.531s] running install
[0.531s] running install_lib
[0.531s] copying /home/yuchen/airl-insect-walking/ros2_ws/build/red_mirror_pkg/build/lib/red_mirror_pkg/red_mirror_esp32_node.py -> /home/yuchen/airl-insect-walking/ros2_ws/install/red_mirror_pkg/lib/python3.10/site-packages/red_mirror_pkg
[0.532s] byte-compiling /home/yuchen/airl-insect-walking/ros2_ws/install/red_mirror_pkg/lib/python3.10/site-packages/red_mirror_pkg/red_mirror_esp32_node.py to red_mirror_esp32_node.cpython-310.pyc
[0.532s] running install_data
[0.532s] running install_egg_info
[0.533s] removing '/home/yuchen/airl-insect-walking/ros2_ws/install/red_mirror_pkg/lib/python3.10/site-packages/red_mirror_pkg-0.0.0-py3.10.egg-info' (and everything under it)
[0.533s] Copying ../../build/red_mirror_pkg/red_mirror_pkg.egg-info to /home/yuchen/airl-insect-walking/ros2_ws/install/red_mirror_pkg/lib/python3.10/site-packages/red_mirror_pkg-0.0.0-py3.10.egg-info
[0.533s] running install_scripts
[0.545s] Installing red_mirror_dynamixel_node script to /home/yuchen/airl-insect-walking/ros2_ws/install/red_mirror_pkg/lib/red_mirror_pkg
[0.545s] Installing red_mirror_esp32_node script to /home/yuchen/airl-insect-walking/ros2_ws/install/red_mirror_pkg/lib/red_mirror_pkg
[0.545s] writing list of installed files to '/home/yuchen/airl-insect-walking/ros2_ws/build/red_mirror_pkg/install.log'
[0.560s] Invoked command in '/home/yuchen/airl-insect-walking/ros2_ws/src/red_mirror_pkg' returned '0': CONDA_PROMPT_MODIFIER=(base) PYTHONPATH=/home/yuchen/airl-insect-walking/ros2_ws/build/red_mirror_pkg/prefix_override:/usr/lib/python3/dist-packages/colcon_core/task/python/colcon_distutils_commands:/home/yuchen/airl-insect-walking/ros2_ws/install/red_mirror_pkg/lib/python3.10/site-packages:${PYTHONPATH} /usr/bin/python3 -W ignore:setup.py install is deprecated -W ignore:easy_install command is deprecated setup.py egg_info --egg-base ../../build/red_mirror_pkg build --build-base /home/yuchen/airl-insect-walking/ros2_ws/build/red_mirror_pkg/build install --record /home/yuchen/airl-insect-walking/ros2_ws/build/red_mirror_pkg/install.log --single-version-externally-managed install_data
