[0.407s] Invoking command in '/home/yuchen/airl-insect-walking/ros2_ws/src/robot_policy': PYTHONPATH=/home/yuchen/airl-insect-walking/ros2_ws/build/robot_policy/prefix_override:/usr/lib/python3/dist-packages/colcon_core/task/python/colcon_distutils_commands:/home/yuchen/airl-insect-walking/ros2_ws/install/robot_policy/lib/python3.10/site-packages:${PYTHONPATH} /usr/bin/python3 -W ignore:setup.py install is deprecated -W ignore:easy_install command is deprecated setup.py egg_info --egg-base ../../build/robot_policy build --build-base /home/yuchen/airl-insect-walking/ros2_ws/build/robot_policy/build install --record /home/yuchen/airl-insect-walking/ros2_ws/build/robot_policy/install.log --single-version-externally-managed install_data
[0.515s] running egg_info
[0.515s] writing ../../build/robot_policy/robot_policy.egg-info/PKG-INFO
[0.515s] writing dependency_links to ../../build/robot_policy/robot_policy.egg-info/dependency_links.txt
[0.515s] writing entry points to ../../build/robot_policy/robot_policy.egg-info/entry_points.txt
[0.515s] writing requirements to ../../build/robot_policy/robot_policy.egg-info/requires.txt
[0.515s] writing top-level names to ../../build/robot_policy/robot_policy.egg-info/top_level.txt
[0.516s] reading manifest file '../../build/robot_policy/robot_policy.egg-info/SOURCES.txt'
[0.516s] writing manifest file '../../build/robot_policy/robot_policy.egg-info/SOURCES.txt'
[0.516s] running build
[0.516s] running build_py
[0.517s] copying robot_policy/red_mirror_dynamixel_node.py -> /home/yuchen/airl-insect-walking/ros2_ws/build/robot_policy/build/lib/robot_policy
[0.517s] running install
[0.517s] running install_lib
[0.517s] copying /home/yuchen/airl-insect-walking/ros2_ws/build/robot_policy/build/lib/robot_policy/red_mirror_dynamixel_node.py -> /home/yuchen/airl-insect-walking/ros2_ws/install/robot_policy/lib/python3.10/site-packages/robot_policy
[0.518s] byte-compiling /home/yuchen/airl-insect-walking/ros2_ws/install/robot_policy/lib/python3.10/site-packages/robot_policy/red_mirror_dynamixel_node.py to red_mirror_dynamixel_node.cpython-310.pyc
[0.518s] running install_data
[0.518s] running install_egg_info
[0.519s] removing '/home/yuchen/airl-insect-walking/ros2_ws/install/robot_policy/lib/python3.10/site-packages/robot_policy-0.0.1-py3.10.egg-info' (and everything under it)
[0.520s] Copying ../../build/robot_policy/robot_policy.egg-info to /home/yuchen/airl-insect-walking/ros2_ws/install/robot_policy/lib/python3.10/site-packages/robot_policy-0.0.1-py3.10.egg-info
[0.520s] running install_scripts
[0.531s] Installing fake_contact_states script to /home/yuchen/airl-insect-walking/ros2_ws/install/robot_policy/lib/robot_policy
[0.531s] Installing fake_imu_states script to /home/yuchen/airl-insect-walking/ros2_ws/install/robot_policy/lib/robot_policy
[0.531s] Installing fake_joint_states script to /home/yuchen/airl-insect-walking/ros2_ws/install/robot_policy/lib/robot_policy
[0.531s] Installing policy_node script to /home/yuchen/airl-insect-walking/ros2_ws/install/robot_policy/lib/robot_policy
[0.531s] writing list of installed files to '/home/yuchen/airl-insect-walking/ros2_ws/build/robot_policy/install.log'
[0.550s] Invoked command in '/home/yuchen/airl-insect-walking/ros2_ws/src/robot_policy' returned '0': PYTHONPATH=/home/yuchen/airl-insect-walking/ros2_ws/build/robot_policy/prefix_override:/usr/lib/python3/dist-packages/colcon_core/task/python/colcon_distutils_commands:/home/yuchen/airl-insect-walking/ros2_ws/install/robot_policy/lib/python3.10/site-packages:${PYTHONPATH} /usr/bin/python3 -W ignore:setup.py install is deprecated -W ignore:easy_install command is deprecated setup.py egg_info --egg-base ../../build/robot_policy build --build-base /home/yuchen/airl-insect-walking/ros2_ws/build/robot_policy/build install --record /home/yuchen/airl-insect-walking/ros2_ws/build/robot_policy/install.log --single-version-externally-managed install_data
