Logging started at 20250522-1641
scale: [3.1415927 3.1415927 3.1415927 3.1415927 3.1415927 3.1415927 3.1415927
 3.1415927 3.1415927 3.1415927 3.1415927 3.1415927 3.1415927 3.1415927
 3.1415927 3.1415927 3.1415927 3.1415927]
mid: [0. 0. 0. 0. 0. 0. 0. 0. 0. 0. 0. 0. 0. 0. 0. 0. 0. 0.]
action space high: [1. 1. 1. 1. 1. 1. 1. 1. 1. 1. 1. 1. 1. 1. 1. 1. 1. 1.]
action space low: [-1. -1. -1. -1. -1. -1. -1. -1. -1. -1. -1. -1. -1. -1. -1. -1. -1. -1.]
scale: [3.1415927 3.1415927 3.1415927 3.1415927 3.1415927 3.1415927 3.1415927
 3.1415927 3.1415927 3.1415927 3.1415927 3.1415927 3.1415927 3.1415927
 3.1415927 3.1415927 3.1415927 3.1415927]
mid: [0. 0. 0. 0. 0. 0. 0. 0. 0. 0. 0. 0. 0. 0. 0. 0. 0. 0.]
action space high: [1. 1. 1. 1. 1. 1. 1. 1. 1. 1. 1. 1. 1. 1. 1. 1. 1. 1.]
action space low: [-1. -1. -1. -1. -1. -1. -1. -1. -1. -1. -1. -1. -1. -1. -1. -1. -1. -1.]
NVIDIA RTX A6000
Process ID: 77547
Env: StickInsect-v4, experts/StickInsect_states_v1.pt, experts/StickInsect_actions_v1.pt, Seed: 0
Rollout length: 3000
Num steps: 2000000, Eval interval: 10000
Gamma: 0.995, Mix buffer: 1, Batch size: 64
lr_actor: 5e-05, lr_critic: 5e-05, lr_disc: 0.0003
Units Actor: (64, 64), Units Critic: (64, 64)
Units Disc: (100, 100)
Epoch ppo: 50, Epoch disc: 10
Clip Epsc: 0.2, Lambda: 0.97, Coef Ent: 0.05, Max Grad Norm: 10.0
Load data states: (2749, 47), actions: (2749, 18)
Expert data states: (2748, 47), actions: (2748, 18)
normalized expert action high: 0.44243812561035156
normalized expert action low: -0.3417970836162567
Expert buffer size: 2748
State shape: (47,), Action shape: (18,)
Input dimension: 65
Initial state shape: (47,)
Num steps: 10000    Return: 2918.1   Time: 0:00:22
Num steps: 20000    Return: 2659.3   Time: 0:00:45
Num steps: 30000    Return: 2984.4   Time: 0:01:08
Num steps: 40000    Return: 3226.0   Time: 0:01:31
Num steps: 50000    Return: 2920.7   Time: 0:01:53
Num steps: 60000    Return: 3615.2   Time: 0:02:17
Num steps: 70000    Return: 3111.6   Time: 0:02:46
Num steps: 80000    Return: 3288.9   Time: 0:03:15
Num steps: 90000    Return: 2606.2   Time: 0:03:45
Num steps: 100000   Return: 2653.8   Time: 0:04:14
Num steps: 110000   Return: 3094.3   Time: 0:04:43
Num steps: 120000   Return: 3000.0   Time: 0:05:13
Num steps: 130000   Return: 2415.9   Time: 0:05:41
Num steps: 140000   Return: 3836.9   Time: 0:06:11
Num steps: 150000   Return: 3200.5   Time: 0:06:41
Num steps: 160000   Return: 3674.9   Time: 0:07:13
Num steps: 170000   Return: 3336.1   Time: 0:07:45
Num steps: 180000   Return: 3119.2   Time: 0:08:15
Num steps: 190000   Return: 3841.1   Time: 0:08:45
Num steps: 200000   Return: 3689.3   Time: 0:09:15
Num steps: 210000   Return: 2773.1   Time: 0:09:44
Num steps: 220000   Return: 3069.6   Time: 0:10:14
Num steps: 230000   Return: 3068.0   Time: 0:10:45
Num steps: 240000   Return: 2814.5   Time: 0:11:15
Num steps: 250000   Return: 3018.3   Time: 0:11:43
Num steps: 260000   Return: 3185.3   Time: 0:12:13
Num steps: 270000   Return: 2898.6   Time: 0:12:44
Num steps: 280000   Return: 2876.0   Time: 0:13:14
Num steps: 290000   Return: 3581.0   Time: 0:13:45
Num steps: 300000   Return: 2778.2   Time: 0:14:15
Num steps: 310000   Return: 4488.3   Time: 0:14:46
Num steps: 320000   Return: 3281.4   Time: 0:15:16
Num steps: 330000   Return: 2995.8   Time: 0:15:46
Num steps: 340000   Return: 4058.1   Time: 0:16:15
Num steps: 350000   Return: 2952.6   Time: 0:16:45
Num steps: 360000   Return: 3534.9   Time: 0:17:15
Num steps: 370000   Return: 2574.7   Time: 0:17:45
Num steps: 380000   Return: 2926.8   Time: 0:18:15
Num steps: 390000   Return: 2914.8   Time: 0:18:46
Num steps: 400000   Return: 2863.0   Time: 0:19:16
Num steps: 410000   Return: 2874.2   Time: 0:19:46
Num steps: 420000   Return: 3135.3   Time: 0:20:16
Num steps: 430000   Return: 2779.3   Time: 0:20:46
Num steps: 440000   Return: 2739.9   Time: 0:21:16
Num steps: 450000   Return: 3848.1   Time: 0:21:46
Num steps: 460000   Return: 4149.8   Time: 0:22:15
Num steps: 470000   Return: 3361.0   Time: 0:22:45
Num steps: 480000   Return: 3019.2   Time: 0:23:15
Num steps: 490000   Return: 3517.5   Time: 0:23:45
Num steps: 500000   Return: 2800.3   Time: 0:24:14
Num steps: 510000   Return: 2753.8   Time: 0:24:44
Num steps: 520000   Return: 2708.6   Time: 0:25:14
Num steps: 530000   Return: 3539.3   Time: 0:25:44
Num steps: 540000   Return: 2820.0   Time: 0:26:14
Num steps: 550000   Return: 2899.5   Time: 0:26:44
Num steps: 560000   Return: 2768.0   Time: 0:27:14
Num steps: 570000   Return: 3072.0   Time: 0:27:45
Num steps: 580000   Return: 3348.7   Time: 0:28:14
Num steps: 590000   Return: 3000.4   Time: 0:28:44
Num steps: 600000   Return: 3098.4   Time: 0:29:14
Num steps: 610000   Return: 4093.0   Time: 0:29:44
Num steps: 620000   Return: 2989.6   Time: 0:30:14
Num steps: 630000   Return: 3484.9   Time: 0:30:44
Num steps: 640000   Return: 2604.0   Time: 0:31:14
Num steps: 650000   Return: 2639.0   Time: 0:31:44
Num steps: 660000   Return: 3398.0   Time: 0:32:14
Num steps: 670000   Return: 2866.7   Time: 0:32:44
Num steps: 680000   Return: 3251.6   Time: 0:33:14
Num steps: 690000   Return: 2789.6   Time: 0:33:45
Num steps: 700000   Return: 3102.3   Time: 0:34:14
Num steps: 710000   Return: 2978.1   Time: 0:34:44
Num steps: 720000   Return: 2729.0   Time: 0:35:15
Num steps: 730000   Return: 2829.0   Time: 0:35:44
Num steps: 740000   Return: 2849.0   Time: 0:36:12
Num steps: 750000   Return: 3368.0   Time: 0:36:43
Num steps: 760000   Return: 3152.0   Time: 0:37:13
Num steps: 770000   Return: 3067.3   Time: 0:37:42
Num steps: 780000   Return: 2763.9   Time: 0:38:12
Num steps: 790000   Return: 2650.4   Time: 0:38:42
Num steps: 800000   Return: 3621.1   Time: 0:39:12
Num steps: 810000   Return: 2726.1   Time: 0:39:42
Num steps: 820000   Return: 3218.4   Time: 0:40:11
Num steps: 830000   Return: 2801.3   Time: 0:40:41
Num steps: 840000   Return: 3668.9   Time: 0:41:12
Num steps: 850000   Return: 3091.0   Time: 0:41:40
Num steps: 860000   Return: 2715.5   Time: 0:42:11
Num steps: 870000   Return: 3747.3   Time: 0:42:41
Num steps: 880000   Return: 2934.7   Time: 0:43:11
Num steps: 890000   Return: 3159.6   Time: 0:43:40
Num steps: 900000   Return: 2948.5   Time: 0:44:12
Num steps: 910000   Return: 3390.3   Time: 0:44:42
Num steps: 920000   Return: 2905.4   Time: 0:45:11
Num steps: 930000   Return: 2745.3   Time: 0:45:41
Num steps: 940000   Return: 2780.2   Time: 0:46:12
Num steps: 950000   Return: 3065.1   Time: 0:46:41
Num steps: 960000   Return: 3845.0   Time: 0:47:12
Num steps: 970000   Return: 2762.5   Time: 0:47:40
Num steps: 980000   Return: 3460.3   Time: 0:48:11
Num steps: 990000   Return: 3151.9   Time: 0:48:42
Num steps: 1000000   Return: 3426.2   Time: 0:49:12
Num steps: 1010000   Return: 3040.3   Time: 0:49:40
Num steps: 1020000   Return: 3515.1   Time: 0:50:11
Num steps: 1030000   Return: 3074.1   Time: 0:50:41
Num steps: 1040000   Return: 3079.4   Time: 0:51:11
Num steps: 1050000   Return: 3225.4   Time: 0:51:40
Num steps: 1060000   Return: 2921.5   Time: 0:52:10
Num steps: 1070000   Return: 2813.1   Time: 0:52:40
Num steps: 1080000   Return: 2901.6   Time: 0:53:10
Num steps: 1090000   Return: 3132.1   Time: 0:53:39
Num steps: 1100000   Return: 2915.7   Time: 0:54:09
Num steps: 1110000   Return: 3572.3   Time: 0:54:39
Num steps: 1120000   Return: 2521.7   Time: 0:55:06
Num steps: 1130000   Return: 3178.1   Time: 0:55:35
Num steps: 1140000   Return: 3069.4   Time: 0:56:05
Num steps: 1150000   Return: 2715.2   Time: 0:56:35
Num steps: 1160000   Return: 2923.9   Time: 0:57:03
Num steps: 1170000   Return: 3005.2   Time: 0:57:33
Num steps: 1180000   Return: 3053.1   Time: 0:58:02
Num steps: 1190000   Return: 2943.4   Time: 0:58:30
Num steps: 1200000   Return: 2790.0   Time: 0:59:00
Num steps: 1210000   Return: 2927.4   Time: 0:59:28
Num steps: 1220000   Return: 3142.8   Time: 0:59:58
Num steps: 1230000   Return: 2938.6   Time: 1:00:27
Num steps: 1240000   Return: 3048.0   Time: 1:00:56
Num steps: 1250000   Return: 3068.2   Time: 1:01:25
Num steps: 1260000   Return: 3143.5   Time: 1:01:55
Num steps: 1270000   Return: 2798.7   Time: 1:02:25
Num steps: 1280000   Return: 3676.7   Time: 1:02:53
Num steps: 1290000   Return: 3100.5   Time: 1:03:22
Num steps: 1300000   Return: 3627.2   Time: 1:03:52
Num steps: 1310000   Return: 3171.3   Time: 1:04:22
Num steps: 1320000   Return: 3036.2   Time: 1:04:51
Num steps: 1330000   Return: 3036.3   Time: 1:05:21
Num steps: 1340000   Return: 3241.7   Time: 1:05:50
Num steps: 1350000   Return: 3462.3   Time: 1:06:21
Num steps: 1360000   Return: 2986.6   Time: 1:06:49
Num steps: 1370000   Return: 3180.4   Time: 1:07:19
Num steps: 1380000   Return: 2791.7   Time: 1:07:49
Num steps: 1390000   Return: 2858.0   Time: 1:08:19
Num steps: 1400000   Return: 2798.8   Time: 1:08:48
Num steps: 1410000   Return: 2621.4   Time: 1:09:18
Num steps: 1420000   Return: 2908.8   Time: 1:09:48
Num steps: 1430000   Return: 2759.8   Time: 1:10:18
Num steps: 1440000   Return: 3149.8   Time: 1:10:48
Num steps: 1450000   Return: 3564.7   Time: 1:11:17
Num steps: 1460000   Return: 2707.4   Time: 1:11:47
Num steps: 1470000   Return: 2954.8   Time: 1:12:16
Num steps: 1480000   Return: 3099.8   Time: 1:12:47
Num steps: 1490000   Return: 3403.5   Time: 1:13:17
Num steps: 1500000   Return: 3087.6   Time: 1:13:48
Num steps: 1510000   Return: 3114.9   Time: 1:14:18
Num steps: 1520000   Return: 3193.0   Time: 1:14:48
Num steps: 1530000   Return: 3166.0   Time: 1:15:19
Num steps: 1540000   Return: 2878.8   Time: 1:15:49
Num steps: 1550000   Return: 2837.8   Time: 1:16:18
Num steps: 1560000   Return: 2733.9   Time: 1:16:48
Num steps: 1570000   Return: 2684.9   Time: 1:17:17
Num steps: 1580000   Return: 2988.8   Time: 1:17:46
Num steps: 1590000   Return: 2920.6   Time: 1:18:17
Num steps: 1600000   Return: 2780.0   Time: 1:18:48
Num steps: 1610000   Return: 3257.1   Time: 1:19:18
Num steps: 1620000   Return: 3800.0   Time: 1:19:48
Num steps: 1630000   Return: 3537.9   Time: 1:20:18
Num steps: 1640000   Return: 2993.3   Time: 1:20:48
Num steps: 1650000   Return: 3165.5   Time: 1:21:19
Num steps: 1660000   Return: 3235.0   Time: 1:21:48
Num steps: 1670000   Return: 2776.2   Time: 1:22:18
Num steps: 1680000   Return: 2957.1   Time: 1:22:48
Num steps: 1690000   Return: 4067.2   Time: 1:23:18
Num steps: 1700000   Return: 2803.2   Time: 1:23:47
Num steps: 1710000   Return: 2801.8   Time: 1:24:17
Num steps: 1720000   Return: 3556.2   Time: 1:24:47
Num steps: 1730000   Return: 3039.5   Time: 1:25:17
Num steps: 1740000   Return: 3409.2   Time: 1:25:45
Num steps: 1750000   Return: 2983.3   Time: 1:26:15
Num steps: 1760000   Return: 2703.0   Time: 1:26:45
Num steps: 1770000   Return: 2936.8   Time: 1:27:15
Num steps: 1780000   Return: 2743.1   Time: 1:27:43
Num steps: 1790000   Return: 3235.4   Time: 1:28:13
Num steps: 1800000   Return: 3718.1   Time: 1:28:43
Num steps: 1810000   Return: 3056.3   Time: 1:29:12
Num steps: 1820000   Return: 2775.7   Time: 1:29:41
Num steps: 1830000   Return: 3983.1   Time: 1:30:11
Num steps: 1840000   Return: 3215.5   Time: 1:30:41
Num steps: 1850000   Return: 2967.5   Time: 1:31:10
Num steps: 1860000   Return: 2934.2   Time: 1:31:39
Num steps: 1870000   Return: 3637.4   Time: 1:32:09
Num steps: 1880000   Return: 2817.6   Time: 1:32:38
Num steps: 1890000   Return: 2991.4   Time: 1:33:08
Num steps: 1900000   Return: 2710.9   Time: 1:33:37
Num steps: 1910000   Return: 3177.2   Time: 1:34:07
Num steps: 1920000   Return: 3022.6   Time: 1:34:37
Num steps: 1930000   Return: 3822.1   Time: 1:35:06
Num steps: 1940000   Return: 2845.2   Time: 1:35:35
Num steps: 1950000   Return: 2996.6   Time: 1:36:05
Num steps: 1960000   Return: 2943.0   Time: 1:36:35
Num steps: 1970000   Return: 3586.2   Time: 1:37:04
Num steps: 1980000   Return: 2990.1   Time: 1:37:33
Num steps: 1990000   Return: 3807.5   Time: 1:38:03
Num steps: 2000000   Return: 3800.5   Time: 1:38:33
Models saved to logs/StickInsect-v4/gail/20250522-1641/model
