Logging started at 20250516-1717
NVIDIA RTX A6000
Process ID: 3178312
Env: StickInsect-v5, experts/StickInsect_states_v2.pt, experts/StickInsect_actions_v2.pt, Seed: 0
Rollout length: 3000
Num steps: 2000000, Eval interval: 10000
Gamma: 0.995, Mix buffer: 1, Batch size: 64
lr_actor: 0.0001, lr_critic: 0.0001, lr_disc: 0.0001
Units Actor: (64, 64), Units Critic: (64, 64)
Units Disc R: (100, 100), Units Disc V: (100, 100)
Epoch ppo: 50, Epoch disc: 10
Clip Epsc: 0.2, Lambda: 0.97, Coef Ent: 0.01, Max Grad Norm: 10.0
Load data states: (2749, 49), actions: (2749, 18)
Expert data states: (2748, 49), actions: (2748, 18)
Expert buffer size: 2748
Initial state shape: (49,)
[Debug] Reward mean: 11.6903, std: 1.1406
[Debug] Reward mean: 11.7542, std: 1.0063
[Debug] Reward mean: 11.7917, std: 0.9826
Num steps: 10000    Return: 2867.1   Time: 0:00:15
[Debug] Reward mean: 11.7928, std: 0.9212
[Debug] Reward mean: 11.7617, std: 0.8850
[Debug] Reward mean: 11.7222, std: 0.8549
Num steps: 20000    Return: 3159.9   Time: 0:00:30
[Debug] Reward mean: 11.6420, std: 0.8620
[Debug] Reward mean: 11.6083, std: 0.8297
[Debug] Reward mean: 11.5104, std: 0.8298
[Debug] Reward mean: 11.4535, std: 0.7888
Num steps: 30000    Return: 3182.1   Time: 0:00:45
[Debug] Reward mean: 11.3881, std: 0.7667
[Debug] Reward mean: 11.2758, std: 0.7679
[Debug] Reward mean: 11.1290, std: 0.7559
Num steps: 40000    Return: 2989.1   Time: 0:01:00
[Debug] Reward mean: 11.0003, std: 0.7592
[Debug] Reward mean: 10.8341, std: 0.7445
[Debug] Reward mean: 10.5936, std: 0.7353
Num steps: 50000    Return: 3262.7   Time: 0:01:15
[Debug] Reward mean: 10.5521, std: 0.7126
[Debug] Reward mean: 10.2658, std: 0.7180
[Debug] Reward mean: 10.0696, std: 0.7183
[Debug] Reward mean: 9.8618, std: 0.7341
Num steps: 60000    Return: 2900.7   Time: 0:01:29
[Debug] Reward mean: 9.4812, std: 0.7625
[Debug] Reward mean: 9.1326, std: 0.6957
[Debug] Reward mean: 8.8245, std: 0.6964
Num steps: 70000    Return: 3308.3   Time: 0:01:44
[Debug] Reward mean: 8.6624, std: 0.7022
[Debug] Reward mean: 8.3748, std: 0.7657
[Debug] Reward mean: 7.9390, std: 0.7504
Num steps: 80000    Return: 2956.5   Time: 0:01:58
[Debug] Reward mean: 7.2572, std: 0.7702
[Debug] Reward mean: 7.3506, std: 0.7864
[Debug] Reward mean: 6.5669, std: 0.7907
[Debug] Reward mean: 5.8657, std: 0.8275
Num steps: 90000    Return: 3150.2   Time: 0:02:13
[Debug] Reward mean: 5.2327, std: 0.8254
[Debug] Reward mean: 4.7902, std: 0.8347
[Debug] Reward mean: 4.8566, std: 0.8661
Num steps: 100000   Return: 2943.4   Time: 0:02:28
[Debug] Reward mean: 3.7786, std: 0.8920
[Debug] Reward mean: 3.7616, std: 0.9535
[Debug] Reward mean: 2.4259, std: 0.8935
Num steps: 110000   Return: 3110.7   Time: 0:02:42
[Debug] Reward mean: 1.9445, std: 0.7992
[Debug] Reward mean: 1.3551, std: 0.7500
[Debug] Reward mean: 0.7072, std: 0.4881
[Debug] Reward mean: 0.6912, std: 0.5006
Num steps: 120000   Return: 3053.0   Time: 0:02:57
[Debug] Reward mean: 0.3771, std: 0.4002
[Debug] Reward mean: 0.2364, std: 0.2608
[Debug] Reward mean: 0.2476, std: 0.2835
Num steps: 130000   Return: 3148.5   Time: 0:03:12
[Debug] Reward mean: 0.3770, std: 0.3271
[Debug] Reward mean: 0.2267, std: 0.2453
[Debug] Reward mean: 0.3162, std: 0.2936
Num steps: 140000   Return: 2864.1   Time: 0:03:27
[Debug] Reward mean: 0.2810, std: 0.2748
[Debug] Reward mean: 0.1749, std: 0.1719
[Debug] Reward mean: 0.1294, std: 0.1550
[Debug] Reward mean: 0.0999, std: 0.1448
Num steps: 150000   Return: 3539.0   Time: 0:03:42
[Debug] Reward mean: 0.0710, std: 0.0989
[Debug] Reward mean: 0.2241, std: 0.2457
[Debug] Reward mean: 0.0774, std: 0.1467
Num steps: 160000   Return: 3009.9   Time: 0:03:56
[Debug] Reward mean: 0.1879, std: 0.2056
[Debug] Reward mean: 0.0996, std: 0.1610
[Debug] Reward mean: 0.1099, std: 0.1543
Num steps: 170000   Return: 2845.0   Time: 0:04:10
[Debug] Reward mean: 0.0915, std: 0.1195
[Debug] Reward mean: 0.5039, std: 0.4460
[Debug] Reward mean: 0.1981, std: 0.2275
[Debug] Reward mean: 0.0376, std: 0.0783
Num steps: 180000   Return: 3291.3   Time: 0:04:25
[Debug] Reward mean: 0.2823, std: 0.3345
[Debug] Reward mean: 0.0195, std: 0.0601
[Debug] Reward mean: 0.1320, std: 0.2328
Num steps: 190000   Return: 2448.0   Time: 0:04:38
[Debug] Reward mean: 0.3431, std: 0.4570
[Debug] Reward mean: 0.4301, std: 0.6657
[Debug] Reward mean: 0.2031, std: 0.2843
Num steps: 200000   Return: 3175.9   Time: 0:04:52
[Debug] Reward mean: 0.0134, std: 0.0679
[Debug] Reward mean: 0.0562, std: 0.1025
[Debug] Reward mean: 0.3480, std: 0.4548
[Debug] Reward mean: 0.0839, std: 0.2181
Num steps: 210000   Return: 3185.9   Time: 0:05:07
[Debug] Reward mean: 0.0221, std: 0.0960
[Debug] Reward mean: 0.0036, std: 0.0088
[Debug] Reward mean: 0.0070, std: 0.0169
Num steps: 220000   Return: 3170.8   Time: 0:05:22
[Debug] Reward mean: 0.0171, std: 0.0439
[Debug] Reward mean: 0.0145, std: 0.0208
[Debug] Reward mean: 0.0062, std: 0.0175
Num steps: 230000   Return: 3097.8   Time: 0:05:37
[Debug] Reward mean: 0.0079, std: 0.0282
[Debug] Reward mean: 0.0042, std: 0.0084
[Debug] Reward mean: 0.0071, std: 0.0244
[Debug] Reward mean: 0.0036, std: 0.0114
Num steps: 240000   Return: 3063.9   Time: 0:05:51
[Debug] Reward mean: 0.0803, std: 0.1455
[Debug] Reward mean: 0.0310, std: 0.1871
[Debug] Reward mean: 0.1567, std: 0.3026
Num steps: 250000   Return: 3196.4   Time: 0:06:06
[Debug] Reward mean: 0.0143, std: 0.0524
[Debug] Reward mean: 0.1562, std: 0.3366
[Debug] Reward mean: 0.0210, std: 0.0469
Num steps: 260000   Return: 3269.8   Time: 0:06:21
[Debug] Reward mean: 0.0079, std: 0.0180
[Debug] Reward mean: 0.0052, std: 0.0183
[Debug] Reward mean: 0.0257, std: 0.0501
[Debug] Reward mean: 0.0066, std: 0.0298
Num steps: 270000   Return: 2826.5   Time: 0:06:36
[Debug] Reward mean: 0.0269, std: 0.0616
[Debug] Reward mean: 0.0267, std: 0.0911
[Debug] Reward mean: 0.0088, std: 0.0218
Num steps: 280000   Return: 3096.4   Time: 0:06:50
[Debug] Reward mean: 0.0830, std: 0.1585
[Debug] Reward mean: 1.8904, std: 1.6936
[Debug] Reward mean: 0.5556, std: 0.8368
Num steps: 290000   Return: 3071.2   Time: 0:07:04
[Debug] Reward mean: 0.2931, std: 0.5502
[Debug] Reward mean: 0.0058, std: 0.0416
[Debug] Reward mean: 0.0002, std: 0.0012
[Debug] Reward mean: 0.0002, std: 0.0006
Num steps: 300000   Return: 3410.8   Time: 0:07:19
[Debug] Reward mean: 0.0002, std: 0.0007
[Debug] Reward mean: 0.0002, std: 0.0014
[Debug] Reward mean: 2.6880, std: 3.0070
Num steps: 310000   Return: 2936.9   Time: 0:07:33
[Debug] Reward mean: 0.3865, std: 1.6440
[Debug] Reward mean: 0.0000, std: 0.0002
[Debug] Reward mean: 0.0001, std: 0.0003
Num steps: 320000   Return: 3117.4   Time: 0:07:48
[Debug] Reward mean: 0.0001, std: 0.0003
[Debug] Reward mean: 0.0047, std: 0.0314
[Debug] Reward mean: 0.6094, std: 0.9032
[Debug] Reward mean: 0.0002, std: 0.0020
Num steps: 330000   Return: 2700.0   Time: 0:08:02
[Debug] Reward mean: 0.0008, std: 0.0199
[Debug] Reward mean: 0.0002, std: 0.0027
[Debug] Reward mean: 0.0000, std: 0.0002
Num steps: 340000   Return: 3083.6   Time: 0:08:16
[Debug] Reward mean: 0.0014, std: 0.0068
[Debug] Reward mean: 0.0000, std: 0.0002
[Debug] Reward mean: 0.0534, std: 0.1927
Num steps: 350000   Return: 3043.1   Time: 0:08:31
[Debug] Reward mean: 0.0001, std: 0.0005
[Debug] Reward mean: 0.1655, std: 0.5185
[Debug] Reward mean: 0.0061, std: 0.0384
[Debug] Reward mean: 0.0014, std: 0.0162
Num steps: 360000   Return: 2982.8   Time: 0:08:45
[Debug] Reward mean: 0.0052, std: 0.0472
[Debug] Reward mean: 0.0015, std: 0.0117
[Debug] Reward mean: 1.7971, std: 1.9104
Num steps: 370000   Return: 3315.8   Time: 0:09:00
[Debug] Reward mean: 0.0916, std: 0.5088
[Debug] Reward mean: 0.0004, std: 0.0048
[Debug] Reward mean: 0.0000, std: 0.0009
Num steps: 380000   Return: 3198.1   Time: 0:09:14
[Debug] Reward mean: 0.0000, std: 0.0000
[Debug] Reward mean: 0.0000, std: 0.0002
[Debug] Reward mean: 0.0000, std: 0.0001
[Debug] Reward mean: 0.0000, std: 0.0000
Num steps: 390000   Return: 3294.1   Time: 0:09:29
[Debug] Reward mean: 0.0103, std: 0.1029
[Debug] Reward mean: 0.0001, std: 0.0015
[Debug] Reward mean: 0.0001, std: 0.0008
Num steps: 400000   Return: 3050.7   Time: 0:09:44
[Debug] Reward mean: 0.0003, std: 0.0040
[Debug] Reward mean: 0.0002, std: 0.0010
[Debug] Reward mean: 0.0071, std: 0.0848
Num steps: 410000   Return: 2972.4   Time: 0:09:58
[Debug] Reward mean: 0.0219, std: 0.1169
[Debug] Reward mean: 0.1007, std: 0.4244
[Debug] Reward mean: 0.0013, std: 0.0126
[Debug] Reward mean: 0.0044, std: 0.0305
Num steps: 420000   Return: 2926.5   Time: 0:10:13
[Debug] Reward mean: 0.0085, std: 0.1100
[Debug] Reward mean: 0.0034, std: 0.0273
[Debug] Reward mean: 0.0036, std: 0.0510
Num steps: 430000   Return: 3060.3   Time: 0:10:28
[Debug] Reward mean: 0.0024, std: 0.0328
[Debug] Reward mean: 0.8193, std: 1.6445
[Debug] Reward mean: 0.0369, std: 0.2828
Num steps: 440000   Return: 3120.1   Time: 0:10:42
[Debug] Reward mean: 4.3165, std: 4.3103
[Debug] Reward mean: 0.6299, std: 2.3411
[Debug] Reward mean: 0.0000, std: 0.0001
[Debug] Reward mean: 0.0006, std: 0.0117
Num steps: 450000   Return: 3066.7   Time: 0:10:57
[Debug] Reward mean: 0.0004, std: 0.0053
[Debug] Reward mean: 0.0000, std: 0.0005
[Debug] Reward mean: 0.0001, std: 0.0013
Num steps: 460000   Return: 3172.4   Time: 0:11:11
[Debug] Reward mean: 2.9416, std: 4.3446
[Debug] Reward mean: 0.0383, std: 0.3063
[Debug] Reward mean: 0.0000, std: 0.0000
Num steps: 470000   Return: 2879.3   Time: 0:11:26
[Debug] Reward mean: 0.0000, std: 0.0000
[Debug] Reward mean: 0.0003, std: 0.0078
[Debug] Reward mean: 0.0751, std: 0.4188
[Debug] Reward mean: 0.0399, std: 0.4178
Num steps: 480000   Return: 3023.2   Time: 0:11:41
[Debug] Reward mean: 0.0000, std: 0.0005
[Debug] Reward mean: 0.0001, std: 0.0016
[Debug] Reward mean: 0.0002, std: 0.0070
Num steps: 490000   Return: 3188.2   Time: 0:11:55
[Debug] Reward mean: 0.3752, std: 1.3232
[Debug] Reward mean: 0.0000, std: 0.0012
[Debug] Reward mean: 0.0018, std: 0.0377
Num steps: 500000   Return: 3037.3   Time: 0:12:10
[Debug] Reward mean: 0.0026, std: 0.0636
[Debug] Reward mean: 0.0008, std: 0.0145
[Debug] Reward mean: 0.0114, std: 0.1762
[Debug] Reward mean: 0.0136, std: 0.1648
Num steps: 510000   Return: 3308.6   Time: 0:12:26
[Debug] Reward mean: 0.0043, std: 0.0972
[Debug] Reward mean: 0.0031, std: 0.0887
[Debug] Reward mean: 0.0007, std: 0.0127
Num steps: 520000   Return: 2980.3   Time: 0:12:40
[Debug] Reward mean: 0.0359, std: 0.3681
[Debug] Reward mean: 0.5343, std: 1.8573
[Debug] Reward mean: 0.0741, std: 0.3989
Num steps: 530000   Return: 3139.9   Time: 0:12:55
[Debug] Reward mean: 0.0719, std: 0.5206
[Debug] Reward mean: 0.2988, std: 1.0682
[Debug] Reward mean: 0.0746, std: 0.4796
[Debug] Reward mean: 0.0023, std: 0.0531
Num steps: 540000   Return: 3401.4   Time: 0:13:10
[Debug] Reward mean: 9.4704, std: 6.6588
[Debug] Reward mean: 0.2878, std: 1.4878
[Debug] Reward mean: 0.0025, std: 0.0991
Num steps: 550000   Return: 2979.4   Time: 0:13:25
[Debug] Reward mean: 0.0021, std: 0.0665
[Debug] Reward mean: 0.3621, std: 1.3774
[Debug] Reward mean: 0.7307, std: 2.2014
Num steps: 560000   Return: 3150.7   Time: 0:13:39
[Debug] Reward mean: 0.0521, std: 0.4303
[Debug] Reward mean: 0.0002, std: 0.0098
[Debug] Reward mean: 0.4537, std: 2.0057
[Debug] Reward mean: 0.0000, std: 0.0002
Num steps: 570000   Return: 3445.2   Time: 0:13:55
[Debug] Reward mean: 0.0010, std: 0.0381
[Debug] Reward mean: 0.0063, std: 0.1166
[Debug] Reward mean: 0.0045, std: 0.0914
Num steps: 580000   Return: 3281.0   Time: 0:14:10
[Debug] Reward mean: 0.5063, std: 1.5424
[Debug] Reward mean: 1.4680, std: 4.1266
[Debug] Reward mean: 0.0031, std: 0.0972
Num steps: 590000   Return: 3363.8   Time: 0:14:25
[Debug] Reward mean: 0.5691, std: 1.7602
[Debug] Reward mean: 0.2611, std: 1.1601
[Debug] Reward mean: 0.4195, std: 1.4291
[Debug] Reward mean: 0.1637, std: 1.0057
Num steps: 600000   Return: 2957.7   Time: 0:14:41
[Debug] Reward mean: 0.0277, std: 0.3071
[Debug] Reward mean: 0.0007, std: 0.0159
[Debug] Reward mean: 4.9275, std: 5.9606
Num steps: 610000   Return: 2683.4   Time: 0:14:54
[Debug] Reward mean: 0.0376, std: 0.3300
[Debug] Reward mean: 2.1208, std: 3.7843
[Debug] Reward mean: 0.7611, std: 2.5536
Num steps: 620000   Return: 3405.5   Time: 0:15:10
[Debug] Reward mean: 0.0001, std: 0.0048
[Debug] Reward mean: 0.0000, std: 0.0000
[Debug] Reward mean: 0.0000, std: 0.0001
[Debug] Reward mean: 0.0017, std: 0.0398
Num steps: 630000   Return: 3074.1   Time: 0:15:25
[Debug] Reward mean: 6.6458, std: 7.5310
[Debug] Reward mean: 0.4606, std: 2.3673
[Debug] Reward mean: 0.0001, std: 0.0064
Num steps: 640000   Return: 3215.2   Time: 0:15:40
[Debug] Reward mean: 0.0313, std: 0.3661
[Debug] Reward mean: 0.0954, std: 0.7210
[Debug] Reward mean: 0.0000, std: 0.0000
Num steps: 650000   Return: 3260.7   Time: 0:15:55
[Debug] Reward mean: 0.0000, std: 0.0000
[Debug] Reward mean: 0.0589, std: 0.4731
[Debug] Reward mean: 0.2233, std: 1.4073
[Debug] Reward mean: 1.2015, std: 4.3847
Num steps: 660000   Return: 3032.5   Time: 0:16:10
[Debug] Reward mean: 0.1429, std: 0.9442
[Debug] Reward mean: 0.0613, std: 0.5726
[Debug] Reward mean: 0.0094, std: 0.1569
Num steps: 670000   Return: 2938.5   Time: 0:16:25
[Debug] Reward mean: 0.0001, std: 0.0054
[Debug] Reward mean: 0.0686, std: 0.5305
[Debug] Reward mean: 0.1119, std: 0.8673
Num steps: 680000   Return: 2887.7   Time: 0:16:43
[Debug] Reward mean: 0.0173, std: 0.2265
[Debug] Reward mean: 0.2946, std: 1.5688
[Debug] Reward mean: 0.0061, std: 0.1141
[Debug] Reward mean: 0.0738, std: 0.7566
Num steps: 690000   Return: 3001.4   Time: 0:17:04
[Debug] Reward mean: 0.0966, std: 0.9143
[Debug] Reward mean: 0.1889, std: 0.9497
[Debug] Reward mean: 0.0250, std: 0.3104
Num steps: 700000   Return: 2988.6   Time: 0:17:25
[Debug] Reward mean: 0.3040, std: 1.5186
[Debug] Reward mean: 0.0000, std: 0.0006
[Debug] Reward mean: 0.9465, std: 3.0816
Num steps: 710000   Return: 3223.5   Time: 0:17:46
[Debug] Reward mean: 0.1030, std: 0.9186
[Debug] Reward mean: 0.1282, std: 0.8586
[Debug] Reward mean: 0.4877, std: 2.2044
[Debug] Reward mean: 0.0086, std: 0.1889
Num steps: 720000   Return: 3074.6   Time: 0:18:07
[Debug] Reward mean: 0.7447, std: 2.6348
[Debug] Reward mean: 0.0378, std: 0.4389
[Debug] Reward mean: 5.2829, std: 9.1259
Num steps: 730000   Return: 3003.9   Time: 0:18:28
[Debug] Reward mean: 0.2752, std: 1.5962
[Debug] Reward mean: 0.1926, std: 1.2218
[Debug] Reward mean: 0.1674, std: 1.1561
Num steps: 740000   Return: 2973.8   Time: 0:18:49
[Debug] Reward mean: 0.0335, std: 0.4316
[Debug] Reward mean: 7.0707, std: 9.8615
[Debug] Reward mean: 0.0052, std: 0.1473
[Debug] Reward mean: 0.0000, std: 0.0000
Num steps: 750000   Return: 3217.0   Time: 0:19:11
[Debug] Reward mean: 0.0139, std: 0.2448
[Debug] Reward mean: 0.0006, std: 0.0202
[Debug] Reward mean: 0.0000, std: 0.0005
Num steps: 760000   Return: 2845.7   Time: 0:19:31
[Debug] Reward mean: 0.0106, std: 0.2992
[Debug] Reward mean: 0.0001, std: 0.0042
[Debug] Reward mean: 0.0251, std: 0.3911
Num steps: 770000   Return: 3126.4   Time: 0:19:52
[Debug] Reward mean: 0.0195, std: 0.3766
[Debug] Reward mean: 0.0387, std: 0.5291
[Debug] Reward mean: 5.3253, std: 9.4362
[Debug] Reward mean: 1.9172, std: 6.0986
Num steps: 780000   Return: 2985.5   Time: 0:20:14
[Debug] Reward mean: 0.0861, std: 0.7913
[Debug] Reward mean: 0.2755, std: 1.9395
[Debug] Reward mean: 0.0409, std: 0.6409
Num steps: 790000   Return: 2979.6   Time: 0:20:35
[Debug] Reward mean: 0.5843, std: 2.5895
[Debug] Reward mean: 1.2140, std: 4.6098
[Debug] Reward mean: 0.0023, std: 0.0775
Num steps: 800000   Return: 2721.4   Time: 0:20:54
[Debug] Reward mean: 0.0554, std: 0.6723
[Debug] Reward mean: 0.9091, std: 3.4024
[Debug] Reward mean: 0.2937, std: 1.8880
[Debug] Reward mean: 0.3012, std: 1.7755
Num steps: 810000   Return: 3103.3   Time: 0:21:16
[Debug] Reward mean: 0.0850, std: 0.9405
[Debug] Reward mean: 24.9206, std: 25.5585
[Debug] Reward mean: 2.0942, std: 6.2925
Num steps: 820000   Return: 2937.4   Time: 0:21:37
[Debug] Reward mean: 0.3077, std: 1.6715
[Debug] Reward mean: 0.2052, std: 1.7250
[Debug] Reward mean: 0.0119, std: 0.3551
Num steps: 830000   Return: 3368.2   Time: 0:21:58
[Debug] Reward mean: 0.0183, std: 0.3040
[Debug] Reward mean: 0.8156, std: 3.3202
[Debug] Reward mean: 0.0000, std: 0.0000
[Debug] Reward mean: 0.0018, std: 0.0602
Num steps: 840000   Return: 2991.7   Time: 0:22:19
[Debug] Reward mean: 0.0075, std: 0.2696
[Debug] Reward mean: 1.5681, std: 5.7312
[Debug] Reward mean: 0.2817, std: 2.0604
Num steps: 850000   Return: 3174.9   Time: 0:22:40
[Debug] Reward mean: 0.7838, std: 4.5450
[Debug] Reward mean: 0.7917, std: 3.5686
[Debug] Reward mean: 1.2706, std: 5.6922
Num steps: 860000   Return: 3325.8   Time: 0:23:00
[Debug] Reward mean: 3.4028, std: 8.1186
[Debug] Reward mean: 0.0238, std: 0.3770
[Debug] Reward mean: 0.0071, std: 0.2707
[Debug] Reward mean: 0.1267, std: 1.2083
Num steps: 870000   Return: 3242.0   Time: 0:23:22
[Debug] Reward mean: 0.5729, std: 4.0573
[Debug] Reward mean: 1.3653, std: 4.8743
[Debug] Reward mean: 2.8740, std: 7.2936
Num steps: 880000   Return: 2928.1   Time: 0:23:43
[Debug] Reward mean: 0.2090, std: 1.5978
[Debug] Reward mean: 0.3240, std: 2.1007
[Debug] Reward mean: 6.5801, std: 12.2979
Num steps: 890000   Return: 3096.0   Time: 0:24:03
[Debug] Reward mean: 4.3719, std: 11.8067
[Debug] Reward mean: 0.6547, std: 3.7862
[Debug] Reward mean: 0.3318, std: 2.5521
[Debug] Reward mean: 0.3947, std: 2.5037
Num steps: 900000   Return: 3669.3   Time: 0:24:24
[Debug] Reward mean: 0.0100, std: 0.2607
[Debug] Reward mean: 0.0004, std: 0.0229
[Debug] Reward mean: 0.0001, std: 0.0038
Num steps: 910000   Return: 3217.0   Time: 0:24:45
[Debug] Reward mean: 0.0103, std: 0.4591
[Debug] Reward mean: 0.7061, std: 3.8018
[Debug] Reward mean: 0.0492, std: 0.8489
Num steps: 920000   Return: 3113.5   Time: 0:25:06
[Debug] Reward mean: 0.1567, std: 1.5402
[Debug] Reward mean: 3.0954, std: 9.1734
[Debug] Reward mean: 0.5772, std: 2.7559
[Debug] Reward mean: 0.2675, std: 2.0230
Num steps: 930000   Return: 3109.4   Time: 0:25:27
[Debug] Reward mean: 0.0000, std: 0.0000
[Debug] Reward mean: 0.0920, std: 1.1958
[Debug] Reward mean: 2.7556, std: 7.6938
Num steps: 940000   Return: 2552.0   Time: 0:25:47
[Debug] Reward mean: 0.0103, std: 0.3023
[Debug] Reward mean: 21.3540, std: 24.1812
[Debug] Reward mean: 1.9326, std: 8.6631
Num steps: 950000   Return: 3050.5   Time: 0:26:08
[Debug] Reward mean: 0.0016, std: 0.0850
[Debug] Reward mean: 0.0004, std: 0.0201
[Debug] Reward mean: 0.0085, std: 0.3435
[Debug] Reward mean: 0.0777, std: 1.1334
Num steps: 960000   Return: 3010.8   Time: 0:26:29
[Debug] Reward mean: 4.0857, std: 10.4606
[Debug] Reward mean: 1.6298, std: 5.9863
[Debug] Reward mean: 0.3651, std: 2.9334
Num steps: 970000   Return: 2991.6   Time: 0:26:50
[Debug] Reward mean: 2.5161, std: 9.1867
[Debug] Reward mean: 0.0003, std: 0.0159
[Debug] Reward mean: 0.0134, std: 0.3628
Num steps: 980000   Return: 2903.5   Time: 0:27:11
[Debug] Reward mean: 0.0286, std: 0.6320
[Debug] Reward mean: 0.0952, std: 1.1016
[Debug] Reward mean: 0.0260, std: 0.5745
[Debug] Reward mean: 0.0001, std: 0.0051
Num steps: 990000   Return: 3610.0   Time: 0:27:32
[Debug] Reward mean: 0.4466, std: 3.7640
[Debug] Reward mean: 0.0848, std: 1.0884
[Debug] Reward mean: 1.9562, std: 8.0774
Num steps: 1000000   Return: 3454.7   Time: 0:27:53
[Debug] Reward mean: 0.4702, std: 3.5220
[Debug] Reward mean: 66.3783, std: 56.0038
[Debug] Reward mean: 7.5211, std: 21.0212
Num steps: 1010000   Return: 3411.6   Time: 0:28:14
[Debug] Reward mean: 2.5906, std: 11.5924
[Debug] Reward mean: 0.6378, std: 4.2547
[Debug] Reward mean: 0.0000, std: 0.0000
[Debug] Reward mean: 0.0000, std: 0.0000
Num steps: 1020000   Return: 2952.5   Time: 0:28:35
[Debug] Reward mean: 0.1966, std: 1.7818
[Debug] Reward mean: 1.8078, std: 6.9204
[Debug] Reward mean: 0.0038, std: 0.1335
Num steps: 1030000   Return: 2983.2   Time: 0:28:56
[Debug] Reward mean: 0.0094, std: 0.3870
[Debug] Reward mean: 0.1027, std: 1.3369
[Debug] Reward mean: 0.0004, std: 0.0225
Num steps: 1040000   Return: 2934.5   Time: 0:29:17
[Debug] Reward mean: 0.0222, std: 0.4954
[Debug] Reward mean: 0.9502, std: 5.2699
[Debug] Reward mean: 2.3547, std: 7.6827
[Debug] Reward mean: 9.6678, std: 21.9140
Num steps: 1050000   Return: 3182.5   Time: 0:29:38
[Debug] Reward mean: 0.0061, std: 0.3059
[Debug] Reward mean: 0.2731, std: 2.2634
[Debug] Reward mean: 0.2344, std: 1.9880
Num steps: 1060000   Return: 3069.2   Time: 0:30:00
[Debug] Reward mean: 4.6243, std: 13.2599
[Debug] Reward mean: 10.1412, std: 22.3470
[Debug] Reward mean: 43.4741, std: 50.7971
Num steps: 1070000   Return: 2986.5   Time: 0:30:20
[Debug] Reward mean: 33.8746, std: 40.4378
[Debug] Reward mean: 8.1266, std: 17.9532
[Debug] Reward mean: 0.5128, std: 4.0911
[Debug] Reward mean: 0.0000, std: 0.0000
Num steps: 1080000   Return: 3160.9   Time: 0:30:42
[Debug] Reward mean: 0.0000, std: 0.0000
[Debug] Reward mean: 0.0000, std: 0.0000
[Debug] Reward mean: 0.0000, std: 0.0000
Num steps: 1090000   Return: 3476.9   Time: 0:31:03
[Debug] Reward mean: 0.0000, std: 0.0000
[Debug] Reward mean: 53.7169, std: 45.8965
[Debug] Reward mean: 3.0126, std: 10.7262
Num steps: 1100000   Return: 2437.9   Time: 0:31:23
[Debug] Reward mean: 0.0000, std: 0.0000
[Debug] Reward mean: 0.0000, std: 0.0000
[Debug] Reward mean: 0.0000, std: 0.0000
[Debug] Reward mean: 0.7373, std: 4.6302
Num steps: 1110000   Return: 2945.9   Time: 0:31:44
[Debug] Reward mean: 0.0413, std: 0.8719
[Debug] Reward mean: 0.0000, std: 0.0000
[Debug] Reward mean: 0.0000, std: 0.0000
Num steps: 1120000   Return: 2986.3   Time: 0:32:06
[Debug] Reward mean: 0.0000, std: 0.0000
[Debug] Reward mean: 0.0108, std: 0.4688
[Debug] Reward mean: 34.7044, std: 49.1683
Num steps: 1130000   Return: 3637.2   Time: 0:32:27
[Debug] Reward mean: 24.8142, std: 46.0602
[Debug] Reward mean: 0.0897, std: 1.5660
[Debug] Reward mean: 0.5414, std: 4.1317
[Debug] Reward mean: 0.0003, std: 0.0142
Num steps: 1140000   Return: 2919.9   Time: 0:32:48
[Debug] Reward mean: 0.2023, std: 2.2680
[Debug] Reward mean: 0.2858, std: 3.0115
[Debug] Reward mean: 0.0000, std: 0.0000
Num steps: 1150000   Return: 3180.8   Time: 0:33:09
[Debug] Reward mean: 0.0000, std: 0.0000
[Debug] Reward mean: 0.0000, std: 0.0000
[Debug] Reward mean: 0.0059, std: 0.2542
Num steps: 1160000   Return: 3274.0   Time: 0:33:30
[Debug] Reward mean: 0.0000, std: 0.0000
[Debug] Reward mean: 0.3761, std: 3.4957
[Debug] Reward mean: 1.0515, std: 7.0321
[Debug] Reward mean: 0.0000, std: 0.0000
Num steps: 1170000   Return: 2877.0   Time: 0:33:52
[Debug] Reward mean: 0.0000, std: 0.0000
[Debug] Reward mean: 0.0000, std: 0.0000
[Debug] Reward mean: 0.0000, std: 0.0000
Num steps: 1180000   Return: 3045.0   Time: 0:34:13
[Debug] Reward mean: 0.3461, std: 3.6006
[Debug] Reward mean: 0.4136, std: 4.3472
[Debug] Reward mean: 0.0000, std: 0.0000
Num steps: 1190000   Return: 3066.6   Time: 0:34:34
[Debug] Reward mean: 0.0000, std: 0.0000
[Debug] Reward mean: 0.0000, std: 0.0000
[Debug] Reward mean: 0.0000, std: 0.0000
[Debug] Reward mean: 0.0000, std: 0.0000
Num steps: 1200000   Return: 2994.3   Time: 0:34:56
[Debug] Reward mean: 0.0000, std: 0.0000
[Debug] Reward mean: 0.0385, std: 0.7231
[Debug] Reward mean: 0.0580, std: 1.2623
Num steps: 1210000   Return: 2974.7   Time: 0:35:17
[Debug] Reward mean: 0.0315, std: 0.6990
[Debug] Reward mean: 0.5392, std: 5.5512
[Debug] Reward mean: 2.2633, std: 11.9237
Num steps: 1220000   Return: 3033.2   Time: 0:35:38
[Debug] Reward mean: 5.0442, std: 20.4843
[Debug] Reward mean: 0.0520, std: 1.5112
[Debug] Reward mean: 3.3845, std: 16.1417
[Debug] Reward mean: 0.3994, std: 3.5217
Num steps: 1230000   Return: 3106.1   Time: 0:35:59
[Debug] Reward mean: 0.2673, std: 3.3287
[Debug] Reward mean: 0.0000, std: 0.0000
[Debug] Reward mean: 0.8351, std: 7.1689
Num steps: 1240000   Return: 3001.3   Time: 0:36:21
[Debug] Reward mean: 1.2395, std: 8.7374
[Debug] Reward mean: 0.0742, std: 1.5273
[Debug] Reward mean: 0.0640, std: 1.5190
Num steps: 1250000   Return: 3118.3   Time: 0:36:42
[Debug] Reward mean: 0.4327, std: 5.1397
[Debug] Reward mean: 0.0303, std: 0.8307
[Debug] Reward mean: 0.0018, std: 0.0717
[Debug] Reward mean: 2.6387, std: 13.5912
Num steps: 1260000   Return: 2954.1   Time: 0:37:03
[Debug] Reward mean: 1.6388, std: 9.4252
[Debug] Reward mean: 129.6545, std: 128.0922
[Debug] Reward mean: 71.9980, std: 105.0058
Num steps: 1270000   Return: 3143.6   Time: 0:37:24
[Debug] Reward mean: 0.0386, std: 1.5254
[Debug] Reward mean: 0.0195, std: 0.7003
[Debug] Reward mean: 0.0158, std: 0.5325
Num steps: 1280000   Return: 3611.1   Time: 0:37:45
[Debug] Reward mean: 0.0331, std: 0.7827
[Debug] Reward mean: 0.0920, std: 1.8778
[Debug] Reward mean: 10.2223, std: 32.0153
[Debug] Reward mean: 10.5742, std: 35.2746
Num steps: 1290000   Return: 3455.7   Time: 0:38:06
[Debug] Reward mean: 0.0707, std: 2.3048
[Debug] Reward mean: 22.6013, std: 67.8212
[Debug] Reward mean: 7.0850, std: 24.6447
Num steps: 1300000   Return: 3287.1   Time: 0:38:28
[Debug] Reward mean: 1.9574, std: 13.3219
[Debug] Reward mean: 0.5488, std: 5.3620
[Debug] Reward mean: 0.0826, std: 1.9514
Num steps: 1310000   Return: 3050.0   Time: 0:38:49
[Debug] Reward mean: 0.0000, std: 0.0003
[Debug] Reward mean: 26.2819, std: 53.9738
[Debug] Reward mean: 8.4139, std: 28.4092
[Debug] Reward mean: 6.6650, std: 29.3560
Num steps: 1320000   Return: 3167.9   Time: 0:39:10
[Debug] Reward mean: 3.9432, std: 17.8279
[Debug] Reward mean: 0.4537, std: 5.9064
[Debug] Reward mean: 0.0000, std: 0.0000
Num steps: 1330000   Return: 3036.0   Time: 0:39:32
[Debug] Reward mean: 22.6229, std: 54.6607
[Debug] Reward mean: 8.7636, std: 31.2570
[Debug] Reward mean: 0.1207, std: 2.5347
Num steps: 1340000   Return: 3215.8   Time: 0:39:53
[Debug] Reward mean: 4.7586, std: 22.0283
[Debug] Reward mean: 5.8177, std: 28.3528
[Debug] Reward mean: 0.4985, std: 7.2683
[Debug] Reward mean: 1.9224, std: 13.2870
Num steps: 1350000   Return: 3266.8   Time: 0:40:15
[Debug] Reward mean: 31.4128, std: 80.7995
[Debug] Reward mean: 8.0816, std: 30.7394
[Debug] Reward mean: 0.0247, std: 0.9571
Num steps: 1360000   Return: 3088.5   Time: 0:40:36
[Debug] Reward mean: 0.2107, std: 3.4663
[Debug] Reward mean: 0.0000, std: 0.0004
[Debug] Reward mean: 0.0560, std: 2.5716
Num steps: 1370000   Return: 3165.4   Time: 0:40:57
[Debug] Reward mean: 0.0338, std: 0.9873
[Debug] Reward mean: 0.0022, std: 0.1179
[Debug] Reward mean: 0.0311, std: 1.6799
[Debug] Reward mean: 0.0000, std: 0.0000
Num steps: 1380000   Return: 2924.9   Time: 0:41:17
[Debug] Reward mean: 0.0000, std: 0.0000
[Debug] Reward mean: 0.0000, std: 0.0000
[Debug] Reward mean: 0.0441, std: 1.6799
Num steps: 1390000   Return: 3432.0   Time: 0:41:38
[Debug] Reward mean: 0.0000, std: 0.0000
[Debug] Reward mean: 0.0233, std: 0.9615
[Debug] Reward mean: 0.0649, std: 2.0078
Num steps: 1400000   Return: 3265.1   Time: 0:42:00
[Debug] Reward mean: 1.5534, std: 12.3976
[Debug] Reward mean: 0.0036, std: 0.1991
[Debug] Reward mean: 0.0938, std: 2.6351
[Debug] Reward mean: 0.6413, std: 9.9832
Num steps: 1410000   Return: 3291.0   Time: 0:42:21
[Debug] Reward mean: 0.0049, std: 0.2676
[Debug] Reward mean: 0.4566, std: 7.1710
[Debug] Reward mean: 12.3327, std: 40.5400
Num steps: 1420000   Return: 2511.6   Time: 0:42:41
[Debug] Reward mean: 5.8742, std: 25.8715
[Debug] Reward mean: 0.5539, std: 7.8408
[Debug] Reward mean: 0.3949, std: 6.7393
Num steps: 1430000   Return: 3189.7   Time: 0:43:02
[Debug] Reward mean: 0.4141, std: 7.0382
[Debug] Reward mean: 82.7491, std: 128.9075
[Debug] Reward mean: 28.0808, std: 68.5763
[Debug] Reward mean: 0.0437, std: 1.1952
Num steps: 1440000   Return: 2529.7   Time: 0:43:22
[Debug] Reward mean: 0.4673, std: 7.8666
[Debug] Reward mean: 0.0009, std: 0.0517
[Debug] Reward mean: 0.0000, std: 0.0000
Num steps: 1450000   Return: 3108.8   Time: 0:43:43
[Debug] Reward mean: 0.4191, std: 5.7836
[Debug] Reward mean: 0.0245, std: 0.6874
[Debug] Reward mean: 0.0178, std: 0.8155
Num steps: 1460000   Return: 2989.5   Time: 0:44:04
[Debug] Reward mean: 0.0000, std: 0.0000
[Debug] Reward mean: 1.2636, std: 9.9624
[Debug] Reward mean: 4.3355, std: 24.7337
[Debug] Reward mean: 1.6072, std: 12.6250
Num steps: 1470000   Return: 2952.4   Time: 0:44:25
[Debug] Reward mean: 0.6447, std: 7.4493
[Debug] Reward mean: 0.0493, std: 1.5060
[Debug] Reward mean: 0.0000, std: 0.0000
Num steps: 1480000   Return: 3225.2   Time: 0:44:47
[Debug] Reward mean: 0.1172, std: 2.4014
[Debug] Reward mean: 0.0000, std: 0.0000
[Debug] Reward mean: 0.1006, std: 3.0889
Num steps: 1490000   Return: 3062.9   Time: 0:45:08
[Debug] Reward mean: 0.9572, std: 11.5159
[Debug] Reward mean: 0.1723, std: 4.1120
[Debug] Reward mean: 0.0000, std: 0.0000
[Debug] Reward mean: 0.0000, std: 0.0000
Num steps: 1500000   Return: 3032.7   Time: 0:45:29
[Debug] Reward mean: 0.3065, std: 5.4187
[Debug] Reward mean: 0.1347, std: 3.7435
[Debug] Reward mean: 1.6547, std: 12.3850
Num steps: 1510000   Return: 3063.3   Time: 0:45:51
[Debug] Reward mean: 7.9179, std: 35.8346
[Debug] Reward mean: 0.1183, std: 4.7651
[Debug] Reward mean: 0.0050, std: 0.2719
Num steps: 1520000   Return: 3021.1   Time: 0:46:12
[Debug] Reward mean: 0.2097, std: 5.3490
[Debug] Reward mean: 18.8516, std: 79.6654
[Debug] Reward mean: 6.1115, std: 34.5557
[Debug] Reward mean: 4.9514, std: 32.8128
Num steps: 1530000   Return: 3049.7   Time: 0:46:33
[Debug] Reward mean: 0.0000, std: 0.0000
[Debug] Reward mean: 0.0980, std: 3.6660
[Debug] Reward mean: 0.2006, std: 3.8674
Num steps: 1540000   Return: 3242.6   Time: 0:46:54
[Debug] Reward mean: 0.7836, std: 12.2865
[Debug] Reward mean: 0.3303, std: 4.7657
[Debug] Reward mean: 0.6267, std: 8.4181
Num steps: 1550000   Return: 2942.1   Time: 0:47:15
[Debug] Reward mean: 1.8444, std: 17.1514
[Debug] Reward mean: 8.2305, std: 42.9350
[Debug] Reward mean: 15.7862, std: 57.6395
[Debug] Reward mean: 37.6484, std: 90.4898
Num steps: 1560000   Return: 3299.8   Time: 0:47:37
[Debug] Reward mean: 77.1082, std: 130.9169
[Debug] Reward mean: 34.5104, std: 97.1994
[Debug] Reward mean: 0.0000, std: 0.0000
Num steps: 1570000   Return: 2966.4   Time: 0:47:59
[Debug] Reward mean: 0.0000, std: 0.0000
[Debug] Reward mean: 0.0000, std: 0.0000
[Debug] Reward mean: 0.0000, std: 0.0000
Num steps: 1580000   Return: 3159.7   Time: 0:48:20
[Debug] Reward mean: 11.3181, std: 47.6708
[Debug] Reward mean: 5.7377, std: 36.7553
[Debug] Reward mean: 0.0550, std: 2.4780
[Debug] Reward mean: 0.0299, std: 1.0918
Num steps: 1590000   Return: 2907.3   Time: 0:48:41
[Debug] Reward mean: 0.0137, std: 0.5912
[Debug] Reward mean: 0.0000, std: 0.0000
[Debug] Reward mean: 0.0309, std: 1.6911
Num steps: 1600000   Return: 2925.2   Time: 0:49:03
[Debug] Reward mean: 6.1373, std: 39.4922
[Debug] Reward mean: 0.5899, std: 9.9937
[Debug] Reward mean: 0.2547, std: 5.5934
Num steps: 1610000   Return: 3288.5   Time: 0:49:24
[Debug] Reward mean: 0.1153, std: 3.9477
[Debug] Reward mean: 0.0598, std: 1.5168
[Debug] Reward mean: 0.3674, std: 7.3510
[Debug] Reward mean: 0.1220, std: 2.6889
Num steps: 1620000   Return: 3262.1   Time: 0:49:46
[Debug] Reward mean: 0.0668, std: 2.3349
[Debug] Reward mean: 0.0147, std: 0.5784
[Debug] Reward mean: 6.7882, std: 40.7741
Num steps: 1630000   Return: 2906.7   Time: 0:50:07
[Debug] Reward mean: 7.6058, std: 45.0535
[Debug] Reward mean: 0.2070, std: 3.7431
[Debug] Reward mean: 0.0428, std: 1.8735
Num steps: 1640000   Return: 3068.0   Time: 0:50:29
[Debug] Reward mean: 0.0598, std: 2.7136
[Debug] Reward mean: 0.0000, std: 0.0000
[Debug] Reward mean: 0.4642, std: 8.5302
[Debug] Reward mean: 0.5034, std: 10.1650
Num steps: 1650000   Return: 3127.0   Time: 0:50:50
[Debug] Reward mean: 0.5098, std: 8.9041
[Debug] Reward mean: 0.7429, std: 9.8075
[Debug] Reward mean: 0.5582, std: 8.6513
Num steps: 1660000   Return: 3115.2   Time: 0:51:12
[Debug] Reward mean: 0.2017, std: 4.7622
[Debug] Reward mean: 5.7980, std: 41.1323
[Debug] Reward mean: 10.8479, std: 56.6023
Num steps: 1670000   Return: 3190.9   Time: 0:51:33
[Debug] Reward mean: 2.4196, std: 23.6964
[Debug] Reward mean: 0.4379, std: 8.0869
[Debug] Reward mean: 0.4663, std: 9.8998
[Debug] Reward mean: 10.6367, std: 52.7670
Num steps: 1680000   Return: 3215.8   Time: 0:51:55
[Debug] Reward mean: 2.2736, std: 24.8030
[Debug] Reward mean: 0.2120, std: 4.6856
[Debug] Reward mean: 0.3393, std: 6.5506
Num steps: 1690000   Return: 3158.4   Time: 0:52:17
[Debug] Reward mean: 0.0959, std: 2.7037
[Debug] Reward mean: 13.1542, std: 99.5222
[Debug] Reward mean: 4.4836, std: 36.7966
Num steps: 1700000   Return: 2861.0   Time: 0:52:39
[Debug] Reward mean: 2.1837, std: 20.4855
[Debug] Reward mean: 3.0467, std: 31.7406
[Debug] Reward mean: 0.0107, std: 0.5877
[Debug] Reward mean: 2.0929, std: 22.5083
Num steps: 1710000   Return: 3212.9   Time: 0:53:01
[Debug] Reward mean: 2.4229, std: 23.9715
[Debug] Reward mean: 0.5959, std: 10.8880
[Debug] Reward mean: 0.8965, std: 12.6652
Num steps: 1720000   Return: 3139.5   Time: 0:53:22
[Debug] Reward mean: 5.5539, std: 39.8074
[Debug] Reward mean: 0.2932, std: 5.8229
[Debug] Reward mean: 0.4767, std: 10.3217
Num steps: 1730000   Return: 3360.3   Time: 0:53:43
[Debug] Reward mean: 1.3062, std: 15.1568
[Debug] Reward mean: 3.0534, std: 29.3338
[Debug] Reward mean: 0.9095, std: 14.7205
[Debug] Reward mean: 24.1276, std: 101.2788
Num steps: 1740000   Return: 2997.7   Time: 0:54:05
[Debug] Reward mean: 29.4310, std: 112.0578
[Debug] Reward mean: 0.3830, std: 7.8860
[Debug] Reward mean: 14.5485, std: 75.7544
Num steps: 1750000   Return: 2945.0   Time: 0:54:27
[Debug] Reward mean: 14.7878, std: 76.6757
[Debug] Reward mean: 1.1143, std: 14.6004
[Debug] Reward mean: 0.2846, std: 6.7095
Num steps: 1760000   Return: 3189.8   Time: 0:54:48
[Debug] Reward mean: 0.2458, std: 5.1882
[Debug] Reward mean: 2.5411, std: 28.2980
[Debug] Reward mean: 3.3927, std: 32.4365
[Debug] Reward mean: 11.9505, std: 66.7048
Num steps: 1770000   Return: 2588.6   Time: 0:55:09
[Debug] Reward mean: 141.3569, std: 306.8468
[Debug] Reward mean: 29.8627, std: 113.5127
[Debug] Reward mean: 5.6178, std: 41.0250
Num steps: 1780000   Return: 2972.3   Time: 0:55:31
[Debug] Reward mean: 0.2439, std: 6.0836
[Debug] Reward mean: 0.7112, std: 12.3913
[Debug] Reward mean: 0.2678, std: 8.7166
Num steps: 1790000   Return: 3146.5   Time: 0:55:52
[Debug] Reward mean: 1.5178, std: 18.2651
[Debug] Reward mean: 0.1402, std: 3.7834
[Debug] Reward mean: 0.0000, std: 0.0000
[Debug] Reward mean: 0.0233, std: 1.2773
Num steps: 1800000   Return: 2960.9   Time: 0:56:14
[Debug] Reward mean: 0.1606, std: 6.5393
[Debug] Reward mean: 2.0055, std: 23.6340
[Debug] Reward mean: 0.9302, std: 12.6388
Num steps: 1810000   Return: 3044.1   Time: 0:56:36
[Debug] Reward mean: 99.3487, std: 260.1332
[Debug] Reward mean: 37.7684, std: 134.8389
[Debug] Reward mean: 4.5081, std: 37.9042
Num steps: 1820000   Return: 3012.0   Time: 0:56:58
[Debug] Reward mean: 1.8557, std: 23.8825
[Debug] Reward mean: 2.0428, std: 29.4600
[Debug] Reward mean: 41.8798, std: 165.7905
[Debug] Reward mean: 16.2312, std: 83.1964
Num steps: 1830000   Return: 3078.0   Time: 0:57:20
[Debug] Reward mean: 0.4935, std: 12.4468
[Debug] Reward mean: 0.3669, std: 10.6817
[Debug] Reward mean: 0.0323, std: 1.2524
Num steps: 1840000   Return: 3115.7   Time: 0:57:41
[Debug] Reward mean: 3.6298, std: 33.3659
[Debug] Reward mean: 7.3346, std: 53.8076
[Debug] Reward mean: 0.1740, std: 5.4734
Num steps: 1850000   Return: 3178.4   Time: 0:58:02
[Debug] Reward mean: 0.1758, std: 6.5584
[Debug] Reward mean: 0.3301, std: 9.8995
[Debug] Reward mean: 13.8369, std: 96.7969
[Debug] Reward mean: 37.3665, std: 151.4305
Num steps: 1860000   Return: 2992.0   Time: 0:58:24
[Debug] Reward mean: 29.9092, std: 129.0877
[Debug] Reward mean: 4.8613, std: 47.3083
[Debug] Reward mean: 16.1031, std: 93.2882
Num steps: 1870000   Return: 3012.7   Time: 0:58:45
[Debug] Reward mean: 0.0938, std: 4.1978
[Debug] Reward mean: 22.4132, std: 107.8334
[Debug] Reward mean: 8.0976, std: 77.7874
Num steps: 1880000   Return: 3396.7   Time: 0:59:08
[Debug] Reward mean: 6.3208, std: 56.0726
[Debug] Reward mean: 13.7576, std: 81.6515
[Debug] Reward mean: 0.7804, std: 15.7186
[Debug] Reward mean: 2.0961, std: 33.3956
Num steps: 1890000   Return: 3404.1   Time: 0:59:33
[Debug] Reward mean: 1.6197, std: 21.4136
[Debug] Reward mean: 0.7383, std: 12.3771
[Debug] Reward mean: 1.4553, std: 23.0299
Num steps: 1900000   Return: 3256.2   Time: 0:59:55
[Debug] Reward mean: 1.1301, std: 23.5760
[Debug] Reward mean: 0.4139, std: 10.3183
[Debug] Reward mean: 2.3490, std: 33.2807
Num steps: 1910000   Return: 3448.1   Time: 1:00:17
[Debug] Reward mean: 7.1581, std: 61.1698
[Debug] Reward mean: 0.1795, std: 7.2678
[Debug] Reward mean: 2.4223, std: 34.9191
[Debug] Reward mean: 1.6148, std: 24.6192
Num steps: 1920000   Return: 3044.0   Time: 1:00:39
[Debug] Reward mean: 0.8707, std: 18.6938
[Debug] Reward mean: 0.0192, std: 1.0522
[Debug] Reward mean: 1.6511, std: 31.0945
Num steps: 1930000   Return: 3138.6   Time: 1:01:01
[Debug] Reward mean: 1.2727, std: 27.4173
[Debug] Reward mean: 1.3151, std: 26.2777
[Debug] Reward mean: 1.4885, std: 28.2106
Num steps: 1940000   Return: 2829.9   Time: 1:01:24
[Debug] Reward mean: 6.3556, std: 56.8556
[Debug] Reward mean: 0.3280, std: 9.1811
[Debug] Reward mean: 0.1927, std: 6.4261
[Debug] Reward mean: 3.3959, std: 42.0719
Num steps: 1950000   Return: 3170.7   Time: 1:01:46
[Debug] Reward mean: 16.0922, std: 108.3716
[Debug] Reward mean: 8.0987, std: 76.2592
[Debug] Reward mean: 7.9574, std: 64.5202
Num steps: 1960000   Return: 3002.6   Time: 1:02:09
[Debug] Reward mean: 2.9598, std: 36.9233
[Debug] Reward mean: 0.5670, std: 11.9012
[Debug] Reward mean: 3.2670, std: 44.9602
Num steps: 1970000   Return: 3027.3   Time: 1:02:31
[Debug] Reward mean: 2.2612, std: 33.3060
[Debug] Reward mean: 28.7046, std: 159.1637
[Debug] Reward mean: 48.4480, std: 188.4446
[Debug] Reward mean: 52.2620, std: 217.7334
Num steps: 1980000   Return: 3214.5   Time: 1:02:54
[Debug] Reward mean: 106.7839, std: 304.3966
[Debug] Reward mean: 0.6685, std: 17.5805
[Debug] Reward mean: 2.6381, std: 37.2299
Num steps: 1990000   Return: 2992.6   Time: 1:03:16
[Debug] Reward mean: 19.7773, std: 127.8474
[Debug] Reward mean: 35.6250, std: 165.9046
[Debug] Reward mean: 1.0606, std: 22.5132
Num steps: 2000000   Return: 3360.0   Time: 1:03:38
Models saved to logs/StickInsect-v5/airl/20250516-1717/model
