Logging started at 20250716-1036
Ontime :
True
Action space mid: [-1.01873243  0.45176268 -1.4165763  -0.0205206   0.1673988  -1.3896672
  0.73325681  0.58896359 -1.6511396   0.8836804  -0.47590394  1.35490289
  0.18083922 -0.15080036  1.30874578 -0.74782036 -0.56708082  1.47821588], scale: [0.44304717 0.46786146 0.9527527  0.73484704 0.4457115  0.8509844
 0.45946249 0.41638221 0.9457742  0.2983276  0.44032795 1.03865751
 0.73073588 0.35183635 0.95987222 0.47668324 0.43512017 0.99632052]
INFO: VrepInterfaze is initialized successfully.
Ontime :
True
Action space mid: [-1.01873243  0.45176268 -1.4165763  -0.0205206   0.1673988  -1.3896672
  0.73325681  0.58896359 -1.6511396   0.8836804  -0.47590394  1.35490289
  0.18083922 -0.15080036  1.30874578 -0.74782036 -0.56708082  1.47821588], scale: [0.44304717 0.46786146 0.9527527  0.73484704 0.4457115  0.8509844
 0.45946249 0.41638221 0.9457742  0.2983276  0.44032795 1.03865751
 0.73073588 0.35183635 0.95987222 0.47668324 0.43512017 0.99632052]
INFO: VrepInterfaze is initialized successfully.
NVIDIA GeForce RTX 4060 Laptop GPU
Process ID: 16624
Env: Medauroidea, expert.csv, Seed: 0
Rollout length: 100
Num steps: 1500, Eval interval: 500
Gamma: 0.995, Mix buffer: 1, Batch size: 64
lr_actor: 0.0001, lr_critic: 0.0001, lr_disc: 0.0001
Units Actor: (64, 64), Units Critic: (64, 64)
Units Disc R: (100, 100), Units Disc V: (100, 100)
Epoch ppo: 50, Epoch disc: 3
Clip Epsc: 0.2, Lambda: 0.97, Coef Ent: 0.05, Max Grad Norm: 10.0
Expert buffer size: 1517
Initial state shape: (33,)
PPO Step 1, t=1
PPO Step 2, t=2
PPO Step 3, t=3
PPO Step 4, t=4
PPO Step 5, t=5
PPO Step 6, t=6
PPO Step 7, t=7
PPO Step 8, t=8
PPO Step 9, t=9
PPO Step 10, t=10
PPO Step 11, t=11
PPO Step 12, t=12
PPO Step 13, t=13
PPO Step 14, t=14
PPO Step 15, t=15
PPO Step 16, t=16
PPO Step 17, t=17
PPO Step 18, t=18
PPO Step 19, t=19
PPO Step 20, t=20
PPO Step 21, t=21
PPO Step 22, t=22
PPO Step 23, t=23
PPO Step 24, t=24
PPO Step 25, t=25
PPO Step 26, t=26
PPO Step 27, t=27
PPO Step 28, t=28
PPO Step 29, t=29
PPO Step 30, t=30
PPO Step 31, t=31
PPO Step 32, t=32
PPO Step 33, t=33
PPO Step 34, t=34
PPO Step 35, t=35
PPO Step 36, t=36
PPO Step 37, t=37
PPO Step 38, t=38
PPO Step 39, t=39
PPO Step 40, t=40
PPO Step 41, t=41
PPO Step 42, t=42
PPO Step 43, t=43
PPO Step 44, t=44
PPO Step 45, t=45
PPO Step 46, t=46
PPO Step 47, t=47
PPO Step 48, t=48
PPO Step 49, t=49
PPO Step 50, t=50
PPO Step 51, t=51
PPO Step 52, t=52
PPO Step 53, t=53
PPO Step 54, t=54
PPO Step 55, t=55
PPO Step 56, t=56
PPO Step 57, t=57
PPO Step 58, t=58
PPO Step 59, t=59
PPO Step 60, t=60
PPO Step 61, t=61
PPO Step 62, t=62
PPO Step 63, t=63
PPO Step 64, t=64
PPO Step 65, t=65
PPO Step 66, t=66
PPO Step 67, t=67
PPO Step 68, t=68
PPO Step 69, t=69
PPO Step 70, t=70
PPO Step 71, t=71
PPO Step 72, t=72
PPO Step 73, t=73
PPO Step 74, t=74
PPO Step 75, t=75
PPO Step 76, t=76
PPO Step 77, t=77
PPO Step 78, t=78
PPO Step 79, t=79
PPO Step 80, t=80
PPO Step 81, t=81
PPO Step 82, t=82
PPO Step 83, t=83
PPO Step 84, t=84
PPO Step 85, t=85
PPO Step 86, t=86
PPO Step 87, t=87
PPO Step 88, t=88
PPO Step 89, t=89
PPO Step 90, t=90
PPO Step 91, t=91
PPO Step 92, t=92
PPO Step 93, t=93
PPO Step 94, t=94
PPO Step 95, t=95
PPO Step 96, t=96
PPO Step 97, t=97
PPO Step 98, t=98
PPO Step 99, t=99
PPO Step 100, t=100
Step 100 - Updating the algorithm
[Debug] Log probabilities of current policy actions: tensor([ -8.9718,  -9.2678, -13.6031, -13.1641, -13.1641, -11.2985, -12.7515,
        -11.2300, -13.8562,  -8.1571,  -9.5290, -11.7932, -11.7932, -10.5785,
        -12.5707, -11.9975, -13.5594,  -8.1571, -10.1197, -11.7932, -10.1812,
        -12.8602, -10.3380, -10.8386, -13.7032, -11.2985, -11.3439, -11.4161,
        -11.2358, -10.1351,  -9.2678, -13.6031, -11.3351, -12.5796, -11.7932,
        -10.8539,  -8.0507, -12.1906, -12.1906, -14.5324, -13.5594, -12.9768,
        -11.9975, -11.2985, -12.2080, -12.9768, -11.6000, -12.6710, -12.3773,
        -13.5461,  -7.5473, -10.3863, -11.6128, -14.5597, -11.6645, -11.6645,
        -13.8562,  -9.2195,  -6.3873, -13.0645, -12.2288, -10.1351, -11.1807,
        -10.0115], device='cuda:0')
[Debug] Log probabilities of expert actions: tensor([-15.8583, -23.4011, -12.1256, -14.3175, -13.0449, -15.7654, -13.3644,
        -27.2591, -13.9904, -14.4847, -14.5278, -14.4825, -29.8029, -14.5237,
        -13.2127, -13.6372, -14.0110, -24.9800, -11.9576, -17.1326, -15.0235,
        -12.8713, -13.5280, -13.8265, -27.4058, -12.0887, -10.4635, -13.4677,
        -12.9778, -13.9744, -14.4188, -12.6525, -13.3602, -12.8860, -13.6734,
        -14.0283, -12.3078, -15.2022, -15.3178, -15.6001, -14.4052, -14.4662,
        -13.3842, -14.3452, -14.1663, -23.4160, -13.2169, -12.9306, -13.2160,
        -12.5981, -13.0706, -13.9744, -12.0685, -12.8761, -26.7423, -13.0828,
        -14.1034, -14.4933, -13.3642, -13.1551, -15.3128, -15.6454, -12.9891,
        -13.4217], device='cuda:0')
[Debug] Log probabilities of current policy actions: tensor([ -9.5279, -12.8238, -14.5324, -11.1360, -12.5707, -11.9975, -13.8562,
        -12.4453, -12.6368, -14.7121, -14.0761, -11.0889, -12.0160, -11.4161,
        -12.9768, -11.7391, -11.6645, -13.0645, -12.1906, -10.1197, -10.0115,
         -9.6961, -11.9451, -10.8386, -12.8347, -10.6014, -11.0889, -10.9856,
        -13.5002, -13.1896, -10.7709, -11.4264, -13.7032, -12.1906, -12.0693,
        -13.7032,  -7.8833,  -9.6522, -12.7632, -13.1641, -10.0729, -14.5324,
        -10.5244, -11.1807, -13.1641, -14.0761, -12.6368, -10.8386,  -7.5473,
         -9.6961, -11.5369, -10.6014,  -8.0507, -11.2300, -10.3380, -11.4161,
        -11.9451, -10.0729, -12.7515, -12.1837, -12.9768,  -9.5290, -11.0369,
        -11.6000], device='cuda:0')
[Debug] Log probabilities of expert actions: tensor([-11.7996, -12.8727, -15.8522, -13.4967, -28.4899, -16.4060, -13.0637,
        -13.9904, -11.3345, -13.4303, -11.9187, -14.4531, -13.6951, -13.4968,
        -13.5731, -12.4893, -12.7351, -15.7014, -14.4715, -26.0485, -15.7714,
        -13.3644, -11.6255, -12.4212, -13.0928, -13.0706, -13.0746, -13.3257,
        -14.3584, -13.4886, -13.4013, -14.0456, -13.4266, -15.0318, -12.0902,
        -12.5322, -13.1669, -25.9990, -11.7592, -12.9891, -17.1164, -13.2651,
        -13.6928, -23.8341, -40.5637, -13.0774, -13.2797, -13.0615, -12.4089,
        -14.1583, -23.4234, -14.0161, -12.7251, -27.2486, -13.6277, -11.3560,
        -11.5130, -23.4027, -27.0355, -16.4158, -13.2548, -12.9955, -15.7658,
        -15.6430], device='cuda:0')
[Debug] Log probabilities of current policy actions: tensor([-13.8562, -11.6645,  -7.5473, -14.5597, -11.2358,  -9.2195, -11.4161,
        -11.6087,  -9.7820, -10.0729, -12.9280, -10.1812, -13.5461, -10.4117,
        -11.4264, -13.8562, -12.2054, -10.3380, -13.1641, -13.5461, -12.8347,
         -8.0507, -12.1837, -11.0545, -12.2288, -11.1895, -12.3778, -11.0889,
        -11.2358, -10.5785,  -8.9718,  -9.6522, -10.4117, -11.0369, -13.5594,
        -13.5594,  -7.5473, -13.4096, -12.8347, -12.2288,  -9.5290, -11.4310,
        -11.0545,  -9.7822, -14.7121, -12.7515, -10.8539, -11.1360, -11.1895,
        -10.1197, -11.2300,  -9.7134, -12.7296, -10.5244, -10.4117,  -9.7134,
        -11.6128, -10.1812, -12.5707, -11.6645, -12.6368, -12.9383, -11.5369,
        -13.8562], device='cuda:0')
[Debug] Log probabilities of expert actions: tensor([-14.4097, -14.4605, -11.5132, -12.3332, -13.7781, -12.0375, -14.1210,
        -24.5003, -15.6322, -29.9536, -15.7937, -13.3007, -11.6298, -15.8131,
        -13.8065, -15.7937, -12.5764, -13.3917, -14.2698, -14.6929, -25.9126,
        -11.8437, -13.0546, -15.7510, -13.7853, -30.5451, -29.9633, -13.0502,
        -14.2668, -15.4914, -13.1655, -12.9778, -11.8597, -15.0523, -13.0469,
        -29.8050, -13.9893, -14.4052, -13.4037, -12.1799, -13.3948, -13.4005,
        -10.7137, -40.4604, -13.0904, -15.8449, -14.3990, -15.7740, -13.2256,
        -15.7469, -23.4011, -13.2417, -15.6454, -13.0076, -14.5395, -53.8307,
        -15.0299, -15.1154, -24.3460, -14.5395, -15.8449, -22.4897, -28.4778,
        -12.7757], device='cuda:0')
[Debug] Rewards: tensor([11.6410, 12.7495, 10.9388, 10.7436, 10.5542,  6.0555, 11.2821, 12.9938,
         9.5847, 11.0857, 12.1828, 13.6461, 10.5499, 10.4290, 14.5476, 11.6423,
        10.6065, 11.9683, 10.5948, 11.8444, 11.0604, 10.7918, 13.0218, 12.2713,
        10.4275,  9.8373,  7.9181, 12.8688, 11.3782,  7.8205, 12.4535, 11.3644,
        12.8813, 12.3051, 14.0080, 13.3731, 13.5726, 12.8281, 12.8808, 13.3510,
        11.5071, 10.9694,  9.7969, 14.4729,  8.6538, 12.6099, 10.2268,  9.6405,
        12.1477, 10.5671,  9.1803, 12.0578, 12.5621,  9.4009, 11.3178, 10.2991,
         9.5710, 12.2454, 12.4793, 12.2357, 11.7412, 10.6233, 11.2807, 12.7887,
        13.6740, 11.6973,  9.5101, 12.9913, 10.9652, 11.0821,  9.4923, 11.3468,
        13.5625,  9.1873, 12.8208,  7.9103, 12.3518, 10.7261, 13.2437, 10.0060,
        11.3319,  9.9862, 10.7575, 12.7954, 11.7969, 11.1266, 12.3841,  8.0162,
        11.4841, 12.3355, 10.3393,  9.7124,  9.4585, 11.2314, 13.0386, 11.4324,
        10.2786, 10.1452, 12.8760, 12.2272], device='cuda:0')
[Debug] Reward mean: 11.3375, std: 1.5752
PPO Step 101, t=101
PPO Step 102, t=102
PPO Step 103, t=103
PPO Step 104, t=104
PPO Step 105, t=105
PPO Step 106, t=106
PPO Step 107, t=107
PPO Step 108, t=108
PPO Step 109, t=109
PPO Step 110, t=110
PPO Step 111, t=111
PPO Step 112, t=112
PPO Step 113, t=113
PPO Step 114, t=114
PPO Step 115, t=115
PPO Step 116, t=116
PPO Step 117, t=117
PPO Step 118, t=118
PPO Step 119, t=119
PPO Step 120, t=120
PPO Step 121, t=121
PPO Step 122, t=122
PPO Step 123, t=123
PPO Step 124, t=124
PPO Step 125, t=125
PPO Step 126, t=126
PPO Step 127, t=127
PPO Step 128, t=128
PPO Step 129, t=129
PPO Step 130, t=130
PPO Step 131, t=131
PPO Step 132, t=132
PPO Step 133, t=133
PPO Step 134, t=134
PPO Step 135, t=135
PPO Step 136, t=136
PPO Step 137, t=137
PPO Step 138, t=138
PPO Step 139, t=139
PPO Step 140, t=140
PPO Step 141, t=141
PPO Step 142, t=142
PPO Step 143, t=143
PPO Step 144, t=144
PPO Step 145, t=145
PPO Step 146, t=146
PPO Step 147, t=147
PPO Step 148, t=148
PPO Step 149, t=149
PPO Step 150, t=150
PPO Step 151, t=151
PPO Step 152, t=152
PPO Step 153, t=153
PPO Step 154, t=154
PPO Step 155, t=155
PPO Step 156, t=156
PPO Step 157, t=157
PPO Step 158, t=158
PPO Step 159, t=159
PPO Step 160, t=160
PPO Step 161, t=161
PPO Step 162, t=162
PPO Step 163, t=163
PPO Step 164, t=164
PPO Step 165, t=165
PPO Step 166, t=166
PPO Step 167, t=167
PPO Step 168, t=1
PPO Step 169, t=2
PPO Step 170, t=3
PPO Step 171, t=4
PPO Step 172, t=5
PPO Step 173, t=6
PPO Step 174, t=7
PPO Step 175, t=8
PPO Step 176, t=9
PPO Step 177, t=10
PPO Step 178, t=11
PPO Step 179, t=12
PPO Step 180, t=13
PPO Step 181, t=14
PPO Step 182, t=15
PPO Step 183, t=16
PPO Step 184, t=17
PPO Step 185, t=18
PPO Step 186, t=19
PPO Step 187, t=20
PPO Step 188, t=21
PPO Step 189, t=22
PPO Step 190, t=1
PPO Step 191, t=2
PPO Step 192, t=3
PPO Step 193, t=4
PPO Step 194, t=5
PPO Step 195, t=6
PPO Step 196, t=7
PPO Step 197, t=8
PPO Step 198, t=9
PPO Step 199, t=10
PPO Step 200, t=11
Step 200 - Updating the algorithm
[Debug] Log probabilities of current policy actions: tensor([-10.4632, -10.7001,  -9.7591, -12.0010, -12.5448, -10.5013, -12.8769,
         -9.4771, -11.6639, -10.4676, -11.4234, -11.4473, -10.9249,  -7.7200,
        -13.0039,  -8.8921, -11.4473, -11.3394, -12.5448,  -9.4838, -10.2945,
        -13.9384,  -8.8921,  -7.4039, -13.5472, -10.9084, -11.6056, -12.5943,
        -13.9384, -10.5634, -13.8173, -11.7632,  -8.8028, -12.3803,  -9.9995,
        -12.7144, -11.6639, -11.2193, -12.9891, -10.3996,  -8.7910, -11.0441,
        -13.9790, -11.4300, -12.3803, -12.7383, -10.9784,  -8.1174, -10.4632,
        -12.4517, -11.6441, -11.3394,  -9.8730, -10.3996, -11.9055, -13.1039,
        -13.4788, -10.9084, -11.0441, -10.3271, -12.8543, -10.4992, -11.0441,
        -13.4788], device='cuda:0')
[Debug] Log probabilities of expert actions: tensor([-13.0120, -14.7073, -13.3450, -12.6445, -16.1250, -24.7483, -13.2893,
        -29.9055, -13.7994, -16.6302, -30.0190, -27.3014, -13.9662, -12.8464,
        -12.5394, -40.2906, -12.2958, -14.0621, -12.7230, -13.1484, -13.0637,
        -12.8340, -26.6410, -13.5168, -12.9532, -12.9717, -13.3070, -12.5890,
        -25.4897, -12.0612, -12.0534, -12.8628, -12.1466, -22.6762, -13.9680,
        -13.3310, -14.1854, -12.1445, -12.9600, -13.6163, -40.3524, -12.0242,
        -11.8933, -15.5785, -13.4322, -13.7776, -13.3540, -14.3658, -15.1111,
        -14.7327, -12.1685, -13.4240, -38.0735, -28.0248, -12.9872, -26.6086,
        -12.1086, -14.8203, -13.4617, -14.3691, -11.6173, -14.3685, -14.2090,
        -12.9289], device='cuda:0')
[Debug] Log probabilities of current policy actions: tensor([-11.3609,  -8.8921,  -8.9754,  -9.9903, -11.9055, -12.4517,  -7.7200,
        -13.9384, -12.4683, -12.5114, -11.2193, -12.8050, -13.1039, -10.5013,
        -12.2534, -13.6211, -10.9249, -13.9790, -11.4234, -12.0010, -11.4300,
        -11.0570, -11.2960, -12.7144, -11.4300,  -9.1550, -13.0592, -13.3467,
        -12.8769, -10.5634, -11.0441, -11.2960, -11.4300, -10.2945, -13.4788,
        -11.2849, -12.7144, -10.8106, -12.9891, -11.2193, -12.5114, -12.8769,
        -10.4676, -12.4406, -12.2628, -10.5013,  -9.4838, -13.2883, -10.2945,
        -12.5114, -12.4406, -12.4517,  -9.9903, -12.5448, -11.7989, -13.8173,
        -10.5206, -11.9055, -11.6609, -12.1865, -11.4473, -11.6056,  -9.7591,
        -13.5472], device='cuda:0')
[Debug] Log probabilities of expert actions: tensor([-13.0816, -38.1319, -12.4562, -11.4852, -13.4436, -16.6255, -15.1022,
        -12.0275, -12.8396, -11.9839, -11.9703, -26.9684, -13.5313, -24.7323,
        -13.2173, -23.8650, -13.1285, -30.4685, -28.8442, -13.2094, -12.1589,
        -13.5173, -14.4491, -14.4357, -12.1552, -13.7375, -14.4392, -12.1536,
        -12.7523, -13.3550, -28.2357, -13.0119, -27.2508, -15.5341, -14.0263,
        -11.6435, -14.0050, -12.1808, -14.7799, -12.0534, -11.8985, -14.1246,
        -24.0747, -36.7610, -13.0844, -26.6506, -13.0844, -11.9703, -13.9118,
        -12.4987, -13.0804, -14.1858, -14.0076, -30.4685, -12.4937, -24.0792,
        -11.6331, -12.1660, -16.1250, -12.9435, -15.3495, -12.9254, -15.7413,
        -14.4265], device='cuda:0')
[Debug] Log probabilities of current policy actions: tensor([-12.1207, -11.2960, -11.6441, -11.7632,  -8.7910, -13.4439, -10.4269,
        -11.1665, -10.9249, -11.0051, -12.4406, -12.4683, -10.3996, -12.2534,
        -11.2849, -13.6132, -11.6056, -11.2960, -11.1665, -10.5206, -12.0010,
        -12.8543, -13.1592, -11.6609, -11.4300, -13.0592, -13.9384, -10.3271,
        -12.2534, -11.3753, -12.1768,  -9.4771, -12.7144, -13.3467, -12.1768,
        -11.0445,  -9.7591,  -9.9995, -10.3271, -12.1768, -13.9180, -13.4788,
         -9.4771, -11.6639, -12.2628,  -9.9995,  -8.1174, -12.8312, -13.9790,
        -12.2534, -11.3394, -10.4632,  -9.9903,  -8.1174, -10.9084, -10.9784,
        -11.0051,  -9.9903, -13.6211,  -9.3144, -11.2193,  -8.7910,  -9.9903,
        -11.9714], device='cuda:0')
[Debug] Log probabilities of expert actions: tensor([-27.5987, -13.2705, -15.3298, -11.6467, -15.1235, -13.2683, -13.4569,
        -29.9673, -13.2664, -13.2433, -13.4440, -13.0465, -13.6393, -12.9315,
        -15.6069, -13.8304, -11.9140, -16.9739, -12.6881, -12.9129, -12.2573,
        -12.2901, -24.9088, -13.2856, -22.6852, -10.7168, -27.2282, -13.9510,
        -15.6067, -15.7926, -12.6069, -10.9146, -13.0799, -12.3153, -14.8960,
        -14.4491, -12.9030, -14.2193, -11.9519, -29.9868, -14.7615, -11.9044,
        -13.3449, -12.5884, -26.9498, -26.4176, -28.2657, -12.2856, -13.3167,
        -12.2852, -12.1651, -13.2868, -40.2906, -13.1903, -12.9431, -13.1630,
        -13.4392, -53.8178, -12.7490, -12.8630, -11.7618, -12.2683, -12.2708,
        -14.1902], device='cuda:0')
[Debug] Rewards: tensor([10.9368, 10.2975, 11.8230,  9.8452, 12.5474, 11.0444, 13.2530, 10.6090,
         8.3671,  9.4562, 10.6771, 12.3574, 11.0695, 10.7685, 10.1094,  9.0266,
        10.9508, 12.5333, 12.2119,  9.0577,  9.9000, 11.5471,  9.0871, 11.8152,
         9.4977,  8.1604,  9.9348, 12.1228, 11.4806, 10.4505, 12.5606, 13.2380,
        13.4245,  7.7974,  8.9517, 12.7087, 13.2368, 12.9089,  7.4190, 12.5103,
        13.2573, 12.2844, 12.6055,  8.6702, 11.3650, 10.7113,  9.4855,  9.9970,
        10.5890, 11.5647, 10.4986, 11.8882, 11.7455, 10.7922, 10.2084, 11.9640,
         8.3600, 11.0943,  9.2206, 11.7640, 13.2853, 10.8199, 10.3129, 11.0760,
        13.3398, 10.2286, 10.4639, 13.1211, 11.4933, 11.7009, 10.7041, 11.3349,
        13.4291, 10.1364, 11.9397, 11.6425, 12.6013, 10.1623, 11.3490,  9.6515,
        11.6221, 10.0904, 10.8423, 12.7160, 12.2623, 11.9456, 11.7121, 10.9314,
        10.5916, 13.8973, 12.3484, 12.7349, 10.4951,  8.8239,  9.5036, 12.8628,
        12.6970, 13.7534, 12.3266,  7.2943], device='cuda:0')
[Debug] Reward mean: 11.1200, std: 1.5122
PPO Step 201, t=12
PPO Step 202, t=13
PPO Step 203, t=14
PPO Step 204, t=15
PPO Step 205, t=16
PPO Step 206, t=17
PPO Step 207, t=18
PPO Step 208, t=19
PPO Step 209, t=20
PPO Step 210, t=21
PPO Step 211, t=22
PPO Step 212, t=23
PPO Step 213, t=24
PPO Step 214, t=25
PPO Step 215, t=26
PPO Step 216, t=27
PPO Step 217, t=1
PPO Step 218, t=2
PPO Step 219, t=3
PPO Step 220, t=4
PPO Step 221, t=5
PPO Step 222, t=6
PPO Step 223, t=7
PPO Step 224, t=8
PPO Step 225, t=9
PPO Step 226, t=10
PPO Step 227, t=11
PPO Step 228, t=12
PPO Step 229, t=13
PPO Step 230, t=14
PPO Step 231, t=15
PPO Step 232, t=16
PPO Step 233, t=17
PPO Step 234, t=18
PPO Step 235, t=19
PPO Step 236, t=20
PPO Step 237, t=21
PPO Step 238, t=22
PPO Step 239, t=23
PPO Step 240, t=24
PPO Step 241, t=25
PPO Step 242, t=26
PPO Step 243, t=27
PPO Step 244, t=28
PPO Step 245, t=29
PPO Step 246, t=30
PPO Step 247, t=31
PPO Step 248, t=1
PPO Step 249, t=2
PPO Step 250, t=3
PPO Step 251, t=4
PPO Step 252, t=5
PPO Step 253, t=6
PPO Step 254, t=7
PPO Step 255, t=8
PPO Step 256, t=9
PPO Step 257, t=10
PPO Step 258, t=11
PPO Step 259, t=1
PPO Step 260, t=2
PPO Step 261, t=3
PPO Step 262, t=4
PPO Step 263, t=5
PPO Step 264, t=6
PPO Step 265, t=7
PPO Step 266, t=8
PPO Step 267, t=9
PPO Step 268, t=10
PPO Step 269, t=11
PPO Step 270, t=12
PPO Step 271, t=13
PPO Step 272, t=14
PPO Step 273, t=15
PPO Step 274, t=16
PPO Step 275, t=17
PPO Step 276, t=18
PPO Step 277, t=19
PPO Step 278, t=20
PPO Step 279, t=21
PPO Step 280, t=22
PPO Step 281, t=23
PPO Step 282, t=24
PPO Step 283, t=25
PPO Step 284, t=26
PPO Step 285, t=27
PPO Step 286, t=28
PPO Step 287, t=29
PPO Step 288, t=30
PPO Step 289, t=31
PPO Step 290, t=32
PPO Step 291, t=33
PPO Step 292, t=34
PPO Step 293, t=35
PPO Step 294, t=36
PPO Step 295, t=37
PPO Step 296, t=38
PPO Step 297, t=39
PPO Step 298, t=40
PPO Step 299, t=41
PPO Step 300, t=42
Step 300 - Updating the algorithm
[Debug] Log probabilities of current policy actions: tensor([ -9.4128, -12.7602, -10.2447, -11.5666, -12.9295, -11.4576, -12.5854,
         -9.8469, -11.0077, -12.9496, -10.4984, -13.4488,  -8.8203, -12.9496,
        -13.4266, -12.3194, -11.0350, -11.0896, -11.1756, -11.1756, -12.3194,
        -11.9741, -11.8575, -11.5666, -10.9200, -13.0287,  -9.0541, -13.1207,
         -9.0340, -11.4879, -13.4266,  -9.4127, -12.8667, -11.4576, -11.2091,
         -8.4790,  -9.0541, -10.6477,  -9.0541, -10.2213, -12.0303, -10.8456,
        -13.2930,  -9.5063, -12.2608, -11.8575, -11.1756, -12.5055, -13.3906,
         -9.3871, -11.7139, -13.4266, -10.4984, -13.8487, -13.7968, -13.5964,
        -10.0463, -10.7786, -10.3085, -11.2654,  -8.4790, -11.0896, -12.9496,
        -11.7384], device='cuda:0')
[Debug] Log probabilities of expert actions: tensor([-14.1270, -15.9706, -24.6772, -13.1213, -15.4240, -13.9524, -14.6671,
        -13.1912, -13.6043, -11.9090, -13.3533, -14.0283, -15.2727, -13.5212,
        -11.2421, -15.0614, -29.6467, -12.2696, -12.6496, -28.3711, -12.0987,
        -13.4460, -14.1821, -13.4214, -13.1096, -12.8441, -13.5568, -13.6686,
        -13.5155, -13.2008, -23.7858, -12.3867, -13.6502, -12.7869, -12.6818,
        -15.1809, -14.1234, -13.1956, -13.5568, -11.9908, -11.6084, -25.0135,
        -14.5953, -11.8539, -27.3377, -24.7039, -15.0463, -13.3132, -14.4383,
        -14.5470, -13.4431, -13.1315, -24.8137, -12.7673, -12.6016, -29.1889,
        -14.6276, -12.7857, -15.0702, -13.0451, -15.0535, -15.1044, -29.6617,
        -12.3650], device='cuda:0')
[Debug] Log probabilities of current policy actions: tensor([ -9.1060, -10.8457, -11.0350, -13.1207, -13.4266, -10.3085, -13.3906,
        -11.2255, -11.7139, -12.7602, -10.1146, -12.9295, -12.8436, -12.7354,
        -10.5610, -11.4330, -11.7384, -13.0471, -13.3906, -11.4330,  -9.1060,
        -10.9200, -13.3906, -13.5964,  -9.5063, -13.1207, -11.0077,  -9.5063,
        -13.7968, -10.0922, -12.5766, -10.6200, -13.5683, -13.1207, -12.8667,
         -8.8203, -11.4879, -12.5854, -10.6485, -13.7968, -13.8487,  -9.3871,
        -10.8456, -10.8456, -11.1756, -10.0922, -11.2091, -13.0471, -11.1706,
        -10.3085, -11.4576, -10.8457, -12.7602, -11.2255, -11.3562, -11.3562,
        -13.4488, -11.6465,  -9.3871, -12.5055, -12.3056, -12.3310, -10.7786,
         -8.8839], device='cuda:0')
[Debug] Log probabilities of expert actions: tensor([-16.6121, -13.2772, -12.4424, -29.6617, -27.7430, -14.5256, -27.0476,
        -15.2290, -15.0934, -29.2112, -12.9491, -12.6861, -14.5256, -38.6807,
        -27.6220, -11.9425, -12.5682, -16.1307, -13.7286, -14.6691, -13.2992,
        -12.2086, -15.1557, -26.4429, -11.8714, -14.2041, -14.0283, -14.2948,
        -13.2008, -27.6410, -12.7036, -13.1928, -12.0286, -13.3215, -13.3826,
        -12.6280, -13.6508, -28.0022, -29.6701, -13.1213, -14.1374, -13.4736,
        -14.5950, -24.8051, -12.9485, -16.6118, -14.2557, -11.9291, -12.6704,
        -13.7819, -11.9443, -14.6386, -14.1939, -14.1270, -14.6478, -13.1134,
        -12.5714, -14.0952, -11.8521, -12.6981, -12.6017, -11.8426, -27.6738,
        -11.7940], device='cuda:0')
[Debug] Log probabilities of current policy actions: tensor([-10.9200, -13.1207, -11.6964, -11.3562, -12.7354, -13.0737, -11.6964,
        -10.0922, -12.1422, -10.5610,  -9.3635, -11.7384, -11.3562, -11.6306,
         -8.8839, -10.8456,  -9.8258, -13.7968, -11.6465, -13.1207, -11.6306,
        -11.3562, -12.6391, -11.3562, -12.5766, -11.4330, -13.8487, -13.5964,
        -11.0350, -12.0303,  -9.4127, -10.7062,  -9.2447, -11.8575, -10.0922,
        -12.6391, -13.3211,  -8.8839, -11.3562, -12.2608, -10.9200,  -9.1060,
        -11.6964, -10.4984,  -9.8258, -10.0922, -11.8575, -10.7062, -10.8413,
        -11.8575, -11.6306, -12.8667,  -9.0541, -11.3562, -11.1803, -11.3562,
        -11.7503, -10.2447, -11.0350, -12.5766, -11.0350, -12.5766, -13.4488,
        -13.4488], device='cuda:0')
[Debug] Log probabilities of expert actions: tensor([-11.8530, -13.3416, -13.5855, -11.3034, -12.8935, -14.1799, -14.6671,
        -13.4527, -13.6394, -12.7767, -12.2630, -15.4272, -24.4487, -38.6255,
        -14.4703, -13.6502, -14.0932, -14.0952, -13.3270, -12.5747, -14.1184,
        -25.0085, -12.1193, -12.7497, -12.7878, -11.5192, -13.2129, -14.3449,
        -12.3650, -12.1353, -12.8130, -13.4382, -12.3833, -54.5980, -12.9096,
        -13.5791, -12.9735, -14.0882, -13.1791, -11.7968, -13.0280, -13.1791,
        -14.1984, -27.2552, -29.2355, -15.0459, -12.8924, -27.7090, -12.7829,
        -14.0965, -14.1270, -13.3589, -11.8008, -14.2139, -14.6691, -12.5783,
        -11.7945, -14.1187, -12.3956, -30.1311, -14.4131, -12.5869, -11.2921,
        -13.2129], device='cuda:0')
[Debug] Rewards: tensor([12.2483, 10.5249, 12.4327,  9.2617,  9.5108, 13.1472, 11.2986, 11.6628,
        12.9768,  8.6715, 10.6296, 11.3614, 12.4086, 12.6045, 10.7691, 10.3194,
        12.5230, 10.9760, 11.5906, 12.3680, 12.7988, 10.0408, 10.8292,  8.3716,
        13.6300, 10.7933,  9.1996,  7.7120, 10.2617, 12.7779, 11.4518, 11.2998,
        10.8481, 13.1107,  9.7404, 13.3011,  6.4158, 13.6152, 11.9777, 13.0298,
        12.4160, 12.6210, 11.1110, 11.0885, 11.5899, 10.4990, 12.7665, 10.5881,
        12.3274, 11.8323, 11.3754, 10.7661, 10.2320,  9.2874, 12.1342, 11.4369,
        10.0415,  9.3870, 10.7497, 13.4568, 11.0111,  9.6484,  7.6346, 12.7909,
         8.8031, 12.7018,  9.7496, 12.4150, 11.9235, 10.7003,  8.9381, 12.1155,
        11.1584, 12.5195, 12.6930, 11.7945,  8.8639, 12.8962, 11.4317, 10.9930,
        10.0418,  8.7836,  8.5533, 12.5503, 10.3672, 11.5890, 10.3145, 10.4143,
         9.8005, 10.4456, 11.1994, 13.4543, 12.0679, 11.4801,  9.2084, 10.1689,
        10.2744, 10.6264, 13.3360, 10.2598], device='cuda:0')
[Debug] Reward mean: 11.0992, std: 1.4990
PPO Step 301, t=43
PPO Step 302, t=44
PPO Step 303, t=45
PPO Step 304, t=46
PPO Step 305, t=47
PPO Step 306, t=48
PPO Step 307, t=49
PPO Step 308, t=1
PPO Step 309, t=2
PPO Step 310, t=3
PPO Step 311, t=4
PPO Step 312, t=5
PPO Step 313, t=6
PPO Step 314, t=7
PPO Step 315, t=8
PPO Step 316, t=9
PPO Step 317, t=10
PPO Step 318, t=11
PPO Step 319, t=12
PPO Step 320, t=13
PPO Step 321, t=14
PPO Step 322, t=15
PPO Step 323, t=16
PPO Step 324, t=17
PPO Step 325, t=18
PPO Step 326, t=19
PPO Step 327, t=20
PPO Step 328, t=21
PPO Step 329, t=22
PPO Step 330, t=23
PPO Step 331, t=24
PPO Step 332, t=25
PPO Step 333, t=26
PPO Step 334, t=27
PPO Step 335, t=28
PPO Step 336, t=29
PPO Step 337, t=30
PPO Step 338, t=31
PPO Step 339, t=32
PPO Step 340, t=33
PPO Step 341, t=34
PPO Step 342, t=35
PPO Step 343, t=36
PPO Step 344, t=37
PPO Step 345, t=38
PPO Step 346, t=39
PPO Step 347, t=40
PPO Step 348, t=41
PPO Step 349, t=42
PPO Step 350, t=43
PPO Step 351, t=44
PPO Step 352, t=45
PPO Step 353, t=46
PPO Step 354, t=47
PPO Step 355, t=48
PPO Step 356, t=49
PPO Step 357, t=50
PPO Step 358, t=51
PPO Step 359, t=1
PPO Step 360, t=2
PPO Step 361, t=3
PPO Step 362, t=4
PPO Step 363, t=5
PPO Step 364, t=6
PPO Step 365, t=7
PPO Step 366, t=8
PPO Step 367, t=9
PPO Step 368, t=10
PPO Step 369, t=11
PPO Step 370, t=12
PPO Step 371, t=13
PPO Step 372, t=14
PPO Step 373, t=15
PPO Step 374, t=16
PPO Step 375, t=17
PPO Step 376, t=18
PPO Step 377, t=19
PPO Step 378, t=20
PPO Step 379, t=21
PPO Step 380, t=22
PPO Step 381, t=23
PPO Step 382, t=24
PPO Step 383, t=25
PPO Step 384, t=26
PPO Step 385, t=27
PPO Step 386, t=28
PPO Step 387, t=29
PPO Step 388, t=30
PPO Step 389, t=31
PPO Step 390, t=32
PPO Step 391, t=33
PPO Step 392, t=1
PPO Step 393, t=2
PPO Step 394, t=3
PPO Step 395, t=4
PPO Step 396, t=5
PPO Step 397, t=6
PPO Step 398, t=7
PPO Step 399, t=8
PPO Step 400, t=9
Step 400 - Updating the algorithm
[Debug] Log probabilities of current policy actions: tensor([ -9.3723, -13.9802, -12.3221, -12.6349, -12.9115, -11.9229,  -6.4148,
        -13.2040, -12.9115, -11.6255, -12.5893, -12.2538, -12.8561, -12.1074,
         -7.9949,  -9.2351, -11.1839, -11.4320, -11.3238, -11.8115, -11.2480,
        -10.8152, -11.2651,  -8.4668, -10.9640, -10.3631, -11.7368, -10.5675,
        -12.6676,  -9.6765, -13.0024, -10.8152, -12.1689, -11.3238, -11.9229,
        -13.2040, -11.2480, -11.4016, -10.9503, -11.3238, -11.1839, -11.3238,
        -11.8115, -13.0024, -11.2651, -10.2525, -13.3754, -11.3348, -12.6219,
        -10.0619, -11.1319, -10.5874,  -9.3723, -11.6255, -11.6865, -13.2281,
         -7.9949,  -9.6765, -12.2678, -12.1472, -13.4140, -10.9338, -13.6977,
        -13.3861], device='cuda:0')
[Debug] Log probabilities of expert actions: tensor([-27.6889, -11.7740, -13.0224, -12.4596, -30.5169, -12.8921, -15.1209,
        -26.5531, -38.7376, -13.2019, -15.1508, -26.7386, -15.0112, -12.6431,
        -12.1236, -12.2852, -14.3285, -14.2904, -13.9058, -12.9357, -11.8178,
        -14.4317, -28.4529, -13.5999, -13.5217, -12.6295, -27.8911, -12.3264,
        -13.1538, -14.1860, -12.6960, -26.2977, -13.0459, -12.2011, -13.3460,
        -12.7294, -14.5128, -25.6510, -14.4805, -29.2430, -14.2867, -24.4726,
        -14.4377, -12.2732, -40.9948, -12.1996, -12.3315, -14.2539, -12.8542,
        -13.1929, -27.6578, -13.7367, -14.3095, -13.4551, -14.8115, -24.9316,
        -11.2778, -11.3003, -24.9636, -13.2094, -12.3511, -14.2052, -13.7051,
        -12.9645], device='cuda:0')
[Debug] Log probabilities of current policy actions: tensor([-13.3861, -13.2040, -10.5290, -12.6349, -11.2651, -11.2651, -11.1319,
        -12.6398, -13.5403, -10.4804, -12.1689, -12.6219, -10.9015, -12.8071,
        -11.8391, -10.3631, -11.6564, -11.0834,  -8.4668, -10.5290, -11.3182,
        -13.2765, -12.9235, -11.4016, -12.0080, -12.1689, -12.8071, -13.0440,
        -11.1839, -11.6255,  -9.7874, -12.6398, -10.3631, -11.8697, -13.1011,
        -13.2765, -10.0486, -10.7916, -11.6865, -13.0440, -13.3754,  -8.4537,
        -10.8435, -10.8302, -10.9503, -11.8127, -11.2651,  -8.4537, -10.5675,
        -12.5893, -10.1988, -11.8391, -11.2651, -11.3238,  -9.7117, -11.6564,
        -10.4804, -13.2554, -12.0080, -12.8561, -13.3861, -10.3631, -10.4936,
        -11.8115], device='cuda:0')
[Debug] Log probabilities of expert actions: tensor([-14.4414, -28.1794, -39.4143, -11.9872, -13.6941, -12.5556, -12.2850,
        -12.9786, -14.9408, -13.8693, -12.2163, -13.6328, -23.2983, -12.9946,
        -16.1426, -12.9276, -12.8542, -24.3563, -13.9229, -14.8115, -12.5636,
        -14.5807, -12.8403, -13.9509, -12.2513, -27.7021, -12.5036, -23.3092,
        -13.0311, -11.9535, -40.8068, -12.8790, -13.2554, -13.1220, -12.7192,
        -14.4212, -55.1930, -14.6434, -27.2604, -12.0201, -13.7051, -12.4469,
        -12.8719, -11.2778, -13.7051, -14.3208, -13.2925, -12.2726, -12.9772,
        -13.7941, -14.2867, -12.5233, -12.8719, -12.8902, -15.7104, -30.6998,
        -12.6994, -13.1488, -12.6661, -13.5144, -13.7422, -13.0324, -40.9948,
        -14.7426], device='cuda:0')
[Debug] Log probabilities of current policy actions: tensor([-12.8071, -12.8071, -13.3754, -11.4460, -13.2765, -12.8694,  -7.9949,
        -10.0880, -12.9636, -11.6564, -12.6219, -13.0152, -11.3348, -12.9636,
        -10.2525, -13.6977, -10.0486, -11.5014, -12.1689, -10.4936, -10.0880,
        -12.6219, -10.3631, -11.3182, -13.5403, -11.8391, -13.3754, -10.9640,
         -9.7874, -10.9338, -13.1011, -11.3348, -10.1988, -10.9869, -13.2040,
        -11.8282, -11.4522, -11.8391,  -7.9949, -11.6564, -10.9503, -13.3754,
        -11.2651,  -9.7117, -13.1215,  -9.2351, -12.9235, -11.3348, -13.3861,
        -11.1039,  -9.6022, -12.6398, -10.3631,  -9.6765, -11.1319, -10.0486,
        -11.3238, -13.0152, -10.0880, -12.3097, -13.9802, -13.1215, -10.8302,
        -10.3631], device='cuda:0')
[Debug] Log probabilities of expert actions: tensor([-12.6690, -13.5417, -14.9630, -29.2894, -13.1307, -13.7406, -13.6188,
        -13.0691, -13.0454, -12.7371, -12.5263, -14.4414, -12.7364, -25.7067,
        -11.5240, -11.5240, -12.2326, -12.1772, -12.8416, -12.5263, -14.4486,
        -39.3765, -13.0454, -13.8397, -13.0506, -12.8034, -13.1518, -27.7695,
        -14.5043, -11.7692, -13.1382, -12.4513, -11.5632, -12.9318, -15.0052,
        -13.4101, -13.6537, -27.4196, -15.1489, -15.1651, -12.1758, -11.9860,
        -14.2826, -15.7206, -25.7525, -38.7110, -13.7406, -23.9776, -14.5807,
        -13.8852, -13.2502, -40.9498, -13.9908, -15.7224, -12.3749, -13.5274,
        -12.1249, -24.4726, -15.7204, -13.7949, -14.9160, -28.4529, -23.7240,
        -15.2813], device='cuda:0')
[Debug] Rewards: tensor([12.6419, 12.3431, 11.6311, 11.4292,  9.5157,  9.4865,  9.4177, 12.5953,
        13.4820, 10.2849, 10.8446,  8.3149, 11.5002, 10.6908, 10.6685, 10.6906,
        10.1535, 10.9856, 11.4923, 11.1864, 10.2950, 12.9459, 13.7141, 13.0589,
        13.0579, 11.2318, 10.9125,  7.1226,  9.4472, 10.9309,  8.4355, 11.1777,
        11.3138, 11.0860, 12.5846,  9.3224, 12.6745, 12.4541,  6.3343, 10.1484,
        11.1495, 12.2633, 12.1643, 12.5799, 11.7415, 12.3534, 11.2252,  9.7896,
         8.1779, 12.2928, 12.3764,  8.9768, 12.2540,  7.5670,  9.1885,  9.3246,
        12.6514,  9.3098, 12.5664, 11.9323, 10.0860, 10.8182, 11.3972, 10.9711,
        11.7743, 12.5918,  9.9658,  9.8530, 11.0568, 11.4140, 10.6185, 12.9044,
         8.6819, 12.3763, 12.0917, 10.7610, 10.7256, 12.8520, 11.7814, 12.1707,
        11.1978, 11.4452,  9.9597,  9.7271, 10.1715, 11.2259, 13.0087, 10.6671,
         9.5678, 11.4343, 10.5272, 11.9363, 11.7432, 11.3033, 11.0643, 10.3349,
         9.5856, 11.8552, 12.1481, 12.4743], device='cuda:0')
[Debug] Reward mean: 11.0376, std: 1.4332
PPO Step 401, t=10
PPO Step 402, t=11
PPO Step 403, t=12
PPO Step 404, t=13
PPO Step 405, t=14
PPO Step 406, t=15
PPO Step 407, t=16
PPO Step 408, t=17
PPO Step 409, t=18
PPO Step 410, t=19
PPO Step 411, t=20
PPO Step 412, t=21
PPO Step 413, t=22
PPO Step 414, t=23
PPO Step 415, t=24
PPO Step 416, t=25
PPO Step 417, t=26
PPO Step 418, t=27
PPO Step 419, t=28
PPO Step 420, t=1
PPO Step 421, t=2
PPO Step 422, t=3
PPO Step 423, t=4
PPO Step 424, t=5
PPO Step 425, t=6
PPO Step 426, t=7
PPO Step 427, t=8
PPO Step 428, t=9
PPO Step 429, t=10
PPO Step 430, t=11
PPO Step 431, t=12
PPO Step 432, t=13
PPO Step 433, t=14
PPO Step 434, t=15
PPO Step 435, t=16
PPO Step 436, t=17
PPO Step 437, t=18
PPO Step 438, t=19
PPO Step 439, t=20
PPO Step 440, t=21
PPO Step 441, t=22
PPO Step 442, t=23
PPO Step 443, t=24
PPO Step 444, t=25
PPO Step 445, t=26
PPO Step 446, t=27
PPO Step 447, t=28
PPO Step 448, t=29
PPO Step 449, t=30
PPO Step 450, t=31
PPO Step 451, t=32
PPO Step 452, t=33
PPO Step 453, t=34
PPO Step 454, t=35
PPO Step 455, t=36
PPO Step 456, t=37
PPO Step 457, t=38
PPO Step 458, t=39
PPO Step 459, t=40
PPO Step 460, t=41
PPO Step 461, t=42
PPO Step 462, t=43
PPO Step 463, t=44
PPO Step 464, t=45
PPO Step 465, t=46
PPO Step 466, t=47
PPO Step 467, t=48
PPO Step 468, t=49
PPO Step 469, t=50
PPO Step 470, t=51
PPO Step 471, t=52
PPO Step 472, t=53
PPO Step 473, t=54
PPO Step 474, t=55
PPO Step 475, t=56
PPO Step 476, t=57
PPO Step 477, t=58
PPO Step 478, t=59
PPO Step 479, t=60
PPO Step 480, t=61
PPO Step 481, t=62
PPO Step 482, t=63
PPO Step 483, t=64
PPO Step 484, t=65
PPO Step 485, t=66
PPO Step 486, t=67
PPO Step 487, t=68
PPO Step 488, t=69
PPO Step 489, t=70
PPO Step 490, t=71
PPO Step 491, t=72
PPO Step 492, t=73
PPO Step 493, t=74
PPO Step 494, t=75
PPO Step 495, t=76
PPO Step 496, t=77
PPO Step 497, t=78
PPO Step 498, t=79
PPO Step 499, t=80
PPO Step 500, t=81
Step 500 - Updating the algorithm
[Debug] Log probabilities of current policy actions: tensor([-12.2180, -11.1795, -11.8086, -12.1197, -13.0060,  -7.7270, -13.4098,
         -9.9657, -10.8094, -12.4812, -12.3031, -11.6207, -12.8081, -10.3885,
        -12.4848, -10.4168, -10.2038, -11.2078, -14.1915,  -9.4237, -11.9433,
        -13.9715,  -9.4237, -12.4755, -12.2832, -11.1769, -12.3865, -10.1195,
        -13.5500, -12.0454, -11.5619, -12.7166, -12.3865, -12.8374, -12.3576,
        -14.1915, -12.0476, -12.1197, -12.3865, -11.9954, -13.5500,  -9.8753,
        -10.8465,  -8.8189, -10.8541,  -9.0823,  -9.5374, -12.4404, -12.3442,
        -10.8541, -13.5500,  -9.9657, -13.0060,  -8.5181, -10.4221, -13.0325,
        -11.9433, -12.3576,  -7.7270, -10.5015, -10.0683, -11.5802, -12.6249,
        -11.1769], device='cuda:0')
[Debug] Log probabilities of expert actions: tensor([-13.1778, -12.9933, -12.7859, -14.2768, -12.7977, -27.9431, -12.6414,
        -12.5747, -26.5526, -24.1638, -12.2375, -13.8965, -12.9988, -14.2910,
        -27.7022, -13.4214, -12.8107, -24.9276, -12.2398, -13.8965, -13.8193,
        -40.3379, -11.9692, -28.7595, -28.7746, -23.8885, -11.6977, -13.1563,
        -25.4392, -12.3276, -11.5760, -12.5287, -25.4383, -12.4774, -13.4699,
        -12.8163, -28.6762, -12.3089, -14.8326, -13.1464, -38.6234, -13.2121,
        -24.2249, -15.2035, -12.9247, -13.3702, -12.5176, -13.5263, -11.7821,
        -12.7986, -11.5601, -13.8780, -12.3873, -14.7129, -13.5300, -11.6453,
        -12.3645, -12.7601, -14.0279, -13.8319, -14.7008, -28.9470, -13.5749,
        -14.8948], device='cuda:0')
[Debug] Log probabilities of current policy actions: tensor([-12.6249, -12.8081, -12.4324, -11.3375, -11.8708, -14.2369, -12.0017,
        -11.6207, -10.0841, -11.1675, -12.0454, -10.0711, -11.8832, -10.6427,
        -10.0711, -11.5131, -11.2766, -12.6564,  -9.0823, -12.3442, -13.8105,
        -11.9539, -10.1195, -12.4848, -12.7166,  -9.3564, -11.5131, -12.4304,
        -12.6564, -11.5954, -12.4304, -11.7372, -14.2369, -12.1215, -13.5500,
        -14.1915, -10.8465,  -9.7943, -10.7771, -11.9539, -13.7877, -12.4404,
        -11.9954, -12.1197, -12.7144, -11.1769, -12.3031, -11.9433, -12.4848,
        -10.2196, -12.8932, -10.8465, -13.4098, -11.9539,  -9.7943, -13.9002,
        -13.9002, -12.6564, -13.9715, -12.4848, -13.9715, -13.9715, -11.8832,
        -11.5131], device='cuda:0')
[Debug] Log probabilities of expert actions: tensor([-28.5897, -12.9284, -24.1758, -27.8845, -15.7918, -13.1287, -14.0971,
        -14.3676, -14.8130, -12.9604, -13.5848, -26.2681, -24.9276, -23.8891,
        -13.0991, -27.9431, -13.2019, -12.0783, -14.6808, -12.5018, -12.7845,
        -39.2211, -13.1778, -13.5122, -13.4645, -12.2036, -10.9818, -12.7919,
        -28.7819, -12.6704, -14.1568, -14.2593, -23.8281, -11.7774, -12.2941,
        -13.3515, -13.7652, -14.7834, -23.7114, -14.3433, -23.8216, -14.8998,
        -24.2249, -13.7947, -12.8123, -11.6564, -13.4377, -12.6989, -14.8442,
        -28.9313, -13.9440, -12.4756, -11.7734, -12.4674, -12.5926, -40.2996,
        -14.7882, -13.2372, -12.7301, -12.8164, -13.4794, -13.1429, -12.3341,
        -14.5714], device='cuda:0')
[Debug] Log probabilities of current policy actions: tensor([-11.3847, -11.9954, -10.8541, -10.2038, -13.7031,  -9.7943,  -8.8189,
        -11.8832, -13.0060,  -9.5374, -11.8086, -10.4168, -11.1769, -13.9715,
        -12.2180, -13.4098, -13.0060, -12.1215,  -9.5314, -14.2369, -14.2369,
        -12.0454, -14.1915, -13.0325, -11.8708, -11.7372, -11.5954, -10.4221,
        -11.5954, -14.2369, -10.3885, -12.1215, -11.5954, -13.0325,  -9.7943,
        -11.5802, -10.8094,  -9.1360,  -7.7270, -12.3576, -12.6564, -13.5500,
        -12.7166, -12.3442, -11.9487, -12.0017, -11.6101, -12.8704, -11.9433,
        -12.7166, -11.8832, -11.8708, -12.3442, -10.8465,  -8.5181, -14.2369,
        -12.4848, -12.4755, -13.5500, -10.8094,  -9.3564, -13.4098, -13.9715,
        -12.8704], device='cuda:0')
[Debug] Log probabilities of expert actions: tensor([-12.5515, -13.1452, -12.5350, -11.9700, -27.6634, -13.1411, -26.0408,
        -12.2176, -28.6762, -12.3489, -13.4250, -10.9304, -14.5754, -14.4553,
        -14.6781, -15.8250, -13.1594, -12.3637, -11.9732, -13.2107, -13.6024,
        -13.3971, -15.6672, -13.1534, -14.7194, -12.3965, -13.3547, -12.6795,
        -14.0810, -12.8050, -11.9634, -14.1889, -24.7894, -12.4814, -12.4756,
        -12.4750, -14.0348, -13.2785, -13.1515, -13.9919, -14.0622, -14.4021,
        -26.3761, -24.1638, -12.9988, -14.5924, -12.7755, -14.0810, -14.3516,
        -27.8263, -13.3596, -12.1757, -12.8002, -26.2197, -54.3942, -13.0101,
        -27.6674, -11.9732, -12.8223, -14.9654, -13.5697, -23.8382, -13.5339,
        -12.3250], device='cuda:0')
[Debug] Rewards: tensor([12.6360, 11.9102, 10.6210, 12.4778, 11.3805, 11.8005, 12.8682, 10.1316,
         8.6656, 10.1727, 11.1325, 13.7650, 11.7170, 11.1228,  9.7206, 11.6792,
        12.0185, 12.0583, 12.3272, 11.7904, 11.3676, 11.2583, 12.0215,  8.5410,
         7.7603, 10.6504,  9.2165, 12.4455, 10.7391, 11.0553, 11.9049, 11.7511,
        10.2807, 12.1427, 11.7106,  9.8407, 11.4722,  9.0722, 12.5035,  9.1701,
         9.9596, 12.1548, 10.6026, 11.1082, 11.7292, 10.6158,  6.8910, 12.9833,
         9.8308, 14.0223, 12.5336, 11.4845, 10.1174, 10.8489, 10.6603, 10.6684,
        12.0706, 13.5216, 10.6872, 12.2509, 12.0421,  9.7633, 10.0676, 10.1911,
         9.9407,  7.4520, 11.5446, 10.7193, 10.5195, 10.2044, 12.1813, 10.6747,
        13.3372, 13.4830,  9.9693,  6.7819, 11.6066, 12.5880, 10.8013, 13.4816,
         8.7513, 11.3226,  9.6480, 11.0373,  9.2159, 11.9579, 11.7108, 11.6816,
        11.7901, 13.3528,  9.1387, 13.1583, 11.9089, 10.1774,  8.4834, 11.2514,
         9.3952, 11.7892,  9.4451, 11.4980], device='cuda:0')
[Debug] Reward mean: 11.0370, std: 1.4811
Step 500 - Evaluating the algorithm
Num steps: 500      Return: 0.0     Time: 0:01:23
PPO Step 501, t=82
PPO Step 502, t=83
PPO Step 503, t=84
PPO Step 504, t=85
PPO Step 505, t=86
PPO Step 506, t=87
PPO Step 507, t=88
PPO Step 508, t=89
PPO Step 509, t=90
PPO Step 510, t=91
PPO Step 511, t=92
PPO Step 512, t=93
PPO Step 513, t=94
PPO Step 514, t=95
PPO Step 515, t=96
PPO Step 516, t=97
PPO Step 517, t=98
PPO Step 518, t=99
PPO Step 519, t=100
PPO Step 520, t=101
PPO Step 521, t=102
PPO Step 522, t=103
PPO Step 523, t=104
PPO Step 524, t=105
PPO Step 525, t=106
PPO Step 526, t=107
PPO Step 527, t=108
PPO Step 528, t=109
PPO Step 529, t=110
PPO Step 530, t=111
PPO Step 531, t=112
PPO Step 532, t=113
PPO Step 533, t=114
PPO Step 534, t=115
PPO Step 535, t=116
PPO Step 536, t=117
PPO Step 537, t=118
PPO Step 538, t=119
PPO Step 539, t=120
PPO Step 540, t=121
PPO Step 541, t=122
PPO Step 542, t=123
PPO Step 543, t=124
PPO Step 544, t=125
PPO Step 545, t=126
PPO Step 546, t=127
PPO Step 547, t=128
PPO Step 548, t=129
PPO Step 549, t=130
PPO Step 550, t=131
PPO Step 551, t=132
PPO Step 552, t=133
PPO Step 553, t=134
PPO Step 554, t=135
PPO Step 555, t=136
PPO Step 556, t=137
PPO Step 557, t=138
PPO Step 558, t=139
PPO Step 559, t=140
PPO Step 560, t=141
PPO Step 561, t=142
PPO Step 562, t=143
PPO Step 563, t=144
PPO Step 564, t=145
PPO Step 565, t=146
PPO Step 566, t=147
PPO Step 567, t=148
PPO Step 568, t=149
PPO Step 569, t=150
PPO Step 570, t=151
PPO Step 571, t=152
PPO Step 572, t=153
PPO Step 573, t=1
PPO Step 574, t=2
PPO Step 575, t=3
PPO Step 576, t=4
PPO Step 577, t=5
PPO Step 578, t=6
PPO Step 579, t=7
PPO Step 580, t=8
PPO Step 581, t=9
PPO Step 582, t=10
PPO Step 583, t=11
PPO Step 584, t=12
PPO Step 585, t=13
PPO Step 586, t=14
PPO Step 587, t=15
PPO Step 588, t=16
PPO Step 589, t=17
PPO Step 590, t=18
PPO Step 591, t=19
PPO Step 592, t=20
PPO Step 593, t=21
PPO Step 594, t=22
PPO Step 595, t=23
PPO Step 596, t=24
PPO Step 597, t=25
PPO Step 598, t=26
PPO Step 599, t=27
PPO Step 600, t=28
Step 600 - Updating the algorithm
[Debug] Log probabilities of current policy actions: tensor([-12.2326, -12.7250, -13.3258, -10.5948, -11.3090, -11.1275, -12.1164,
        -12.4295, -11.3555,  -8.8067, -12.2288, -10.3887, -11.1191, -11.3302,
        -12.9870, -10.4852, -13.0476, -11.8802,  -9.5017, -11.5986, -11.8802,
        -11.3090, -10.7298, -12.6662, -11.5754, -12.2755, -12.6726, -11.2403,
        -11.3090, -14.6782, -11.8608, -12.1039, -12.1164, -12.1164, -13.3258,
        -11.0372, -10.3550, -12.3805, -12.8524, -10.7050, -11.0106, -14.0543,
        -11.0372, -10.9324, -11.2940, -13.4712, -11.5986, -12.3593, -10.3550,
        -12.3593, -11.8432, -10.3797, -11.8432, -12.5710, -12.3593, -14.0999,
         -8.5871, -14.9730, -10.5948, -12.8100, -11.1191, -12.2755, -11.7379,
        -11.8608], device='cuda:0')
[Debug] Log probabilities of expert actions: tensor([-12.9577, -13.0657, -13.1642, -13.0000, -28.4572, -12.3196, -13.0346,
        -14.6562, -14.8894, -12.9930, -14.0640, -10.4580, -12.8544, -24.5635,
        -13.9179, -12.1988, -12.5955, -12.4721, -26.6367, -13.1178, -30.1613,
        -13.6672, -13.6672, -13.9582, -12.9917, -28.4302, -12.6635, -12.6457,
        -27.1327, -12.8623, -13.1498, -12.9193, -12.6121, -14.6882, -14.8883,
        -11.6429, -13.3721, -14.6929, -14.0718, -13.3119, -12.2013, -14.2531,
        -12.6434, -13.8240, -13.4584, -40.2160, -12.5064, -12.6434, -14.6051,
        -13.7586, -10.9517, -12.9878, -12.3583, -13.1290, -12.7980, -12.3583,
        -10.9907, -23.0307, -12.6783, -14.1714, -12.7821, -12.6425, -14.0051,
        -12.6993], device='cuda:0')
[Debug] Log probabilities of current policy actions: tensor([-12.9870, -11.5540, -11.8608,  -8.8067, -11.2869, -14.0999, -12.3279,
        -12.9848, -14.0999,  -8.8067, -11.5540, -10.4852, -11.9318, -12.6022,
         -9.5067, -11.2869, -13.4712, -12.8100, -11.8417, -10.3887, -11.2098,
        -10.5793,  -9.6424, -13.4712, -14.0999, -10.5135, -11.5986, -10.5036,
        -12.1164, -10.0348, -11.3090, -10.5793, -12.9870, -11.8802, -11.2940,
         -9.6424, -11.5540, -11.2940, -11.6566, -11.5754, -12.3279, -11.1275,
        -12.9870, -12.6662,  -8.8067, -12.9848, -13.0476, -12.3805, -13.4510,
        -11.3555, -13.1300, -11.7439, -11.9905, -10.5945, -11.7439, -10.5945,
        -11.3302,  -9.8995, -10.4852, -12.9870, -11.7379, -13.0681, -10.7343,
        -10.7343], device='cuda:0')
[Debug] Log probabilities of expert actions: tensor([-13.5632, -26.2753, -14.0254, -13.4193, -12.3572, -29.1500, -13.2130,
        -10.4317, -10.4671, -12.9361, -26.6859, -13.5901, -29.1808, -26.4035,
        -12.5780, -13.3020, -11.6101, -12.3586, -12.7415, -13.5632, -13.0559,
        -14.0477, -14.2369, -12.4042, -14.0640, -12.2526, -13.0330, -14.7850,
        -26.2350, -14.8416, -13.4193, -12.7792, -14.0031, -12.8079, -12.4541,
        -12.3337, -12.6988, -23.0307, -24.5865, -12.4184, -13.3039, -12.9536,
        -26.2180, -25.8629, -12.5581, -12.8818, -27.1327, -26.4035, -14.1286,
        -12.7392, -13.3216, -12.4541, -12.9590, -12.1585, -14.8883, -12.8954,
        -12.7683, -12.8818, -16.4411, -14.9710, -25.9772, -14.7448, -12.8697,
        -12.3533], device='cuda:0')
[Debug] Log probabilities of current policy actions: tensor([-11.0829, -10.7641, -13.4712, -13.4510, -11.7439,  -9.8995, -12.9176,
        -11.2098, -10.5036, -11.9226,  -8.8067, -14.6782, -14.0999, -12.6022,
        -10.0348, -11.6566, -11.6566, -10.0348, -12.5710, -12.3805, -13.4712,
        -10.5945, -10.7050, -13.4510, -12.1164, -12.3279, -11.9226,  -9.5017,
        -12.8192, -12.7605,  -9.8995, -14.0543, -12.3805, -10.7298, -11.5540,
        -11.2098,  -9.9272, -12.4851, -12.0483, -10.0348,  -9.9272, -11.5986,
        -11.0372, -11.8608, -11.0829, -11.5754, -11.8417,  -9.5017, -12.7318,
        -11.1191, -11.9905, -12.2288, -12.5732, -10.7298, -11.8417,  -8.7390,
         -8.5871, -10.9550, -12.2288, -12.6686, -12.2288, -12.1039, -12.5710,
         -8.8067], device='cuda:0')
[Debug] Log probabilities of expert actions: tensor([-12.7540, -13.2380, -30.1613, -13.3425, -39.2525, -13.6388, -14.6400,
        -12.6696, -12.7886, -13.6834, -12.3196, -13.0222, -13.1482, -14.9866,
        -27.9624, -24.5737, -12.9780, -16.4582, -12.8153, -13.1890, -14.4331,
        -28.6880, -30.4325, -12.9822, -12.7630, -14.8203, -26.0724, -16.4405,
        -12.8201, -15.4988, -13.7239, -26.2165, -13.0000, -13.0330, -12.6025,
        -13.0594, -13.5892, -15.3282, -13.3634, -14.1286, -29.1615, -13.2223,
        -25.0892, -23.9097, -14.3419, -14.0425, -12.7012, -29.7174, -12.2013,
        -13.1642, -13.4642, -14.4135, -12.7592, -13.0587, -13.6144, -12.7986,
        -12.9195, -13.6282, -12.5941, -14.8837, -12.4242, -12.5665, -12.9972,
        -12.8166], device='cuda:0')
[Debug] Rewards: tensor([10.9511, 10.4819, 10.6868, 12.4538, 11.3314, 11.4299,  9.1204, 12.3609,
        10.6807, 12.7809, 11.1249, 12.5966,  8.7300, 11.8453,  9.0435, 13.7832,
        11.3997, 11.1934, 11.8304, 10.9995,  9.3142,  8.9898, 12.3081, 11.2566,
        10.2629, 10.3971, 11.0681, 11.0542,  9.9096,  8.7624,  9.4294, 10.3027,
        11.3349, 10.6543, 10.3023, 10.2152, 10.0829,  8.3236, 10.0573,  8.6798,
        12.5276, 11.7176, 11.7062, 14.2094, 10.3041, 12.4976, 12.4204,  7.5900,
        10.1668, 11.5834,  8.7460, 13.0638,  9.6725, 11.9079, 12.1839, 11.4963,
        11.9990,  9.8885, 12.2972,  9.8743, 13.5503, 10.8678, 11.4323,  9.1351,
        10.3947, 11.6376, 11.8637, 11.9180, 10.3998, 10.7363, 11.9160, 11.9732,
        12.4387, 11.6008, 11.5488, 11.8563, 11.6148,  8.6111, 10.3620, 10.3594,
        12.6410, 10.9719, 11.5779, 11.1587, 10.7747, 11.9487, 11.0235, 10.0549,
        10.0364, 11.8646, 10.3370, 10.3884,  8.2310, 12.8219, 10.8483, 12.4529,
        12.5651, 13.1700, 10.1760,  9.9095], device='cuda:0')
[Debug] Reward mean: 11.0055, std: 1.3148
PPO Step 601, t=29
PPO Step 602, t=30
PPO Step 603, t=31
PPO Step 604, t=32
PPO Step 605, t=33
PPO Step 606, t=1
PPO Step 607, t=2
PPO Step 608, t=3
PPO Step 609, t=4
PPO Step 610, t=5
PPO Step 611, t=6
PPO Step 612, t=7
PPO Step 613, t=8
PPO Step 614, t=9
PPO Step 615, t=10
PPO Step 616, t=11
PPO Step 617, t=12
PPO Step 618, t=13
PPO Step 619, t=14
PPO Step 620, t=1
PPO Step 621, t=2
PPO Step 622, t=3
PPO Step 623, t=4
PPO Step 624, t=5
PPO Step 625, t=6
PPO Step 626, t=7
PPO Step 627, t=8
PPO Step 628, t=9
PPO Step 629, t=10
PPO Step 630, t=11
PPO Step 631, t=12
PPO Step 632, t=13
PPO Step 633, t=14
PPO Step 634, t=15
PPO Step 635, t=16
PPO Step 636, t=17
PPO Step 637, t=18
PPO Step 638, t=19
PPO Step 639, t=20
PPO Step 640, t=21
PPO Step 641, t=22
PPO Step 642, t=23
PPO Step 643, t=24
PPO Step 644, t=25
PPO Step 645, t=26
PPO Step 646, t=27
PPO Step 647, t=28
PPO Step 648, t=29
PPO Step 649, t=30
PPO Step 650, t=31
PPO Step 651, t=32
PPO Step 652, t=33
PPO Step 653, t=34
PPO Step 654, t=35
PPO Step 655, t=36
PPO Step 656, t=37
PPO Step 657, t=38
PPO Step 658, t=39
PPO Step 659, t=40
PPO Step 660, t=41
PPO Step 661, t=42
PPO Step 662, t=43
PPO Step 663, t=44
PPO Step 664, t=45
PPO Step 665, t=46
PPO Step 666, t=47
PPO Step 667, t=48
PPO Step 668, t=49
PPO Step 669, t=50
PPO Step 670, t=51
PPO Step 671, t=52
PPO Step 672, t=53
PPO Step 673, t=54
PPO Step 674, t=55
PPO Step 675, t=56
PPO Step 676, t=57
PPO Step 677, t=58
PPO Step 678, t=59
PPO Step 679, t=60
PPO Step 680, t=61
PPO Step 681, t=62
PPO Step 682, t=63
PPO Step 683, t=64
PPO Step 684, t=65
PPO Step 685, t=66
PPO Step 686, t=67
PPO Step 687, t=68
PPO Step 688, t=69
PPO Step 689, t=70
PPO Step 690, t=71
PPO Step 691, t=72
PPO Step 692, t=73
PPO Step 693, t=74
PPO Step 694, t=75
PPO Step 695, t=76
PPO Step 696, t=77
PPO Step 697, t=78
PPO Step 698, t=79
PPO Step 699, t=80
PPO Step 700, t=81
Step 700 - Updating the algorithm
[Debug] Log probabilities of current policy actions: tensor([-11.8307, -14.5409, -10.3240, -12.8405, -12.8512, -12.4884,  -9.4833,
         -9.9732, -12.0174, -11.8307,  -9.8346, -13.4537, -13.2390, -10.7988,
        -10.3240, -13.8803, -12.8405, -11.5808, -11.9800, -10.9728, -12.1684,
        -12.1776, -10.9728, -10.3320, -13.3235, -11.9531, -11.8307, -10.6470,
        -11.0585, -10.0749, -12.7533,  -9.7246, -13.3398, -10.6560, -12.4910,
        -12.2917, -12.8746, -11.9800, -10.3320, -12.5146, -12.0820, -10.3357,
         -9.6746, -13.3235, -12.8505, -11.8890,  -9.1502, -11.5808, -12.8512,
        -12.8505, -12.8505, -10.4007,  -9.6746, -13.3366, -10.6560, -10.5221,
        -12.4910, -12.4884, -13.3366, -11.7552, -11.3816, -11.3409,  -7.6528,
        -11.5808], device='cuda:0')
[Debug] Log probabilities of expert actions: tensor([-13.0703, -13.7638, -27.0478, -12.3775, -13.7965, -14.1657, -12.1646,
        -12.9406, -12.2024, -24.6518, -14.8243, -13.1678, -12.1423, -28.5326,
        -13.7676, -13.0962, -22.5475, -13.4597, -15.0689, -40.1422, -14.4641,
        -13.4987, -14.1266, -54.6160, -14.0150, -14.1266, -12.5420, -13.7558,
        -11.8955, -10.4662, -14.8717, -13.5251, -27.6423, -13.9713, -27.5304,
        -29.5574, -27.6423, -14.4547, -13.4595, -10.4699, -12.7692, -28.7502,
        -14.0957, -14.1865, -15.5223, -12.3838, -12.4579, -12.1423, -12.7656,
        -14.1074, -14.8948, -14.4569, -29.5454, -28.2062, -13.3737, -12.5276,
        -12.5378, -13.9105, -14.8815, -12.5207, -12.4157, -14.0654, -13.9796,
        -12.9087], device='cuda:0')
[Debug] Log probabilities of current policy actions: tensor([ -9.2699, -12.8512,  -9.1263,  -9.6002, -11.9800, -12.7533, -10.5221,
         -9.6253,  -9.1263,  -9.5484,  -8.7379, -12.6158, -11.3735, -11.3816,
         -9.7246,  -9.9927,  -9.2699, -11.4380, -13.1455, -12.4974, -11.9800,
        -11.3820, -10.2631,  -9.6253,  -9.9732, -12.7533, -12.1684, -11.9800,
        -11.5808, -11.4380, -11.2170, -12.4974, -12.4974,  -8.7379, -12.5146,
        -10.6470,  -9.9732, -12.2917, -12.4910, -12.8127, -12.0174, -10.3357,
        -12.8505, -12.0294,  -9.9732, -13.0587, -11.3735, -11.9531, -10.5221,
        -12.8505, -11.3416, -12.2158,  -9.7246, -12.8505,  -9.7246, -13.3366,
        -13.3366, -13.3235, -11.3735, -11.4380, -10.9422, -12.0174, -10.5252,
         -9.2699], device='cuda:0')
[Debug] Log probabilities of expert actions: tensor([-14.5169, -14.1657, -15.0548, -12.6850, -13.8810, -12.5531, -12.8744,
        -39.8137, -29.5329, -12.9492, -13.5605, -13.6339, -13.0554, -12.6850,
        -12.7118, -12.9952, -13.7547, -29.5673, -12.8283, -12.6467, -13.1424,
        -13.5815, -13.1402, -12.7724, -15.0428, -13.9337, -12.7183, -12.4604,
        -23.5603, -22.5475, -14.4866, -26.8389, -10.8660, -28.7160, -28.4295,
        -40.2361, -13.1428, -14.8289, -12.0582, -12.7393, -24.9806, -15.0794,
        -26.9208, -12.4741, -24.9187, -12.9821, -11.6286, -14.0654, -12.7971,
        -13.1636, -24.4829, -12.4742, -12.6573, -13.8666, -12.7740, -10.7566,
        -12.4703, -13.5173, -15.0668, -13.0990, -13.9214, -22.5352, -14.1963,
        -12.1861], device='cuda:0')
[Debug] Log probabilities of current policy actions: tensor([-10.9161, -10.4007, -10.6470, -10.5252,  -9.6002, -12.0820,  -9.4833,
        -12.0294, -11.3816, -10.0749, -13.2390,  -9.6746, -12.8311, -11.8890,
         -9.9927, -11.9800, -10.7988, -13.4537, -12.0145, -11.5428, -11.5808,
         -7.6528, -12.6158,  -9.4426, -11.3416, -12.8405, -10.3357, -11.3409,
        -10.9161, -12.8512, -10.3357,  -8.7379,  -9.5484,  -8.6823, -12.7897,
        -12.0643, -12.8405, -13.1455, -11.7552, -13.2390,  -9.6253, -12.0145,
        -13.8803, -10.6470, -13.1423, -11.8307,  -9.4833, -10.7988, -11.3816,
        -14.5409, -12.8512, -12.2484, -12.0174, -12.4884, -12.8127, -11.3937,
        -13.2390, -12.8339, -11.7552, -13.1455, -13.2727,  -9.9732,  -9.2200,
        -12.8746], device='cuda:0')
[Debug] Log probabilities of expert actions: tensor([-12.6467, -14.9859, -14.8113, -11.8823, -11.6686, -14.1785, -12.4714,
        -11.9076, -16.0629, -29.5678, -27.5316, -12.7012, -12.9692, -12.4520,
        -10.5519, -28.1878, -13.2348, -12.3967, -28.3977, -12.5367, -13.6380,
        -12.6488, -29.5329, -26.9208, -14.1526, -14.6228, -12.7131, -26.5197,
        -27.1736, -11.6569, -22.5859, -13.0787,  -9.9034, -13.2635, -27.1905,
        -12.9794, -12.2430, -13.2255, -14.1746, -14.6766, -24.9343, -12.5653,
        -15.5590, -12.6898, -12.8151, -26.0207, -12.3108, -12.9488, -13.8868,
        -13.3233, -27.5481, -16.0432, -12.9406, -12.6362, -12.4473, -13.5923,
        -12.1763, -12.6960, -40.0321,  -9.9151, -15.5607, -24.9121, -26.5121,
        -10.8339], device='cuda:0')
[Debug] Rewards: tensor([12.2133, 11.3543, 10.9137, 10.7563,  9.5682, 12.3699, 10.5452, 10.0931,
        12.2873,  9.4977,  7.1297,  7.0094,  9.9485, 11.0834, 11.0118, 12.0842,
        12.1394, 12.4948, 12.6037,  9.5735, 11.9277, 12.3178, 12.7003, 10.1277,
         7.9490, 11.0397, 12.5995, 12.9086, 11.5032, 12.3953, 12.5557, 12.3162,
        11.1834, 10.6714, 11.8190, 10.8717,  9.3988, 11.0168, 11.6748, 12.9893,
        11.8315,  9.5487, 11.7389,  8.2672, 10.4321, 10.6283,  8.9772,  9.0237,
         9.1062, 11.3952, 10.0229, 12.3832,  9.9855, 13.2598, 10.6088, 11.3738,
        10.0683, 10.4580, 12.7725, 11.4758,  8.6973, 12.3753,  8.7893,  7.7997,
        11.4490, 10.3886, 11.6209, 11.2091, 11.0776, 10.0055, 11.1527, 12.8187,
         9.2678,  8.0688,  9.4717, 10.8148,  7.4953, 12.4892,  7.4326,  9.9222,
         9.1362, 14.2264, 10.1537, 10.2844,  9.0764, 11.5218,  9.9539, 12.3980,
        12.1628,  8.5345,  9.0663,  9.0559, 11.0536, 10.1469, 11.4420,  8.8895,
        11.4225, 11.0280, 10.6455, 12.1445], device='cuda:0')
[Debug] Reward mean: 10.7269, std: 1.5283
PPO Step 701, t=82
PPO Step 702, t=83
PPO Step 703, t=84
PPO Step 704, t=85
PPO Step 705, t=86
PPO Step 706, t=87
PPO Step 707, t=88
PPO Step 708, t=89
PPO Step 709, t=90
PPO Step 710, t=91
PPO Step 711, t=92
PPO Step 712, t=93
PPO Step 713, t=94
PPO Step 714, t=95
PPO Step 715, t=96
PPO Step 716, t=97
PPO Step 717, t=98
PPO Step 718, t=99
PPO Step 719, t=100
PPO Step 720, t=101
PPO Step 721, t=102
PPO Step 722, t=103
PPO Step 723, t=104
PPO Step 724, t=105
PPO Step 725, t=106
PPO Step 726, t=107
PPO Step 727, t=108
PPO Step 728, t=109
PPO Step 729, t=110
PPO Step 730, t=1
PPO Step 731, t=2
PPO Step 732, t=3
PPO Step 733, t=4
PPO Step 734, t=5
PPO Step 735, t=6
PPO Step 736, t=7
PPO Step 737, t=8
PPO Step 738, t=9
PPO Step 739, t=10
PPO Step 740, t=11
PPO Step 741, t=12
PPO Step 742, t=13
PPO Step 743, t=14
PPO Step 744, t=15
PPO Step 745, t=16
PPO Step 746, t=17
PPO Step 747, t=18
PPO Step 748, t=19
PPO Step 749, t=20
PPO Step 750, t=21
PPO Step 751, t=22
PPO Step 752, t=23
PPO Step 753, t=24
PPO Step 754, t=25
PPO Step 755, t=26
PPO Step 756, t=27
PPO Step 757, t=28
PPO Step 758, t=1
PPO Step 759, t=2
PPO Step 760, t=3
PPO Step 761, t=4
PPO Step 762, t=5
PPO Step 763, t=6
PPO Step 764, t=7
PPO Step 765, t=8
PPO Step 766, t=9
PPO Step 767, t=10
PPO Step 768, t=11
PPO Step 769, t=12
PPO Step 770, t=13
PPO Step 771, t=14
PPO Step 772, t=15
PPO Step 773, t=16
PPO Step 774, t=17
PPO Step 775, t=18
PPO Step 776, t=19
PPO Step 777, t=20
PPO Step 778, t=21
PPO Step 779, t=22
PPO Step 780, t=23
PPO Step 781, t=24
PPO Step 782, t=25
PPO Step 783, t=26
PPO Step 784, t=27
PPO Step 785, t=28
PPO Step 786, t=1
PPO Step 787, t=2
PPO Step 788, t=3
PPO Step 789, t=4
PPO Step 790, t=5
PPO Step 791, t=6
PPO Step 792, t=7
PPO Step 793, t=8
PPO Step 794, t=9
PPO Step 795, t=10
PPO Step 796, t=11
PPO Step 797, t=12
PPO Step 798, t=13
PPO Step 799, t=14
PPO Step 800, t=15
Step 800 - Updating the algorithm
[Debug] Log probabilities of current policy actions: tensor([ -9.2505,  -9.6827, -11.4044, -12.6473, -11.6696,  -9.7767, -13.3509,
        -10.6466, -13.2428, -12.8388, -10.7304, -12.5432, -12.2870, -10.3965,
         -8.2334, -10.1612, -11.9033, -10.8396, -12.2870, -11.8035, -14.1229,
        -10.6466, -11.7934, -10.4347, -11.7934, -12.6936, -10.4654, -14.0426,
         -9.6576, -12.2870, -10.5425, -10.4654, -10.1612, -11.4044, -10.5036,
        -10.3965, -14.0282, -10.7304, -10.8400, -11.9792, -14.2535, -11.1947,
        -10.5036, -11.8035,  -9.1902, -11.9033, -14.0426, -10.6999, -14.2535,
        -10.3723, -14.1297,  -9.7767,  -9.1822,  -9.1822, -10.8396, -10.0968,
        -11.5785, -11.7934, -11.4044, -14.0638, -12.5432, -12.7873, -11.2731,
        -11.9033], device='cuda:0')
[Debug] Log probabilities of expert actions: tensor([-12.7734, -13.4526, -12.6814, -14.2697, -13.7061, -12.4547, -11.6182,
        -14.6515, -13.9416, -14.2163, -12.7037, -12.4894, -14.2369, -12.4130,
        -13.6698, -13.4140, -13.3321, -14.2144, -14.2370, -15.2679, -13.2143,
        -12.8108, -26.8252, -13.7306, -12.5371, -12.0226, -14.1965, -26.5064,
        -13.2960, -12.4520, -12.7151, -12.7211, -12.9186, -16.0727, -54.8472,
        -14.2934, -12.3819, -12.9823, -14.2446, -12.0851, -12.5809, -13.2960,
        -10.9128, -12.6793, -15.0745, -12.8145, -28.8748, -13.7175, -11.9409,
        -13.2159, -13.7815, -14.6771, -28.3932, -13.6877, -11.6986, -14.2818,
        -13.8764, -10.2346, -13.4498, -14.2960, -12.9191, -12.8381, -15.6097,
        -12.3514], device='cuda:0')
[Debug] Log probabilities of current policy actions: tensor([-12.7873, -11.9891, -10.1688, -12.2870, -12.3071, -11.4026, -12.2132,
        -13.5682, -13.3978,  -9.6827, -12.6835, -10.4931, -13.7403, -13.3978,
        -11.9891, -13.7513, -13.1798, -10.8396, -11.2731, -12.5432, -12.7819,
        -11.2442, -10.0968,  -9.6576, -10.3937, -12.6835, -11.1947, -12.5432,
         -9.6576, -12.6936,  -9.1902, -13.0954, -13.0954, -10.0968, -10.4654,
        -10.2267, -13.2428, -10.1298, -11.5400, -10.0968, -10.1688,  -9.2505,
         -9.4690, -10.3723, -10.4347, -11.7144, -10.8400,  -9.3289, -10.4931,
        -10.3937, -12.8388,  -9.6827, -10.2735, -14.1229, -11.0851, -10.6227,
        -10.4931,  -9.7767,  -9.3289,  -9.4690, -12.9988, -10.6462, -10.8396,
        -10.8400], device='cuda:0')
[Debug] Log probabilities of expert actions: tensor([-14.2323, -14.2985, -13.4891,  -9.7886, -12.7107, -12.9973, -13.8221,
        -28.3763, -12.8009, -12.6610, -14.4158, -10.2658, -13.9510, -12.8472,
        -29.1984, -27.8589, -12.0913, -12.4462, -11.9951, -14.7508, -13.3250,
        -12.7151, -27.8127, -10.2275, -12.6723, -12.8107, -24.8284, -13.7306,
         -9.6962, -40.6072, -26.0333, -12.9413, -13.1772, -26.1424, -12.4058,
        -13.3992, -13.5982, -13.9576, -13.9474, -23.2512, -12.2049, -13.9576,
        -28.4141, -12.4085, -13.0518, -12.4952, -13.4731, -14.3112, -13.9576,
        -13.3258, -13.6043, -25.3419, -15.1287, -14.2150, -13.0513, -25.6972,
        -13.8018, -13.9373, -13.3021, -15.7416, -14.6930, -26.7667, -13.3021,
        -12.6772], device='cuda:0')
[Debug] Log probabilities of current policy actions: tensor([-13.2428, -10.2735, -12.2132, -12.2132, -12.2870, -11.5249, -10.2735,
         -9.5151, -13.5682, -11.9487, -11.8035, -12.6835, -10.4347,  -9.3289,
        -10.0968, -11.4044, -10.6466, -13.7403,  -9.1902, -11.9792, -12.2870,
        -13.7403, -13.7403, -12.0415, -11.0643, -12.9988, -10.8015, -13.3978,
        -11.0851, -11.5249, -11.6696, -12.7819, -11.0703, -12.8388, -11.7934,
        -11.7934, -14.2535,  -9.6827, -11.7144, -10.9919, -10.7310, -10.7304,
         -9.2505, -10.3723, -10.0968, -13.0988, -10.3937,  -9.6827,  -9.1598,
        -10.8015, -12.6936,  -9.6827, -10.1298, -11.9033, -14.1297, -10.1298,
        -10.6227, -10.4931, -13.2428, -10.8015,  -9.7516,  -9.4690, -13.2428,
        -12.5003], device='cuda:0')
[Debug] Log probabilities of expert actions: tensor([-14.5703, -12.6743, -28.4175, -12.8428, -28.3897, -13.3822, -12.2052,
        -13.9766, -11.9595, -26.8556, -13.2329, -12.4324, -28.4848, -13.4123,
        -13.7221, -12.4339, -12.6786, -12.5387, -14.5028, -15.6036, -16.4807,
        -12.6853, -25.1572, -14.3120, -13.8018, -14.3539, -26.8599, -12.6688,
        -10.4955, -13.6745, -14.2508, -11.9151, -39.5365, -12.6637, -14.2349,
        -12.4480, -13.3206, -14.4678, -15.1252, -13.4577, -14.2635, -13.6721,
        -14.7172, -14.9811, -11.6986, -13.1045, -14.6814, -14.2714, -12.8205,
        -12.6791, -14.3082, -13.6042, -12.8150, -12.9810, -14.5332, -13.3250,
        -15.2253, -28.4059, -12.8120, -13.2398, -14.3795, -12.1206, -15.1210,
        -13.4731], device='cuda:0')
[Debug] Rewards: tensor([13.1313, 13.7346, 12.3515,  9.7696, 12.5631, 10.2142, 10.7124, 12.1160,
        11.4730, 10.9618, 10.7555, 10.3290,  9.4938, 10.8651, 13.0176, 10.4888,
        12.1385,  9.3399, 11.2501,  8.5622,  9.2030, 10.4447, 11.7568, 11.4233,
         8.4224, 12.4794, 10.5040,  9.3167, 10.6372, 12.8386, 11.2762,  9.1987,
         9.7507, 10.5732, 11.8354, 11.0539,  9.4924, 10.4971,  8.9786,  9.0147,
        12.6346, 12.3458, 12.9716, 11.3619,  9.7671, 11.3509,  9.8322, 13.7696,
        10.0303, 12.8370,  9.8131,  9.1399, 11.0668, 13.5004,  7.0688, 10.2058,
         9.7012, 10.9262,  9.0037,  9.5927, 11.4298, 14.2047, 11.9009, 10.9983,
        10.8229, 10.4453, 12.1982, 10.9341, 11.4250, 12.8432, 11.8874, 10.8480,
        12.1620,  9.9597,  8.8639, 12.3804,  9.3704, 10.2927, 11.8818, 13.6576,
        10.1722, 10.8051, 10.6994, 10.3506, 10.2073,  9.5400, 10.2438, 10.4687,
        12.5333, 11.0700, 13.5971,  8.8616, 11.6963, 11.4436,  9.8872, 12.3655,
        11.5316, 12.8397, 12.4599, 13.1694], device='cuda:0')
[Debug] Reward mean: 11.0133, std: 1.4273
PPO Step 801, t=16
PPO Step 802, t=17
PPO Step 803, t=18
PPO Step 804, t=19
PPO Step 805, t=20
PPO Step 806, t=21
PPO Step 807, t=22
PPO Step 808, t=23
PPO Step 809, t=24
PPO Step 810, t=25
PPO Step 811, t=26
PPO Step 812, t=27
PPO Step 813, t=28
PPO Step 814, t=29
PPO Step 815, t=30
PPO Step 816, t=31
PPO Step 817, t=32
PPO Step 818, t=33
PPO Step 819, t=34
PPO Step 820, t=35
PPO Step 821, t=36
PPO Step 822, t=1
PPO Step 823, t=2
PPO Step 824, t=3
PPO Step 825, t=4
PPO Step 826, t=5
PPO Step 827, t=6
PPO Step 828, t=7
PPO Step 829, t=8
PPO Step 830, t=9
PPO Step 831, t=10
PPO Step 832, t=11
PPO Step 833, t=12
PPO Step 834, t=13
PPO Step 835, t=14
PPO Step 836, t=15
PPO Step 837, t=16
PPO Step 838, t=17
PPO Step 839, t=18
PPO Step 840, t=19
PPO Step 841, t=20
PPO Step 842, t=21
PPO Step 843, t=22
PPO Step 844, t=23
PPO Step 845, t=24
PPO Step 846, t=25
PPO Step 847, t=26
PPO Step 848, t=1
PPO Step 849, t=2
PPO Step 850, t=3
PPO Step 851, t=4
PPO Step 852, t=5
PPO Step 853, t=6
PPO Step 854, t=7
PPO Step 855, t=8
PPO Step 856, t=9
PPO Step 857, t=10
PPO Step 858, t=11
PPO Step 859, t=12
PPO Step 860, t=13
PPO Step 861, t=14
PPO Step 862, t=15
PPO Step 863, t=16
PPO Step 864, t=17
PPO Step 865, t=18
PPO Step 866, t=19
PPO Step 867, t=20
PPO Step 868, t=21
PPO Step 869, t=22
PPO Step 870, t=23
PPO Step 871, t=24
PPO Step 872, t=25
PPO Step 873, t=26
PPO Step 874, t=27
PPO Step 875, t=1
PPO Step 876, t=2
PPO Step 877, t=3
PPO Step 878, t=4
PPO Step 879, t=5
PPO Step 880, t=6
PPO Step 881, t=7
PPO Step 882, t=8
PPO Step 883, t=9
PPO Step 884, t=10
PPO Step 885, t=11
PPO Step 886, t=12
PPO Step 887, t=13
PPO Step 888, t=14
PPO Step 889, t=15
PPO Step 890, t=16
PPO Step 891, t=17
PPO Step 892, t=18
PPO Step 893, t=19
PPO Step 894, t=20
PPO Step 895, t=21
PPO Step 896, t=22
PPO Step 897, t=23
PPO Step 898, t=24
PPO Step 899, t=25
PPO Step 900, t=26
Step 900 - Updating the algorithm
[Debug] Log probabilities of current policy actions: tensor([-12.0656, -10.8009, -11.5489, -11.9595, -10.7179,  -9.8246, -10.7179,
        -12.4813, -12.9978,  -9.8246, -11.5489, -10.1087, -11.9525, -10.6179,
        -12.3543, -12.2421,  -8.3223, -14.2233, -11.9835, -11.8134, -11.6182,
        -12.3066, -13.8873, -11.5489,  -9.6010, -12.1489, -12.1489, -13.2587,
        -10.1087, -10.6461,  -9.6611, -11.4058, -11.7755, -11.8221, -10.3534,
        -12.1489, -11.8221, -12.9978, -13.3290, -11.0424, -11.2888, -11.9525,
        -12.0199, -10.6461, -13.4087, -11.4429, -10.9899, -13.0466, -12.7100,
        -11.9214, -11.6727, -10.8009, -11.9214, -10.6995, -12.1276,  -8.3223,
        -12.2834, -10.3025, -13.7612, -12.9978, -13.1797, -12.1276, -11.2888,
        -10.8895], device='cuda:0')
[Debug] Log probabilities of expert actions: tensor([-27.9679, -12.9042, -14.5592, -13.6255, -15.5802, -12.6033, -13.7406,
        -13.6255, -13.0008, -13.6869, -12.6403, -13.0936, -12.4809, -12.9042,
        -12.5111, -12.8195, -12.3630, -13.6121, -10.6662, -28.2508, -12.6180,
        -14.0568, -13.4214, -12.6652, -28.4904, -10.9479, -10.6580, -13.6062,
        -13.0175, -12.8166, -12.6486, -26.3292, -14.0333, -13.2047, -12.8638,
        -15.2112, -13.6750, -13.0008, -12.6464, -14.9277, -25.7012, -14.3587,
        -12.7017, -28.5925, -13.6593, -14.1602, -26.8634, -14.4309, -12.9773,
        -12.6931, -13.9169, -13.9803, -13.5030, -28.4585, -14.0798, -13.6005,
        -14.3444, -12.7941, -28.2609, -16.0187, -14.3620, -23.4149, -12.5603,
        -14.4215], device='cuda:0')
[Debug] Log probabilities of current policy actions: tensor([-12.9912, -12.4331, -11.2149, -12.1489, -10.6179, -12.3543, -11.9214,
         -9.8246, -12.1489, -14.2472, -10.4873, -10.8812, -11.6313, -10.8009,
        -11.9214,  -8.1871, -12.2421, -11.8134, -11.0628, -12.4331, -11.8134,
        -14.2233,  -9.7001, -11.6242, -12.4906, -11.2465, -11.9525, -12.7100,
        -11.5489, -12.0656, -10.7189, -10.8009,  -9.2899, -12.1792, -12.2834,
        -10.8612, -12.4331, -11.7221, -12.0199, -11.6511, -12.8817,  -9.7001,
        -11.7445, -10.7179, -11.8221, -10.7495, -13.3972, -10.6995,  -8.3223,
        -10.6179,  -9.7001, -11.7445, -13.6554, -10.7179,  -9.2899, -11.7672,
         -9.9215, -14.4595, -11.4118, -10.8742, -12.2834,  -9.8246, -10.9554,
        -13.1384], device='cuda:0')
[Debug] Log probabilities of expert actions: tensor([-13.1155, -14.4281, -40.0252, -13.3413, -13.3717, -13.3113, -28.5451,
        -12.8070, -39.6170, -13.4897, -12.6973, -12.5589, -13.0587, -13.6102,
        -13.0430, -26.8660, -12.6571, -12.8813, -12.4548, -14.3377, -26.8306,
        -26.6036, -13.2076, -12.7901, -12.7370, -12.7461, -13.2201, -28.1772,
        -12.2992, -12.0458, -16.0814, -13.0448, -23.6525, -12.6226, -12.6464,
        -13.6311, -25.6739, -15.5829, -14.1042, -12.3376, -13.6255, -27.3992,
        -13.5954, -13.7577, -28.4987, -28.0565, -12.7369, -14.1821, -12.4674,
        -13.3887, -28.5765, -13.8189, -12.4289, -12.7953, -13.2679, -14.5480,
        -13.3986, -27.8115, -23.6302, -12.0555, -12.4145, -14.1662, -28.4020,
        -26.3408], device='cuda:0')
[Debug] Log probabilities of current policy actions: tensor([-13.1631, -11.8582, -14.2472, -11.9595, -11.0424, -10.9554, -12.3543,
        -13.0466, -11.2149,  -8.1871, -12.8817,  -9.2899, -12.3346,  -9.7001,
        -12.1489, -11.8582, -10.7179, -13.8873,  -9.7156, -12.2834, -11.2465,
        -12.3543, -11.5929, -11.8134, -10.6179, -11.8134, -12.1489, -13.3972,
        -10.3534,  -9.2899, -10.3534, -10.7189, -10.6995, -12.1276,  -9.9215,
         -9.6010, -10.9554, -12.9439, -13.6554, -12.0199, -11.9214, -12.9978,
        -11.7755, -13.1631, -12.2834, -11.2149, -12.8817, -11.9214, -10.6857,
        -13.3290, -12.3039, -10.6461,  -9.9486, -11.5489, -11.6727, -13.1797,
        -12.8817, -11.7681,  -9.9486, -13.2275,  -9.6611,  -9.8246,  -9.9215,
        -10.3534], device='cuda:0')
[Debug] Log probabilities of expert actions: tensor([-13.2201, -14.4444, -14.1774, -12.6361, -27.8415, -39.9021, -13.6488,
        -55.1661, -12.7661, -13.9912, -12.8023, -27.7966, -14.7591, -12.3642,
        -13.0116, -12.3843, -13.5863, -12.8763, -13.3178, -13.3480, -12.6324,
        -13.6929, -12.5649, -12.0858, -13.5739, -12.7426, -23.5638, -13.3938,
        -14.0619, -12.4809, -15.5892, -14.0393, -28.6913, -13.2110, -13.6510,
        -10.9645, -14.5379, -26.8291, -12.7743, -13.0220, -21.6911, -13.6577,
        -12.0224, -12.0949, -13.9626, -12.0081, -12.6133, -16.0050, -13.0220,
        -12.8589, -28.2258, -13.1488, -13.0936, -13.1111, -39.1884, -11.9955,
        -14.3377, -12.9371, -13.9188, -13.7294, -13.9626, -26.4202, -12.3852,
        -13.3289], device='cuda:0')
[Debug] Rewards: tensor([ 7.6274, 10.1398, 11.5000, 11.5707, 10.4972, 10.3884,  9.8647, 11.2952,
         9.4533, 10.4416, 10.0164, 10.7287, 12.3636, 11.2834, 10.8381, 10.8703,
        10.9226, 10.5515,  9.6356,  9.4942,  8.8599, 11.8828, 12.0079, 12.2702,
        11.5464, 10.1949, 11.6227, 10.4714, 11.1708, 12.7094, 10.8144, 12.5377,
        11.6181, 10.1225,  9.4838, 13.3028,  9.4564, 11.1286, 12.2887, 10.7568,
        10.7431,  7.6686,  7.4529, 10.9524, 13.5179, 11.9119,  9.7073, 12.1197,
        13.0525, 10.1538, 10.6761, 11.3745, 10.2793, 11.0468,  9.9720, 13.0210,
        12.4219, 14.0500, 12.5192, 11.4576, 11.3083,  8.7822, 10.9402,  9.2894,
        12.2025, 10.1520, 10.2160, 13.0222,  8.3537, 10.4684,  9.2570, 11.0222,
        12.6859, 12.6595, 12.5213, 10.1494, 12.2688, 12.4351, 10.8795,  7.2904,
         9.5657, 11.1550, 11.8948, 11.4275, 11.1077,  8.7908, 10.9866,  7.0600,
        10.6595, 11.1471, 10.0844, 10.9577, 11.2116,  8.6894, 10.5350, 11.8051,
        13.1378, 10.7234, 12.3668, 10.0549], device='cuda:0')
[Debug] Reward mean: 10.8709, std: 1.4170
PPO Step 901, t=27
PPO Step 902, t=28
PPO Step 903, t=29
PPO Step 904, t=30
PPO Step 905, t=31
PPO Step 906, t=32
PPO Step 907, t=33
PPO Step 908, t=34
PPO Step 909, t=35
PPO Step 910, t=36
PPO Step 911, t=37
PPO Step 912, t=38
PPO Step 913, t=39
PPO Step 914, t=40
PPO Step 915, t=41
PPO Step 916, t=42
PPO Step 917, t=43
PPO Step 918, t=44
PPO Step 919, t=45
PPO Step 920, t=46
PPO Step 921, t=47
PPO Step 922, t=48
PPO Step 923, t=49
PPO Step 924, t=50
PPO Step 925, t=51
PPO Step 926, t=52
PPO Step 927, t=1
PPO Step 928, t=2
PPO Step 929, t=3
PPO Step 930, t=4
PPO Step 931, t=5
PPO Step 932, t=6
PPO Step 933, t=7
PPO Step 934, t=8
PPO Step 935, t=9
PPO Step 936, t=10
PPO Step 937, t=11
PPO Step 938, t=12
PPO Step 939, t=13
PPO Step 940, t=14
PPO Step 941, t=15
PPO Step 942, t=16
PPO Step 943, t=17
PPO Step 944, t=18
PPO Step 945, t=19
PPO Step 946, t=20
PPO Step 947, t=21
PPO Step 948, t=22
PPO Step 949, t=23
PPO Step 950, t=24
PPO Step 951, t=25
PPO Step 952, t=26
PPO Step 953, t=27
PPO Step 954, t=28
PPO Step 955, t=29
PPO Step 956, t=30
PPO Step 957, t=31
PPO Step 958, t=32
PPO Step 959, t=33
PPO Step 960, t=34
PPO Step 961, t=35
PPO Step 962, t=36
PPO Step 963, t=37
PPO Step 964, t=38
PPO Step 965, t=39
PPO Step 966, t=40
PPO Step 967, t=41
PPO Step 968, t=42
PPO Step 969, t=43
PPO Step 970, t=44
PPO Step 971, t=45
PPO Step 972, t=46
PPO Step 973, t=1
PPO Step 974, t=2
PPO Step 975, t=3
PPO Step 976, t=4
PPO Step 977, t=5
PPO Step 978, t=6
PPO Step 979, t=7
PPO Step 980, t=8
PPO Step 981, t=1
PPO Step 982, t=2
PPO Step 983, t=3
PPO Step 984, t=4
PPO Step 985, t=5
PPO Step 986, t=6
PPO Step 987, t=7
PPO Step 988, t=8
PPO Step 989, t=9
PPO Step 990, t=10
PPO Step 991, t=11
PPO Step 992, t=12
PPO Step 993, t=13
PPO Step 994, t=14
PPO Step 995, t=15
PPO Step 996, t=16
PPO Step 997, t=17
PPO Step 998, t=18
PPO Step 999, t=19
PPO Step 1000, t=20
Step 1000 - Updating the algorithm
[Debug] Log probabilities of current policy actions: tensor([-13.2790, -12.1458, -10.6485, -12.8993, -11.4491, -14.3811, -10.4883,
        -10.2209,  -9.9253, -13.0861, -11.9690, -13.0060, -13.8396, -13.1811,
        -11.5363, -11.0874, -12.7441, -10.4431,  -9.8437,  -9.9253, -12.4247,
        -11.5132, -11.0791, -12.1828, -10.5870, -11.5788,  -7.9733, -11.2077,
        -11.1883, -11.2308,  -9.2992, -11.4320, -10.0881, -12.1888, -10.5870,
         -9.5258, -11.1949, -12.7100, -13.5498, -11.1949, -13.8026, -11.0740,
         -9.3825,  -9.8437, -10.2209, -10.8402, -11.2077,  -9.9786, -12.3910,
        -11.5363, -11.8276, -11.1883, -12.4247, -10.7071,  -9.5258, -12.1413,
        -12.7100, -13.8995, -11.4491, -11.4491, -12.4247, -11.9542, -10.6485,
        -12.8993], device='cuda:0')
[Debug] Log probabilities of expert actions: tensor([-13.0191, -12.4524, -13.0675, -24.7189, -12.2450, -12.3900, -12.1039,
        -12.3854, -12.5135, -12.1919, -12.4552, -13.4884, -11.8054, -12.9034,
        -12.5947, -12.6014, -13.1243, -13.5270, -12.4217, -10.7409, -27.7510,
        -14.8444, -10.1981, -11.5025, -25.2677, -14.8255, -25.2934, -12.1145,
        -12.3952, -13.2154, -12.2089, -12.5322, -12.1630, -13.4256, -14.6178,
        -41.6066, -13.3644, -15.5434, -14.7865, -12.3854, -12.7283, -13.0372,
        -26.0587, -13.7515, -12.5383, -11.9780, -27.8296, -12.4198, -14.0854,
        -12.3585, -12.3673, -12.6024, -11.4220, -12.8032, -28.2655, -14.0167,
        -12.0931, -12.0837, -12.4770, -14.4568, -14.6390, -14.9860, -14.7672,
        -14.0440], device='cuda:0')
[Debug] Log probabilities of current policy actions: tensor([-13.0861, -12.0272, -10.6485,  -9.3825, -10.6937, -12.5804, -11.3573,
         -9.8558, -11.1883, -13.0861, -10.5870,  -9.9786, -10.6054,  -9.2992,
        -10.0538, -10.8492, -14.0747, -10.3160, -10.2948, -13.8026, -12.5804,
        -11.0791, -12.5947, -12.4008, -12.1888, -10.4196, -12.7100, -10.4196,
        -11.2077, -10.0538, -12.7866, -11.8571, -13.8396, -10.3160, -13.5498,
         -9.3773, -14.2343, -10.9905,  -8.7348, -12.5982, -12.3554, -11.4775,
        -11.2308, -11.3650, -15.0966, -13.8396, -12.7100, -11.3997, -10.4883,
        -12.1801, -11.0136, -10.8140, -12.3554, -10.3392, -10.7071, -11.0874,
         -9.3825, -10.6054, -10.0538, -12.0477,  -9.9786, -10.4636, -10.8140,
         -9.8558], device='cuda:0')
[Debug] Log probabilities of expert actions: tensor([-12.7326, -14.8716, -14.0912, -14.9359, -12.4492, -12.8439, -12.2285,
        -14.7584, -13.3166, -27.6372, -14.4016, -14.6272, -22.3874, -13.1867,
        -26.0340, -12.4181, -26.9578, -15.0044, -12.5704, -12.2258, -13.1423,
        -28.5521, -14.2575, -38.9802, -12.7059, -28.7325, -24.4228, -15.9570,
        -12.4583, -24.0997, -26.1450, -13.1627, -28.5085, -13.2027, -10.7666,
        -11.7917, -14.5522, -24.6359, -15.3923, -12.4280, -15.5225, -14.3215,
        -13.3863, -26.6785, -13.7973, -12.4411, -12.2524, -12.1039, -11.8017,
        -12.4796, -12.6383, -13.1867, -13.1369, -12.7747, -12.3429, -13.3447,
        -14.6408, -41.6319, -14.7045, -12.5947, -11.7020, -12.5491, -14.4638,
        -11.7029], device='cuda:0')
[Debug] Log probabilities of current policy actions: tensor([-12.1828,  -9.8558, -12.5804, -10.7786, -10.5482,  -9.9786, -10.3160,
         -9.9172, -10.0538, -12.5804,  -9.9253, -10.2209, -10.2948, -13.1423,
        -11.5859,  -9.4163, -11.5363, -11.7589, -11.5363, -10.3392, -15.0966,
         -8.7083, -11.0740, -11.4852, -11.5788, -10.6054, -10.6399, -11.4320,
        -11.1949,  -9.7177, -11.4320, -10.6054, -11.5859, -11.5132, -11.4491,
        -13.5693, -10.2209,  -9.9786, -11.1949, -14.0747, -11.4775, -11.0740,
        -10.7071, -11.9690, -11.9542,  -9.4163, -11.0136, -11.5132, -11.1944,
        -11.2077, -11.3650, -11.3573, -10.2209, -10.7071, -11.5338, -10.3392,
        -10.4883, -10.6485, -10.8140, -11.2308, -10.2948, -13.8026, -11.1180,
        -12.5982], device='cuda:0')
[Debug] Log probabilities of expert actions: tensor([-38.9501, -11.7998, -26.8162, -12.4785, -24.5014, -14.3292, -12.6014,
        -12.0121, -26.0682, -13.0599, -14.5950, -12.1608, -12.9671, -12.4623,
        -14.7839, -12.1809, -14.0665, -28.2959, -12.6665, -12.6630, -13.7620,
        -14.1953, -53.3721, -12.2089, -12.4974, -13.0049, -13.2523, -12.4411,
        -28.2029, -29.3080, -28.1163, -11.4049, -13.0675, -12.3360, -12.4221,
        -14.2679, -24.0609, -39.1423, -13.3513, -14.0198, -15.5086, -12.9522,
        -14.1183, -12.6260, -12.5369, -12.4331, -12.7974, -13.1147, -14.3602,
        -13.2287, -26.8160, -13.3447, -13.0652, -12.7414, -12.2262, -13.6058,
        -14.2943, -13.7763, -26.7083, -27.7952, -14.3166, -13.2523, -10.7616,
        -26.0034], device='cuda:0')
[Debug] Rewards: tensor([12.7467, 10.0855, 11.0809, 10.9433, 10.6324,  8.1024, 10.5404,  9.3937,
        10.9263,  9.5804, 11.8177,  9.4559, 10.7646,  9.4742,  9.7610, 11.8203,
         9.9916, 11.9282, 11.7603,  9.6615, 13.1559,  8.8929, 11.6768,  9.6969,
         7.2407,  9.6192, 11.3017, 11.0812,  9.0771, 11.5621,  8.7623, 12.3814,
         9.8098, 11.0673, 10.4705, 11.0616, 10.0456, 10.3993,  9.3671, 10.2469,
         9.6110,  8.8092, 13.1406, 11.8657, 12.3861, 10.5601, 14.4685, 11.5697,
        10.2397,  9.6104, 12.9237,  9.5430,  9.7070,  9.3621, 11.7726, 11.1926,
        10.4685, 11.9042, 11.7638, 10.7650, 10.0317,  8.6099, 10.0261,  8.4107,
        10.0783, 10.3082, 11.3644, 11.0375, 11.4541, 10.5420,  9.7660, 10.9068,
        12.3938, 11.9454, 11.4358,  9.7815, 10.6636,  8.9818,  9.9219, 11.7403,
        10.9853, 11.3423, 10.1272, 11.0465, 13.8904,  8.6770,  9.9951,  9.5279,
        11.2887, 10.7768, 12.9990, 12.4598, 10.1107, 11.9297, 10.8109, 12.5949,
         7.9692, 13.7203, 11.4383, 12.3199], device='cuda:0')
[Debug] Reward mean: 10.7246, std: 1.3581
Step 1000 - Evaluating the algorithm
Num steps: 1000     Return: 0.0     Time: 0:02:22
PPO Step 1001, t=1
PPO Step 1002, t=1
PPO Step 1003, t=1
PPO Step 1004, t=1
PPO Step 1005, t=1
PPO Step 1006, t=1
PPO Step 1007, t=1
PPO Step 1008, t=1
PPO Step 1009, t=1
PPO Step 1010, t=1
PPO Step 1011, t=1
PPO Step 1012, t=1
PPO Step 1013, t=1
PPO Step 1014, t=1
PPO Step 1015, t=1
PPO Step 1016, t=1
PPO Step 1017, t=1
PPO Step 1018, t=1
PPO Step 1019, t=1
PPO Step 1020, t=1
PPO Step 1021, t=1
PPO Step 1022, t=1
PPO Step 1023, t=1
PPO Step 1024, t=1
PPO Step 1025, t=1
PPO Step 1026, t=1
PPO Step 1027, t=1
PPO Step 1028, t=1
PPO Step 1029, t=1
PPO Step 1030, t=1
PPO Step 1031, t=1
PPO Step 1032, t=1
PPO Step 1033, t=1
PPO Step 1034, t=1
PPO Step 1035, t=1
PPO Step 1036, t=1
PPO Step 1037, t=1
PPO Step 1038, t=1
PPO Step 1039, t=1
PPO Step 1040, t=1
PPO Step 1041, t=1
PPO Step 1042, t=1
PPO Step 1043, t=1
PPO Step 1044, t=1
PPO Step 1045, t=1
PPO Step 1046, t=1
PPO Step 1047, t=1
PPO Step 1048, t=1
PPO Step 1049, t=1
PPO Step 1050, t=1
PPO Step 1051, t=1
