Logging started at 20250521-1412
NVIDIA GeForce RTX 4060 Laptop GPU
Process ID: 18620
Env: StickInsect-v5, experts/StickInsect_states_v2.pt, experts/StickInsect_actions_v2.pt, Seed: 0
Rollout length: 3000
Num steps: 2000000, Eval interval: 10000
Gamma: 0.995, Mix buffer: 1, Batch size: 64
lr_actor: 0.0001, lr_critic: 0.0001, lr_disc: 0.0001
Units Actor: (64, 64), Units Critic: (64, 64)
Units Disc R: (100, 100), Units Disc V: (100, 100)
Epoch ppo: 50, Epoch disc: 10
Clip Epsc: 0.2, Lambda: 0.97, Coef Ent: 0.01, Max Grad Norm: 10.0
Load data states: (2749, 49), actions: (2749, 18)
Expert data states: (2748, 49), actions: (2748, 18)
Expert buffer size: 2748
[BC Init] Loaded actor weights from weights/bc_pretrained_actor.pth
Initial state shape: (49,)
[Debug] Reward mean: 0.0077, std: 0.1374
[Debug] Reward mean: 0.0014, std: 0.0624
[Debug] Reward mean: 0.0000, std: 0.0000
Num steps: 10000    Return: 1744.8   Time: 0:00:14
[Debug] Reward mean: 0.0000, std: 0.0000
[Debug] Reward mean: 0.0000, std: 0.0000
[Debug] Reward mean: 0.0000, std: 0.0000
Num steps: 20000    Return: 2112.7   Time: 0:00:29
[Debug] Reward mean: 0.0000, std: 0.0000
[Debug] Reward mean: 0.0000, std: 0.0000
[Debug] Reward mean: 0.0000, std: 0.0000
[Debug] Reward mean: 0.0000, std: 0.0000
Num steps: 30000    Return: 1199.6   Time: 0:00:43
[Debug] Reward mean: 0.0000, std: 0.0000
[Debug] Reward mean: 0.0000, std: 0.0000
[Debug] Reward mean: 0.0000, std: 0.0000
Num steps: 40000    Return: 1621.7   Time: 0:00:56
[Debug] Reward mean: 0.0000, std: 0.0000
[Debug] Reward mean: 0.0000, std: 0.0000
[Debug] Reward mean: 0.0000, std: 0.0000
Num steps: 50000    Return: 1644.7   Time: 0:01:10
[Debug] Reward mean: 0.0000, std: 0.0000
[Debug] Reward mean: 0.0000, std: 0.0000
[Debug] Reward mean: 0.0000, std: 0.0000
[Debug] Reward mean: 0.0000, std: 0.0000
Num steps: 60000    Return: 1151.8   Time: 0:01:25
[Debug] Reward mean: 0.0000, std: 0.0000
[Debug] Reward mean: 0.0000, std: 0.0000
[Debug] Reward mean: 0.0000, std: 0.0000
Num steps: 70000    Return: 991.6   Time: 0:01:37
[Debug] Reward mean: 0.0000, std: 0.0000
[Debug] Reward mean: 0.0000, std: 0.0000
[Debug] Reward mean: 0.0000, std: 0.0000
Num steps: 80000    Return: 1139.7   Time: 0:01:52
[Debug] Reward mean: 0.0000, std: 0.0000
[Debug] Reward mean: 0.0000, std: 0.0000
[Debug] Reward mean: 0.0000, std: 0.0000
[Debug] Reward mean: 0.0000, std: 0.0000
Num steps: 90000    Return: 563.0   Time: 0:02:08
[Debug] Reward mean: 0.0000, std: 0.0000
[Debug] Reward mean: 0.0000, std: 0.0000
[Debug] Reward mean: 0.0000, std: 0.0000
Num steps: 100000   Return: 835.1   Time: 0:02:21
[Debug] Reward mean: 0.0000, std: 0.0000
[Debug] Reward mean: 0.0000, std: 0.0000
[Debug] Reward mean: 0.0000, std: 0.0000
Num steps: 110000   Return: 1453.9   Time: 0:02:35
[Debug] Reward mean: 0.0000, std: 0.0000
[Debug] Reward mean: 0.0000, std: 0.0000
[Debug] Reward mean: 0.0000, std: 0.0000
[Debug] Reward mean: 0.0000, std: 0.0000
Num steps: 120000   Return: 947.3   Time: 0:02:50
[Debug] Reward mean: 0.0000, std: 0.0000
[Debug] Reward mean: 0.0000, std: 0.0000
[Debug] Reward mean: 0.0000, std: 0.0000
Num steps: 130000   Return: 907.6   Time: 0:03:04
[Debug] Reward mean: 0.0000, std: 0.0000
[Debug] Reward mean: 0.0000, std: 0.0000
[Debug] Reward mean: 0.0000, std: 0.0000
Num steps: 140000   Return: 1607.3   Time: 0:03:19
[Debug] Reward mean: 0.0000, std: 0.0000
[Debug] Reward mean: 0.0000, std: 0.0000
[Debug] Reward mean: 0.0000, std: 0.0000
[Debug] Reward mean: 0.0000, std: 0.0000
Num steps: 150000   Return: 1518.9   Time: 0:03:34
[Debug] Reward mean: 0.0000, std: 0.0000
[Debug] Reward mean: 0.0000, std: 0.0000
[Debug] Reward mean: 0.0000, std: 0.0000
Num steps: 160000   Return: 1342.8   Time: 0:03:48
[Debug] Reward mean: 0.0000, std: 0.0000
[Debug] Reward mean: 0.0000, std: 0.0000
[Debug] Reward mean: 0.0000, std: 0.0000
Num steps: 170000   Return: 729.0   Time: 0:04:03
[Debug] Reward mean: 0.0000, std: 0.0000
[Debug] Reward mean: 0.0000, std: 0.0000
[Debug] Reward mean: 0.0000, std: 0.0000
[Debug] Reward mean: 0.0000, std: 0.0000
Num steps: 180000   Return: 1058.7   Time: 0:04:18
[Debug] Reward mean: 0.0000, std: 0.0000
[Debug] Reward mean: 0.0000, std: 0.0000
[Debug] Reward mean: 0.0000, std: 0.0000
Num steps: 190000   Return: 1131.8   Time: 0:04:33
[Debug] Reward mean: 0.0948, std: 0.8010
[Debug] Reward mean: 0.0000, std: 0.0000
[Debug] Reward mean: 0.0000, std: 0.0000
Num steps: 200000   Return: 964.8   Time: 0:04:47
[Debug] Reward mean: 0.0000, std: 0.0000
[Debug] Reward mean: 0.0000, std: 0.0000
[Debug] Reward mean: 0.0000, std: 0.0000
[Debug] Reward mean: 0.0008, std: 0.0328
Num steps: 210000   Return: 1040.1   Time: 0:05:02
[Debug] Reward mean: 0.3404, std: 1.9362
[Debug] Reward mean: 0.0496, std: 0.4849
[Debug] Reward mean: 0.2124, std: 1.1721
Num steps: 220000   Return: 920.8   Time: 0:05:17
[Debug] Reward mean: 0.7772, std: 3.4964
[Debug] Reward mean: 0.0012, std: 0.0419
[Debug] Reward mean: 0.0242, std: 0.3199
Num steps: 230000   Return: 1112.0   Time: 0:05:32
[Debug] Reward mean: 0.0002, std: 0.0079
[Debug] Reward mean: 0.3132, std: 1.8230
[Debug] Reward mean: 0.4310, std: 2.3992
[Debug] Reward mean: 2.1868, std: 6.8111
Num steps: 240000   Return: 901.2   Time: 0:05:48
[Debug] Reward mean: 0.0033, std: 0.0870
[Debug] Reward mean: 0.0000, std: 0.0003
[Debug] Reward mean: 0.0051, std: 0.1318
Num steps: 250000   Return: 907.0   Time: 0:06:03
[Debug] Reward mean: 0.0432, std: 0.4500
[Debug] Reward mean: 0.0000, std: 0.0000
[Debug] Reward mean: 0.0002, std: 0.0046
Num steps: 260000   Return: 954.5   Time: 0:06:18
[Debug] Reward mean: 0.0216, std: 0.2867
[Debug] Reward mean: 0.0759, std: 0.7246
[Debug] Reward mean: 0.0228, std: 0.3102
[Debug] Reward mean: 0.0048, std: 0.1216
Num steps: 270000   Return: 1348.0   Time: 0:06:32
[Debug] Reward mean: 0.2848, std: 1.6955
[Debug] Reward mean: 0.7909, std: 3.1271
[Debug] Reward mean: 2.3996, std: 6.3076
Num steps: 280000   Return: 882.1   Time: 0:06:47
[Debug] Reward mean: 3.1246, std: 8.7054
[Debug] Reward mean: 0.0000, std: 0.0000
[Debug] Reward mean: 0.0000, std: 0.0000
Num steps: 290000   Return: 1152.4   Time: 0:07:02
[Debug] Reward mean: 0.0000, std: 0.0001
[Debug] Reward mean: 0.0000, std: 0.0000
[Debug] Reward mean: 0.0000, std: 0.0007
[Debug] Reward mean: 0.2494, std: 2.4147
Num steps: 300000   Return: 891.5   Time: 0:07:17
[Debug] Reward mean: 0.0000, std: 0.0000
[Debug] Reward mean: 0.0000, std: 0.0000
[Debug] Reward mean: 0.0000, std: 0.0000
Num steps: 310000   Return: 1278.2   Time: 0:07:32
[Debug] Reward mean: 0.0000, std: 0.0000
[Debug] Reward mean: 0.0007, std: 0.0121
[Debug] Reward mean: 0.0009, std: 0.0240
Num steps: 320000   Return: 952.3   Time: 0:07:46
[Debug] Reward mean: 0.0012, std: 0.0378
[Debug] Reward mean: 1.1510, std: 4.2975
[Debug] Reward mean: 1.4830, std: 5.2710
[Debug] Reward mean: 0.1055, std: 0.6077
Num steps: 330000   Return: 822.2   Time: 0:08:01
[Debug] Reward mean: 0.0000, std: 0.0000
[Debug] Reward mean: 0.0000, std: 0.0000
[Debug] Reward mean: 0.0353, std: 0.3903
Num steps: 340000   Return: 1111.4   Time: 0:08:16
[Debug] Reward mean: 0.1511, std: 0.9690
[Debug] Reward mean: 0.0051, std: 0.0692
[Debug] Reward mean: 25.9090, std: 25.0745
Num steps: 350000   Return: 1488.1   Time: 0:08:31
[Debug] Reward mean: 10.6308, std: 12.9748
[Debug] Reward mean: 0.0000, std: 0.0000
[Debug] Reward mean: 0.0001, std: 0.0044
[Debug] Reward mean: 0.0001, std: 0.0029
Num steps: 360000   Return: 932.3   Time: 0:08:46
[Debug] Reward mean: 0.0000, std: 0.0001
[Debug] Reward mean: 0.0748, std: 0.7076
[Debug] Reward mean: 0.2885, std: 1.9759
Num steps: 370000   Return: 910.5   Time: 0:09:01
[Debug] Reward mean: 0.0000, std: 0.0010
[Debug] Reward mean: 0.0000, std: 0.0000
[Debug] Reward mean: 0.0281, std: 0.3115
Num steps: 380000   Return: 1182.6   Time: 0:09:15
[Debug] Reward mean: 0.3617, std: 2.3270
[Debug] Reward mean: 1.2244, std: 5.3594
[Debug] Reward mean: 7.4929, std: 12.0879
[Debug] Reward mean: 0.9280, std: 2.1329
Num steps: 390000   Return: 987.4   Time: 0:09:28
[Debug] Reward mean: 0.0009, std: 0.0421
[Debug] Reward mean: 2.0156, std: 6.9065
[Debug] Reward mean: 0.1257, std: 0.6462
Num steps: 400000   Return: 1054.1   Time: 0:09:42
[Debug] Reward mean: 0.0000, std: 0.0000
[Debug] Reward mean: 0.0000, std: 0.0000
[Debug] Reward mean: 0.0000, std: 0.0000
Num steps: 410000   Return: 1071.8   Time: 0:09:57
[Debug] Reward mean: 0.0004, std: 0.0219
[Debug] Reward mean: 0.0000, std: 0.0000
[Debug] Reward mean: 0.0000, std: 0.0000
[Debug] Reward mean: 0.0000, std: 0.0000
Num steps: 420000   Return: 1190.8   Time: 0:10:12
[Debug] Reward mean: 0.0000, std: 0.0000
[Debug] Reward mean: 0.0000, std: 0.0000
[Debug] Reward mean: 0.0992, std: 1.0867
Num steps: 430000   Return: 1037.2   Time: 0:10:27
[Debug] Reward mean: 0.1334, std: 1.0201
[Debug] Reward mean: 0.0017, std: 0.0503
[Debug] Reward mean: 0.1791, std: 1.2481
Num steps: 440000   Return: 966.7   Time: 0:10:40
[Debug] Reward mean: 0.0436, std: 0.4736
[Debug] Reward mean: 0.0003, std: 0.0111
[Debug] Reward mean: 0.0000, std: 0.0000
[Debug] Reward mean: 2.5309, std: 6.6098
Num steps: 450000   Return: 1064.8   Time: 0:10:55
[Debug] Reward mean: 0.1801, std: 0.8054
[Debug] Reward mean: 0.5168, std: 3.0080
[Debug] Reward mean: 0.0056, std: 0.1426
Num steps: 460000   Return: 1015.2   Time: 0:11:10
[Debug] Reward mean: 0.0000, std: 0.0002
[Debug] Reward mean: 0.6177, std: 3.3068
[Debug] Reward mean: 0.1459, std: 0.9011
Num steps: 470000   Return: 1063.7   Time: 0:11:24
[Debug] Reward mean: 0.0013, std: 0.0311
[Debug] Reward mean: 0.0598, std: 0.5360
[Debug] Reward mean: 0.7806, std: 3.3028
[Debug] Reward mean: 0.8514, std: 3.0269
Num steps: 480000   Return: 893.2   Time: 0:11:39
[Debug] Reward mean: 0.2312, std: 1.1776
[Debug] Reward mean: 0.2070, std: 1.4218
[Debug] Reward mean: 1.4028, std: 4.9686
Num steps: 490000   Return: 1267.7   Time: 0:11:53
[Debug] Reward mean: 0.5680, std: 2.2240
[Debug] Reward mean: 0.0003, std: 0.0114
[Debug] Reward mean: 0.0000, std: 0.0000
Num steps: 500000   Return: 708.2   Time: 0:12:07
[Debug] Reward mean: 0.0073, std: 0.1832
[Debug] Reward mean: 0.0021, std: 0.0488
[Debug] Reward mean: 0.0000, std: 0.0000
[Debug] Reward mean: 0.1343, std: 1.0513
Num steps: 510000   Return: 875.5   Time: 0:12:22
[Debug] Reward mean: 0.2501, std: 1.6933
[Debug] Reward mean: 0.1029, std: 0.7048
[Debug] Reward mean: 0.7443, std: 2.9958
Num steps: 520000   Return: 930.1   Time: 0:12:37
[Debug] Reward mean: 0.3235, std: 1.1346
[Debug] Reward mean: 0.4489, std: 2.4579
[Debug] Reward mean: 0.1611, std: 0.8496
Num steps: 530000   Return: 950.9   Time: 0:12:51
[Debug] Reward mean: 1.7950, std: 4.8732
[Debug] Reward mean: 0.3392, std: 1.2520
[Debug] Reward mean: 0.5383, std: 2.9811
[Debug] Reward mean: 0.2739, std: 1.6460
Num steps: 540000   Return: 1244.9   Time: 0:13:06
[Debug] Reward mean: 0.2087, std: 1.2696
[Debug] Reward mean: 0.0216, std: 0.2990
[Debug] Reward mean: 1.5882, std: 4.4397
Num steps: 550000   Return: 968.9   Time: 0:13:21
[Debug] Reward mean: 0.6976, std: 2.9501
[Debug] Reward mean: 0.4777, std: 2.5546
[Debug] Reward mean: 0.0480, std: 0.4069
Num steps: 560000   Return: 1052.2   Time: 0:13:34
[Debug] Reward mean: 0.0613, std: 0.6632
[Debug] Reward mean: 0.0066, std: 0.1141
[Debug] Reward mean: 0.8597, std: 3.1604
[Debug] Reward mean: 0.0711, std: 0.4648
Num steps: 570000   Return: 629.7   Time: 0:13:49
[Debug] Reward mean: 0.9127, std: 2.7670
[Debug] Reward mean: 0.4263, std: 1.7411
[Debug] Reward mean: 0.7712, std: 3.3992
Num steps: 580000   Return: 1251.9   Time: 0:14:03
[Debug] Reward mean: 0.2893, std: 1.1434
[Debug] Reward mean: 0.0123, std: 0.2322
[Debug] Reward mean: 4.3833, std: 8.7890
Num steps: 590000   Return: 1086.8   Time: 0:14:18
[Debug] Reward mean: 1.9480, std: 12.2992
[Debug] Reward mean: 1.0134, std: 4.4740
[Debug] Reward mean: 0.1521, std: 0.8898
[Debug] Reward mean: 0.0000, std: 0.0000
Num steps: 600000   Return: 969.7   Time: 0:14:33
[Debug] Reward mean: 24.2088, std: 26.8743
[Debug] Reward mean: 12.6454, std: 14.7538
[Debug] Reward mean: 0.0000, std: 0.0000
Num steps: 610000   Return: 1049.6   Time: 0:14:47
[Debug] Reward mean: 0.0000, std: 0.0000
[Debug] Reward mean: 0.0010, std: 0.0433
[Debug] Reward mean: 0.0508, std: 0.7575
Num steps: 620000   Return: 1292.6   Time: 0:15:01
[Debug] Reward mean: 0.0000, std: 0.0000
[Debug] Reward mean: 0.0000, std: 0.0000
[Debug] Reward mean: 0.1123, std: 1.0587
[Debug] Reward mean: 0.0063, std: 0.1485
Num steps: 630000   Return: 766.4   Time: 0:15:16
[Debug] Reward mean: 0.0576, std: 0.5672
[Debug] Reward mean: 0.0000, std: 0.0000
[Debug] Reward mean: 0.0000, std: 0.0000
Num steps: 640000   Return: 750.0   Time: 0:15:30
[Debug] Reward mean: 37.0576, std: 39.6384
[Debug] Reward mean: 21.3734, std: 24.3398
[Debug] Reward mean: 0.0000, std: 0.0000
Num steps: 650000   Return: 933.9   Time: 0:15:44
[Debug] Reward mean: 0.0000, std: 0.0000
[Debug] Reward mean: 0.0000, std: 0.0013
[Debug] Reward mean: 0.0169, std: 0.3171
[Debug] Reward mean: 0.1877, std: 1.7094
Num steps: 660000   Return: 1058.3   Time: 0:15:59
[Debug] Reward mean: 0.9332, std: 4.3394
[Debug] Reward mean: 0.0162, std: 0.2214
[Debug] Reward mean: 1.6994, std: 13.3858
Num steps: 670000   Return: 994.8   Time: 0:16:13
[Debug] Reward mean: 0.0002, std: 0.0085
[Debug] Reward mean: 1.6402, std: 13.7625
[Debug] Reward mean: 0.0681, std: 0.7620
Num steps: 680000   Return: 865.3   Time: 0:16:28
[Debug] Reward mean: 0.1911, std: 1.4781
[Debug] Reward mean: 0.1426, std: 0.9276
[Debug] Reward mean: 1.9421, std: 7.0281
[Debug] Reward mean: 0.4410, std: 1.4704
Num steps: 690000   Return: 1255.4   Time: 0:16:43
[Debug] Reward mean: 0.0102, std: 0.2389
[Debug] Reward mean: 0.0000, std: 0.0000
[Debug] Reward mean: 0.5792, std: 2.9034
Num steps: 700000   Return: 794.8   Time: 0:16:57
[Debug] Reward mean: 0.8618, std: 4.9704
[Debug] Reward mean: 6.3933, std: 11.2042
[Debug] Reward mean: 0.6856, std: 2.0588
Num steps: 710000   Return: 1231.1   Time: 0:17:12
[Debug] Reward mean: 0.0000, std: 0.0000
[Debug] Reward mean: 65.1454, std: 68.3759
[Debug] Reward mean: 49.4147, std: 50.8768
[Debug] Reward mean: 0.0000, std: 0.0001
Num steps: 720000   Return: 732.2   Time: 0:17:27
[Debug] Reward mean: 0.2370, std: 2.0578
[Debug] Reward mean: 0.0000, std: 0.0000
[Debug] Reward mean: 0.0050, std: 0.1238
Num steps: 730000   Return: 1344.8   Time: 0:17:41
[Debug] Reward mean: 0.0026, std: 0.1020
[Debug] Reward mean: 2.1813, std: 10.3778
[Debug] Reward mean: 0.3770, std: 1.3158
Num steps: 740000   Return: 816.8   Time: 0:17:56
[Debug] Reward mean: 0.0015, std: 0.0800
[Debug] Reward mean: 18.0507, std: 25.3243
[Debug] Reward mean: 10.2660, std: 11.3655
[Debug] Reward mean: 0.0000, std: 0.0000
Num steps: 750000   Return: 1189.2   Time: 0:18:11
[Debug] Reward mean: 0.0000, std: 0.0000
[Debug] Reward mean: 0.0000, std: 0.0000
[Debug] Reward mean: 0.0746, std: 0.8983
Num steps: 760000   Return: 1003.3   Time: 0:18:23
[Debug] Reward mean: 0.0000, std: 0.0000
[Debug] Reward mean: 0.0000, std: 0.0000
[Debug] Reward mean: 0.0000, std: 0.0000
Num steps: 770000   Return: 1259.9   Time: 0:18:32
[Debug] Reward mean: 0.0000, std: 0.0000
[Debug] Reward mean: 0.0000, std: 0.0000
[Debug] Reward mean: 0.0000, std: 0.0000
[Debug] Reward mean: 0.4102, std: 3.1259
Num steps: 780000   Return: 1238.4   Time: 0:18:40
[Debug] Reward mean: 0.0262, std: 0.5272
[Debug] Reward mean: 0.6789, std: 4.1513
[Debug] Reward mean: 0.7357, std: 4.6553
Num steps: 790000   Return: 1049.3   Time: 0:18:49
[Debug] Reward mean: 0.0354, std: 0.5626
[Debug] Reward mean: 0.2812, std: 2.4586
[Debug] Reward mean: 0.0000, std: 0.0000
Num steps: 800000   Return: 1543.4   Time: 0:18:57
[Debug] Reward mean: 4.2860, std: 13.9350
[Debug] Reward mean: 2.5862, std: 5.9853
[Debug] Reward mean: 0.0138, std: 0.3126
[Debug] Reward mean: 0.0000, std: 0.0000
Num steps: 810000   Return: 877.5   Time: 0:19:06
[Debug] Reward mean: 0.0000, std: 0.0000
[Debug] Reward mean: 0.0871, std: 1.1332
[Debug] Reward mean: 0.0000, std: 0.0000
Num steps: 820000   Return: 1079.1   Time: 0:19:14
[Debug] Reward mean: 0.0982, std: 1.1293
[Debug] Reward mean: 0.0000, std: 0.0000
[Debug] Reward mean: 31.1288, std: 36.9999
Num steps: 830000   Return: 559.2   Time: 0:19:22
[Debug] Reward mean: 21.6356, std: 22.9489
[Debug] Reward mean: 0.0000, std: 0.0000
[Debug] Reward mean: 8.1331, std: 20.3728
[Debug] Reward mean: 1.4024, std: 3.6507
Num steps: 840000   Return: 928.9   Time: 0:19:31
[Debug] Reward mean: 0.0000, std: 0.0000
[Debug] Reward mean: 0.0000, std: 0.0000
[Debug] Reward mean: 0.0000, std: 0.0000
Num steps: 850000   Return: 1423.0   Time: 0:19:40
[Debug] Reward mean: 0.2675, std: 2.0822
[Debug] Reward mean: 0.0403, std: 0.6021
[Debug] Reward mean: 0.0003, std: 0.0155
Num steps: 860000   Return: 999.2   Time: 0:19:48
[Debug] Reward mean: 63.8042, std: 71.8859
[Debug] Reward mean: 45.5422, std: 47.1571
[Debug] Reward mean: 0.0000, std: 0.0000
[Debug] Reward mean: 0.0579, std: 0.5402
Num steps: 870000   Return: 1318.7   Time: 0:19:57
[Debug] Reward mean: 18.5439, std: 31.6987
[Debug] Reward mean: 7.7587, std: 9.6690
[Debug] Reward mean: 10.1962, std: 32.7161
Num steps: 880000   Return: 1173.5   Time: 0:20:05
[Debug] Reward mean: 0.8217, std: 3.2091
[Debug] Reward mean: 0.0023, std: 0.0784
[Debug] Reward mean: 0.0000, std: 0.0000
Num steps: 890000   Return: 798.0   Time: 0:20:13
[Debug] Reward mean: 0.0000, std: 0.0000
[Debug] Reward mean: 0.0000, std: 0.0000
[Debug] Reward mean: 0.0000, std: 0.0000
[Debug] Reward mean: 0.0408, std: 0.5586
Num steps: 900000   Return: 774.8   Time: 0:20:23
[Debug] Reward mean: 0.0000, std: 0.0000
[Debug] Reward mean: 0.0000, std: 0.0000
[Debug] Reward mean: 0.0000, std: 0.0000
Num steps: 910000   Return: 884.4   Time: 0:20:31
[Debug] Reward mean: 0.0000, std: 0.0000
[Debug] Reward mean: 0.0890, std: 0.9671
[Debug] Reward mean: 6.6479, std: 27.5100
Num steps: 920000   Return: 1009.5   Time: 0:20:39
[Debug] Reward mean: 0.0000, std: 0.0000
[Debug] Reward mean: 0.0000, std: 0.0000
[Debug] Reward mean: 0.0463, std: 0.6427
[Debug] Reward mean: 0.0000, std: 0.0000
Num steps: 930000   Return: 795.4   Time: 0:20:48
[Debug] Reward mean: 0.0000, std: 0.0000
[Debug] Reward mean: 0.0000, std: 0.0000
[Debug] Reward mean: 0.0000, std: 0.0000
Num steps: 940000   Return: 809.8   Time: 0:20:56
[Debug] Reward mean: 0.0000, std: 0.0000
[Debug] Reward mean: 0.0000, std: 0.0000
[Debug] Reward mean: 0.1966, std: 1.8258
Num steps: 950000   Return: 856.8   Time: 0:21:05
[Debug] Reward mean: 16.6537, std: 46.3046
[Debug] Reward mean: 2.2234, std: 5.6962
[Debug] Reward mean: 0.0000, std: 0.0000
[Debug] Reward mean: 0.0000, std: 0.0000
Num steps: 960000   Return: 1184.7   Time: 0:21:13
[Debug] Reward mean: 0.0000, std: 0.0000
[Debug] Reward mean: 0.0000, std: 0.0000
[Debug] Reward mean: 0.0687, std: 0.8289
Num steps: 970000   Return: 990.1   Time: 0:21:22
[Debug] Reward mean: 0.0049, std: 0.1723
[Debug] Reward mean: 0.0000, std: 0.0004
[Debug] Reward mean: 0.0128, std: 0.3665
Num steps: 980000   Return: 877.9   Time: 0:21:31
[Debug] Reward mean: 0.5201, std: 4.0415
[Debug] Reward mean: 0.0251, std: 0.4961
[Debug] Reward mean: 0.0000, std: 0.0000
[Debug] Reward mean: 0.0430, std: 0.8276
Num steps: 990000   Return: 1553.1   Time: 0:21:40
[Debug] Reward mean: 0.0192, std: 0.5173
[Debug] Reward mean: 1.2949, std: 7.6904
[Debug] Reward mean: 1.1252, std: 4.7186
Num steps: 1000000   Return: 994.4   Time: 0:21:48
[Debug] Reward mean: 9.5239, std: 24.1457
[Debug] Reward mean: 11.0844, std: 10.4747
[Debug] Reward mean: 0.0091, std: 0.1801
Num steps: 1010000   Return: 947.5   Time: 0:21:57
[Debug] Reward mean: 14.6331, std: 32.9850
[Debug] Reward mean: 18.9142, std: 11.7835
[Debug] Reward mean: 2.7452, std: 17.2535
[Debug] Reward mean: 0.0000, std: 0.0000
Num steps: 1020000   Return: 1020.2   Time: 0:22:05
[Debug] Reward mean: 0.0000, std: 0.0001
[Debug] Reward mean: 0.0000, std: 0.0000
[Debug] Reward mean: 0.0000, std: 0.0000
Num steps: 1030000   Return: 1201.0   Time: 0:22:14
[Debug] Reward mean: 0.0000, std: 0.0000
[Debug] Reward mean: 0.0000, std: 0.0000
[Debug] Reward mean: 0.0002, std: 0.0100
Num steps: 1040000   Return: 916.1   Time: 0:22:22
[Debug] Reward mean: 3.3830, std: 17.1574
[Debug] Reward mean: 27.5349, std: 57.2784
[Debug] Reward mean: 47.2852, std: 25.1725
[Debug] Reward mean: 0.0000, std: 0.0000
Num steps: 1050000   Return: 1032.6   Time: 0:22:31
[Debug] Reward mean: 0.0000, std: 0.0000
[Debug] Reward mean: 0.0000, std: 0.0000
[Debug] Reward mean: 0.0000, std: 0.0000
Num steps: 1060000   Return: 960.5   Time: 0:22:39
[Debug] Reward mean: 2.1954, std: 12.3203
[Debug] Reward mean: 1.3632, std: 7.7588
[Debug] Reward mean: 0.1039, std: 1.4234
Num steps: 1070000   Return: 910.6   Time: 0:22:48
[Debug] Reward mean: 0.0000, std: 0.0000
[Debug] Reward mean: 2.4748, std: 13.5322
[Debug] Reward mean: 0.2914, std: 2.3475
[Debug] Reward mean: 0.0000, std: 0.0000
Num steps: 1080000   Return: 1379.6   Time: 0:22:57
[Debug] Reward mean: 0.6863, std: 4.3384
[Debug] Reward mean: 0.0000, std: 0.0000
[Debug] Reward mean: 1.7659, std: 10.0015
Num steps: 1090000   Return: 880.1   Time: 0:23:05
[Debug] Reward mean: 0.0000, std: 0.0000
[Debug] Reward mean: 0.0580, std: 1.2344
[Debug] Reward mean: 0.0000, std: 0.0000
Num steps: 1100000   Return: 1058.2   Time: 0:23:13
[Debug] Reward mean: 0.0563, std: 0.7244
[Debug] Reward mean: 0.0000, std: 0.0000
[Debug] Reward mean: 16.3133, std: 39.6064
[Debug] Reward mean: 16.9898, std: 10.2151
Num steps: 1110000   Return: 1176.5   Time: 0:23:22
[Debug] Reward mean: 3.0942, std: 17.1233
[Debug] Reward mean: 0.0783, std: 1.4608
[Debug] Reward mean: 0.0182, std: 0.5359
Num steps: 1120000   Return: 996.1   Time: 0:23:31
[Debug] Reward mean: 0.0396, std: 0.7684
[Debug] Reward mean: 0.0000, std: 0.0000
[Debug] Reward mean: 0.0024, std: 0.1026
Num steps: 1130000   Return: 936.4   Time: 0:23:39
[Debug] Reward mean: 5.0252, std: 23.4357
[Debug] Reward mean: 0.0161, std: 0.3187
[Debug] Reward mean: 0.0000, std: 0.0000
[Debug] Reward mean: 3.9659, std: 22.0661
Num steps: 1140000   Return: 1001.3   Time: 0:23:48
[Debug] Reward mean: 0.5825, std: 3.1669
[Debug] Reward mean: 2.5164, std: 12.2029
[Debug] Reward mean: 1.0923, std: 7.6116
Num steps: 1150000   Return: 668.7   Time: 0:23:56
[Debug] Reward mean: 0.1782, std: 3.8210
[Debug] Reward mean: 0.1435, std: 2.0390
[Debug] Reward mean: 0.0000, std: 0.0001
Num steps: 1160000   Return: 696.3   Time: 0:24:04
[Debug] Reward mean: 0.2519, std: 2.3090
[Debug] Reward mean: 0.9760, std: 7.0689
[Debug] Reward mean: 0.9456, std: 6.8688
[Debug] Reward mean: 5.1731, std: 25.7555
Num steps: 1170000   Return: 1242.4   Time: 0:24:13
[Debug] Reward mean: 0.1855, std: 0.7218
[Debug] Reward mean: 1.7831, std: 10.3334
[Debug] Reward mean: 0.2505, std: 2.8028
Num steps: 1180000   Return: 1043.2   Time: 0:24:21
[Debug] Reward mean: 36.2314, std: 88.1055
[Debug] Reward mean: 85.4063, std: 31.7153
[Debug] Reward mean: 31.0820, std: 38.5895
Num steps: 1190000   Return: 963.5   Time: 0:24:28
[Debug] Reward mean: 0.0077, std: 0.4227
[Debug] Reward mean: 0.0002, std: 0.0111
[Debug] Reward mean: 0.0000, std: 0.0000
[Debug] Reward mean: 4.8321, std: 21.4904
Num steps: 1200000   Return: 1637.9   Time: 0:24:37
[Debug] Reward mean: 1.6026, std: 8.8257
[Debug] Reward mean: 0.1823, std: 1.8177
[Debug] Reward mean: 0.0031, std: 0.1046
Num steps: 1210000   Return: 627.8   Time: 0:24:45
[Debug] Reward mean: 0.0000, std: 0.0000
[Debug] Reward mean: 1.1177, std: 9.3885
[Debug] Reward mean: 0.4244, std: 3.3009
Num steps: 1220000   Return: 880.0   Time: 0:24:53
[Debug] Reward mean: 0.0073, std: 0.3994
[Debug] Reward mean: 0.0146, std: 0.7980
[Debug] Reward mean: 5.0179, std: 27.0245
[Debug] Reward mean: 10.9286, std: 43.4893
Num steps: 1230000   Return: 739.9   Time: 0:25:02
[Debug] Reward mean: 21.3393, std: 55.4666
[Debug] Reward mean: 19.8521, std: 11.3437
[Debug] Reward mean: 0.0060, std: 0.3286
Num steps: 1240000   Return: 721.2   Time: 0:25:10
[Debug] Reward mean: 0.0000, std: 0.0000
[Debug] Reward mean: 0.0141, std: 0.7739
[Debug] Reward mean: 0.0000, std: 0.0000
Num steps: 1250000   Return: 1048.8   Time: 0:25:18
[Debug] Reward mean: 0.0000, std: 0.0000
[Debug] Reward mean: 0.7724, std: 5.8144
[Debug] Reward mean: 0.0000, std: 0.0000
[Debug] Reward mean: 0.0192, std: 1.0531
Num steps: 1260000   Return: 919.0   Time: 0:25:27
[Debug] Reward mean: 106.9145, std: 218.3194
[Debug] Reward mean: 237.6213, std: 132.2386
[Debug] Reward mean: 0.0067, std: 0.3694
Num steps: 1270000   Return: 996.8   Time: 0:25:35
[Debug] Reward mean: 0.0000, std: 0.0000
[Debug] Reward mean: 0.0095, std: 0.5192
[Debug] Reward mean: 9.5469, std: 50.5300
Num steps: 1280000   Return: 1134.4   Time: 0:25:43
[Debug] Reward mean: 0.0000, std: 0.0000
[Debug] Reward mean: 0.0193, std: 1.0583
[Debug] Reward mean: 0.0004, std: 0.0202
[Debug] Reward mean: 0.0000, std: 0.0000
Num steps: 1290000   Return: 992.4   Time: 0:25:51
[Debug] Reward mean: 3.6199, std: 18.4815
[Debug] Reward mean: 0.1507, std: 3.6674
[Debug] Reward mean: 1.5426, std: 8.9134
Num steps: 1300000   Return: 1301.7   Time: 0:25:59
[Debug] Reward mean: 0.0000, std: 0.0000
[Debug] Reward mean: 0.0377, std: 2.0628
[Debug] Reward mean: 0.0455, std: 2.4928
Num steps: 1310000   Return: 774.4   Time: 0:26:07
[Debug] Reward mean: 0.0451, std: 2.4611
[Debug] Reward mean: 0.0382, std: 2.0932
[Debug] Reward mean: 0.3249, std: 5.8699
[Debug] Reward mean: 3.9786, std: 21.6102
Num steps: 1320000   Return: 887.8   Time: 0:26:16
[Debug] Reward mean: 0.0000, std: 0.0000
[Debug] Reward mean: 6.0573, std: 28.2492
[Debug] Reward mean: 2.5308, std: 13.3835
Num steps: 1330000   Return: 1058.1   Time: 0:26:25
[Debug] Reward mean: 0.1193, std: 2.8002
[Debug] Reward mean: 1.5652, std: 10.5614
[Debug] Reward mean: 6.5167, std: 28.8827
Num steps: 1340000   Return: 965.2   Time: 0:26:32
[Debug] Reward mean: 1.7318, std: 11.8538
[Debug] Reward mean: 0.0290, std: 1.5864
[Debug] Reward mean: 0.1345, std: 2.0323
[Debug] Reward mean: 0.0124, std: 0.6774
Num steps: 1350000   Return: 822.0   Time: 0:26:40
[Debug] Reward mean: 7.4646, std: 37.3296
[Debug] Reward mean: 0.9189, std: 7.4565
[Debug] Reward mean: 1.9654, std: 11.1577
Num steps: 1360000   Return: 1149.1   Time: 0:26:48
[Debug] Reward mean: 9.2307, std: 37.2910
[Debug] Reward mean: 0.0175, std: 0.2411
[Debug] Reward mean: 0.0405, std: 2.2127
Num steps: 1370000   Return: 893.5   Time: 0:26:56
[Debug] Reward mean: 0.0597, std: 2.3046
[Debug] Reward mean: 4.6420, std: 25.6342
[Debug] Reward mean: 0.0420, std: 2.3010
[Debug] Reward mean: 0.0296, std: 0.6769
Num steps: 1380000   Return: 857.5   Time: 0:27:05
[Debug] Reward mean: 1.1297, std: 8.2322
[Debug] Reward mean: 0.0000, std: 0.0000
[Debug] Reward mean: 6.7046, std: 34.1132
Num steps: 1390000   Return: 714.4   Time: 0:27:13
[Debug] Reward mean: 2.9412, std: 17.8613
[Debug] Reward mean: 0.1776, std: 2.5633
[Debug] Reward mean: 27.5921, std: 67.0812
Num steps: 1400000   Return: 1127.8   Time: 0:27:21
[Debug] Reward mean: 30.8989, std: 17.4442
[Debug] Reward mean: 9.3494, std: 41.4600
[Debug] Reward mean: 0.0219, std: 1.1975
[Debug] Reward mean: 48.2286, std: 114.4340
Num steps: 1410000   Return: 923.3   Time: 0:27:30
[Debug] Reward mean: 83.2444, std: 45.7118
[Debug] Reward mean: 5.7892, std: 31.1945
[Debug] Reward mean: 0.0000, std: 0.0000
Num steps: 1420000   Return: 996.6   Time: 0:27:38
[Debug] Reward mean: 0.3258, std: 6.6221
[Debug] Reward mean: 0.0709, std: 3.8843
[Debug] Reward mean: 4.5124, std: 20.3513
Num steps: 1430000   Return: 1402.2   Time: 0:27:46
[Debug] Reward mean: 0.0717, std: 3.9292
[Debug] Reward mean: 0.0435, std: 2.3810
[Debug] Reward mean: 0.0794, std: 4.3505
[Debug] Reward mean: 0.0069, std: 0.3787
Num steps: 1440000   Return: 915.2   Time: 0:27:55
[Debug] Reward mean: 0.1648, std: 3.1901
[Debug] Reward mean: 1.1123, std: 7.0775
[Debug] Reward mean: 67.4251, std: 157.0833
Num steps: 1450000   Return: 1174.4   Time: 0:28:03
[Debug] Reward mean: 116.2154, std: 64.6561
[Debug] Reward mean: 0.0811, std: 4.4436
[Debug] Reward mean: 3.0208, std: 17.1621
Num steps: 1460000   Return: 717.0   Time: 0:28:12
[Debug] Reward mean: 0.0449, std: 2.4614
[Debug] Reward mean: 0.3956, std: 5.5901
[Debug] Reward mean: 0.0727, std: 3.7957
[Debug] Reward mean: 0.0243, std: 1.3306
Num steps: 1470000   Return: 1704.0   Time: 0:28:21
[Debug] Reward mean: 0.0000, std: 0.0000
[Debug] Reward mean: 0.0165, std: 0.9041
[Debug] Reward mean: 6.2347, std: 31.5680
Num steps: 1480000   Return: 1115.9   Time: 0:28:29
[Debug] Reward mean: 113.3590, std: 242.7014
[Debug] Reward mean: 236.7764, std: 129.1316
[Debug] Reward mean: 0.0705, std: 3.8613
Num steps: 1490000   Return: 1267.8   Time: 0:28:37
[Debug] Reward mean: 0.1120, std: 6.1351
[Debug] Reward mean: 0.0366, std: 2.0036
[Debug] Reward mean: 0.0820, std: 4.4885
[Debug] Reward mean: 0.0469, std: 2.5669
Num steps: 1500000   Return: 1425.3   Time: 0:28:46
[Debug] Reward mean: 0.0515, std: 2.4077
[Debug] Reward mean: 4.8005, std: 35.9470
[Debug] Reward mean: 0.1504, std: 3.9095
Num steps: 1510000   Return: 1160.8   Time: 0:28:54
[Debug] Reward mean: 3.2390, std: 17.1460
[Debug] Reward mean: 0.0000, std: 0.0000
[Debug] Reward mean: 31.4023, std: 90.0482
Num steps: 1520000   Return: 1173.6   Time: 0:29:02
[Debug] Reward mean: 33.2175, std: 18.8275
[Debug] Reward mean: 0.0970, std: 5.3128
[Debug] Reward mean: 0.0185, std: 1.0128
[Debug] Reward mean: 0.0247, std: 1.3523
Num steps: 1530000   Return: 860.0   Time: 0:29:11
[Debug] Reward mean: 0.0925, std: 5.0686
[Debug] Reward mean: 0.0892, std: 4.8840
[Debug] Reward mean: 0.0857, std: 4.6928
Num steps: 1540000   Return: 838.5   Time: 0:29:19
[Debug] Reward mean: 17.3796, std: 66.1553
[Debug] Reward mean: 0.0083, std: 0.1450
[Debug] Reward mean: 0.0049, std: 0.2675
Num steps: 1550000   Return: 1274.0   Time: 0:29:27
[Debug] Reward mean: 0.4238, std: 6.4503
[Debug] Reward mean: 0.1071, std: 5.8671
[Debug] Reward mean: 8.2920, std: 47.3700
[Debug] Reward mean: 178.6519, std: 399.5721
Num steps: 1560000   Return: 1418.8   Time: 0:29:36
[Debug] Reward mean: 338.1101, std: 188.0238
[Debug] Reward mean: 0.0263, std: 1.4386
[Debug] Reward mean: 15.7544, std: 120.4275
Num steps: 1570000   Return: 1251.4   Time: 0:29:44
[Debug] Reward mean: 0.0129, std: 0.7045
[Debug] Reward mean: 0.1035, std: 5.6676
[Debug] Reward mean: 0.0615, std: 3.3707
Num steps: 1580000   Return: 1288.1   Time: 0:29:52
[Debug] Reward mean: 0.0812, std: 4.4478
[Debug] Reward mean: 0.0442, std: 2.4194
[Debug] Reward mean: 0.1340, std: 7.3379
[Debug] Reward mean: 0.1544, std: 8.4546
Num steps: 1590000   Return: 811.0   Time: 0:30:01
[Debug] Reward mean: 0.0808, std: 4.4253
[Debug] Reward mean: 0.0425, std: 2.3298
[Debug] Reward mean: 0.0528, std: 2.8912
Num steps: 1600000   Return: 967.1   Time: 0:30:09
[Debug] Reward mean: 0.0274, std: 1.5005
[Debug] Reward mean: 0.1175, std: 6.4360
[Debug] Reward mean: 0.0444, std: 2.4301
Num steps: 1610000   Return: 1125.0   Time: 0:30:17
[Debug] Reward mean: 0.1405, std: 6.5145
[Debug] Reward mean: 6.1858, std: 29.7966
[Debug] Reward mean: 0.1043, std: 5.7153
[Debug] Reward mean: 0.0418, std: 2.2914
Num steps: 1620000   Return: 947.1   Time: 0:30:26
[Debug] Reward mean: 4.9593, std: 23.9818
[Debug] Reward mean: 6.6981, std: 32.4653
[Debug] Reward mean: 0.0644, std: 3.5258
Num steps: 1630000   Return: 932.4   Time: 0:30:34
[Debug] Reward mean: 2.2450, std: 12.5207
[Debug] Reward mean: 0.1293, std: 7.0805
[Debug] Reward mean: 0.8350, std: 6.5445
Num steps: 1640000   Return: 1165.6   Time: 0:30:42
[Debug] Reward mean: 0.0981, std: 5.3709
[Debug] Reward mean: 1.9082, std: 13.2161
[Debug] Reward mean: 0.0000, std: 0.0000
[Debug] Reward mean: 0.0993, std: 5.4378
Num steps: 1650000   Return: 842.5   Time: 0:30:51
[Debug] Reward mean: 0.2854, std: 6.5598
[Debug] Reward mean: 16.5864, std: 71.9930
[Debug] Reward mean: 7.3773, std: 33.7822
Num steps: 1660000   Return: 1215.1   Time: 0:30:59
[Debug] Reward mean: 7.9788, std: 46.1188
[Debug] Reward mean: 0.0775, std: 4.2440
[Debug] Reward mean: 0.4182, std: 7.7557
Num steps: 1670000   Return: 802.1   Time: 0:31:07
[Debug] Reward mean: 0.1236, std: 6.7677
[Debug] Reward mean: 0.0454, std: 2.4850
[Debug] Reward mean: 0.2112, std: 11.5686
[Debug] Reward mean: 2.5746, std: 18.9374
Num steps: 1680000   Return: 1047.9   Time: 0:31:16
[Debug] Reward mean: 30.7929, std: 96.1890
[Debug] Reward mean: 11.1371, std: 12.6147
[Debug] Reward mean: 0.0443, std: 2.4275
Num steps: 1690000   Return: 724.1   Time: 0:31:25
[Debug] Reward mean: 0.0211, std: 1.1554
[Debug] Reward mean: 1.3300, std: 14.5267
[Debug] Reward mean: 0.1164, std: 6.3782
Num steps: 1700000   Return: 1051.8   Time: 0:31:33
[Debug] Reward mean: 0.4282, std: 11.3726
[Debug] Reward mean: 0.0259, std: 1.4059
[Debug] Reward mean: 0.0295, std: 1.6144
[Debug] Reward mean: 0.1284, std: 7.0312
Num steps: 1710000   Return: 999.2   Time: 0:31:42
[Debug] Reward mean: 2.8122, std: 16.3882
[Debug] Reward mean: 3.1148, std: 15.4757
[Debug] Reward mean: 0.1575, std: 8.6290
Num steps: 1720000   Return: 750.0   Time: 0:31:50
[Debug] Reward mean: 0.1141, std: 6.2474
[Debug] Reward mean: 0.1841, std: 10.0813
[Debug] Reward mean: 15.6065, std: 86.5619
Num steps: 1730000   Return: 965.8   Time: 0:31:58
[Debug] Reward mean: 22.8219, std: 107.2509
[Debug] Reward mean: 50.6620, std: 143.3497
[Debug] Reward mean: 38.6080, std: 21.2722
[Debug] Reward mean: 0.2444, std: 13.3854
Num steps: 1740000   Return: 1058.7   Time: 0:32:07
[Debug] Reward mean: 0.9056, std: 10.2708
[Debug] Reward mean: 0.2179, std: 11.9323
[Debug] Reward mean: 10.1921, std: 50.8764
Num steps: 1750000   Return: 879.6   Time: 0:32:15
[Debug] Reward mean: 0.0651, std: 3.5683
[Debug] Reward mean: 25.9382, std: 107.8601
[Debug] Reward mean: 0.2744, std: 14.9669
Num steps: 1760000   Return: 818.8   Time: 0:32:24
[Debug] Reward mean: 0.1279, std: 7.0056
[Debug] Reward mean: 0.1605, std: 8.7931
[Debug] Reward mean: 8.0140, std: 50.2850
[Debug] Reward mean: 0.1077, std: 5.9017
Num steps: 1770000   Return: 977.1   Time: 0:32:33
[Debug] Reward mean: 0.3086, std: 7.6230
[Debug] Reward mean: 0.2410, std: 13.1985
[Debug] Reward mean: 23.4024, std: 112.1858
Num steps: 1780000   Return: 770.9   Time: 0:32:41
[Debug] Reward mean: 11.7146, std: 54.6605
[Debug] Reward mean: 0.5866, std: 16.6109
[Debug] Reward mean: 12.3501, std: 64.2787
Num steps: 1790000   Return: 1213.8   Time: 0:32:49
[Debug] Reward mean: 7.6884, std: 41.3947
[Debug] Reward mean: 7.9647, std: 41.1555
[Debug] Reward mean: 0.1225, std: 6.7086
[Debug] Reward mean: 0.1518, std: 8.3166
Num steps: 1800000   Return: 906.5   Time: 0:32:57
[Debug] Reward mean: 44.2961, std: 175.9992
[Debug] Reward mean: 8.5419, std: 6.6246
[Debug] Reward mean: 6.3556, std: 33.0738
Num steps: 1810000   Return: 1246.4   Time: 0:33:06
[Debug] Reward mean: 0.2717, std: 14.8807
[Debug] Reward mean: 124.6452, std: 304.1715
[Debug] Reward mean: 240.7124, std: 119.2969
Num steps: 1820000   Return: 1160.2   Time: 0:33:14
[Debug] Reward mean: 0.0000, std: 0.0000
[Debug] Reward mean: 0.1916, std: 10.4955
[Debug] Reward mean: 0.2332, std: 11.4818
[Debug] Reward mean: 0.1018, std: 5.5733
Num steps: 1830000   Return: 1320.0   Time: 0:33:23
[Debug] Reward mean: 0.2125, std: 11.6383
[Debug] Reward mean: 7.0170, std: 48.1600
[Debug] Reward mean: 0.4305, std: 23.5793
Num steps: 1840000   Return: 933.1   Time: 0:33:31
[Debug] Reward mean: 6.1358, std: 41.1716
[Debug] Reward mean: 33.1924, std: 156.3205
[Debug] Reward mean: 0.0919, std: 5.0334
Num steps: 1850000   Return: 1276.7   Time: 0:33:40
[Debug] Reward mean: 0.2217, std: 12.1416
[Debug] Reward mean: 0.2006, std: 10.9883
[Debug] Reward mean: 0.2930, std: 15.9944
[Debug] Reward mean: 0.3496, std: 19.1481
Num steps: 1860000   Return: 1124.2   Time: 0:33:49
[Debug] Reward mean: 66.8651, std: 291.2321
[Debug] Reward mean: 468.1619, std: 232.2069
[Debug] Reward mean: 0.2269, std: 12.4273
Num steps: 1870000   Return: 1285.0   Time: 0:33:57
[Debug] Reward mean: 2.8769, std: 26.4057
[Debug] Reward mean: 1.3407, std: 18.9995
[Debug] Reward mean: 0.2193, std: 12.0125
Num steps: 1880000   Return: 937.2   Time: 0:34:05
[Debug] Reward mean: 77.3418, std: 345.0599
[Debug] Reward mean: 119.2566, std: 34.1415
[Debug] Reward mean: 135.4223, std: 540.2042
[Debug] Reward mean: 18.2465, std: 145.6415
Num steps: 1890000   Return: 1112.9   Time: 0:34:13
[Debug] Reward mean: 0.0063, std: 0.3432
[Debug] Reward mean: 164.3604, std: 204.0319
[Debug] Reward mean: 2.3315, std: 18.3818
Num steps: 1900000   Return: 1073.8   Time: 0:34:22
[Debug] Reward mean: 0.1081, std: 5.9207
[Debug] Reward mean: 0.2485, std: 13.6104
[Debug] Reward mean: 14.8282, std: 73.3476
Num steps: 1910000   Return: 1290.2   Time: 0:34:30
[Debug] Reward mean: 4.5890, std: 29.2473
[Debug] Reward mean: 0.3369, std: 18.4506
[Debug] Reward mean: 28.9493, std: 241.2071
[Debug] Reward mean: 0.2405, std: 13.1742
Num steps: 1920000   Return: 803.7   Time: 0:34:38
[Debug] Reward mean: 0.2301, std: 12.6035
[Debug] Reward mean: 1.0921, std: 17.1097
[Debug] Reward mean: 0.2433, std: 13.3250
Num steps: 1930000   Return: 1088.6   Time: 0:34:47
[Debug] Reward mean: 6.3710, std: 38.3763
[Debug] Reward mean: 0.2065, std: 11.3099
[Debug] Reward mean: 0.2235, std: 12.2439
Num steps: 1940000   Return: 1283.0   Time: 0:34:55
[Debug] Reward mean: 0.6251, std: 10.6200
[Debug] Reward mean: 0.2535, std: 13.8862
[Debug] Reward mean: 0.2676, std: 14.6545
[Debug] Reward mean: 51.0411, std: 268.9640
Num steps: 1950000   Return: 1633.6   Time: 0:35:04
[Debug] Reward mean: 1879.7136, std: 937.7610
[Debug] Reward mean: 113.5513, std: 428.1141
[Debug] Reward mean: 0.1480, std: 8.1045
Num steps: 1960000   Return: 1449.7   Time: 0:35:12
[Debug] Reward mean: 0.2283, std: 12.5019
[Debug] Reward mean: 0.4206, std: 23.0378
[Debug] Reward mean: 0.3344, std: 18.3138
Num steps: 1970000   Return: 1265.7   Time: 0:35:21
[Debug] Reward mean: 6.6958, std: 41.2201
[Debug] Reward mean: 0.1724, std: 9.4404
[Debug] Reward mean: 0.1401, std: 6.3529
[Debug] Reward mean: 0.2938, std: 16.0936
Num steps: 1980000   Return: 1074.3   Time: 0:35:29
[Debug] Reward mean: 0.2800, std: 15.3365
[Debug] Reward mean: 0.4819, std: 23.2377
[Debug] Reward mean: 0.1154, std: 6.3194
Num steps: 1990000   Return: 1093.3   Time: 0:35:37
[Debug] Reward mean: 0.3520, std: 19.2773
[Debug] Reward mean: 0.2515, std: 13.7766
[Debug] Reward mean: 0.0605, std: 3.3138
Num steps: 2000000   Return: 1158.6   Time: 0:35:46
Models saved to logs/StickInsect-v5/airl/20250521-1412/model
