Logging started at 20250522-1650
NVIDIA RTX A6000
Process ID: 92498
Env: StickInsect-v5, experts/StickInsect_states_v3u1.pt, experts/StickInsect_actions_v3u1.pt, Seed: 0
Rollout length: 3000
Num steps: 2000000, Eval interval: 10000
Gamma: 0.995, Mix buffer: 1, Batch size: 64
lr_actor: 0.0001, lr_critic: 0.0001, lr_disc: 0.0001
Units Actor: (64, 64), Units Critic: (64, 64)
Units Disc: (100, 100)
Epoch ppo: 50, Epoch disc: 10
Clip Epsc: 0.2, Lambda: 0.97, Coef Ent: 0.05, Max Grad Norm: 10.0
Load data states: (2749, 47), actions: (2749, 18)
Expert data states: (2748, 47), actions: (2748, 18)
Expert buffer size: 2748
State shape: (47,), Action shape: (18,)
Input dimension: 65
Initial state shape: (47,)
Num steps: 10000    Return: 3007.1   Time: 0:00:22
Num steps: 20000    Return: 3144.6   Time: 0:00:43
Num steps: 30000    Return: 3057.5   Time: 0:01:06
Num steps: 40000    Return: 2896.6   Time: 0:01:27
Num steps: 50000    Return: 3058.2   Time: 0:01:49
Num steps: 60000    Return: 2957.2   Time: 0:02:12
Num steps: 70000    Return: 3091.3   Time: 0:02:33
Num steps: 80000    Return: 3097.8   Time: 0:02:55
Num steps: 90000    Return: 3022.2   Time: 0:03:17
Num steps: 100000   Return: 3090.1   Time: 0:03:39
Num steps: 110000   Return: 3040.9   Time: 0:04:01
Num steps: 120000   Return: 3314.1   Time: 0:04:23
Num steps: 130000   Return: 3179.4   Time: 0:04:44
Num steps: 140000   Return: 3121.9   Time: 0:05:06
Num steps: 150000   Return: 3012.5   Time: 0:05:29
Num steps: 160000   Return: 3053.9   Time: 0:05:51
Num steps: 170000   Return: 2828.5   Time: 0:06:13
Num steps: 180000   Return: 2963.0   Time: 0:06:37
Num steps: 190000   Return: 3174.7   Time: 0:06:59
Num steps: 200000   Return: 3315.3   Time: 0:07:21
Num steps: 210000   Return: 3242.5   Time: 0:07:44
Num steps: 220000   Return: 3088.8   Time: 0:08:06
Num steps: 230000   Return: 3241.8   Time: 0:08:28
Num steps: 240000   Return: 3345.6   Time: 0:08:51
Num steps: 250000   Return: 3059.1   Time: 0:09:13
Num steps: 260000   Return: 2971.4   Time: 0:09:35
Num steps: 270000   Return: 3003.1   Time: 0:09:58
Num steps: 280000   Return: 3081.4   Time: 0:10:20
Num steps: 290000   Return: 3133.3   Time: 0:10:42
Num steps: 300000   Return: 3149.4   Time: 0:11:05
Num steps: 310000   Return: 3084.0   Time: 0:11:27
Num steps: 320000   Return: 3194.0   Time: 0:11:51
Num steps: 330000   Return: 2978.0   Time: 0:12:13
Num steps: 340000   Return: 2987.5   Time: 0:12:37
Num steps: 350000   Return: 2909.5   Time: 0:13:00
Num steps: 360000   Return: 2998.7   Time: 0:13:22
Num steps: 370000   Return: 3314.3   Time: 0:13:44
Num steps: 380000   Return: 2962.8   Time: 0:14:07
Num steps: 390000   Return: 2978.6   Time: 0:14:29
Num steps: 400000   Return: 3252.0   Time: 0:14:51
Num steps: 410000   Return: 2846.9   Time: 0:15:14
Num steps: 420000   Return: 2934.9   Time: 0:15:37
Num steps: 430000   Return: 3318.5   Time: 0:15:58
Num steps: 440000   Return: 3164.9   Time: 0:16:20
Num steps: 450000   Return: 3226.7   Time: 0:16:43
Num steps: 460000   Return: 2949.5   Time: 0:17:05
Num steps: 470000   Return: 3373.7   Time: 0:17:26
Num steps: 480000   Return: 3056.9   Time: 0:17:49
Num steps: 490000   Return: 3176.4   Time: 0:18:12
Num steps: 500000   Return: 3290.0   Time: 0:18:34
Num steps: 510000   Return: 3266.2   Time: 0:18:57
Num steps: 520000   Return: 3044.8   Time: 0:19:20
Num steps: 530000   Return: 2923.6   Time: 0:19:42
Num steps: 540000   Return: 3097.9   Time: 0:20:04
Num steps: 550000   Return: 3436.8   Time: 0:20:26
Num steps: 560000   Return: 3056.1   Time: 0:20:48
Num steps: 570000   Return: 3158.0   Time: 0:21:10
Num steps: 580000   Return: 3085.1   Time: 0:21:32
Num steps: 590000   Return: 3262.7   Time: 0:21:53
Num steps: 600000   Return: 2983.8   Time: 0:22:16
Num steps: 610000   Return: 3098.1   Time: 0:22:37
Num steps: 620000   Return: 3201.7   Time: 0:22:58
Num steps: 630000   Return: 2972.1   Time: 0:23:21
Num steps: 640000   Return: 2893.9   Time: 0:23:42
Num steps: 650000   Return: 3306.3   Time: 0:24:04
Num steps: 660000   Return: 3018.7   Time: 0:24:25
Num steps: 670000   Return: 2941.9   Time: 0:24:47
Num steps: 680000   Return: 2921.9   Time: 0:25:10
Num steps: 690000   Return: 2926.6   Time: 0:25:32
Num steps: 700000   Return: 3011.7   Time: 0:25:53
Num steps: 710000   Return: 2985.6   Time: 0:26:14
Num steps: 720000   Return: 2970.0   Time: 0:26:38
Num steps: 730000   Return: 2902.4   Time: 0:27:01
Num steps: 740000   Return: 2987.5   Time: 0:27:22
Num steps: 750000   Return: 3243.3   Time: 0:27:44
Num steps: 760000   Return: 3052.3   Time: 0:28:06
Num steps: 770000   Return: 3533.9   Time: 0:28:27
Num steps: 780000   Return: 3084.8   Time: 0:28:50
Num steps: 790000   Return: 2483.1   Time: 0:29:10
Num steps: 800000   Return: 3010.5   Time: 0:29:32
Num steps: 810000   Return: 3132.0   Time: 0:29:54
Num steps: 820000   Return: 2903.9   Time: 0:30:15
Num steps: 830000   Return: 3250.3   Time: 0:30:36
Num steps: 840000   Return: 3450.6   Time: 0:30:59
Num steps: 850000   Return: 3017.0   Time: 0:31:20
Num steps: 860000   Return: 3029.4   Time: 0:31:42
Num steps: 870000   Return: 3023.7   Time: 0:32:04
Num steps: 880000   Return: 3187.0   Time: 0:32:26
Num steps: 890000   Return: 2979.8   Time: 0:32:47
Num steps: 900000   Return: 2798.8   Time: 0:33:09
Num steps: 910000   Return: 2937.9   Time: 0:33:31
Num steps: 920000   Return: 3024.3   Time: 0:33:54
Num steps: 930000   Return: 2886.6   Time: 0:34:16
Num steps: 940000   Return: 3054.7   Time: 0:34:37
Num steps: 950000   Return: 3078.0   Time: 0:34:59
Num steps: 960000   Return: 3012.4   Time: 0:35:21
Num steps: 970000   Return: 3155.2   Time: 0:35:43
Num steps: 980000   Return: 2938.1   Time: 0:36:06
Num steps: 990000   Return: 3167.2   Time: 0:36:28
Num steps: 1000000   Return: 3038.9   Time: 0:36:49
Num steps: 1010000   Return: 3486.6   Time: 0:37:11
Num steps: 1020000   Return: 3248.2   Time: 0:37:33
Num steps: 1030000   Return: 3132.4   Time: 0:37:56
Num steps: 1040000   Return: 3304.0   Time: 0:38:17
Num steps: 1050000   Return: 2990.7   Time: 0:38:39
Num steps: 1060000   Return: 3011.4   Time: 0:39:01
Num steps: 1070000   Return: 3027.3   Time: 0:39:22
Num steps: 1080000   Return: 2889.6   Time: 0:39:45
Num steps: 1090000   Return: 3336.9   Time: 0:40:08
Num steps: 1100000   Return: 3153.7   Time: 0:40:30
Num steps: 1110000   Return: 3396.4   Time: 0:40:52
Num steps: 1120000   Return: 2938.6   Time: 0:41:14
Num steps: 1130000   Return: 3213.4   Time: 0:41:35
Num steps: 1140000   Return: 3178.2   Time: 0:41:58
Num steps: 1150000   Return: 3202.5   Time: 0:42:19
Num steps: 1160000   Return: 3084.4   Time: 0:42:41
Num steps: 1170000   Return: 3169.2   Time: 0:43:03
Num steps: 1180000   Return: 3001.8   Time: 0:43:25
Num steps: 1190000   Return: 2929.0   Time: 0:43:47
Num steps: 1200000   Return: 3056.7   Time: 0:44:09
Num steps: 1210000   Return: 2887.7   Time: 0:44:31
Num steps: 1220000   Return: 3050.5   Time: 0:44:53
Num steps: 1230000   Return: 2994.8   Time: 0:45:15
Num steps: 1240000   Return: 3138.0   Time: 0:45:37
Num steps: 1250000   Return: 2953.9   Time: 0:45:59
Num steps: 1260000   Return: 3081.9   Time: 0:46:21
Num steps: 1270000   Return: 3184.2   Time: 0:46:43
Num steps: 1280000   Return: 3178.0   Time: 0:47:05
Num steps: 1290000   Return: 3208.7   Time: 0:47:27
Num steps: 1300000   Return: 2994.3   Time: 0:47:48
Num steps: 1310000   Return: 2875.3   Time: 0:48:10
Num steps: 1320000   Return: 3244.1   Time: 0:48:32
Num steps: 1330000   Return: 2878.0   Time: 0:48:54
Num steps: 1340000   Return: 2942.9   Time: 0:49:16
Num steps: 1350000   Return: 2927.6   Time: 0:49:38
Num steps: 1360000   Return: 2925.7   Time: 0:50:00
Num steps: 1370000   Return: 3058.2   Time: 0:50:22
Num steps: 1380000   Return: 3212.5   Time: 0:50:44
Num steps: 1390000   Return: 2977.1   Time: 0:51:05
Num steps: 1400000   Return: 3254.3   Time: 0:51:27
Num steps: 1410000   Return: 3178.7   Time: 0:51:49
Num steps: 1420000   Return: 3111.7   Time: 0:52:11
Num steps: 1430000   Return: 2968.1   Time: 0:52:33
Num steps: 1440000   Return: 3182.4   Time: 0:52:55
Num steps: 1450000   Return: 2888.5   Time: 0:53:16
Num steps: 1460000   Return: 2957.8   Time: 0:53:38
Num steps: 1470000   Return: 2903.5   Time: 0:54:00
Num steps: 1480000   Return: 3281.3   Time: 0:54:22
Num steps: 1490000   Return: 3060.0   Time: 0:54:44
Num steps: 1500000   Return: 3191.5   Time: 0:55:06
Num steps: 1510000   Return: 3178.5   Time: 0:55:27
Num steps: 1520000   Return: 2975.5   Time: 0:55:49
Num steps: 1530000   Return: 3012.2   Time: 0:56:11
Num steps: 1540000   Return: 2934.5   Time: 0:56:33
Num steps: 1550000   Return: 2996.3   Time: 0:56:54
Num steps: 1560000   Return: 3195.6   Time: 0:57:16
Num steps: 1570000   Return: 3024.7   Time: 0:57:38
Num steps: 1580000   Return: 2852.1   Time: 0:57:59
Num steps: 1590000   Return: 3219.7   Time: 0:58:22
Num steps: 1600000   Return: 3354.6   Time: 0:58:43
Num steps: 1610000   Return: 3029.4   Time: 0:59:05
Num steps: 1620000   Return: 2993.8   Time: 0:59:27
Num steps: 1630000   Return: 3112.7   Time: 0:59:48
Num steps: 1640000   Return: 2910.5   Time: 1:00:09
Num steps: 1650000   Return: 3370.4   Time: 1:00:31
Num steps: 1660000   Return: 2885.4   Time: 1:00:53
Num steps: 1670000   Return: 3192.7   Time: 1:01:14
Num steps: 1680000   Return: 3267.9   Time: 1:01:36
Num steps: 1690000   Return: 2591.6   Time: 1:01:56
Num steps: 1700000   Return: 3044.3   Time: 1:02:17
Num steps: 1710000   Return: 3120.0   Time: 1:02:39
Num steps: 1720000   Return: 3213.3   Time: 1:03:00
Num steps: 1730000   Return: 3107.7   Time: 1:03:22
Num steps: 1740000   Return: 2882.8   Time: 1:03:44
Num steps: 1750000   Return: 3102.9   Time: 1:04:05
Num steps: 1760000   Return: 3247.7   Time: 1:04:28
Num steps: 1770000   Return: 3132.8   Time: 1:04:51
Num steps: 1780000   Return: 3226.4   Time: 1:05:12
Num steps: 1790000   Return: 2895.3   Time: 1:05:34
Num steps: 1800000   Return: 2871.4   Time: 1:05:57
Num steps: 1810000   Return: 2847.5   Time: 1:06:19
Num steps: 1820000   Return: 2927.3   Time: 1:06:41
Num steps: 1830000   Return: 3077.0   Time: 1:07:04
Num steps: 1840000   Return: 2985.3   Time: 1:07:25
Num steps: 1850000   Return: 3034.2   Time: 1:07:47
Num steps: 1860000   Return: 3191.5   Time: 1:08:10
Num steps: 1870000   Return: 2941.7   Time: 1:08:32
Num steps: 1880000   Return: 3114.4   Time: 1:08:54
Num steps: 1890000   Return: 3613.0   Time: 1:09:16
Num steps: 1900000   Return: 3064.7   Time: 1:09:38
Num steps: 1910000   Return: 3073.3   Time: 1:10:01
Num steps: 1920000   Return: 2931.3   Time: 1:10:26
Num steps: 1930000   Return: 3016.1   Time: 1:10:48
Num steps: 1940000   Return: 2967.0   Time: 1:11:10
Num steps: 1950000   Return: 2999.8   Time: 1:11:32
Num steps: 1960000   Return: 2959.6   Time: 1:11:53
Num steps: 1970000   Return: 3192.8   Time: 1:12:09
Num steps: 1980000   Return: 2926.7   Time: 1:12:24
Num steps: 1990000   Return: 3205.1   Time: 1:12:40
Num steps: 2000000   Return: 2965.4   Time: 1:12:55
Models saved to logs/StickInsect-v5/gail/20250522-1650/model
