Logging started at 20250516-1750
NVIDIA RTX A6000
Process ID: 3195465
Env: StickInsect-v5, experts/StickInsect_states_v2.pt, experts/StickInsect_actions_v2.pt, Seed: 0
Rollout length: 3000
Num steps: 2000000, Eval interval: 10000
Gamma: 0.995, Mix buffer: 1, Batch size: 64
lr_actor: 5e-05, lr_critic: 5e-05, lr_disc: 5e-05
Units Actor: (64, 64), Units Critic: (64, 64)
Units Disc R: (100, 100), Units Disc V: (100, 100)
Epoch ppo: 50, Epoch disc: 10
Clip Epsc: 0.2, Lambda: 0.97, Coef Ent: 0.01, Max Grad Norm: 10.0
Load data states: (2749, 49), actions: (2749, 18)
Expert data states: (2748, 49), actions: (2748, 18)
Expert buffer size: 2748
Initial state shape: (49,)
[Debug] Reward mean: 11.5652, std: 1.2592
[Debug] Reward mean: 11.7062, std: 1.1071
[Debug] Reward mean: 11.7753, std: 1.0318
Num steps: 10000    Return: 2947.2   Time: 0:00:15
[Debug] Reward mean: 11.8081, std: 0.9818
[Debug] Reward mean: 11.7888, std: 0.9471
[Debug] Reward mean: 11.7593, std: 0.9383
Num steps: 20000    Return: 2885.8   Time: 0:00:31
[Debug] Reward mean: 11.6696, std: 0.9435
[Debug] Reward mean: 11.6066, std: 0.9254
[Debug] Reward mean: 11.6205, std: 0.9267
[Debug] Reward mean: 11.6765, std: 0.8775
Num steps: 30000    Return: 2833.8   Time: 0:00:47
[Debug] Reward mean: 11.6613, std: 0.8640
[Debug] Reward mean: 11.6113, std: 0.8557
[Debug] Reward mean: 11.3646, std: 0.8893
Num steps: 40000    Return: 3088.3   Time: 0:01:08
[Debug] Reward mean: 11.4984, std: 0.8594
[Debug] Reward mean: 11.3610, std: 0.8499
[Debug] Reward mean: 11.4847, std: 0.8264
Num steps: 50000    Return: 2844.1   Time: 0:01:30
[Debug] Reward mean: 11.3923, std: 0.8127
[Debug] Reward mean: 11.3411, std: 0.8078
[Debug] Reward mean: 11.3328, std: 0.8092
[Debug] Reward mean: 11.1835, std: 0.7987
Num steps: 60000    Return: 2910.3   Time: 0:01:53
[Debug] Reward mean: 11.1093, std: 0.7918
[Debug] Reward mean: 11.0377, std: 0.7784
[Debug] Reward mean: 10.9505, std: 0.7696
Num steps: 70000    Return: 2982.9   Time: 0:02:15
[Debug] Reward mean: 10.7952, std: 0.7956
[Debug] Reward mean: 10.6793, std: 0.7923
[Debug] Reward mean: 10.7096, std: 0.7755
Num steps: 80000    Return: 2927.3   Time: 0:02:36
[Debug] Reward mean: 10.6574, std: 0.7617
[Debug] Reward mean: 10.4629, std: 0.7804
[Debug] Reward mean: 10.3674, std: 0.7646
[Debug] Reward mean: 10.1391, std: 0.7901
Num steps: 90000    Return: 3499.0   Time: 0:02:59
[Debug] Reward mean: 10.1595, std: 0.7670
[Debug] Reward mean: 9.9299, std: 0.7422
[Debug] Reward mean: 9.7470, std: 0.8035
Num steps: 100000   Return: 2964.5   Time: 0:03:21
[Debug] Reward mean: 9.6328, std: 0.7754
[Debug] Reward mean: 9.9771, std: 0.7663
[Debug] Reward mean: 9.0148, std: 0.8698
Num steps: 110000   Return: 2566.0   Time: 0:03:41
[Debug] Reward mean: 9.2784, std: 0.7759
[Debug] Reward mean: 8.9464, std: 0.7654
[Debug] Reward mean: 8.7491, std: 0.7876
[Debug] Reward mean: 8.5337, std: 0.7666
Num steps: 120000   Return: 3150.0   Time: 0:04:03
[Debug] Reward mean: 8.1986, std: 0.8660
[Debug] Reward mean: 7.9291, std: 0.8681
[Debug] Reward mean: 7.9554, std: 0.7998
Num steps: 130000   Return: 2941.1   Time: 0:04:24
[Debug] Reward mean: 8.2718, std: 0.8385
[Debug] Reward mean: 7.8791, std: 0.9119
[Debug] Reward mean: 7.3661, std: 0.9780
Num steps: 140000   Return: 3144.1   Time: 0:04:46
[Debug] Reward mean: 7.2830, std: 0.7845
[Debug] Reward mean: 6.8109, std: 0.8512
[Debug] Reward mean: 7.2170, std: 0.8343
[Debug] Reward mean: 5.8913, std: 1.0850
Num steps: 150000   Return: 3135.3   Time: 0:05:08
[Debug] Reward mean: 5.7057, std: 1.1632
[Debug] Reward mean: 4.4322, std: 1.1572
[Debug] Reward mean: 5.5286, std: 0.9437
Num steps: 160000   Return: 3485.8   Time: 0:05:30
[Debug] Reward mean: 4.4491, std: 1.1591
[Debug] Reward mean: 4.4509, std: 1.0361
[Debug] Reward mean: 4.8151, std: 0.9550
Num steps: 170000   Return: 2976.8   Time: 0:05:51
[Debug] Reward mean: 3.3361, std: 1.0848
[Debug] Reward mean: 3.9639, std: 1.2299
[Debug] Reward mean: 3.2110, std: 1.1172
[Debug] Reward mean: 2.4178, std: 1.3532
Num steps: 180000   Return: 3576.9   Time: 0:06:14
[Debug] Reward mean: 3.6272, std: 1.0804
[Debug] Reward mean: 1.5916, std: 1.1329
[Debug] Reward mean: 2.2886, std: 1.0359
Num steps: 190000   Return: 3319.5   Time: 0:06:35
[Debug] Reward mean: 2.6059, std: 1.4528
[Debug] Reward mean: 2.8219, std: 1.0920
[Debug] Reward mean: 0.6531, std: 0.8804
Num steps: 200000   Return: 2840.7   Time: 0:06:57
[Debug] Reward mean: 1.7662, std: 1.0892
[Debug] Reward mean: 1.3981, std: 1.1409
[Debug] Reward mean: 1.3499, std: 0.9181
[Debug] Reward mean: 0.2630, std: 0.4762
Num steps: 210000   Return: 2976.0   Time: 0:07:20
[Debug] Reward mean: 0.6350, std: 0.7673
[Debug] Reward mean: 1.2591, std: 0.8740
[Debug] Reward mean: 0.2458, std: 0.4292
Num steps: 220000   Return: 3106.9   Time: 0:07:42
[Debug] Reward mean: 0.7600, std: 0.7175
[Debug] Reward mean: 0.3612, std: 0.4084
[Debug] Reward mean: 0.4101, std: 0.4669
Num steps: 230000   Return: 2943.1   Time: 0:08:04
[Debug] Reward mean: 0.3172, std: 0.4509
[Debug] Reward mean: 0.1002, std: 0.2016
[Debug] Reward mean: 0.2971, std: 0.5304
[Debug] Reward mean: 0.1765, std: 0.3196
Num steps: 240000   Return: 2965.1   Time: 0:08:26
[Debug] Reward mean: 0.1982, std: 0.2726
[Debug] Reward mean: 0.1352, std: 0.2477
[Debug] Reward mean: 0.4733, std: 0.5696
Num steps: 250000   Return: 2866.6   Time: 0:08:47
[Debug] Reward mean: 0.1260, std: 0.2492
[Debug] Reward mean: 0.5990, std: 0.6152
[Debug] Reward mean: 0.0588, std: 0.1642
Num steps: 260000   Return: 2954.5   Time: 0:09:09
[Debug] Reward mean: 0.1015, std: 0.1941
[Debug] Reward mean: 0.0888, std: 0.2693
[Debug] Reward mean: 0.0245, std: 0.0940
[Debug] Reward mean: 0.0203, std: 0.0839
Num steps: 270000   Return: 3040.2   Time: 0:09:31
[Debug] Reward mean: 0.0241, std: 0.1150
[Debug] Reward mean: 0.0327, std: 0.1142
[Debug] Reward mean: 0.0133, std: 0.0840
Num steps: 280000   Return: 2900.7   Time: 0:09:53
[Debug] Reward mean: 0.0096, std: 0.1011
[Debug] Reward mean: 0.0469, std: 0.1264
[Debug] Reward mean: 0.0144, std: 0.0821
Num steps: 290000   Return: 3716.3   Time: 0:10:15
[Debug] Reward mean: 0.0110, std: 0.0710
[Debug] Reward mean: 0.0150, std: 0.1030
[Debug] Reward mean: 0.0368, std: 0.1201
[Debug] Reward mean: 0.0145, std: 0.0880
Num steps: 300000   Return: 3047.8   Time: 0:10:37
[Debug] Reward mean: 0.0435, std: 0.1463
[Debug] Reward mean: 0.0086, std: 0.0701
[Debug] Reward mean: 0.0034, std: 0.0440
Num steps: 310000   Return: 2997.4   Time: 0:10:59
[Debug] Reward mean: 0.0066, std: 0.0613
[Debug] Reward mean: 0.0321, std: 0.1629
[Debug] Reward mean: 0.0020, std: 0.0264
Num steps: 320000   Return: 2913.7   Time: 0:11:20
[Debug] Reward mean: 0.0013, std: 0.0622
[Debug] Reward mean: 0.0006, std: 0.0137
[Debug] Reward mean: 0.0006, std: 0.0199
[Debug] Reward mean: 0.0008, std: 0.0076
Num steps: 330000   Return: 3200.4   Time: 0:11:42
[Debug] Reward mean: 0.0000, std: 0.0007
[Debug] Reward mean: 0.0000, std: 0.0006
[Debug] Reward mean: 0.0001, std: 0.0031
Num steps: 340000   Return: 2934.8   Time: 0:12:03
[Debug] Reward mean: 0.0000, std: 0.0010
[Debug] Reward mean: 0.0000, std: 0.0002
[Debug] Reward mean: 0.0000, std: 0.0004
Num steps: 350000   Return: 2886.8   Time: 0:12:24
[Debug] Reward mean: 0.0000, std: 0.0001
[Debug] Reward mean: 0.0000, std: 0.0000
[Debug] Reward mean: 0.0000, std: 0.0001
[Debug] Reward mean: 0.0000, std: 0.0000
Num steps: 360000   Return: 3117.9   Time: 0:12:47
[Debug] Reward mean: 0.0000, std: 0.0000
[Debug] Reward mean: 0.0000, std: 0.0000
[Debug] Reward mean: 0.0000, std: 0.0000
Num steps: 370000   Return: 2770.0   Time: 0:13:08
[Debug] Reward mean: 0.0000, std: 0.0000
[Debug] Reward mean: 0.0000, std: 0.0000
[Debug] Reward mean: 0.0000, std: 0.0000
Num steps: 380000   Return: 3074.6   Time: 0:13:29
[Debug] Reward mean: 0.0000, std: 0.0000
[Debug] Reward mean: 0.0000, std: 0.0000
[Debug] Reward mean: 0.0000, std: 0.0000
[Debug] Reward mean: 0.0000, std: 0.0000
Num steps: 390000   Return: 2357.9   Time: 0:13:50
[Debug] Reward mean: 0.0000, std: 0.0000
[Debug] Reward mean: 0.0000, std: 0.0000
[Debug] Reward mean: 0.0000, std: 0.0000
Num steps: 400000   Return: 2981.3   Time: 0:14:11
[Debug] Reward mean: 0.0000, std: 0.0000
[Debug] Reward mean: 0.0000, std: 0.0000
[Debug] Reward mean: 0.0000, std: 0.0000
Num steps: 410000   Return: 3059.5   Time: 0:14:33
[Debug] Reward mean: 0.0000, std: 0.0000
[Debug] Reward mean: 0.0000, std: 0.0000
[Debug] Reward mean: 0.0000, std: 0.0000
[Debug] Reward mean: 0.0000, std: 0.0000
Num steps: 420000   Return: 2755.6   Time: 0:14:55
[Debug] Reward mean: 0.0000, std: 0.0000
[Debug] Reward mean: 0.0000, std: 0.0000
[Debug] Reward mean: 0.0000, std: 0.0000
Num steps: 430000   Return: 2986.6   Time: 0:15:17
[Debug] Reward mean: 0.0000, std: 0.0000
[Debug] Reward mean: 0.0000, std: 0.0000
[Debug] Reward mean: 0.0000, std: 0.0000
Num steps: 440000   Return: 2503.0   Time: 0:15:37
[Debug] Reward mean: 0.0000, std: 0.0000
[Debug] Reward mean: 0.0000, std: 0.0000
[Debug] Reward mean: 0.0000, std: 0.0000
[Debug] Reward mean: 0.0000, std: 0.0000
Num steps: 450000   Return: 3161.5   Time: 0:15:59
[Debug] Reward mean: 0.0000, std: 0.0000
[Debug] Reward mean: 0.0000, std: 0.0000
[Debug] Reward mean: 0.0000, std: 0.0000
Num steps: 460000   Return: 3818.5   Time: 0:16:21
[Debug] Reward mean: 0.0000, std: 0.0000
[Debug] Reward mean: 0.0000, std: 0.0000
[Debug] Reward mean: 0.0000, std: 0.0000
Num steps: 470000   Return: 2472.3   Time: 0:16:41
[Debug] Reward mean: 0.0000, std: 0.0000
[Debug] Reward mean: 0.0000, std: 0.0000
[Debug] Reward mean: 0.0000, std: 0.0000
[Debug] Reward mean: 0.0000, std: 0.0000
Num steps: 480000   Return: 2996.0   Time: 0:17:04
[Debug] Reward mean: 0.0000, std: 0.0000
[Debug] Reward mean: 0.0000, std: 0.0000
[Debug] Reward mean: 0.0000, std: 0.0000
Num steps: 490000   Return: 3183.1   Time: 0:17:26
[Debug] Reward mean: 0.0000, std: 0.0000
[Debug] Reward mean: 0.0000, std: 0.0000
[Debug] Reward mean: 0.0000, std: 0.0000
Num steps: 500000   Return: 2959.7   Time: 0:17:47
[Debug] Reward mean: 0.0000, std: 0.0000
[Debug] Reward mean: 0.0000, std: 0.0000
[Debug] Reward mean: 0.0000, std: 0.0000
[Debug] Reward mean: 0.0000, std: 0.0000
Num steps: 510000   Return: 3156.7   Time: 0:18:10
[Debug] Reward mean: 0.0000, std: 0.0000
[Debug] Reward mean: 0.0000, std: 0.0000
[Debug] Reward mean: 0.0000, std: 0.0000
Num steps: 520000   Return: 3406.6   Time: 0:18:32
[Debug] Reward mean: 0.0000, std: 0.0000
[Debug] Reward mean: 0.0000, std: 0.0000
[Debug] Reward mean: 0.0000, std: 0.0000
Num steps: 530000   Return: 3599.0   Time: 0:18:53
[Debug] Reward mean: 0.0000, std: 0.0000
[Debug] Reward mean: 0.0000, std: 0.0000
[Debug] Reward mean: 0.0000, std: 0.0000
[Debug] Reward mean: 0.0000, std: 0.0000
Num steps: 540000   Return: 3145.2   Time: 0:19:16
[Debug] Reward mean: 0.0000, std: 0.0000
[Debug] Reward mean: 0.0000, std: 0.0000
[Debug] Reward mean: 0.0000, std: 0.0000
Num steps: 550000   Return: 2635.7   Time: 0:19:36
[Debug] Reward mean: 0.0000, std: 0.0000
[Debug] Reward mean: 0.0000, std: 0.0000
[Debug] Reward mean: 0.0000, std: 0.0000
Num steps: 560000   Return: 3014.6   Time: 0:19:58
[Debug] Reward mean: 0.0000, std: 0.0000
[Debug] Reward mean: 0.0000, std: 0.0000
[Debug] Reward mean: 0.0000, std: 0.0000
[Debug] Reward mean: 0.0000, std: 0.0000
Num steps: 570000   Return: 2939.4   Time: 0:20:21
[Debug] Reward mean: 0.0000, std: 0.0000
[Debug] Reward mean: 0.0000, std: 0.0000
[Debug] Reward mean: 0.0000, std: 0.0000
Num steps: 580000   Return: 3246.1   Time: 0:20:42
[Debug] Reward mean: 0.0000, std: 0.0000
[Debug] Reward mean: 0.0000, std: 0.0000
[Debug] Reward mean: 0.0000, std: 0.0000
Num steps: 590000   Return: 2917.9   Time: 0:21:04
[Debug] Reward mean: 0.0000, std: 0.0000
[Debug] Reward mean: 0.0000, std: 0.0000
[Debug] Reward mean: 0.0000, std: 0.0000
[Debug] Reward mean: 0.0000, std: 0.0000
Num steps: 600000   Return: 2916.6   Time: 0:21:27
[Debug] Reward mean: 0.0000, std: 0.0000
[Debug] Reward mean: 0.0000, std: 0.0000
[Debug] Reward mean: 0.0000, std: 0.0000
Num steps: 610000   Return: 3003.5   Time: 0:21:48
[Debug] Reward mean: 0.0000, std: 0.0000
[Debug] Reward mean: 0.0000, std: 0.0000
[Debug] Reward mean: 0.0000, std: 0.0000
Num steps: 620000   Return: 3002.8   Time: 0:22:10
[Debug] Reward mean: 0.0000, std: 0.0000
[Debug] Reward mean: 0.0000, std: 0.0000
[Debug] Reward mean: 0.0000, std: 0.0000
[Debug] Reward mean: 0.0000, std: 0.0000
Num steps: 630000   Return: 2933.9   Time: 0:22:32
[Debug] Reward mean: 0.0000, std: 0.0000
[Debug] Reward mean: 0.0000, std: 0.0000
[Debug] Reward mean: 0.0000, std: 0.0000
Num steps: 640000   Return: 2882.5   Time: 0:22:54
[Debug] Reward mean: 0.0000, std: 0.0000
[Debug] Reward mean: 0.0000, std: 0.0000
[Debug] Reward mean: 0.0000, std: 0.0000
Num steps: 650000   Return: 2891.4   Time: 0:23:16
[Debug] Reward mean: 0.0000, std: 0.0000
[Debug] Reward mean: 0.0000, std: 0.0000
[Debug] Reward mean: 0.0000, std: 0.0000
[Debug] Reward mean: 0.0000, std: 0.0000
Num steps: 660000   Return: 3166.9   Time: 0:23:38
[Debug] Reward mean: 0.0000, std: 0.0000
[Debug] Reward mean: 0.0000, std: 0.0000
[Debug] Reward mean: 0.0000, std: 0.0000
Num steps: 670000   Return: 3170.7   Time: 0:23:59
[Debug] Reward mean: 0.0000, std: 0.0000
[Debug] Reward mean: 0.0000, std: 0.0000
[Debug] Reward mean: 0.0000, std: 0.0000
Num steps: 680000   Return: 2984.3   Time: 0:24:21
[Debug] Reward mean: 0.0000, std: 0.0000
[Debug] Reward mean: 0.0000, std: 0.0000
[Debug] Reward mean: 0.0000, std: 0.0000
[Debug] Reward mean: 0.0000, std: 0.0000
Num steps: 690000   Return: 3539.5   Time: 0:24:43
[Debug] Reward mean: 0.0000, std: 0.0000
[Debug] Reward mean: 0.0000, std: 0.0000
[Debug] Reward mean: 0.0000, std: 0.0000
Num steps: 700000   Return: 3041.2   Time: 0:25:05
[Debug] Reward mean: 0.0000, std: 0.0000
[Debug] Reward mean: 0.0000, std: 0.0000
[Debug] Reward mean: 0.0000, std: 0.0000
Num steps: 710000   Return: 3151.3   Time: 0:25:28
[Debug] Reward mean: 0.0000, std: 0.0000
[Debug] Reward mean: 0.0000, std: 0.0000
[Debug] Reward mean: 0.0000, std: 0.0000
[Debug] Reward mean: 0.0000, std: 0.0000
Num steps: 720000   Return: 3077.0   Time: 0:25:54
[Debug] Reward mean: 0.0000, std: 0.0000
[Debug] Reward mean: 0.0000, std: 0.0000
[Debug] Reward mean: 0.0000, std: 0.0000
Num steps: 730000   Return: 3252.1   Time: 0:26:16
[Debug] Reward mean: 0.0000, std: 0.0000
[Debug] Reward mean: 0.0000, std: 0.0000
[Debug] Reward mean: 0.0000, std: 0.0000
Num steps: 740000   Return: 3065.3   Time: 0:26:37
[Debug] Reward mean: 0.0000, std: 0.0000
[Debug] Reward mean: 0.0000, std: 0.0000
[Debug] Reward mean: 0.0000, std: 0.0000
[Debug] Reward mean: 0.0000, std: 0.0000
Num steps: 750000   Return: 3134.2   Time: 0:27:00
[Debug] Reward mean: 0.0000, std: 0.0000
[Debug] Reward mean: 0.0000, std: 0.0000
[Debug] Reward mean: 0.0000, std: 0.0000
Num steps: 760000   Return: 3346.4   Time: 0:27:22
[Debug] Reward mean: 0.0000, std: 0.0000
[Debug] Reward mean: 0.0000, std: 0.0000
[Debug] Reward mean: 0.0000, std: 0.0000
Num steps: 770000   Return: 3168.7   Time: 0:27:44
[Debug] Reward mean: 0.0000, std: 0.0000
[Debug] Reward mean: 0.0000, std: 0.0000
[Debug] Reward mean: 0.0000, std: 0.0000
[Debug] Reward mean: 0.0000, std: 0.0000
Num steps: 780000   Return: 3271.6   Time: 0:28:07
[Debug] Reward mean: 0.0000, std: 0.0000
[Debug] Reward mean: 0.0000, std: 0.0000
[Debug] Reward mean: 0.0000, std: 0.0000
Num steps: 790000   Return: 2884.5   Time: 0:28:30
[Debug] Reward mean: 0.0000, std: 0.0000
[Debug] Reward mean: 0.0000, std: 0.0000
[Debug] Reward mean: 0.0000, std: 0.0000
Num steps: 800000   Return: 2952.9   Time: 0:28:52
[Debug] Reward mean: 0.0000, std: 0.0000
[Debug] Reward mean: 0.0000, std: 0.0000
[Debug] Reward mean: 0.0000, std: 0.0000
[Debug] Reward mean: 0.0000, std: 0.0000
Num steps: 810000   Return: 2929.3   Time: 0:29:15
[Debug] Reward mean: 0.0000, std: 0.0000
[Debug] Reward mean: 0.0000, std: 0.0000
[Debug] Reward mean: 0.0000, std: 0.0000
Num steps: 820000   Return: 3113.0   Time: 0:29:37
[Debug] Reward mean: 0.0000, std: 0.0000
[Debug] Reward mean: 0.0000, std: 0.0000
[Debug] Reward mean: 0.0000, std: 0.0000
Num steps: 830000   Return: 3062.7   Time: 0:29:59
[Debug] Reward mean: 0.0000, std: 0.0000
[Debug] Reward mean: 0.0000, std: 0.0000
[Debug] Reward mean: 0.0000, std: 0.0000
[Debug] Reward mean: 0.0000, std: 0.0000
Num steps: 840000   Return: 2863.6   Time: 0:30:21
[Debug] Reward mean: 0.0000, std: 0.0000
[Debug] Reward mean: 0.0000, std: 0.0000
[Debug] Reward mean: 0.0000, std: 0.0000
Num steps: 850000   Return: 3091.3   Time: 0:30:43
[Debug] Reward mean: 0.0000, std: 0.0000
[Debug] Reward mean: 0.0000, std: 0.0000
[Debug] Reward mean: 0.0000, std: 0.0000
Num steps: 860000   Return: 3479.9   Time: 0:31:05
[Debug] Reward mean: 0.0000, std: 0.0000
[Debug] Reward mean: 0.0000, std: 0.0000
[Debug] Reward mean: 0.0000, std: 0.0000
[Debug] Reward mean: 0.0000, std: 0.0000
Num steps: 870000   Return: 2997.7   Time: 0:31:28
[Debug] Reward mean: 0.0000, std: 0.0000
[Debug] Reward mean: 0.0000, std: 0.0000
[Debug] Reward mean: 0.0000, std: 0.0000
Num steps: 880000   Return: 2949.4   Time: 0:31:49
[Debug] Reward mean: 0.0000, std: 0.0000
[Debug] Reward mean: 0.0000, std: 0.0000
[Debug] Reward mean: 0.0000, std: 0.0000
Num steps: 890000   Return: 3373.3   Time: 0:32:11
[Debug] Reward mean: 0.0000, std: 0.0000
[Debug] Reward mean: 0.0000, std: 0.0000
[Debug] Reward mean: 0.0000, std: 0.0000
[Debug] Reward mean: 0.0000, std: 0.0000
Num steps: 900000   Return: 3087.5   Time: 0:32:33
[Debug] Reward mean: 0.0000, std: 0.0000
[Debug] Reward mean: 0.0000, std: 0.0000
[Debug] Reward mean: 0.0000, std: 0.0000
Num steps: 910000   Return: 3233.7   Time: 0:32:55
[Debug] Reward mean: 0.0000, std: 0.0000
[Debug] Reward mean: 0.0000, std: 0.0000
[Debug] Reward mean: 0.0000, std: 0.0000
Num steps: 920000   Return: 3282.8   Time: 0:33:16
[Debug] Reward mean: 0.0000, std: 0.0000
[Debug] Reward mean: 0.0000, std: 0.0000
[Debug] Reward mean: 0.0000, std: 0.0000
[Debug] Reward mean: 0.0000, std: 0.0000
Num steps: 930000   Return: 3381.8   Time: 0:33:39
[Debug] Reward mean: 0.0000, std: 0.0000
[Debug] Reward mean: 0.0000, std: 0.0000
[Debug] Reward mean: 0.0000, std: 0.0000
Num steps: 940000   Return: 3057.7   Time: 0:34:00
[Debug] Reward mean: 0.0000, std: 0.0000
[Debug] Reward mean: 0.0000, std: 0.0000
[Debug] Reward mean: 0.0000, std: 0.0000
Num steps: 950000   Return: 2486.4   Time: 0:34:20
[Debug] Reward mean: 0.0000, std: 0.0000
[Debug] Reward mean: 0.0008, std: 0.0419
[Debug] Reward mean: 0.0000, std: 0.0000
[Debug] Reward mean: 0.0000, std: 0.0000
Num steps: 960000   Return: 3262.7   Time: 0:34:42
[Debug] Reward mean: 0.0000, std: 0.0000
[Debug] Reward mean: 0.0000, std: 0.0000
[Debug] Reward mean: 0.0000, std: 0.0000
Num steps: 970000   Return: 3026.0   Time: 0:35:04
[Debug] Reward mean: 0.0000, std: 0.0000
[Debug] Reward mean: 0.0000, std: 0.0000
[Debug] Reward mean: 0.0000, std: 0.0000
Num steps: 980000   Return: 2554.8   Time: 0:35:24
[Debug] Reward mean: 0.0000, std: 0.0000
[Debug] Reward mean: 0.0000, std: 0.0000
[Debug] Reward mean: 0.0000, std: 0.0000
[Debug] Reward mean: 0.0000, std: 0.0000
Num steps: 990000   Return: 2931.9   Time: 0:35:46
[Debug] Reward mean: 0.0000, std: 0.0000
[Debug] Reward mean: 0.0000, std: 0.0000
[Debug] Reward mean: 0.0000, std: 0.0000
Num steps: 1000000   Return: 2656.5   Time: 0:36:06
[Debug] Reward mean: 0.0000, std: 0.0000
[Debug] Reward mean: 0.0000, std: 0.0000
[Debug] Reward mean: 0.0000, std: 0.0000
Num steps: 1010000   Return: 3016.3   Time: 0:36:28
[Debug] Reward mean: 0.0000, std: 0.0000
[Debug] Reward mean: 0.0000, std: 0.0000
[Debug] Reward mean: 0.0000, std: 0.0000
[Debug] Reward mean: 0.0000, std: 0.0000
Num steps: 1020000   Return: 2842.2   Time: 0:36:50
[Debug] Reward mean: 0.0000, std: 0.0000
[Debug] Reward mean: 0.0000, std: 0.0000
[Debug] Reward mean: 0.0000, std: 0.0000
Num steps: 1030000   Return: 2809.8   Time: 0:37:10
[Debug] Reward mean: 0.0000, std: 0.0000
[Debug] Reward mean: 0.0000, std: 0.0000
[Debug] Reward mean: 0.0000, std: 0.0000
Num steps: 1040000   Return: 3124.9   Time: 0:37:32
[Debug] Reward mean: 0.0000, std: 0.0000
[Debug] Reward mean: 0.0000, std: 0.0000
[Debug] Reward mean: 0.0000, std: 0.0000
[Debug] Reward mean: 0.0000, std: 0.0000
Num steps: 1050000   Return: 2972.4   Time: 0:37:54
[Debug] Reward mean: 0.0000, std: 0.0000
[Debug] Reward mean: 0.0000, std: 0.0000
[Debug] Reward mean: 0.0000, std: 0.0000
Num steps: 1060000   Return: 3106.4   Time: 0:38:16
[Debug] Reward mean: 0.0000, std: 0.0000
[Debug] Reward mean: 0.0000, std: 0.0000
[Debug] Reward mean: 0.0000, std: 0.0000
Num steps: 1070000   Return: 3007.9   Time: 0:38:38
[Debug] Reward mean: 0.0000, std: 0.0000
[Debug] Reward mean: 0.0000, std: 0.0000
[Debug] Reward mean: 0.0000, std: 0.0000
[Debug] Reward mean: 0.0000, std: 0.0000
Num steps: 1080000   Return: 2397.7   Time: 0:38:59
[Debug] Reward mean: 0.0000, std: 0.0000
[Debug] Reward mean: 0.0000, std: 0.0000
[Debug] Reward mean: 0.0000, std: 0.0000
Num steps: 1090000   Return: 3107.6   Time: 0:39:20
[Debug] Reward mean: 0.0000, std: 0.0000
[Debug] Reward mean: 0.0000, std: 0.0000
[Debug] Reward mean: 0.0000, std: 0.0000
Num steps: 1100000   Return: 3035.8   Time: 0:39:43
[Debug] Reward mean: 0.0000, std: 0.0000
[Debug] Reward mean: 0.0000, std: 0.0000
[Debug] Reward mean: 0.0000, std: 0.0000
[Debug] Reward mean: 0.0000, std: 0.0000
Num steps: 1110000   Return: 3395.9   Time: 0:40:05
[Debug] Reward mean: 0.0000, std: 0.0000
[Debug] Reward mean: 0.0000, std: 0.0000
[Debug] Reward mean: 0.0000, std: 0.0000
Num steps: 1120000   Return: 3105.3   Time: 0:40:27
[Debug] Reward mean: 0.0000, std: 0.0000
[Debug] Reward mean: 0.0000, std: 0.0000
[Debug] Reward mean: 0.0000, std: 0.0000
Num steps: 1130000   Return: 2724.4   Time: 0:40:47
[Debug] Reward mean: 0.0000, std: 0.0000
[Debug] Reward mean: 0.0000, std: 0.0000
[Debug] Reward mean: 0.0000, std: 0.0000
[Debug] Reward mean: 0.0000, std: 0.0000
Num steps: 1140000   Return: 3201.8   Time: 0:41:10
[Debug] Reward mean: 0.0000, std: 0.0000
[Debug] Reward mean: 0.0000, std: 0.0000
[Debug] Reward mean: 0.0000, std: 0.0000
Num steps: 1150000   Return: 2994.0   Time: 0:41:32
[Debug] Reward mean: 0.0000, std: 0.0000
[Debug] Reward mean: 0.0000, std: 0.0000
[Debug] Reward mean: 0.0000, std: 0.0000
Num steps: 1160000   Return: 3370.5   Time: 0:41:54
[Debug] Reward mean: 0.0000, std: 0.0000
[Debug] Reward mean: 0.0000, std: 0.0000
[Debug] Reward mean: 0.0000, std: 0.0000
[Debug] Reward mean: 0.0000, std: 0.0000
Num steps: 1170000   Return: 2567.6   Time: 0:42:15
[Debug] Reward mean: 0.0000, std: 0.0000
[Debug] Reward mean: 0.0000, std: 0.0000
[Debug] Reward mean: 0.0000, std: 0.0000
Num steps: 1180000   Return: 3009.1   Time: 0:42:37
[Debug] Reward mean: 0.0000, std: 0.0000
[Debug] Reward mean: 0.0000, std: 0.0000
[Debug] Reward mean: 0.0000, std: 0.0000
Num steps: 1190000   Return: 2974.3   Time: 0:42:59
[Debug] Reward mean: 0.0000, std: 0.0000
[Debug] Reward mean: 0.0000, std: 0.0000
[Debug] Reward mean: 0.0000, std: 0.0000
[Debug] Reward mean: 0.0000, std: 0.0000
Num steps: 1200000   Return: 2949.2   Time: 0:43:21
[Debug] Reward mean: 0.0000, std: 0.0000
[Debug] Reward mean: 0.0000, std: 0.0001
[Debug] Reward mean: 0.0000, std: 0.0000
Num steps: 1210000   Return: 2990.4   Time: 0:43:43
[Debug] Reward mean: 0.0000, std: 0.0000
[Debug] Reward mean: 0.0000, std: 0.0000
[Debug] Reward mean: 0.0000, std: 0.0000
Num steps: 1220000   Return: 3347.1   Time: 0:44:05
[Debug] Reward mean: 0.0000, std: 0.0000
[Debug] Reward mean: 0.0000, std: 0.0000
[Debug] Reward mean: 0.0000, std: 0.0000
[Debug] Reward mean: 0.0000, std: 0.0000
Num steps: 1230000   Return: 2912.0   Time: 0:44:28
[Debug] Reward mean: 0.0000, std: 0.0000
[Debug] Reward mean: 0.0000, std: 0.0000
[Debug] Reward mean: 0.0000, std: 0.0000
Num steps: 1240000   Return: 2824.4   Time: 0:44:50
[Debug] Reward mean: 0.0000, std: 0.0000
[Debug] Reward mean: 0.0000, std: 0.0000
[Debug] Reward mean: 0.0000, std: 0.0000
Num steps: 1250000   Return: 3308.7   Time: 0:45:12
[Debug] Reward mean: 0.0000, std: 0.0000
[Debug] Reward mean: 0.0000, std: 0.0000
[Debug] Reward mean: 0.0000, std: 0.0000
[Debug] Reward mean: 0.0000, std: 0.0000
Num steps: 1260000   Return: 2619.2   Time: 0:45:32
[Debug] Reward mean: 0.0000, std: 0.0000
[Debug] Reward mean: 0.0000, std: 0.0000
[Debug] Reward mean: 0.0000, std: 0.0000
Num steps: 1270000   Return: 3131.9   Time: 0:45:55
[Debug] Reward mean: 0.0000, std: 0.0000
[Debug] Reward mean: 0.0000, std: 0.0001
[Debug] Reward mean: 0.0000, std: 0.0000
Num steps: 1280000   Return: 3025.5   Time: 0:46:17
[Debug] Reward mean: 0.0000, std: 0.0000
[Debug] Reward mean: 0.0000, std: 0.0000
[Debug] Reward mean: 0.0000, std: 0.0000
[Debug] Reward mean: 0.0000, std: 0.0000
Num steps: 1290000   Return: 3122.8   Time: 0:46:40
[Debug] Reward mean: 0.0000, std: 0.0000
[Debug] Reward mean: 0.0000, std: 0.0000
[Debug] Reward mean: 0.0000, std: 0.0000
Num steps: 1300000   Return: 3127.9   Time: 0:47:02
[Debug] Reward mean: 0.0000, std: 0.0000
[Debug] Reward mean: 0.0000, std: 0.0000
[Debug] Reward mean: 0.0000, std: 0.0000
Num steps: 1310000   Return: 3191.0   Time: 0:47:24
[Debug] Reward mean: 0.0000, std: 0.0000
[Debug] Reward mean: 0.0000, std: 0.0000
[Debug] Reward mean: 0.0000, std: 0.0000
[Debug] Reward mean: 0.0000, std: 0.0000
Num steps: 1320000   Return: 3045.5   Time: 0:47:47
[Debug] Reward mean: 0.0000, std: 0.0000
[Debug] Reward mean: 0.0000, std: 0.0000
[Debug] Reward mean: 0.0001, std: 0.0077
Num steps: 1330000   Return: 2888.5   Time: 0:48:08
[Debug] Reward mean: 0.0041, std: 0.1370
[Debug] Reward mean: 0.0000, std: 0.0000
[Debug] Reward mean: 0.0000, std: 0.0000
Num steps: 1340000   Return: 3006.5   Time: 0:48:30
[Debug] Reward mean: 0.0000, std: 0.0000
[Debug] Reward mean: 0.0000, std: 0.0000
[Debug] Reward mean: 0.0000, std: 0.0000
[Debug] Reward mean: 0.0000, std: 0.0000
Num steps: 1350000   Return: 3014.2   Time: 0:48:54
[Debug] Reward mean: 0.0000, std: 0.0000
[Debug] Reward mean: 0.0000, std: 0.0000
[Debug] Reward mean: 0.0000, std: 0.0000
Num steps: 1360000   Return: 2949.5   Time: 0:49:16
[Debug] Reward mean: 0.0000, std: 0.0000
[Debug] Reward mean: 0.0000, std: 0.0000
[Debug] Reward mean: 0.0000, std: 0.0000
Num steps: 1370000   Return: 2868.3   Time: 0:49:38
[Debug] Reward mean: 0.0000, std: 0.0000
[Debug] Reward mean: 0.0000, std: 0.0000
[Debug] Reward mean: 0.0000, std: 0.0000
[Debug] Reward mean: 0.0000, std: 0.0000
Num steps: 1380000   Return: 3221.5   Time: 0:50:01
[Debug] Reward mean: 0.0000, std: 0.0000
[Debug] Reward mean: 0.0000, std: 0.0000
[Debug] Reward mean: 0.0000, std: 0.0000
Num steps: 1390000   Return: 2943.4   Time: 0:50:23
[Debug] Reward mean: 0.0000, std: 0.0000
[Debug] Reward mean: 0.0000, std: 0.0000
[Debug] Reward mean: 0.0000, std: 0.0000
Num steps: 1400000   Return: 2536.5   Time: 0:50:44
[Debug] Reward mean: 0.0000, std: 0.0000
[Debug] Reward mean: 0.0000, std: 0.0000
[Debug] Reward mean: 0.0000, std: 0.0000
[Debug] Reward mean: 0.0045, std: 0.1658
Num steps: 1410000   Return: 3189.1   Time: 0:51:07
[Debug] Reward mean: 0.0000, std: 0.0000
[Debug] Reward mean: 0.0000, std: 0.0000
[Debug] Reward mean: 0.0000, std: 0.0000
Num steps: 1420000   Return: 3034.2   Time: 0:51:30
[Debug] Reward mean: 0.0000, std: 0.0000
[Debug] Reward mean: 0.0000, std: 0.0000
[Debug] Reward mean: 0.0000, std: 0.0000
Num steps: 1430000   Return: 2987.8   Time: 0:51:52
[Debug] Reward mean: 0.0000, std: 0.0000
[Debug] Reward mean: 0.0000, std: 0.0000
[Debug] Reward mean: 0.0000, std: 0.0000
[Debug] Reward mean: 0.0000, std: 0.0000
Num steps: 1440000   Return: 2997.9   Time: 0:52:16
[Debug] Reward mean: 0.0000, std: 0.0000
[Debug] Reward mean: 0.0000, std: 0.0000
[Debug] Reward mean: 0.0000, std: 0.0000
Num steps: 1450000   Return: 2793.0   Time: 0:52:38
[Debug] Reward mean: 0.0000, std: 0.0000
[Debug] Reward mean: 0.0000, std: 0.0000
[Debug] Reward mean: 0.0000, std: 0.0000
Num steps: 1460000   Return: 2977.0   Time: 0:53:00
[Debug] Reward mean: 0.0002, std: 0.0080
[Debug] Reward mean: 0.0000, std: 0.0000
[Debug] Reward mean: 0.0000, std: 0.0000
[Debug] Reward mean: 0.0000, std: 0.0000
Num steps: 1470000   Return: 3022.7   Time: 0:53:23
[Debug] Reward mean: 0.0000, std: 0.0000
[Debug] Reward mean: 0.0000, std: 0.0000
[Debug] Reward mean: 0.0000, std: 0.0000
Num steps: 1480000   Return: 2932.5   Time: 0:53:45
[Debug] Reward mean: 0.0000, std: 0.0000
[Debug] Reward mean: 0.0000, std: 0.0000
[Debug] Reward mean: 0.0000, std: 0.0000
Num steps: 1490000   Return: 3559.6   Time: 0:54:08
[Debug] Reward mean: 0.0000, std: 0.0000
[Debug] Reward mean: 0.0000, std: 0.0000
[Debug] Reward mean: 0.0000, std: 0.0000
[Debug] Reward mean: 0.0000, std: 0.0000
Num steps: 1500000   Return: 3072.3   Time: 0:54:31
[Debug] Reward mean: 0.0000, std: 0.0000
[Debug] Reward mean: 0.0000, std: 0.0000
[Debug] Reward mean: 0.0000, std: 0.0000
Num steps: 1510000   Return: 3188.9   Time: 0:54:53
[Debug] Reward mean: 0.0000, std: 0.0000
[Debug] Reward mean: 0.0000, std: 0.0000
[Debug] Reward mean: 0.0000, std: 0.0000
Num steps: 1520000   Return: 3101.7   Time: 0:55:16
[Debug] Reward mean: 0.0000, std: 0.0000
[Debug] Reward mean: 0.0000, std: 0.0000
[Debug] Reward mean: 0.0000, std: 0.0000
[Debug] Reward mean: 0.0000, std: 0.0000
Num steps: 1530000   Return: 3036.5   Time: 0:55:38
[Debug] Reward mean: 0.0000, std: 0.0000
[Debug] Reward mean: 0.0000, std: 0.0000
[Debug] Reward mean: 0.0000, std: 0.0000
Num steps: 1540000   Return: 2954.6   Time: 0:56:01
[Debug] Reward mean: 0.0000, std: 0.0000
[Debug] Reward mean: 0.0000, std: 0.0000
[Debug] Reward mean: 0.0000, std: 0.0000
Num steps: 1550000   Return: 3010.6   Time: 0:56:23
[Debug] Reward mean: 0.0000, std: 0.0000
[Debug] Reward mean: 0.0000, std: 0.0000
[Debug] Reward mean: 0.0000, std: 0.0000
[Debug] Reward mean: 0.0000, std: 0.0000
Num steps: 1560000   Return: 3262.7   Time: 0:56:46
[Debug] Reward mean: 0.0000, std: 0.0000
[Debug] Reward mean: 0.0000, std: 0.0000
[Debug] Reward mean: 0.0000, std: 0.0000
Num steps: 1570000   Return: 2217.4   Time: 0:57:05
[Debug] Reward mean: 0.0000, std: 0.0022
[Debug] Reward mean: 0.0000, std: 0.0000
[Debug] Reward mean: 0.0000, std: 0.0000
Num steps: 1580000   Return: 3128.4   Time: 0:57:27
[Debug] Reward mean: 0.0000, std: 0.0000
[Debug] Reward mean: 0.0000, std: 0.0000
[Debug] Reward mean: 0.0000, std: 0.0000
[Debug] Reward mean: 0.0000, std: 0.0000
Num steps: 1590000   Return: 3098.2   Time: 0:57:50
[Debug] Reward mean: 0.0000, std: 0.0000
[Debug] Reward mean: 0.0000, std: 0.0000
[Debug] Reward mean: 0.0000, std: 0.0000
Num steps: 1600000   Return: 3224.6   Time: 0:58:12
[Debug] Reward mean: 0.0000, std: 0.0000
[Debug] Reward mean: 0.0000, std: 0.0000
[Debug] Reward mean: 0.0000, std: 0.0000
Num steps: 1610000   Return: 2625.3   Time: 0:58:33
[Debug] Reward mean: 0.0000, std: 0.0000
[Debug] Reward mean: 0.0000, std: 0.0000
[Debug] Reward mean: 0.0000, std: 0.0000
[Debug] Reward mean: 0.0000, std: 0.0000
Num steps: 1620000   Return: 2960.1   Time: 0:58:56
[Debug] Reward mean: 0.0000, std: 0.0000
[Debug] Reward mean: 0.0000, std: 0.0000
[Debug] Reward mean: 0.0005, std: 0.0270
Num steps: 1630000   Return: 3110.9   Time: 0:59:19
[Debug] Reward mean: 0.0000, std: 0.0000
[Debug] Reward mean: 0.0000, std: 0.0000
[Debug] Reward mean: 0.0000, std: 0.0000
Num steps: 1640000   Return: 3073.1   Time: 0:59:41
[Debug] Reward mean: 0.0000, std: 0.0000
[Debug] Reward mean: 0.0000, std: 0.0000
[Debug] Reward mean: 0.0000, std: 0.0000
[Debug] Reward mean: 0.0000, std: 0.0000
Num steps: 1650000   Return: 2927.7   Time: 1:00:04
[Debug] Reward mean: 0.0000, std: 0.0000
[Debug] Reward mean: 0.0000, std: 0.0009
[Debug] Reward mean: 0.0000, std: 0.0000
Num steps: 1660000   Return: 3092.5   Time: 1:00:26
[Debug] Reward mean: 0.0031, std: 0.1398
[Debug] Reward mean: 0.0000, std: 0.0000
[Debug] Reward mean: 0.0000, std: 0.0000
Num steps: 1670000   Return: 2939.8   Time: 1:00:49
[Debug] Reward mean: 0.0065, std: 0.2272
[Debug] Reward mean: 0.0000, std: 0.0000
[Debug] Reward mean: 0.0000, std: 0.0000
[Debug] Reward mean: 0.0000, std: 0.0000
Num steps: 1680000   Return: 2932.2   Time: 1:01:12
[Debug] Reward mean: 0.0000, std: 0.0002
[Debug] Reward mean: 0.0147, std: 0.3330
[Debug] Reward mean: 0.0045, std: 0.1947
Num steps: 1690000   Return: 3040.6   Time: 1:01:34
[Debug] Reward mean: 0.0015, std: 0.0566
[Debug] Reward mean: 0.0000, std: 0.0000
[Debug] Reward mean: 0.0000, std: 0.0000
Num steps: 1700000   Return: 2981.9   Time: 1:01:56
[Debug] Reward mean: 0.0026, std: 0.1412
[Debug] Reward mean: 0.0002, std: 0.0099
[Debug] Reward mean: 0.0027, std: 0.1455
[Debug] Reward mean: 0.0000, std: 0.0000
Num steps: 1710000   Return: 3098.9   Time: 1:02:19
[Debug] Reward mean: 0.0000, std: 0.0000
[Debug] Reward mean: 0.0000, std: 0.0000
[Debug] Reward mean: 0.0000, std: 0.0000
Num steps: 1720000   Return: 2551.3   Time: 1:02:40
[Debug] Reward mean: 0.0000, std: 0.0000
[Debug] Reward mean: 0.0027, std: 0.1483
[Debug] Reward mean: 0.0000, std: 0.0000
Num steps: 1730000   Return: 2992.2   Time: 1:03:02
[Debug] Reward mean: 0.0216, std: 0.3462
[Debug] Reward mean: 0.0000, std: 0.0000
[Debug] Reward mean: 0.0000, std: 0.0000
[Debug] Reward mean: 0.0000, std: 0.0000
Num steps: 1740000   Return: 2929.3   Time: 1:03:26
[Debug] Reward mean: 0.0000, std: 0.0000
[Debug] Reward mean: 0.0000, std: 0.0000
[Debug] Reward mean: 0.0000, std: 0.0000
Num steps: 1750000   Return: 2933.2   Time: 1:03:48
[Debug] Reward mean: 0.0000, std: 0.0000
[Debug] Reward mean: 0.0000, std: 0.0000
[Debug] Reward mean: 0.0000, std: 0.0000
Num steps: 1760000   Return: 3094.2   Time: 1:04:10
[Debug] Reward mean: 0.0000, std: 0.0000
[Debug] Reward mean: 0.0000, std: 0.0000
[Debug] Reward mean: 0.0000, std: 0.0000
[Debug] Reward mean: 0.0000, std: 0.0000
Num steps: 1770000   Return: 3182.1   Time: 1:04:33
[Debug] Reward mean: 0.0000, std: 0.0000
[Debug] Reward mean: 0.0012, std: 0.0683
[Debug] Reward mean: 0.0000, std: 0.0000
Num steps: 1780000   Return: 2956.9   Time: 1:04:55
[Debug] Reward mean: 0.0000, std: 0.0000
[Debug] Reward mean: 0.0000, std: 0.0000
[Debug] Reward mean: 0.0000, std: 0.0000
Num steps: 1790000   Return: 3055.0   Time: 1:05:18
[Debug] Reward mean: 0.0000, std: 0.0000
[Debug] Reward mean: 0.0000, std: 0.0000
[Debug] Reward mean: 0.0037, std: 0.1435
[Debug] Reward mean: 0.0000, std: 0.0000
Num steps: 1800000   Return: 2985.1   Time: 1:05:41
[Debug] Reward mean: 0.0000, std: 0.0000
[Debug] Reward mean: 0.0000, std: 0.0000
[Debug] Reward mean: 0.0000, std: 0.0000
Num steps: 1810000   Return: 2905.5   Time: 1:06:03
[Debug] Reward mean: 0.0000, std: 0.0000
[Debug] Reward mean: 0.0000, std: 0.0000
[Debug] Reward mean: 0.0000, std: 0.0000
Num steps: 1820000   Return: 2951.0   Time: 1:06:25
[Debug] Reward mean: 0.0000, std: 0.0000
[Debug] Reward mean: 0.0000, std: 0.0000
[Debug] Reward mean: 0.0000, std: 0.0000
[Debug] Reward mean: 0.0000, std: 0.0000
Num steps: 1830000   Return: 3245.3   Time: 1:06:48
[Debug] Reward mean: 0.0000, std: 0.0000
[Debug] Reward mean: 0.0000, std: 0.0000
[Debug] Reward mean: 0.0000, std: 0.0000
Num steps: 1840000   Return: 2925.4   Time: 1:07:11
[Debug] Reward mean: 0.0000, std: 0.0000
[Debug] Reward mean: 0.0000, std: 0.0000
[Debug] Reward mean: 0.0000, std: 0.0000
Num steps: 1850000   Return: 3046.1   Time: 1:07:33
[Debug] Reward mean: 0.0000, std: 0.0000
[Debug] Reward mean: 0.0000, std: 0.0000
[Debug] Reward mean: 0.0000, std: 0.0000
[Debug] Reward mean: 0.0000, std: 0.0000
Num steps: 1860000   Return: 3074.2   Time: 1:07:56
[Debug] Reward mean: 0.0000, std: 0.0000
[Debug] Reward mean: 0.0000, std: 0.0000
[Debug] Reward mean: 0.0000, std: 0.0000
Num steps: 1870000   Return: 2936.0   Time: 1:08:18
[Debug] Reward mean: 0.0000, std: 0.0000
[Debug] Reward mean: 0.0000, std: 0.0000
[Debug] Reward mean: 0.0000, std: 0.0000
Num steps: 1880000   Return: 3481.5   Time: 1:08:40
[Debug] Reward mean: 0.0000, std: 0.0000
[Debug] Reward mean: 0.0000, std: 0.0002
[Debug] Reward mean: 0.0033, std: 0.1403
[Debug] Reward mean: 0.0000, std: 0.0000
Num steps: 1890000   Return: 2570.6   Time: 1:09:01
[Debug] Reward mean: 0.0000, std: 0.0000
[Debug] Reward mean: 0.0000, std: 0.0000
[Debug] Reward mean: 0.0000, std: 0.0000
Num steps: 1900000   Return: 2992.7   Time: 1:09:24
[Debug] Reward mean: 0.0000, std: 0.0000
[Debug] Reward mean: 0.0000, std: 0.0000
[Debug] Reward mean: 0.0000, std: 0.0000
Num steps: 1910000   Return: 2973.5   Time: 1:09:46
[Debug] Reward mean: 0.0081, std: 0.2011
[Debug] Reward mean: 0.0155, std: 0.3786
[Debug] Reward mean: 0.0146, std: 0.5267
[Debug] Reward mean: 0.0007, std: 0.0386
Num steps: 1920000   Return: 2935.8   Time: 1:10:08
[Debug] Reward mean: 0.0000, std: 0.0000
[Debug] Reward mean: 0.0000, std: 0.0000
[Debug] Reward mean: 0.0092, std: 0.2825
Num steps: 1930000   Return: 3427.0   Time: 1:10:30
[Debug] Reward mean: 0.0000, std: 0.0000
[Debug] Reward mean: 0.0000, std: 0.0000
[Debug] Reward mean: 0.0052, std: 0.2688
Num steps: 1940000   Return: 3107.0   Time: 1:10:53
[Debug] Reward mean: 0.0000, std: 0.0000
[Debug] Reward mean: 0.0000, std: 0.0000
[Debug] Reward mean: 0.0000, std: 0.0000
[Debug] Reward mean: 0.0000, std: 0.0000
Num steps: 1950000   Return: 3256.1   Time: 1:11:15
[Debug] Reward mean: 0.0000, std: 0.0000
[Debug] Reward mean: 0.0072, std: 0.3258
[Debug] Reward mean: 0.0051, std: 0.1760
Num steps: 1960000   Return: 3050.4   Time: 1:11:37
[Debug] Reward mean: 0.0048, std: 0.2601
[Debug] Reward mean: 0.0000, std: 0.0000
[Debug] Reward mean: 0.0003, std: 0.0183
Num steps: 1970000   Return: 3041.0   Time: 1:11:59
[Debug] Reward mean: 0.0000, std: 0.0000
[Debug] Reward mean: 0.0000, std: 0.0000
[Debug] Reward mean: 0.0000, std: 0.0000
[Debug] Reward mean: 0.0000, std: 0.0000
Num steps: 1980000   Return: 2923.8   Time: 1:12:22
[Debug] Reward mean: 0.0000, std: 0.0000
[Debug] Reward mean: 0.0000, std: 0.0000
[Debug] Reward mean: 0.0000, std: 0.0000
Num steps: 1990000   Return: 3454.4   Time: 1:12:44
[Debug] Reward mean: 0.0000, std: 0.0000
[Debug] Reward mean: 0.0000, std: 0.0000
[Debug] Reward mean: 0.0000, std: 0.0000
Num steps: 2000000   Return: 2965.4   Time: 1:13:06
Models saved to logs/StickInsect-v5/airl/20250516-1750/model
