Logging started at 20250522-1443
scale: [3.1415927 3.1415927 3.1415927 3.1415927 3.1415927 3.1415927 3.1415927
 3.1415927 3.1415927 3.1415927 3.1415927 3.1415927 3.1415927 3.1415927
 3.1415927 3.1415927 3.1415927 3.1415927]
mid: [0. 0. 0. 0. 0. 0. 0. 0. 0. 0. 0. 0. 0. 0. 0. 0. 0. 0.]
action space high: [1. 1. 1. 1. 1. 1. 1. 1. 1. 1. 1. 1. 1. 1. 1. 1. 1. 1.]
action space low: [-1. -1. -1. -1. -1. -1. -1. -1. -1. -1. -1. -1. -1. -1. -1. -1. -1. -1.]
scale: [3.1415927 3.1415927 3.1415927 3.1415927 3.1415927 3.1415927 3.1415927
 3.1415927 3.1415927 3.1415927 3.1415927 3.1415927 3.1415927 3.1415927
 3.1415927 3.1415927 3.1415927 3.1415927]
mid: [0. 0. 0. 0. 0. 0. 0. 0. 0. 0. 0. 0. 0. 0. 0. 0. 0. 0.]
action space high: [1. 1. 1. 1. 1. 1. 1. 1. 1. 1. 1. 1. 1. 1. 1. 1. 1. 1.]
action space low: [-1. -1. -1. -1. -1. -1. -1. -1. -1. -1. -1. -1. -1. -1. -1. -1. -1. -1.]
NVIDIA GeForce RTX 4060 Laptop GPU
Process ID: 22941
Env: StickInsect-v4, experts/StickInsect_states_v1.pt, experts/StickInsect_actions_v1.pt, Seed: 0
Rollout length: 3000
Num steps: 2000000, Eval interval: 10000
Gamma: 0.995, Mix buffer: 1, Batch size: 64
lr_actor: 5e-05, lr_critic: 5e-05, lr_disc: 0.0003
Units Actor: (64, 64), Units Critic: (64, 64)
Units Disc: (100, 100)
Epoch ppo: 50, Epoch disc: 10
Clip Epsc: 0.2, Lambda: 0.97, Coef Ent: 0.05, Max Grad Norm: 10.0
Load data states: (2749, 47), actions: (2749, 18)
Expert data states: (2748, 47), actions: (2748, 18)
normalized expert action high: 0.44243812561035156
normalized expert action low: -0.3417970836162567
Expert buffer size: 2748
State shape: (47,), Action shape: (18,)
Input dimension: 65
Initial state shape: (47,)
Num steps: 10000    Return: 1860.6   Time: 0:00:08
Num steps: 20000    Return: 2343.4   Time: 0:00:16
Num steps: 30000    Return: 3544.0   Time: 0:00:25
Num steps: 40000    Return: 3126.1   Time: 0:00:34
Num steps: 50000    Return: 3125.2   Time: 0:00:42
Num steps: 60000    Return: 3106.1   Time: 0:00:51
Num steps: 70000    Return: 3067.1   Time: 0:01:00
Num steps: 80000    Return: 3581.2   Time: 0:01:08
Num steps: 90000    Return: 2972.6   Time: 0:01:17
Num steps: 100000   Return: 2949.8   Time: 0:01:26
Num steps: 110000   Return: 2970.2   Time: 0:01:34
Num steps: 120000   Return: 3181.2   Time: 0:01:43
Num steps: 130000   Return: 3013.1   Time: 0:01:52
Num steps: 140000   Return: 3142.5   Time: 0:02:00
Num steps: 150000   Return: 2678.6   Time: 0:02:09
Num steps: 160000   Return: 2775.6   Time: 0:02:18
Num steps: 170000   Return: 3086.6   Time: 0:02:26
Num steps: 180000   Return: 3094.9   Time: 0:02:35
Num steps: 190000   Return: 2453.0   Time: 0:02:43
Num steps: 200000   Return: 2857.5   Time: 0:02:51
Num steps: 210000   Return: 3041.9   Time: 0:03:00
Num steps: 220000   Return: 2612.0   Time: 0:03:09
Num steps: 230000   Return: 2840.3   Time: 0:03:17
Num steps: 240000   Return: 2232.6   Time: 0:03:26
Num steps: 250000   Return: 3371.0   Time: 0:03:34
Num steps: 260000   Return: 3023.2   Time: 0:03:43
Num steps: 270000   Return: 3203.6   Time: 0:03:52
Num steps: 280000   Return: 3758.1   Time: 0:04:00
Num steps: 290000   Return: 2747.2   Time: 0:04:08
Num steps: 300000   Return: 3181.6   Time: 0:04:17
Num steps: 310000   Return: 2887.0   Time: 0:04:26
Num steps: 320000   Return: 4560.3   Time: 0:04:34
Num steps: 330000   Return: 2761.6   Time: 0:04:43
Num steps: 340000   Return: 2896.4   Time: 0:04:51
Num steps: 350000   Return: 2994.0   Time: 0:04:59
Num steps: 360000   Return: 3649.8   Time: 0:05:08
Num steps: 370000   Return: 2906.9   Time: 0:05:16
Num steps: 380000   Return: 3009.5   Time: 0:05:24
Num steps: 390000   Return: 3514.2   Time: 0:05:32
Num steps: 400000   Return: 2748.4   Time: 0:05:40
Num steps: 410000   Return: 3384.1   Time: 0:05:48
Num steps: 420000   Return: 3063.7   Time: 0:05:57
Num steps: 430000   Return: 3588.5   Time: 0:06:05
Num steps: 440000   Return: 2946.6   Time: 0:06:13
Num steps: 450000   Return: 2963.1   Time: 0:06:21
Num steps: 460000   Return: 2987.5   Time: 0:06:30
Num steps: 470000   Return: 3320.6   Time: 0:06:38
Num steps: 480000   Return: 3273.5   Time: 0:06:46
Num steps: 490000   Return: 3269.5   Time: 0:06:54
Num steps: 500000   Return: 2651.1   Time: 0:07:02
Num steps: 510000   Return: 3204.2   Time: 0:07:11
Num steps: 520000   Return: 3181.8   Time: 0:07:19
Num steps: 530000   Return: 3145.1   Time: 0:07:27
Num steps: 540000   Return: 3631.3   Time: 0:07:36
Num steps: 550000   Return: 2837.9   Time: 0:07:45
Num steps: 560000   Return: 2975.3   Time: 0:07:53
Num steps: 570000   Return: 2957.4   Time: 0:08:02
Num steps: 580000   Return: 3185.0   Time: 0:08:11
Num steps: 590000   Return: 3196.3   Time: 0:08:19
Num steps: 600000   Return: 3266.0   Time: 0:08:29
Num steps: 610000   Return: 3056.9   Time: 0:08:37
Num steps: 620000   Return: 3014.9   Time: 0:08:46
Num steps: 630000   Return: 3831.3   Time: 0:08:55
Num steps: 640000   Return: 3723.3   Time: 0:09:04
Num steps: 650000   Return: 3090.4   Time: 0:09:12
Num steps: 660000   Return: 2764.1   Time: 0:09:21
Num steps: 670000   Return: 2754.0   Time: 0:09:29
Num steps: 680000   Return: 3117.9   Time: 0:09:38
Num steps: 690000   Return: 3535.0   Time: 0:09:47
Num steps: 700000   Return: 2699.3   Time: 0:09:55
Num steps: 710000   Return: 3113.4   Time: 0:10:04
Num steps: 720000   Return: 3088.1   Time: 0:10:13
Num steps: 730000   Return: 2827.9   Time: 0:10:21
Num steps: 740000   Return: 2900.1   Time: 0:10:30
Num steps: 750000   Return: 2829.4   Time: 0:10:39
Num steps: 760000   Return: 2785.3   Time: 0:10:48
Num steps: 770000   Return: 3188.3   Time: 0:10:56
Num steps: 780000   Return: 3215.3   Time: 0:11:05
Num steps: 790000   Return: 3286.4   Time: 0:11:14
Num steps: 800000   Return: 2952.5   Time: 0:11:23
Num steps: 810000   Return: 3067.5   Time: 0:11:32
Num steps: 820000   Return: 3291.9   Time: 0:11:40
Num steps: 830000   Return: 3810.1   Time: 0:11:49
Num steps: 840000   Return: 3709.4   Time: 0:11:58
Num steps: 850000   Return: 3301.8   Time: 0:12:06
Num steps: 860000   Return: 2445.6   Time: 0:12:14
Num steps: 870000   Return: 2926.6   Time: 0:12:24
Num steps: 880000   Return: 2842.1   Time: 0:12:32
Num steps: 890000   Return: 3837.7   Time: 0:12:40
Num steps: 900000   Return: 3342.6   Time: 0:12:50
Num steps: 910000   Return: 3936.6   Time: 0:12:58
Num steps: 920000   Return: 3107.5   Time: 0:13:07
Num steps: 930000   Return: 2981.2   Time: 0:13:16
Num steps: 940000   Return: 2729.0   Time: 0:13:24
Num steps: 950000   Return: 2847.5   Time: 0:13:33
Num steps: 960000   Return: 3006.1   Time: 0:13:42
Num steps: 970000   Return: 2847.0   Time: 0:13:50
Num steps: 980000   Return: 3105.3   Time: 0:13:59
Num steps: 990000   Return: 2926.2   Time: 0:14:07
Num steps: 1000000   Return: 2974.1   Time: 0:14:16
Num steps: 1010000   Return: 2422.2   Time: 0:14:24
Num steps: 1020000   Return: 2649.2   Time: 0:14:33
Num steps: 1030000   Return: 2863.1   Time: 0:14:41
Num steps: 1040000   Return: 3995.7   Time: 0:14:50
Num steps: 1050000   Return: 2663.8   Time: 0:14:59
Num steps: 1060000   Return: 2992.4   Time: 0:15:08
Num steps: 1070000   Return: 3030.6   Time: 0:15:16
Num steps: 1080000   Return: 3751.8   Time: 0:15:25
Num steps: 1090000   Return: 3037.8   Time: 0:15:34
Num steps: 1100000   Return: 2961.5   Time: 0:15:43
Num steps: 1110000   Return: 3212.0   Time: 0:15:51
Num steps: 1120000   Return: 3605.1   Time: 0:16:00
Num steps: 1130000   Return: 4023.3   Time: 0:16:09
Num steps: 1140000   Return: 3316.2   Time: 0:16:18
Num steps: 1150000   Return: 3261.4   Time: 0:16:26
Num steps: 1160000   Return: 3440.5   Time: 0:16:35
Num steps: 1170000   Return: 3161.7   Time: 0:16:43
Num steps: 1180000   Return: 2967.9   Time: 0:16:52
Num steps: 1190000   Return: 2790.1   Time: 0:17:00
Num steps: 1200000   Return: 3238.4   Time: 0:17:10
Num steps: 1210000   Return: 3307.4   Time: 0:17:18
Num steps: 1220000   Return: 2768.8   Time: 0:17:27
Num steps: 1230000   Return: 3839.0   Time: 0:17:36
Num steps: 1240000   Return: 3045.0   Time: 0:17:45
Num steps: 1250000   Return: 3072.1   Time: 0:17:53
Num steps: 1260000   Return: 2817.4   Time: 0:18:02
Num steps: 1270000   Return: 2811.0   Time: 0:18:11
Num steps: 1280000   Return: 3047.9   Time: 0:18:20
Num steps: 1290000   Return: 2985.2   Time: 0:18:29
Num steps: 1300000   Return: 2855.5   Time: 0:18:37
Num steps: 1310000   Return: 2537.9   Time: 0:18:45
Num steps: 1320000   Return: 2776.9   Time: 0:18:55
Num steps: 1330000   Return: 3174.2   Time: 0:19:03
Num steps: 1340000   Return: 3147.6   Time: 0:19:12
Num steps: 1350000   Return: 3758.6   Time: 0:19:21
Num steps: 1360000   Return: 2969.5   Time: 0:19:30
Num steps: 1370000   Return: 3362.7   Time: 0:19:38
Num steps: 1380000   Return: 2942.7   Time: 0:19:47
Num steps: 1390000   Return: 4008.7   Time: 0:19:56
Num steps: 1400000   Return: 2983.7   Time: 0:20:05
Num steps: 1410000   Return: 3051.4   Time: 0:20:14
Num steps: 1420000   Return: 2714.3   Time: 0:20:22
Num steps: 1430000   Return: 2873.9   Time: 0:20:31
Num steps: 1440000   Return: 3027.9   Time: 0:20:40
Num steps: 1450000   Return: 3097.8   Time: 0:20:48
Num steps: 1460000   Return: 3476.5   Time: 0:20:57
Num steps: 1470000   Return: 3150.9   Time: 0:21:06
Num steps: 1480000   Return: 3807.0   Time: 0:21:14
Num steps: 1490000   Return: 3182.8   Time: 0:21:23
Num steps: 1500000   Return: 2965.9   Time: 0:21:32
Num steps: 1510000   Return: 3027.5   Time: 0:21:40
Num steps: 1520000   Return: 3196.0   Time: 0:21:48
Num steps: 1530000   Return: 3133.3   Time: 0:21:57
Num steps: 1540000   Return: 3483.3   Time: 0:22:06
Num steps: 1550000   Return: 3305.0   Time: 0:22:15
Num steps: 1560000   Return: 2642.0   Time: 0:22:24
Num steps: 1570000   Return: 3126.3   Time: 0:22:32
Num steps: 1580000   Return: 2800.1   Time: 0:22:41
Num steps: 1590000   Return: 2954.6   Time: 0:22:50
Num steps: 1600000   Return: 4102.9   Time: 0:22:59
Num steps: 1610000   Return: 3348.6   Time: 0:23:07
Num steps: 1620000   Return: 3537.9   Time: 0:23:16
Num steps: 1630000   Return: 2847.8   Time: 0:23:25
Num steps: 1640000   Return: 2752.8   Time: 0:23:34
Num steps: 1650000   Return: 2545.8   Time: 0:23:42
Num steps: 1660000   Return: 3052.3   Time: 0:23:51
Num steps: 1670000   Return: 3395.7   Time: 0:23:59
Num steps: 1680000   Return: 3414.7   Time: 0:24:08
Num steps: 1690000   Return: 3131.8   Time: 0:24:17
Num steps: 1700000   Return: 3230.9   Time: 0:24:25
Num steps: 1710000   Return: 3139.4   Time: 0:24:35
Num steps: 1720000   Return: 3424.9   Time: 0:24:43
Num steps: 1730000   Return: 3125.9   Time: 0:24:52
Num steps: 1740000   Return: 2545.8   Time: 0:25:00
Num steps: 1750000   Return: 2868.0   Time: 0:25:09
Num steps: 1760000   Return: 3507.9   Time: 0:25:18
Num steps: 1770000   Return: 4175.0   Time: 0:25:27
Num steps: 1780000   Return: 4137.7   Time: 0:25:35
Num steps: 1790000   Return: 2972.4   Time: 0:25:43
Num steps: 1800000   Return: 3499.9   Time: 0:25:52
Num steps: 1810000   Return: 3131.9   Time: 0:26:00
Num steps: 1820000   Return: 2794.6   Time: 0:26:08
Num steps: 1830000   Return: 2989.3   Time: 0:26:16
Num steps: 1840000   Return: 2962.2   Time: 0:26:24
Num steps: 1850000   Return: 3026.9   Time: 0:26:32
Num steps: 1860000   Return: 3326.3   Time: 0:26:41
Num steps: 1870000   Return: 2548.1   Time: 0:26:48
Num steps: 1880000   Return: 3683.9   Time: 0:26:56
Num steps: 1890000   Return: 3222.2   Time: 0:27:05
Num steps: 1900000   Return: 3242.5   Time: 0:27:13
Num steps: 1910000   Return: 2922.0   Time: 0:27:21
Num steps: 1920000   Return: 3105.7   Time: 0:27:29
Num steps: 1930000   Return: 3291.3   Time: 0:27:37
Num steps: 1940000   Return: 3007.1   Time: 0:27:45
Num steps: 1950000   Return: 3248.3   Time: 0:27:54
Num steps: 1960000   Return: 3021.5   Time: 0:28:02
Num steps: 1970000   Return: 2891.0   Time: 0:28:10
Num steps: 1980000   Return: 2895.0   Time: 0:28:18
Num steps: 1990000   Return: 2947.9   Time: 0:28:26
Num steps: 2000000   Return: 3586.1   Time: 0:28:34
Models saved to logs/StickInsect-v4/gail/20250522-1443/model
