Logging started at 20250717-1210
Ontime :
True
Observation space mid: [ 0.05249321 -0.0247743   0.01025707 -1.0198021   0.4667042  -1.41636458
 -0.0175432   0.1789456  -1.39255775  0.73443846  0.60052376 -1.65131532
  0.88907614 -0.47741364  1.35668305  0.1792413  -0.15724507  1.31141397
 -0.75110911 -0.56794843  1.47675588  3.35679485  7.160297    6.5398435
  5.6846535   7.8864785   4.8373995   0.35220365  0.10454242  0.06227874
  0.34908906  0.12712317  0.10359944], scale: [0.08489897 0.13627533 0.09249857 0.4393769  0.4505902  0.95100482
 0.72989183 0.4291106  0.84434685 0.45590924 0.3961382  0.93971049
 0.29234227 0.43703255 1.03593095 0.72534275 0.34823543 0.95492363
 0.47750049 0.4306294  0.99032112 3.35679485 7.160297   6.5398435
 5.6846535  7.8864785  4.8373995  0.34425385 0.09533611 0.05305601
 0.33974924 0.1183837  0.09436645]
Action space mid: [-1.01873243  0.45176268 -1.4165763  -0.0205206   0.1673988  -1.3896672
  0.73325681  0.58896359 -1.6511396   0.8836804  -0.47590394  1.35490289
  0.18083922 -0.15080036  1.30874578 -0.74782036 -0.56708082  1.47821588], scale: [0.44304717 0.46786146 0.9527527  0.73484704 0.4457115  0.8509844
 0.45946249 0.41638221 0.9457742  0.2983276  0.44032795 1.03865751
 0.73073588 0.35183635 0.95987222 0.47668324 0.43512017 0.99632052]
INFO: VrepInterfaze is initialized successfully.
Ontime :
True
Observation space mid: [ 0.05249321 -0.0247743   0.01025707 -1.0198021   0.4667042  -1.41636458
 -0.0175432   0.1789456  -1.39255775  0.73443846  0.60052376 -1.65131532
  0.88907614 -0.47741364  1.35668305  0.1792413  -0.15724507  1.31141397
 -0.75110911 -0.56794843  1.47675588  3.35679485  7.160297    6.5398435
  5.6846535   7.8864785   4.8373995   0.35220365  0.10454242  0.06227874
  0.34908906  0.12712317  0.10359944], scale: [0.08489897 0.13627533 0.09249857 0.4393769  0.4505902  0.95100482
 0.72989183 0.4291106  0.84434685 0.45590924 0.3961382  0.93971049
 0.29234227 0.43703255 1.03593095 0.72534275 0.34823543 0.95492363
 0.47750049 0.4306294  0.99032112 3.35679485 7.160297   6.5398435
 5.6846535  7.8864785  4.8373995  0.34425385 0.09533611 0.05305601
 0.33974924 0.1183837  0.09436645]
Action space mid: [-1.01873243  0.45176268 -1.4165763  -0.0205206   0.1673988  -1.3896672
  0.73325681  0.58896359 -1.6511396   0.8836804  -0.47590394  1.35490289
  0.18083922 -0.15080036  1.30874578 -0.74782036 -0.56708082  1.47821588], scale: [0.44304717 0.46786146 0.9527527  0.73484704 0.4457115  0.8509844
 0.45946249 0.41638221 0.9457742  0.2983276  0.44032795 1.03865751
 0.73073588 0.35183635 0.95987222 0.47668324 0.43512017 0.99632052]
INFO: VrepInterfaze is initialized successfully.
NVIDIA GeForce RTX 4060 Laptop GPU
Process ID: 1172340
Env: Medauroidea, expert.csv, Seed: 0
Rollout length: 1000
Num steps: 170000, Eval interval: 5000
Gamma: 0.995, Mix buffer: 1, Batch size: 64
lr_actor: 0.0001, lr_critic: 0.0001, lr_disc: 0.0001
Units Actor: (64, 64), Units Critic: (64, 64)
Units Disc R: (100, 100), Units Disc V: (100, 100)
Epoch ppo: 50, Epoch disc: 3
Clip Epsc: 0.2, Lambda: 0.97, Coef Ent: 0.05, Max Grad Norm: 10.0
Expert buffer size: 1517
Initial state shape: (33,)
Step 1000 - Updating the algorithm
Update discriminator at step 1
Update discriminator at step 2
Update discriminator at step 3
[Debug] Reward mean: 11.5716, std: 1.3640
Updating PPO
Step 2000 - Updating the algorithm
Update discriminator at step 4
Update discriminator at step 5
Update discriminator at step 6
[Debug] Reward mean: 11.6153, std: 1.3798
Updating PPO
Step 3000 - Updating the algorithm
Update discriminator at step 7
Update discriminator at step 8
Update discriminator at step 9
[Debug] Reward mean: 11.5778, std: 1.2600
Updating PPO
Step 4000 - Updating the algorithm
Update discriminator at step 10
Update discriminator at step 11
Update discriminator at step 12
[Debug] Reward mean: 11.7340, std: 1.1786
Updating PPO
Step 5000 - Updating the algorithm
Update discriminator at step 13
Update discriminator at step 14
Update discriminator at step 15
[Debug] Reward mean: 11.6298, std: 1.1922
Updating PPO
Step 5000 - Evaluating the algorithm
Num steps: 5000     Return: -15544.9   Time: 0:12:32
Step 6000 - Updating the algorithm
Update discriminator at step 16
Update discriminator at step 17
Update discriminator at step 18
[Debug] Reward mean: 11.6575, std: 1.1269
Updating PPO
Step 7000 - Updating the algorithm
Update discriminator at step 19
Update discriminator at step 20
Update discriminator at step 21
[Debug] Reward mean: 11.6793, std: 1.0496
Updating PPO
Step 8000 - Updating the algorithm
Update discriminator at step 22
Update discriminator at step 23
Update discriminator at step 24
[Debug] Reward mean: 11.7016, std: 1.0546
Updating PPO
Step 9000 - Updating the algorithm
Update discriminator at step 25
Update discriminator at step 26
Update discriminator at step 27
[Debug] Reward mean: 11.6004, std: 1.0496
Updating PPO
Step 10000 - Updating the algorithm
Update discriminator at step 28
Update discriminator at step 29
Update discriminator at step 30
[Debug] Reward mean: 11.6745, std: 0.9949
Updating PPO
Step 10000 - Evaluating the algorithm
Num steps: 10000    Return: -15735.5   Time: 0:23:56
Step 11000 - Updating the algorithm
Update discriminator at step 31
Update discriminator at step 32
Update discriminator at step 33
[Debug] Reward mean: 11.6086, std: 0.9747
Updating PPO
Step 12000 - Updating the algorithm
Update discriminator at step 34
Update discriminator at step 35
Update discriminator at step 36
[Debug] Reward mean: 11.5910, std: 0.9848
Updating PPO
Step 13000 - Updating the algorithm
Update discriminator at step 37
Update discriminator at step 38
Update discriminator at step 39
[Debug] Reward mean: 11.5175, std: 0.9636
Updating PPO
Step 14000 - Updating the algorithm
Update discriminator at step 40
Update discriminator at step 41
Update discriminator at step 42
[Debug] Reward mean: 11.4671, std: 0.9959
Updating PPO
Step 15000 - Updating the algorithm
Update discriminator at step 43
Update discriminator at step 44
Update discriminator at step 45
[Debug] Reward mean: 11.4545, std: 0.9041
Updating PPO
Step 15000 - Evaluating the algorithm
Num steps: 15000    Return: -15763.6   Time: 0:34:01
Step 16000 - Updating the algorithm
Update discriminator at step 46
Update discriminator at step 47
Update discriminator at step 48
[Debug] Reward mean: 11.4098, std: 0.9691
Updating PPO
Step 17000 - Updating the algorithm
Update discriminator at step 49
Update discriminator at step 50
Update discriminator at step 51
[Debug] Reward mean: 11.4180, std: 0.9896
Updating PPO
Step 18000 - Updating the algorithm
Update discriminator at step 52
Update discriminator at step 53
Update discriminator at step 54
[Debug] Reward mean: 11.2833, std: 0.9896
Updating PPO
Step 19000 - Updating the algorithm
Update discriminator at step 55
Update discriminator at step 56
Update discriminator at step 57
[Debug] Reward mean: 10.8689, std: 1.1133
Updating PPO
Step 20000 - Updating the algorithm
Update discriminator at step 58
Update discriminator at step 59
Update discriminator at step 60
[Debug] Reward mean: 11.0198, std: 1.1320
Updating PPO
Step 20000 - Evaluating the algorithm
Num steps: 20000    Return: -15178.7   Time: 0:44:03
Step 21000 - Updating the algorithm
Update discriminator at step 61
Update discriminator at step 62
Update discriminator at step 63
[Debug] Reward mean: 11.1639, std: 0.9207
Updating PPO
Step 22000 - Updating the algorithm
Update discriminator at step 64
Update discriminator at step 65
Update discriminator at step 66
[Debug] Reward mean: 11.1817, std: 0.9392
Updating PPO
Step 23000 - Updating the algorithm
Update discriminator at step 67
Update discriminator at step 68
Update discriminator at step 69
[Debug] Reward mean: 10.8168, std: 1.0509
Updating PPO
Step 24000 - Updating the algorithm
Update discriminator at step 70
Update discriminator at step 71
Update discriminator at step 72
[Debug] Reward mean: 11.1462, std: 0.8846
Updating PPO
Step 25000 - Updating the algorithm
Update discriminator at step 73
Update discriminator at step 74
Update discriminator at step 75
[Debug] Reward mean: 10.9470, std: 0.9560
Updating PPO
Step 25000 - Evaluating the algorithm
Num steps: 25000    Return: -15654.4   Time: 0:54:30
Step 26000 - Updating the algorithm
Update discriminator at step 76
Update discriminator at step 77
Update discriminator at step 78
[Debug] Reward mean: 10.8836, std: 0.9700
Updating PPO
Step 27000 - Updating the algorithm
Update discriminator at step 79
Update discriminator at step 80
Update discriminator at step 81
[Debug] Reward mean: 11.0306, std: 0.9709
Updating PPO
Step 28000 - Updating the algorithm
Update discriminator at step 82
Update discriminator at step 83
Update discriminator at step 84
[Debug] Reward mean: 10.7841, std: 0.9848
Updating PPO
Step 29000 - Updating the algorithm
Update discriminator at step 85
Update discriminator at step 86
Update discriminator at step 87
[Debug] Reward mean: 10.6311, std: 1.0326
Updating PPO
Step 30000 - Updating the algorithm
Update discriminator at step 88
Update discriminator at step 89
Update discriminator at step 90
[Debug] Reward mean: 10.6635, std: 0.9414
Updating PPO
Step 30000 - Evaluating the algorithm
Num steps: 30000    Return: -15498.9   Time: 1:05:55
Step 31000 - Updating the algorithm
Update discriminator at step 91
Update discriminator at step 92
Update discriminator at step 93
[Debug] Reward mean: 10.5353, std: 0.9879
Updating PPO
Step 32000 - Updating the algorithm
Update discriminator at step 94
Update discriminator at step 95
Update discriminator at step 96
[Debug] Reward mean: 10.4760, std: 0.9995
Updating PPO
Step 33000 - Updating the algorithm
Update discriminator at step 97
Update discriminator at step 98
Update discriminator at step 99
[Debug] Reward mean: 10.4235, std: 0.9959
Updating PPO
Step 34000 - Updating the algorithm
Update discriminator at step 100
Update discriminator at step 101
Update discriminator at step 102
[Debug] Reward mean: 10.5072, std: 1.0101
Updating PPO
Step 35000 - Updating the algorithm
Update discriminator at step 103
Update discriminator at step 104
Update discriminator at step 105
[Debug] Reward mean: 10.4145, std: 1.0599
Updating PPO
Step 35000 - Evaluating the algorithm
Num steps: 35000    Return: -15599.8   Time: 1:18:07
Step 36000 - Updating the algorithm
Update discriminator at step 106
Update discriminator at step 107
Update discriminator at step 108
[Debug] Reward mean: 10.4073, std: 1.0312
Updating PPO
Step 37000 - Updating the algorithm
Update discriminator at step 109
Update discriminator at step 110
Update discriminator at step 111
[Debug] Reward mean: 10.0502, std: 1.1323
Updating PPO
Step 38000 - Updating the algorithm
Update discriminator at step 112
Update discriminator at step 113
Update discriminator at step 114
[Debug] Reward mean: 10.1176, std: 1.1499
Updating PPO
Step 39000 - Updating the algorithm
Update discriminator at step 115
Update discriminator at step 116
Update discriminator at step 117
[Debug] Reward mean: 10.0426, std: 1.0805
Updating PPO
Step 40000 - Updating the algorithm
Update discriminator at step 118
Update discriminator at step 119
Update discriminator at step 120
[Debug] Reward mean: 9.8302, std: 1.1568
Updating PPO
Step 40000 - Evaluating the algorithm
Num steps: 40000    Return: -15409.4   Time: 1:31:03
Step 41000 - Updating the algorithm
Update discriminator at step 121
Update discriminator at step 122
Update discriminator at step 123
[Debug] Reward mean: 9.9394, std: 1.1180
Updating PPO
Step 42000 - Updating the algorithm
Update discriminator at step 124
Update discriminator at step 125
Update discriminator at step 126
[Debug] Reward mean: 9.7634, std: 1.2070
Updating PPO
Step 43000 - Updating the algorithm
Update discriminator at step 127
Update discriminator at step 128
Update discriminator at step 129
[Debug] Reward mean: 9.8075, std: 1.1264
Updating PPO
Step 44000 - Updating the algorithm
Update discriminator at step 130
Update discriminator at step 131
Update discriminator at step 132
[Debug] Reward mean: 9.5727, std: 1.1834
Updating PPO
Step 45000 - Updating the algorithm
Update discriminator at step 133
Update discriminator at step 134
Update discriminator at step 135
[Debug] Reward mean: 9.5709, std: 1.1573
Updating PPO
Step 45000 - Evaluating the algorithm
Num steps: 45000    Return: -372.2   Time: 1:43:25
Step 46000 - Updating the algorithm
Update discriminator at step 136
Update discriminator at step 137
Update discriminator at step 138
[Debug] Reward mean: 9.3266, std: 1.2606
Updating PPO
Step 47000 - Updating the algorithm
Update discriminator at step 139
Update discriminator at step 140
Update discriminator at step 141
[Debug] Reward mean: 9.1967, std: 1.2746
Updating PPO
Step 48000 - Updating the algorithm
Update discriminator at step 142
Update discriminator at step 143
Update discriminator at step 144
[Debug] Reward mean: 9.0690, std: 1.3298
Updating PPO
Step 49000 - Updating the algorithm
Update discriminator at step 145
Update discriminator at step 146
Update discriminator at step 147
[Debug] Reward mean: 8.8605, std: 1.4177
Updating PPO
Step 50000 - Updating the algorithm
Update discriminator at step 148
Update discriminator at step 149
Update discriminator at step 150
[Debug] Reward mean: 8.8032, std: 1.3999
Updating PPO
Step 50000 - Evaluating the algorithm
Num steps: 50000    Return: -388.1   Time: 1:55:22
Step 51000 - Updating the algorithm
Update discriminator at step 151
Update discriminator at step 152
Update discriminator at step 153
[Debug] Reward mean: 8.6976, std: 1.3527
Updating PPO
Step 52000 - Updating the algorithm
Update discriminator at step 154
Update discriminator at step 155
Update discriminator at step 156
[Debug] Reward mean: 8.5481, std: 1.4702
Updating PPO
Step 53000 - Updating the algorithm
Update discriminator at step 157
Update discriminator at step 158
Update discriminator at step 159
[Debug] Reward mean: 8.3547, std: 1.4816
Updating PPO
Step 54000 - Updating the algorithm
Update discriminator at step 160
Update discriminator at step 161
Update discriminator at step 162
[Debug] Reward mean: 8.1714, std: 1.4470
Updating PPO
Step 55000 - Updating the algorithm
Update discriminator at step 163
Update discriminator at step 164
Update discriminator at step 165
[Debug] Reward mean: 8.1267, std: 1.4834
Updating PPO
Step 55000 - Evaluating the algorithm
Num steps: 55000    Return: -958.0   Time: 2:07:57
Step 56000 - Updating the algorithm
Update discriminator at step 166
Update discriminator at step 167
Update discriminator at step 168
[Debug] Reward mean: 7.7536, std: 1.5738
Updating PPO
Step 57000 - Updating the algorithm
Update discriminator at step 169
Update discriminator at step 170
Update discriminator at step 171
[Debug] Reward mean: 7.8161, std: 1.6073
Updating PPO
Step 58000 - Updating the algorithm
Update discriminator at step 172
Update discriminator at step 173
Update discriminator at step 174
[Debug] Reward mean: 7.5348, std: 1.7123
Updating PPO
Step 59000 - Updating the algorithm
Update discriminator at step 175
Update discriminator at step 176
Update discriminator at step 177
[Debug] Reward mean: 7.3734, std: 1.6282
Updating PPO
Step 60000 - Updating the algorithm
Update discriminator at step 178
Update discriminator at step 179
Update discriminator at step 180
[Debug] Reward mean: 7.1810, std: 1.6829
Updating PPO
Step 60000 - Evaluating the algorithm
Num steps: 60000    Return: -15512.0   Time: 2:23:32
Step 61000 - Updating the algorithm
Update discriminator at step 181
Update discriminator at step 182
Update discriminator at step 183
[Debug] Reward mean: 6.9530, std: 1.8264
Updating PPO
Step 62000 - Updating the algorithm
Update discriminator at step 184
Update discriminator at step 185
Update discriminator at step 186
[Debug] Reward mean: 6.8273, std: 1.7847
Updating PPO
Step 63000 - Updating the algorithm
Update discriminator at step 187
Update discriminator at step 188
Update discriminator at step 189
[Debug] Reward mean: 6.6630, std: 1.7410
Updating PPO
Step 64000 - Updating the algorithm
Update discriminator at step 190
Update discriminator at step 191
Update discriminator at step 192
[Debug] Reward mean: 6.3192, std: 1.8701
Updating PPO
Step 65000 - Updating the algorithm
Update discriminator at step 193
Update discriminator at step 194
Update discriminator at step 195
[Debug] Reward mean: 6.0179, std: 1.9262
Updating PPO
Step 65000 - Evaluating the algorithm
Num steps: 65000    Return: -325.9   Time: 2:37:06
Step 66000 - Updating the algorithm
Update discriminator at step 196
Update discriminator at step 197
Update discriminator at step 198
[Debug] Reward mean: 5.8764, std: 1.9886
Updating PPO
Step 67000 - Updating the algorithm
Update discriminator at step 199
Update discriminator at step 200
Update discriminator at step 201
[Debug] Reward mean: 5.6665, std: 1.9364
Updating PPO
Step 68000 - Updating the algorithm
Update discriminator at step 202
Update discriminator at step 203
Update discriminator at step 204
[Debug] Reward mean: 5.4885, std: 2.0152
Updating PPO
Step 69000 - Updating the algorithm
Update discriminator at step 205
Update discriminator at step 206
Update discriminator at step 207
[Debug] Reward mean: 5.1009, std: 2.0766
Updating PPO
Step 70000 - Updating the algorithm
Update discriminator at step 208
Update discriminator at step 209
Update discriminator at step 210
[Debug] Reward mean: 5.7089, std: 2.1040
Updating PPO
Step 70000 - Evaluating the algorithm
Num steps: 70000    Return: -6441.0   Time: 2:51:45
Step 71000 - Updating the algorithm
Update discriminator at step 211
Update discriminator at step 212
Update discriminator at step 213
[Debug] Reward mean: 6.3890, std: 1.7909
Updating PPO
Step 72000 - Updating the algorithm
Update discriminator at step 214
Update discriminator at step 215
Update discriminator at step 216
[Debug] Reward mean: 4.3100, std: 2.2938
Updating PPO
Step 73000 - Updating the algorithm
Update discriminator at step 217
Update discriminator at step 218
Update discriminator at step 219
[Debug] Reward mean: 3.9993, std: 2.3421
Updating PPO
Step 74000 - Updating the algorithm
Update discriminator at step 220
Update discriminator at step 221
Update discriminator at step 222
[Debug] Reward mean: 3.9595, std: 2.4249
Updating PPO
Step 75000 - Updating the algorithm
Update discriminator at step 223
Update discriminator at step 224
Update discriminator at step 225
[Debug] Reward mean: 3.6105, std: 2.3830
Updating PPO
Step 75000 - Evaluating the algorithm
Num steps: 75000    Return: -217.7   Time: 3:05:22
Step 76000 - Updating the algorithm
Update discriminator at step 226
Update discriminator at step 227
Update discriminator at step 228
[Debug] Reward mean: 3.4178, std: 2.3655
Updating PPO
Step 77000 - Updating the algorithm
Update discriminator at step 229
Update discriminator at step 230
Update discriminator at step 231
[Debug] Reward mean: 3.1755, std: 2.3948
Updating PPO
Step 78000 - Updating the algorithm
Update discriminator at step 232
Update discriminator at step 233
Update discriminator at step 234
[Debug] Reward mean: 2.9172, std: 2.4637
Updating PPO
Step 79000 - Updating the algorithm
Update discriminator at step 235
Update discriminator at step 236
Update discriminator at step 237
[Debug] Reward mean: 2.7839, std: 2.5065
Updating PPO
Step 80000 - Updating the algorithm
Update discriminator at step 238
Update discriminator at step 239
Update discriminator at step 240
[Debug] Reward mean: 2.7048, std: 2.5331
Updating PPO
Step 80000 - Evaluating the algorithm
Num steps: 80000    Return: -140.1   Time: 3:20:49
Step 81000 - Updating the algorithm
Update discriminator at step 241
Update discriminator at step 242
Update discriminator at step 243
[Debug] Reward mean: 2.4166, std: 2.4681
Updating PPO
Step 82000 - Updating the algorithm
Update discriminator at step 244
Update discriminator at step 245
Update discriminator at step 246
[Debug] Reward mean: 2.2818, std: 2.4620
Updating PPO
Step 83000 - Updating the algorithm
Update discriminator at step 247
Update discriminator at step 248
Update discriminator at step 249
[Debug] Reward mean: 2.1335, std: 2.4698
Updating PPO
Step 84000 - Updating the algorithm
Update discriminator at step 250
Update discriminator at step 251
Update discriminator at step 252
[Debug] Reward mean: 2.0034, std: 2.4246
Updating PPO
Step 85000 - Updating the algorithm
Update discriminator at step 253
Update discriminator at step 254
Update discriminator at step 255
[Debug] Reward mean: 1.9115, std: 2.4652
Updating PPO
Step 85000 - Evaluating the algorithm
Num steps: 85000    Return: -124.5   Time: 3:36:51
Step 86000 - Updating the algorithm
Update discriminator at step 256
Update discriminator at step 257
Update discriminator at step 258
[Debug] Reward mean: 1.9269, std: 2.4899
Updating PPO
Step 87000 - Updating the algorithm
Update discriminator at step 259
Update discriminator at step 260
Update discriminator at step 261
[Debug] Reward mean: 1.8402, std: 2.4747
Updating PPO
Step 88000 - Updating the algorithm
Update discriminator at step 262
Update discriminator at step 263
Update discriminator at step 264
[Debug] Reward mean: 1.7457, std: 2.3786
Updating PPO
Step 89000 - Updating the algorithm
Update discriminator at step 265
Update discriminator at step 266
Update discriminator at step 267
[Debug] Reward mean: 1.7517, std: 2.4876
Updating PPO
Step 90000 - Updating the algorithm
Update discriminator at step 268
Update discriminator at step 269
Update discriminator at step 270
[Debug] Reward mean: 1.7261, std: 2.4860
Updating PPO
Step 90000 - Evaluating the algorithm
Num steps: 90000    Return: -140.2   Time: 3:55:07
Step 91000 - Updating the algorithm
Update discriminator at step 271
Update discriminator at step 272
Update discriminator at step 273
[Debug] Reward mean: 1.5951, std: 2.3808
Updating PPO
Step 92000 - Updating the algorithm
Update discriminator at step 274
Update discriminator at step 275
Update discriminator at step 276
[Debug] Reward mean: 1.6099, std: 2.4260
Updating PPO
Step 93000 - Updating the algorithm
Update discriminator at step 277
Update discriminator at step 278
Update discriminator at step 279
[Debug] Reward mean: 1.6078, std: 2.3920
Updating PPO
Step 94000 - Updating the algorithm
Update discriminator at step 280
Update discriminator at step 281
Update discriminator at step 282
[Debug] Reward mean: 1.5538, std: 2.4188
Updating PPO
Step 95000 - Updating the algorithm
Update discriminator at step 283
Update discriminator at step 284
Update discriminator at step 285
[Debug] Reward mean: 1.5146, std: 2.3543
Updating PPO
Step 95000 - Evaluating the algorithm
Num steps: 95000    Return: -124.4   Time: 4:14:52
Step 96000 - Updating the algorithm
Update discriminator at step 286
Update discriminator at step 287
Update discriminator at step 288
[Debug] Reward mean: 1.5299, std: 2.3247
Updating PPO
Step 97000 - Updating the algorithm
Update discriminator at step 289
Update discriminator at step 290
Update discriminator at step 291
[Debug] Reward mean: 1.5128, std: 2.2799
Updating PPO
Step 98000 - Updating the algorithm
Update discriminator at step 292
Update discriminator at step 293
Update discriminator at step 294
[Debug] Reward mean: 1.4816, std: 2.3328
Updating PPO
Step 99000 - Updating the algorithm
Update discriminator at step 295
Update discriminator at step 296
Update discriminator at step 297
[Debug] Reward mean: 1.4485, std: 2.2598
Updating PPO
Step 100000 - Updating the algorithm
Update discriminator at step 298
Update discriminator at step 299
Update discriminator at step 300
[Debug] Reward mean: 1.4459, std: 2.2416
Updating PPO
Step 100000 - Evaluating the algorithm
Num steps: 100000   Return: -124.5   Time: 4:36:43
Step 101000 - Updating the algorithm
Update discriminator at step 301
Update discriminator at step 302
Update discriminator at step 303
[Debug] Reward mean: 1.4123, std: 2.1868
Updating PPO
Step 102000 - Updating the algorithm
Update discriminator at step 304
Update discriminator at step 305
Update discriminator at step 306
[Debug] Reward mean: 1.3651, std: 2.1838
Updating PPO
Step 103000 - Updating the algorithm
Update discriminator at step 307
Update discriminator at step 308
Update discriminator at step 309
[Debug] Reward mean: 1.4208, std: 2.1865
Updating PPO
Step 104000 - Updating the algorithm
Update discriminator at step 310
Update discriminator at step 311
Update discriminator at step 312
[Debug] Reward mean: 1.3862, std: 2.1706
Updating PPO
Step 105000 - Updating the algorithm
Update discriminator at step 313
Update discriminator at step 314
Update discriminator at step 315
[Debug] Reward mean: 1.3483, std: 2.1245
Updating PPO
Step 105000 - Evaluating the algorithm
Num steps: 105000   Return: -124.4   Time: 4:59:15
Step 106000 - Updating the algorithm
Update discriminator at step 316
Update discriminator at step 317
Update discriminator at step 318
[Debug] Reward mean: 1.3350, std: 2.0737
Updating PPO
Step 107000 - Updating the algorithm
Update discriminator at step 319
Update discriminator at step 320
Update discriminator at step 321
[Debug] Reward mean: 1.2427, std: 1.9856
Updating PPO
Step 108000 - Updating the algorithm
Update discriminator at step 322
Update discriminator at step 323
Update discriminator at step 324
[Debug] Reward mean: 1.2433, std: 1.9719
Updating PPO
Step 109000 - Updating the algorithm
Update discriminator at step 325
Update discriminator at step 326
Update discriminator at step 327
[Debug] Reward mean: 1.2372, std: 1.9401
Updating PPO
Step 110000 - Updating the algorithm
Update discriminator at step 328
Update discriminator at step 329
Update discriminator at step 330
[Debug] Reward mean: 1.2209, std: 1.9345
Updating PPO
Step 110000 - Evaluating the algorithm
Num steps: 110000   Return: -124.5   Time: 5:22:56
Step 111000 - Updating the algorithm
Update discriminator at step 331
Update discriminator at step 332
Update discriminator at step 333
[Debug] Reward mean: 1.1574, std: 1.8957
Updating PPO
Step 112000 - Updating the algorithm
Update discriminator at step 334
Update discriminator at step 335
Update discriminator at step 336
[Debug] Reward mean: 1.1483, std: 1.8442
Updating PPO
Step 113000 - Updating the algorithm
Update discriminator at step 337
Update discriminator at step 338
Update discriminator at step 339
[Debug] Reward mean: 1.0824, std: 1.7498
Updating PPO
Step 114000 - Updating the algorithm
Update discriminator at step 340
Update discriminator at step 341
Update discriminator at step 342
[Debug] Reward mean: 1.0768, std: 1.7268
Updating PPO
Step 115000 - Updating the algorithm
Update discriminator at step 343
Update discriminator at step 344
Update discriminator at step 345
[Debug] Reward mean: 1.0239, std: 1.7114
Updating PPO
Step 115000 - Evaluating the algorithm
Num steps: 115000   Return: -124.5   Time: 5:47:09
Step 116000 - Updating the algorithm
Update discriminator at step 346
Update discriminator at step 347
Update discriminator at step 348
[Debug] Reward mean: 0.9858, std: 1.6436
Updating PPO
Step 117000 - Updating the algorithm
Update discriminator at step 349
Update discriminator at step 350
Update discriminator at step 351
[Debug] Reward mean: 0.9591, std: 1.6188
Updating PPO
Step 118000 - Updating the algorithm
Update discriminator at step 352
Update discriminator at step 353
Update discriminator at step 354
[Debug] Reward mean: 0.9307, std: 1.5741
Updating PPO
Step 119000 - Updating the algorithm
Update discriminator at step 355
Update discriminator at step 356
Update discriminator at step 357
[Debug] Reward mean: 0.8872, std: 1.5220
Updating PPO
Step 120000 - Updating the algorithm
Update discriminator at step 358
Update discriminator at step 359
Update discriminator at step 360
[Debug] Reward mean: 0.8851, std: 1.5349
Updating PPO
Step 120000 - Evaluating the algorithm
Num steps: 120000   Return: -124.6   Time: 6:12:05
Step 121000 - Updating the algorithm
Update discriminator at step 361
Update discriminator at step 362
Update discriminator at step 363
[Debug] Reward mean: 0.8392, std: 1.4542
Updating PPO
Step 122000 - Updating the algorithm
Update discriminator at step 364
Update discriminator at step 365
Update discriminator at step 366
[Debug] Reward mean: 0.8287, std: 1.4421
Updating PPO
Step 123000 - Updating the algorithm
Update discriminator at step 367
Update discriminator at step 368
Update discriminator at step 369
[Debug] Reward mean: 0.7953, std: 1.4279
Updating PPO
Step 124000 - Updating the algorithm
Update discriminator at step 370
Update discriminator at step 371
Update discriminator at step 372
[Debug] Reward mean: 0.7512, std: 1.3771
Updating PPO
Step 125000 - Updating the algorithm
Update discriminator at step 373
Update discriminator at step 374
Update discriminator at step 375
[Debug] Reward mean: 0.7117, std: 1.2969
Updating PPO
Step 125000 - Evaluating the algorithm
Num steps: 125000   Return: -124.6   Time: 6:37:56
Step 126000 - Updating the algorithm
Update discriminator at step 376
Update discriminator at step 377
Update discriminator at step 378
[Debug] Reward mean: 0.6574, std: 1.2584
Updating PPO
Step 127000 - Updating the algorithm
Update discriminator at step 379
Update discriminator at step 380
Update discriminator at step 381
[Debug] Reward mean: 0.6660, std: 1.2387
Updating PPO
Step 128000 - Updating the algorithm
Update discriminator at step 382
Update discriminator at step 383
Update discriminator at step 384
[Debug] Reward mean: 0.6416, std: 1.2260
Updating PPO
Step 129000 - Updating the algorithm
Update discriminator at step 385
Update discriminator at step 386
Update discriminator at step 387
[Debug] Reward mean: 0.6324, std: 1.2589
Updating PPO
Step 130000 - Updating the algorithm
Update discriminator at step 388
Update discriminator at step 389
Update discriminator at step 390
[Debug] Reward mean: 0.5846, std: 1.1803
Updating PPO
Step 130000 - Evaluating the algorithm
Num steps: 130000   Return: -109.0   Time: 7:04:11
Step 131000 - Updating the algorithm
Update discriminator at step 391
Update discriminator at step 392
Update discriminator at step 393
[Debug] Reward mean: 0.5510, std: 1.1196
Updating PPO
Step 132000 - Updating the algorithm
Update discriminator at step 394
Update discriminator at step 395
Update discriminator at step 396
[Debug] Reward mean: 0.5496, std: 1.1194
Updating PPO
Step 133000 - Updating the algorithm
Update discriminator at step 397
Update discriminator at step 398
Update discriminator at step 399
[Debug] Reward mean: 0.5138, std: 1.0734
Updating PPO
Step 134000 - Updating the algorithm
Update discriminator at step 400
Update discriminator at step 401
Update discriminator at step 402
[Debug] Reward mean: 0.4694, std: 0.9760
Updating PPO
Step 135000 - Updating the algorithm
Update discriminator at step 403
Update discriminator at step 404
Update discriminator at step 405
[Debug] Reward mean: 0.4786, std: 1.0252
Updating PPO
Step 135000 - Evaluating the algorithm
Num steps: 135000   Return: -108.9   Time: 7:30:39
Step 136000 - Updating the algorithm
Update discriminator at step 406
Update discriminator at step 407
Update discriminator at step 408
[Debug] Reward mean: 0.4379, std: 0.9683
Updating PPO
Step 137000 - Updating the algorithm
Update discriminator at step 409
Update discriminator at step 410
Update discriminator at step 411
[Debug] Reward mean: 0.4249, std: 0.9525
Updating PPO
Step 138000 - Updating the algorithm
Update discriminator at step 412
Update discriminator at step 413
Update discriminator at step 414
[Debug] Reward mean: 0.4090, std: 0.8941
Updating PPO
Step 139000 - Updating the algorithm
Update discriminator at step 415
Update discriminator at step 416
Update discriminator at step 417
[Debug] Reward mean: 0.3925, std: 0.8903
Updating PPO
Step 140000 - Updating the algorithm
Update discriminator at step 418
Update discriminator at step 419
Update discriminator at step 420
[Debug] Reward mean: 0.3662, std: 0.8236
Updating PPO
Step 140000 - Evaluating the algorithm
Num steps: 140000   Return: -108.9   Time: 7:57:15
Step 141000 - Updating the algorithm
Update discriminator at step 421
Update discriminator at step 422
Update discriminator at step 423
[Debug] Reward mean: 0.3499, std: 0.7668
Updating PPO
Step 142000 - Updating the algorithm
Update discriminator at step 424
Update discriminator at step 425
Update discriminator at step 426
[Debug] Reward mean: 0.3592, std: 0.8315
Updating PPO
Step 143000 - Updating the algorithm
Update discriminator at step 427
Update discriminator at step 428
Update discriminator at step 429
[Debug] Reward mean: 0.3222, std: 0.7531
Updating PPO
Step 144000 - Updating the algorithm
Update discriminator at step 430
Update discriminator at step 431
Update discriminator at step 432
[Debug] Reward mean: 0.3154, std: 0.7484
Updating PPO
Step 145000 - Updating the algorithm
Update discriminator at step 433
Update discriminator at step 434
Update discriminator at step 435
[Debug] Reward mean: 0.3048, std: 0.7191
Updating PPO
Step 145000 - Evaluating the algorithm
Num steps: 145000   Return: -124.7   Time: 8:24:11
Step 146000 - Updating the algorithm
Update discriminator at step 436
Update discriminator at step 437
Update discriminator at step 438
[Debug] Reward mean: 0.2921, std: 0.6995
Updating PPO
Step 147000 - Updating the algorithm
Update discriminator at step 439
Update discriminator at step 440
Update discriminator at step 441
[Debug] Reward mean: 0.2697, std: 0.6568
Updating PPO
Step 148000 - Updating the algorithm
Update discriminator at step 442
Update discriminator at step 443
Update discriminator at step 444
[Debug] Reward mean: 0.2813, std: 0.7032
Updating PPO
Step 149000 - Updating the algorithm
Update discriminator at step 445
Update discriminator at step 446
Update discriminator at step 447
[Debug] Reward mean: 0.2848, std: 0.6840
Updating PPO
Step 150000 - Updating the algorithm
Update discriminator at step 448
Update discriminator at step 449
Update discriminator at step 450
[Debug] Reward mean: 0.2621, std: 0.6691
Updating PPO
Step 150000 - Evaluating the algorithm
Num steps: 150000   Return: -124.7   Time: 8:51:08
Step 151000 - Updating the algorithm
Update discriminator at step 451
Update discriminator at step 452
Update discriminator at step 453
[Debug] Reward mean: 0.2439, std: 0.6068
Updating PPO
Step 152000 - Updating the algorithm
Update discriminator at step 454
Update discriminator at step 455
Update discriminator at step 456
[Debug] Reward mean: 0.2347, std: 0.5970
Updating PPO
Step 153000 - Updating the algorithm
Update discriminator at step 457
Update discriminator at step 458
Update discriminator at step 459
[Debug] Reward mean: 0.2308, std: 0.5934
Updating PPO
Step 154000 - Updating the algorithm
Update discriminator at step 460
Update discriminator at step 461
Update discriminator at step 462
[Debug] Reward mean: 0.2234, std: 0.5821
Updating PPO
Step 155000 - Updating the algorithm
Update discriminator at step 463
Update discriminator at step 464
Update discriminator at step 465
[Debug] Reward mean: 0.2150, std: 0.5618
Updating PPO
Step 155000 - Evaluating the algorithm
Num steps: 155000   Return: -109.0   Time: 9:18:22
Step 156000 - Updating the algorithm
Update discriminator at step 466
Update discriminator at step 467
Update discriminator at step 468
[Debug] Reward mean: 0.2123, std: 0.5369
Updating PPO
Step 157000 - Updating the algorithm
Update discriminator at step 469
Update discriminator at step 470
Update discriminator at step 471
[Debug] Reward mean: 0.2051, std: 0.5226
Updating PPO
Step 158000 - Updating the algorithm
Update discriminator at step 472
Update discriminator at step 473
Update discriminator at step 474
[Debug] Reward mean: 0.1954, std: 0.4972
Updating PPO
Step 159000 - Updating the algorithm
Update discriminator at step 475
Update discriminator at step 476
Update discriminator at step 477
[Debug] Reward mean: 0.1783, std: 0.4678
Updating PPO
Step 160000 - Updating the algorithm
Update discriminator at step 478
Update discriminator at step 479
Update discriminator at step 480
[Debug] Reward mean: 0.1770, std: 0.4579
Updating PPO
Step 160000 - Evaluating the algorithm
Num steps: 160000   Return: -109.0   Time: 9:45:27
Step 161000 - Updating the algorithm
Update discriminator at step 481
Update discriminator at step 482
Update discriminator at step 483
[Debug] Reward mean: 0.1695, std: 0.4371
Updating PPO
Step 162000 - Updating the algorithm
Update discriminator at step 484
Update discriminator at step 485
Update discriminator at step 486
[Debug] Reward mean: 0.1582, std: 0.4093
Updating PPO
Step 163000 - Updating the algorithm
Update discriminator at step 487
Update discriminator at step 488
Update discriminator at step 489
[Debug] Reward mean: 0.1552, std: 0.4094
Updating PPO
Step 164000 - Updating the algorithm
Update discriminator at step 490
Update discriminator at step 491
Update discriminator at step 492
[Debug] Reward mean: 0.1528, std: 0.3972
Updating PPO
Step 165000 - Updating the algorithm
Update discriminator at step 493
Update discriminator at step 494
Update discriminator at step 495
[Debug] Reward mean: 0.1383, std: 0.3780
Updating PPO
Step 165000 - Evaluating the algorithm
Num steps: 165000   Return: -109.1   Time: 10:12:36
Step 166000 - Updating the algorithm
Update discriminator at step 496
Update discriminator at step 497
Update discriminator at step 498
[Debug] Reward mean: 0.1264, std: 0.3334
Updating PPO
Step 167000 - Updating the algorithm
Update discriminator at step 499
Update discriminator at step 500
Update discriminator at step 501
[Debug] Reward mean: 0.1164, std: 0.3051
Updating PPO
Step 168000 - Updating the algorithm
Update discriminator at step 502
Update discriminator at step 503
Update discriminator at step 504
[Debug] Reward mean: 0.1105, std: 0.3050
Updating PPO
Step 169000 - Updating the algorithm
Update discriminator at step 505
Update discriminator at step 506
Update discriminator at step 507
[Debug] Reward mean: 0.0949, std: 0.2459
Updating PPO
Step 170000 - Updating the algorithm
Update discriminator at step 508
Update discriminator at step 509
Update discriminator at step 510
[Debug] Reward mean: 0.0949, std: 0.2468
Updating PPO
Step 170000 - Evaluating the algorithm
Num steps: 170000   Return: -109.1   Time: 10:40:10
Models saved to logs/Medauroidea/airl/20250717-1210/model
