/home/yuchen/airl-insect-walking/ros2_ws/install/robot_policy/lib/python3.10/site-packages/robot_policy/sim_states_node.py
/home/yuchen/airl-insect-walking/ros2_ws/install/robot_policy/lib/python3.10/site-packages/robot_policy/fake_contact_states.py
/home/yuchen/airl-insect-walking/ros2_ws/install/robot_policy/lib/python3.10/site-packages/robot_policy/fake_joint_states.py
/home/yuchen/airl-insect-walking/ros2_ws/install/robot_policy/lib/python3.10/site-packages/robot_policy/policy_node.py
/home/yuchen/airl-insect-walking/ros2_ws/install/robot_policy/lib/python3.10/site-packages/robot_policy/fake_imu_states.py
/home/yuchen/airl-insect-walking/ros2_ws/install/robot_policy/lib/python3.10/site-packages/robot_policy/__init__.py
/home/yuchen/airl-insect-walking/ros2_ws/install/robot_policy/lib/python3.10/site-packages/robot_policy/__pycache__/sim_states_node.cpython-310.pyc
/home/yuchen/airl-insect-walking/ros2_ws/install/robot_policy/lib/python3.10/site-packages/robot_policy/__pycache__/fake_contact_states.cpython-310.pyc
/home/yuchen/airl-insect-walking/ros2_ws/install/robot_policy/lib/python3.10/site-packages/robot_policy/__pycache__/fake_joint_states.cpython-310.pyc
/home/yuchen/airl-insect-walking/ros2_ws/install/robot_policy/lib/python3.10/site-packages/robot_policy/__pycache__/policy_node.cpython-310.pyc
/home/yuchen/airl-insect-walking/ros2_ws/install/robot_policy/lib/python3.10/site-packages/robot_policy/__pycache__/fake_imu_states.cpython-310.pyc
/home/yuchen/airl-insect-walking/ros2_ws/install/robot_policy/lib/python3.10/site-packages/robot_policy/__pycache__/__init__.cpython-310.pyc
/home/yuchen/airl-insect-walking/ros2_ws/install/robot_policy/share/ament_index/resource_index/packages/robot_policy
/home/yuchen/airl-insect-walking/ros2_ws/install/robot_policy/share/robot_policy/package.xml
/home/yuchen/airl-insect-walking/ros2_ws/install/robot_policy/lib/python3.10/site-packages/robot_policy-0.0.1-py3.10.egg-info/top_level.txt
/home/yuchen/airl-insect-walking/ros2_ws/install/robot_policy/lib/python3.10/site-packages/robot_policy-0.0.1-py3.10.egg-info/dependency_links.txt
/home/yuchen/airl-insect-walking/ros2_ws/install/robot_policy/lib/python3.10/site-packages/robot_policy-0.0.1-py3.10.egg-info/SOURCES.txt
/home/yuchen/airl-insect-walking/ros2_ws/install/robot_policy/lib/python3.10/site-packages/robot_policy-0.0.1-py3.10.egg-info/zip-safe
/home/yuchen/airl-insect-walking/ros2_ws/install/robot_policy/lib/python3.10/site-packages/robot_policy-0.0.1-py3.10.egg-info/requires.txt
/home/yuchen/airl-insect-walking/ros2_ws/install/robot_policy/lib/python3.10/site-packages/robot_policy-0.0.1-py3.10.egg-info/entry_points.txt
/home/yuchen/airl-insect-walking/ros2_ws/install/robot_policy/lib/python3.10/site-packages/robot_policy-0.0.1-py3.10.egg-info/PKG-INFO
/home/yuchen/airl-insect-walking/ros2_ws/install/robot_policy/lib/robot_policy/fake_contact_states
/home/yuchen/airl-insect-walking/ros2_ws/install/robot_policy/lib/robot_policy/fake_imu_states
/home/yuchen/airl-insect-walking/ros2_ws/install/robot_policy/lib/robot_policy/fake_joint_states
/home/yuchen/airl-insect-walking/ros2_ws/install/robot_policy/lib/robot_policy/policy_node
