Logging started at 20250521-1537
NVIDIA GeForce RTX 4060 Laptop GPU
Process ID: 22020
Env: StickInsect-v5, experts/StickInsect_states_v2.pt, experts/StickInsect_actions_v2.pt, Seed: 0
Rollout length: 3000
Num steps: 2000000, Eval interval: 10000
Gamma: 0.995, Mix buffer: 1, Batch size: 64
lr_actor: 0.0001, lr_critic: 0.0001, lr_disc: 0.0003
Units Actor: (64, 64), Units Critic: (64, 64)
Units Disc R: (100, 100), Units Disc V: (100, 100)
Epoch ppo: 50, Epoch disc: 10
Clip Epsc: 0.2, Lambda: 0.97, Coef Ent: 0.05, Max Grad Norm: 10.0
Load data states: (2749, 49), actions: (2749, 18)
Expert data states: (2748, 49), actions: (2748, 18)
Expert buffer size: 2748
[BC Init] Loaded actor weights from weights/bc_pretrained_actor.pth
Initial state shape: (49,)
[Debug] Reward mean: 0.0274, std: 0.3806
[Debug] Reward mean: 0.0000, std: 0.0014
[Debug] Reward mean: 0.0000, std: 0.0000
Num steps: 10000    Return: 2017.1   Time: 0:00:14
[Debug] Reward mean: 0.0000, std: 0.0000
[Debug] Reward mean: 0.0000, std: 0.0000
[Debug] Reward mean: 0.0000, std: 0.0000
Num steps: 20000    Return: 1275.6   Time: 0:00:28
[Debug] Reward mean: 0.0000, std: 0.0000
[Debug] Reward mean: 0.0000, std: 0.0000
[Debug] Reward mean: 0.0000, std: 0.0000
[Debug] Reward mean: 0.0000, std: 0.0000
Num steps: 30000    Return: 1418.1   Time: 0:00:42
[Debug] Reward mean: 0.0000, std: 0.0000
[Debug] Reward mean: 0.0000, std: 0.0000
[Debug] Reward mean: 0.0000, std: 0.0000
Num steps: 40000    Return: 1345.2   Time: 0:00:57
[Debug] Reward mean: 0.0000, std: 0.0000
[Debug] Reward mean: 0.0000, std: 0.0000
[Debug] Reward mean: 0.0000, std: 0.0000
Num steps: 50000    Return: 1086.8   Time: 0:01:11
[Debug] Reward mean: 0.0000, std: 0.0000
[Debug] Reward mean: 0.0000, std: 0.0000
[Debug] Reward mean: 0.0000, std: 0.0000
[Debug] Reward mean: 0.0000, std: 0.0000
Num steps: 60000    Return: 1204.8   Time: 0:01:26
[Debug] Reward mean: 0.0000, std: 0.0000
[Debug] Reward mean: 0.0000, std: 0.0000
[Debug] Reward mean: 0.0000, std: 0.0000
Num steps: 70000    Return: 859.7   Time: 0:01:40
[Debug] Reward mean: 0.0001, std: 0.0032
[Debug] Reward mean: 0.2098, std: 2.0211
[Debug] Reward mean: 3.6630, std: 9.7289
Num steps: 80000    Return: 1363.0   Time: 0:01:55
[Debug] Reward mean: 0.0000, std: 0.0000
[Debug] Reward mean: 0.0000, std: 0.0000
[Debug] Reward mean: 0.0000, std: 0.0000
[Debug] Reward mean: 0.0000, std: 0.0000
Num steps: 90000    Return: 981.4   Time: 0:02:10
[Debug] Reward mean: 0.0071, std: 0.3182
[Debug] Reward mean: 0.0018, std: 0.0604
[Debug] Reward mean: 0.6833, std: 3.9711
Num steps: 100000   Return: 937.3   Time: 0:02:25
[Debug] Reward mean: 0.3894, std: 3.0982
[Debug] Reward mean: 0.2308, std: 1.7801
[Debug] Reward mean: 0.2053, std: 1.8514
Num steps: 110000   Return: 1058.1   Time: 0:02:39
[Debug] Reward mean: 1.7480, std: 6.4146
[Debug] Reward mean: 0.2793, std: 2.2078
[Debug] Reward mean: 0.5394, std: 3.2279
[Debug] Reward mean: 2.7964, std: 8.9542
Num steps: 120000   Return: 1603.7   Time: 0:02:54
[Debug] Reward mean: 0.1957, std: 1.9656
[Debug] Reward mean: 0.0523, std: 0.8560
[Debug] Reward mean: 0.1658, std: 1.7592
Num steps: 130000   Return: 924.7   Time: 0:03:08
[Debug] Reward mean: 0.0213, std: 0.4110
[Debug] Reward mean: 0.2609, std: 2.0373
[Debug] Reward mean: 0.8884, std: 3.9712
Num steps: 140000   Return: 1654.9   Time: 0:03:22
[Debug] Reward mean: 1.1056, std: 4.6010
[Debug] Reward mean: 1.9056, std: 6.8094
[Debug] Reward mean: 0.3237, std: 2.4011
[Debug] Reward mean: 0.4252, std: 2.7647
Num steps: 150000   Return: 1338.5   Time: 0:03:36
[Debug] Reward mean: 0.2690, std: 2.2202
[Debug] Reward mean: 1.6948, std: 6.3342
[Debug] Reward mean: 0.5480, std: 3.3019
Num steps: 160000   Return: 1335.4   Time: 0:03:51
[Debug] Reward mean: 2.1402, std: 7.9649
[Debug] Reward mean: 5.1686, std: 14.2395
[Debug] Reward mean: 0.0248, std: 0.6704
Num steps: 170000   Return: 1165.5   Time: 0:04:05
[Debug] Reward mean: 0.0000, std: 0.0000
[Debug] Reward mean: 0.0519, std: 1.0266
[Debug] Reward mean: 0.0000, std: 0.0000
[Debug] Reward mean: 0.0000, std: 0.0000
Num steps: 180000   Return: 911.6   Time: 0:04:21
[Debug] Reward mean: 0.0353, std: 0.8418
[Debug] Reward mean: 0.0000, std: 0.0000
[Debug] Reward mean: 0.1426, std: 1.7376
Num steps: 190000   Return: 1199.7   Time: 0:04:35
[Debug] Reward mean: 3.3141, std: 10.5833
[Debug] Reward mean: 1.0115, std: 6.4932
[Debug] Reward mean: 0.0183, std: 0.5069
Num steps: 200000   Return: 1474.6   Time: 0:04:49
[Debug] Reward mean: 0.0856, std: 1.3307
[Debug] Reward mean: 0.0982, std: 1.4544
[Debug] Reward mean: 0.2462, std: 1.9568
[Debug] Reward mean: 3.8778, std: 11.9088
Num steps: 210000   Return: 1290.0   Time: 0:05:04
[Debug] Reward mean: 2.0001, std: 8.9948
[Debug] Reward mean: 0.0092, std: 0.2532
[Debug] Reward mean: 0.0351, std: 0.8439
Num steps: 220000   Return: 765.2   Time: 0:05:19
[Debug] Reward mean: 0.0338, std: 0.9695
[Debug] Reward mean: 0.0772, std: 1.5989
[Debug] Reward mean: 2.1771, std: 9.5808
Num steps: 230000   Return: 1373.4   Time: 0:05:33
[Debug] Reward mean: 0.1634, std: 1.9803
[Debug] Reward mean: 0.2201, std: 2.5070
[Debug] Reward mean: 23.7644, std: 31.9499
[Debug] Reward mean: 0.1110, std: 1.6242
Num steps: 240000   Return: 1529.3   Time: 0:05:47
[Debug] Reward mean: 0.0027, std: 0.1457
[Debug] Reward mean: 0.9064, std: 6.1863
[Debug] Reward mean: 0.0111, std: 0.4157
Num steps: 250000   Return: 1264.9   Time: 0:06:02
[Debug] Reward mean: 1.0038, std: 6.0758
[Debug] Reward mean: 0.0952, std: 1.2757
[Debug] Reward mean: 0.0000, std: 0.0000
Num steps: 260000   Return: 1401.7   Time: 0:06:16
[Debug] Reward mean: 0.0587, std: 1.4254
[Debug] Reward mean: 7.0842, std: 22.3581
[Debug] Reward mean: 0.0703, std: 1.1634
[Debug] Reward mean: 0.1879, std: 2.3503
Num steps: 270000   Return: 960.9   Time: 0:06:30
[Debug] Reward mean: 0.0257, std: 1.4072
[Debug] Reward mean: 0.5598, std: 5.1178
[Debug] Reward mean: 0.8897, std: 5.6138
Num steps: 280000   Return: 1204.7   Time: 0:06:44
[Debug] Reward mean: 0.1950, std: 2.6158
[Debug] Reward mean: 45.2740, std: 53.2454
[Debug] Reward mean: 0.2778, std: 2.9341
Num steps: 290000   Return: 1244.5   Time: 0:06:58
[Debug] Reward mean: 0.0132, std: 0.6231
[Debug] Reward mean: 0.2718, std: 2.9973
[Debug] Reward mean: 0.0006, std: 0.0319
[Debug] Reward mean: 0.0586, std: 3.2079
Num steps: 300000   Return: 1293.9   Time: 0:07:13
[Debug] Reward mean: 0.0412, std: 0.9854
[Debug] Reward mean: 0.6317, std: 6.4232
[Debug] Reward mean: 3.4342, std: 19.1957
Num steps: 310000   Return: 1201.1   Time: 0:07:26
[Debug] Reward mean: 0.0762, std: 2.4666
[Debug] Reward mean: 0.2010, std: 3.4627
[Debug] Reward mean: 8.8764, std: 37.1034
Num steps: 320000   Return: 1275.7   Time: 0:07:40
[Debug] Reward mean: 0.2160, std: 4.9128
[Debug] Reward mean: 0.3485, std: 4.5730
[Debug] Reward mean: 2.5637, std: 17.6045
[Debug] Reward mean: 0.2973, std: 5.9706
Num steps: 330000   Return: 1627.4   Time: 0:07:54
[Debug] Reward mean: 1.9224, std: 12.1537
[Debug] Reward mean: 1.2220, std: 14.6695
[Debug] Reward mean: 0.8377, std: 11.3962
Num steps: 340000   Return: 1298.0   Time: 0:08:08
[Debug] Reward mean: 54.0401, std: 57.7982
[Debug] Reward mean: 12.0369, std: 50.0676
[Debug] Reward mean: 0.1460, std: 7.9967
Num steps: 350000   Return: 1078.2   Time: 0:08:22
[Debug] Reward mean: 5.8644, std: 30.9191
[Debug] Reward mean: 0.0578, std: 3.1675
[Debug] Reward mean: 0.3327, std: 8.6688
[Debug] Reward mean: 0.2036, std: 6.4603
Num steps: 360000   Return: 1222.3   Time: 0:08:37
[Debug] Reward mean: 0.2711, std: 9.1716
[Debug] Reward mean: 0.5075, std: 12.0948
[Debug] Reward mean: 0.1021, std: 5.5940
Num steps: 370000   Return: 1308.1   Time: 0:08:51
[Debug] Reward mean: 38.7618, std: 85.4856
[Debug] Reward mean: 47.8678, std: 128.2478
[Debug] Reward mean: 0.1468, std: 8.0394
Num steps: 380000   Return: 838.3   Time: 0:09:04
[Debug] Reward mean: 0.1527, std: 8.3646
[Debug] Reward mean: 0.1105, std: 6.0501
[Debug] Reward mean: 0.1580, std: 8.6546
[Debug] Reward mean: 0.1230, std: 6.7376
Num steps: 390000   Return: 1535.8   Time: 0:09:18
[Debug] Reward mean: 0.5735, std: 16.9601
[Debug] Reward mean: 0.1198, std: 6.5598
[Debug] Reward mean: 0.1447, std: 7.9249
Num steps: 400000   Return: 1023.4   Time: 0:09:33
[Debug] Reward mean: 0.1306, std: 7.1534
[Debug] Reward mean: 0.1934, std: 10.5929
[Debug] Reward mean: 0.1724, std: 8.9674
Num steps: 410000   Return: 1329.1   Time: 0:09:46
[Debug] Reward mean: 0.1500, std: 8.2139
[Debug] Reward mean: 0.3282, std: 17.9757
[Debug] Reward mean: 0.2302, std: 10.7227
[Debug] Reward mean: 1.2790, std: 16.3711
Num steps: 420000   Return: 1304.0   Time: 0:10:01
[Debug] Reward mean: 1118.8870, std: 480.6725
[Debug] Reward mean: 42.5677, std: 184.4471
[Debug] Reward mean: 0.2138, std: 11.6566
Num steps: 430000   Return: 1008.8   Time: 0:10:15
[Debug] Reward mean: 0.3325, std: 10.8055
[Debug] Reward mean: 5.3334, std: 46.3587
[Debug] Reward mean: 0.9131, std: 24.9882
Num steps: 440000   Return: 1127.7   Time: 0:10:29
[Debug] Reward mean: 0.3100, std: 16.9796
[Debug] Reward mean: 0.4040, std: 21.7946
[Debug] Reward mean: 26.8385, std: 114.9413
[Debug] Reward mean: 3.0475, std: 37.0173
Num steps: 450000   Return: 1252.8   Time: 0:10:43
[Debug] Reward mean: 0.2236, std: 12.2468
[Debug] Reward mean: 0.2338, std: 12.8073
[Debug] Reward mean: 14.8911, std: 68.8970
Num steps: 460000   Return: 1527.2   Time: 0:10:56
[Debug] Reward mean: 0.2254, std: 12.3434
[Debug] Reward mean: 0.4032, std: 22.0828
[Debug] Reward mean: 0.4953, std: 25.8493
Num steps: 470000   Return: 1078.5   Time: 0:11:10
[Debug] Reward mean: 32.2210, std: 146.9207
[Debug] Reward mean: 2.7876, std: 42.5127
[Debug] Reward mean: 19.3626, std: 98.4018
[Debug] Reward mean: 24.4957, std: 115.6793
Num steps: 480000   Return: 1449.5   Time: 0:11:24
[Debug] Reward mean: 0.2467, std: 13.5123
[Debug] Reward mean: 5.1117, std: 42.8142
[Debug] Reward mean: 0.4131, std: 15.0900
Num steps: 490000   Return: 735.6   Time: 0:11:38
[Debug] Reward mean: 173.8943, std: 330.6235
[Debug] Reward mean: 0.6355, std: 24.3515
[Debug] Reward mean: 19.3908, std: 107.8176
Num steps: 500000   Return: 730.7   Time: 0:11:51
[Debug] Reward mean: 0.3728, std: 17.8092
[Debug] Reward mean: 0.3782, std: 20.7171
[Debug] Reward mean: 252.9563, std: 376.0134
[Debug] Reward mean: 1.7795, std: 31.1889
Num steps: 510000   Return: 1225.7   Time: 0:12:06
[Debug] Reward mean: 0.2171, std: 11.8898
[Debug] Reward mean: 0.4877, std: 26.7109
[Debug] Reward mean: 0.6529, std: 35.7633
Num steps: 520000   Return: 1370.4   Time: 0:12:21
[Debug] Reward mean: 0.4838, std: 21.0641
[Debug] Reward mean: 0.3458, std: 18.9391
[Debug] Reward mean: 0.5814, std: 31.8458
Num steps: 530000   Return: 1304.1   Time: 0:12:35
[Debug] Reward mean: 4.4583, std: 56.5041
[Debug] Reward mean: 1.9167, std: 46.2425
[Debug] Reward mean: 5.0325, std: 58.1021
[Debug] Reward mean: 0.5220, std: 28.5912
Num steps: 540000   Return: 1025.1   Time: 0:12:51
[Debug] Reward mean: 0.5698, std: 31.2074
[Debug] Reward mean: 0.8344, std: 45.7033
[Debug] Reward mean: 1.1522, std: 41.5727
Num steps: 550000   Return: 1228.1   Time: 0:13:05
[Debug] Reward mean: 16.0342, std: 109.5675
[Debug] Reward mean: 0.8312, std: 45.5252
[Debug] Reward mean: 1.1217, std: 61.4367
Num steps: 560000   Return: 1405.7   Time: 0:13:19
[Debug] Reward mean: 0.5494, std: 30.0921
[Debug] Reward mean: 1.3548, std: 52.6739
[Debug] Reward mean: 7.9181, std: 68.5822
[Debug] Reward mean: 89.2667, std: 386.6055
Num steps: 570000   Return: 794.4   Time: 0:13:34
[Debug] Reward mean: 1.8924, std: 65.4358
[Debug] Reward mean: 0.7846, std: 42.9724
[Debug] Reward mean: 1.1202, std: 61.3544
Num steps: 580000   Return: 1000.6   Time: 0:13:48
[Debug] Reward mean: 0.7790, std: 42.6682
[Debug] Reward mean: 131.7833, std: 509.8543
[Debug] Reward mean: 0.7774, std: 42.5712
Num steps: 590000   Return: 1212.7   Time: 0:14:03
[Debug] Reward mean: 0.9160, std: 45.0727
[Debug] Reward mean: 1.0651, std: 57.4236
[Debug] Reward mean: 1.8271, std: 85.3215
[Debug] Reward mean: 2.4381, std: 71.8900
Num steps: 600000   Return: 1139.9   Time: 0:14:17
[Debug] Reward mean: 21.0350, std: 130.7487
[Debug] Reward mean: 6.7020, std: 131.0227
[Debug] Reward mean: 0.8939, std: 48.9300
Num steps: 610000   Return: 1223.0   Time: 0:14:32
[Debug] Reward mean: 1.8360, std: 69.3376
[Debug] Reward mean: 4.5596, std: 78.3143
[Debug] Reward mean: 1.2589, std: 55.4458
Num steps: 620000   Return: 1336.3   Time: 0:14:45
[Debug] Reward mean: 1.3686, std: 72.7184
[Debug] Reward mean: 0.8467, std: 46.3763
[Debug] Reward mean: 1.0825, std: 53.1357
[Debug] Reward mean: 91.7132, std: 422.1677
Num steps: 630000   Return: 1147.6   Time: 0:15:01
[Debug] Reward mean: 2.3412, std: 75.5420
[Debug] Reward mean: 66.1198, std: 313.7744
[Debug] Reward mean: 1.5197, std: 82.8714
Num steps: 640000   Return: 1467.3   Time: 0:15:15
[Debug] Reward mean: 129.9074, std: 502.8545
[Debug] Reward mean: 92.1060, std: 405.9329
[Debug] Reward mean: 11.8347, std: 117.6223
Num steps: 650000   Return: 1167.5   Time: 0:15:30
[Debug] Reward mean: 55.5010, std: 269.9821
[Debug] Reward mean: 124.2242, std: 575.4600
[Debug] Reward mean: 94.7683, std: 394.3820
[Debug] Reward mean: 1.4041, std: 75.2800
Num steps: 660000   Return: 902.3   Time: 0:15:44
[Debug] Reward mean: 2.5482, std: 135.8961
[Debug] Reward mean: 1.5400, std: 82.6270
[Debug] Reward mean: 1.5542, std: 76.1221
Num steps: 670000   Return: 780.5   Time: 0:15:59
[Debug] Reward mean: 2.3588, std: 93.3280
[Debug] Reward mean: 1.9847, std: 98.9891
[Debug] Reward mean: 2.3237, std: 104.1751
Num steps: 680000   Return: 1300.4   Time: 0:16:14
[Debug] Reward mean: 2.1669, std: 116.2220
[Debug] Reward mean: 24.9502, std: 189.1231
[Debug] Reward mean: 2.3964, std: 131.2551
[Debug] Reward mean: 2.1093, std: 115.5332
Num steps: 690000   Return: 999.5   Time: 0:16:30
[Debug] Reward mean: 6295.1875, std: 3059.0520
[Debug] Reward mean: 704.6326, std: 1913.0105
[Debug] Reward mean: 4.0318, std: 143.5588
Num steps: 700000   Return: 1087.8   Time: 0:16:44
[Debug] Reward mean: 2.1329, std: 106.9741
[Debug] Reward mean: 2.2197, std: 121.5788
[Debug] Reward mean: 7.4360, std: 156.3685
Num steps: 710000   Return: 1209.1   Time: 0:16:59
[Debug] Reward mean: 1.5039, std: 82.3741
[Debug] Reward mean: 2.5511, std: 139.7290
[Debug] Reward mean: 1.9353, std: 84.1474
[Debug] Reward mean: 2.6106, std: 127.7803
Num steps: 720000   Return: 981.3   Time: 0:17:14
[Debug] Reward mean: 2.4685, std: 128.4881
[Debug] Reward mean: 4.4315, std: 164.8791
[Debug] Reward mean: 4.1786, std: 161.4474
Num steps: 730000   Return: 1261.8   Time: 0:17:28
[Debug] Reward mean: 82.2572, std: 561.7098
[Debug] Reward mean: 47.2746, std: 288.2016
[Debug] Reward mean: 4.3787, std: 107.7452
Num steps: 740000   Return: 1216.1   Time: 0:17:42
[Debug] Reward mean: 8383.8896, std: 4574.4102
[Debug] Reward mean: 951.8301, std: 2419.3157
[Debug] Reward mean: 2.2477, std: 120.3009
[Debug] Reward mean: 2.3149, std: 103.4769
Num steps: 750000   Return: 1215.8   Time: 0:17:57
[Debug] Reward mean: 47.0326, std: 300.0013
[Debug] Reward mean: 2.0783, std: 113.8324
[Debug] Reward mean: 2.8571, std: 154.3284
Num steps: 760000   Return: 1216.0   Time: 0:18:11
[Debug] Reward mean: 3.4040, std: 135.3738
[Debug] Reward mean: 5.2162, std: 218.1184
[Debug] Reward mean: 2.6686, std: 139.6065
Num steps: 770000   Return: 1073.6   Time: 0:18:25
[Debug] Reward mean: 186.9412, std: 832.7966
[Debug] Reward mean: 2.8721, std: 138.8134
[Debug] Reward mean: 2.7856, std: 152.5756
[Debug] Reward mean: 3.2757, std: 179.4160
Num steps: 780000   Return: 1260.3   Time: 0:18:40
[Debug] Reward mean: 9.7872, std: 165.2334
[Debug] Reward mean: 3.0803, std: 147.8206
[Debug] Reward mean: 54.0153, std: 316.0373
Num steps: 790000   Return: 903.8   Time: 0:18:54
[Debug] Reward mean: 2.9837, std: 163.4215
[Debug] Reward mean: 453.5364, std: 1065.3013
[Debug] Reward mean: 16.7947, std: 183.5278
Num steps: 800000   Return: 1165.8   Time: 0:19:09
[Debug] Reward mean: 3.3065, std: 159.3245
[Debug] Reward mean: 24.9570, std: 232.0862
[Debug] Reward mean: 3.3993, std: 151.1147
[Debug] Reward mean: 3.5186, std: 187.0213
Num steps: 810000   Return: 1139.6   Time: 0:19:23
[Debug] Reward mean: 2.6004, std: 117.6283
[Debug] Reward mean: 193.4733, std: 882.4438
[Debug] Reward mean: 5.0449, std: 205.9128
Num steps: 820000   Return: 728.8   Time: 0:19:37
[Debug] Reward mean: 4.3966, std: 185.2613
[Debug] Reward mean: 40.1893, std: 294.9449
[Debug] Reward mean: 3.3831, std: 175.3093
Num steps: 830000   Return: 1546.8   Time: 0:19:51
[Debug] Reward mean: 9253.7012, std: 5224.3091
[Debug] Reward mean: 1002.4371, std: 2727.1387
[Debug] Reward mean: 5.3243, std: 208.7124
[Debug] Reward mean: 1320.0580, std: 2142.7217
Num steps: 840000   Return: 839.2   Time: 0:20:06
[Debug] Reward mean: 33.1860, std: 241.9890
[Debug] Reward mean: 3.6341, std: 199.0473
[Debug] Reward mean: 1.5398, std: 84.3391
Num steps: 850000   Return: 1755.8   Time: 0:20:20
[Debug] Reward mean: 3.0907, std: 169.2867
[Debug] Reward mean: 3.0963, std: 169.5918
[Debug] Reward mean: 32.5323, std: 309.8530
Num steps: 860000   Return: 1256.8   Time: 0:20:34
[Debug] Reward mean: 3.7080, std: 193.6806
[Debug] Reward mean: 3.7070, std: 200.6108
[Debug] Reward mean: 2.9329, std: 160.6416
[Debug] Reward mean: 2.8341, std: 149.3516
Num steps: 870000   Return: 1112.5   Time: 0:20:49
[Debug] Reward mean: 4.9461, std: 270.9103
[Debug] Reward mean: 4.0694, std: 184.7940
[Debug] Reward mean: 3.2525, std: 178.1458
Num steps: 880000   Return: 980.1   Time: 0:21:03
[Debug] Reward mean: 202.0399, std: 951.3824
[Debug] Reward mean: 24.6366, std: 443.9122
[Debug] Reward mean: 6.3168, std: 284.3395
Num steps: 890000   Return: 1091.4   Time: 0:21:17
[Debug] Reward mean: 19.3158, std: 330.1761
[Debug] Reward mean: 3.9511, std: 159.4685
[Debug] Reward mean: 23.7474, std: 311.7999
[Debug] Reward mean: 5.1903, std: 236.6565
Num steps: 900000   Return: 1465.5   Time: 0:21:33
[Debug] Reward mean: 245.0271, std: 1127.6382
[Debug] Reward mean: 3.1267, std: 163.3965
[Debug] Reward mean: 4.2494, std: 222.1826
Num steps: 910000   Return: 702.0   Time: 0:21:48
[Debug] Reward mean: 2.3395, std: 128.1393
[Debug] Reward mean: 5.5481, std: 281.9720
[Debug] Reward mean: 18.1989, std: 337.8684
Num steps: 920000   Return: 1438.0   Time: 0:22:03
[Debug] Reward mean: 7.2669, std: 310.6703
[Debug] Reward mean: 496.2933, std: 1954.5828
[Debug] Reward mean: 6.4987, std: 319.8619
[Debug] Reward mean: 5.3794, std: 294.6393
Num steps: 930000   Return: 1412.0   Time: 0:22:18
[Debug] Reward mean: 12.7187, std: 273.8710
[Debug] Reward mean: 77.5208, std: 615.6561
[Debug] Reward mean: 12.4426, std: 284.2808
Num steps: 940000   Return: 1029.7   Time: 0:22:32
[Debug] Reward mean: 4.9029, std: 255.4225
[Debug] Reward mean: 5.7274, std: 263.4265
[Debug] Reward mean: 148.7824, std: 1102.5598
Num steps: 950000   Return: 986.1   Time: 0:22:47
[Debug] Reward mean: 5.9517, std: 325.9872
[Debug] Reward mean: 9.8815, std: 320.8089
[Debug] Reward mean: 112.4309, std: 616.0485
[Debug] Reward mean: 38.2431, std: 395.2190
Num steps: 960000   Return: 1170.1   Time: 0:23:03
[Debug] Reward mean: 14.8327, std: 365.9557
[Debug] Reward mean: 5.6739, std: 306.1119
[Debug] Reward mean: 8.5671, std: 326.4079
Num steps: 970000   Return: 1146.3   Time: 0:23:17
[Debug] Reward mean: 6.9090, std: 280.6166
[Debug] Reward mean: 175.2369, std: 888.1530
[Debug] Reward mean: 8.8967, std: 395.5714
Num steps: 980000   Return: 1271.2   Time: 0:23:32
[Debug] Reward mean: 317.4188, std: 1800.1948
[Debug] Reward mean: 7.7201, std: 293.5033
[Debug] Reward mean: 3979.6506, std: 3744.2305
[Debug] Reward mean: 341.6277, std: 852.7625
Num steps: 990000   Return: 1860.0   Time: 0:23:46
[Debug] Reward mean: 7.1530, std: 367.7994
[Debug] Reward mean: 7.0054, std: 383.7007
[Debug] Reward mean: 219.5704, std: 1071.5015
Num steps: 1000000   Return: 722.7   Time: 0:24:00
[Debug] Reward mean: 293.6702, std: 1284.5991
[Debug] Reward mean: 7.5655, std: 414.3798
[Debug] Reward mean: 7.2707, std: 374.8181
Num steps: 1010000   Return: 1227.7   Time: 0:24:15
[Debug] Reward mean: 4.9523, std: 271.2506
[Debug] Reward mean: 5.5534, std: 304.1697
[Debug] Reward mean: 42.9366, std: 560.7723
[Debug] Reward mean: 11.8791, std: 436.8354
Num steps: 1020000   Return: 1167.0   Time: 0:24:30
[Debug] Reward mean: 5.5754, std: 305.3792
[Debug] Reward mean: 92.6358, std: 634.2228
[Debug] Reward mean: 50.4910, std: 527.6042
Num steps: 1030000   Return: 1785.2   Time: 0:24:44
[Debug] Reward mean: 386.2891, std: 1672.7482
[Debug] Reward mean: 7.3293, std: 271.1166
[Debug] Reward mean: 546.2799, std: 2480.7637
Num steps: 1040000   Return: 1502.4   Time: 0:24:59
[Debug] Reward mean: 47.6885, std: 528.5337
[Debug] Reward mean: 117.6104, std: 681.7476
[Debug] Reward mean: 8.0546, std: 373.2819
[Debug] Reward mean: 6.5168, std: 329.4660
Num steps: 1050000   Return: 884.7   Time: 0:25:14
[Debug] Reward mean: 23.8152, std: 369.8167
[Debug] Reward mean: 159.5489, std: 856.8165
[Debug] Reward mean: 13.2790, std: 540.7908
Num steps: 1060000   Return: 1219.9   Time: 0:25:28
[Debug] Reward mean: 182.4006, std: 952.6937
[Debug] Reward mean: 9.2205, std: 461.1009
[Debug] Reward mean: 6.7176, std: 367.9364
Num steps: 1070000   Return: 1278.8   Time: 0:25:43
[Debug] Reward mean: 84.4523, std: 766.2819
[Debug] Reward mean: 18.3742, std: 480.2031
[Debug] Reward mean: 7.7897, std: 426.6604
[Debug] Reward mean: 10.8850, std: 254.4018
Num steps: 1080000   Return: 1176.1   Time: 0:25:57
[Debug] Reward mean: 175.1155, std: 1053.4281
[Debug] Reward mean: 8.5359, std: 372.0367
[Debug] Reward mean: 11.7204, std: 442.4255
Num steps: 1090000   Return: 1328.9   Time: 0:26:11
[Debug] Reward mean: 9.8650, std: 540.3293
[Debug] Reward mean: 12.5638, std: 542.1310
[Debug] Reward mean: 19.2859, std: 393.8498
Num steps: 1100000   Return: 1000.5   Time: 0:26:26
[Debug] Reward mean: 9.5681, std: 513.3585
[Debug] Reward mean: 8.9307, std: 489.1561
[Debug] Reward mean: 24356.7305, std: 13740.3818
[Debug] Reward mean: 3399.6816, std: 8299.6914
Num steps: 1110000   Return: 935.5   Time: 0:26:40
[Debug] Reward mean: 11.5447, std: 557.4985
[Debug] Reward mean: 20.2961, std: 531.2817
[Debug] Reward mean: 6.3981, std: 350.4388
Num steps: 1120000   Return: 1238.8   Time: 0:26:54
[Debug] Reward mean: 10.3868, std: 492.2332
[Debug] Reward mean: 16.3169, std: 334.7615
[Debug] Reward mean: 7.0682, std: 386.3240
Num steps: 1130000   Return: 1184.4   Time: 0:27:08
[Debug] Reward mean: 11.7841, std: 645.4438
[Debug] Reward mean: 8.3960, std: 459.8683
[Debug] Reward mean: 193.0417, std: 1117.9281
[Debug] Reward mean: 15.4535, std: 585.2854
Num steps: 1140000   Return: 963.7   Time: 0:27:22
[Debug] Reward mean: 7.6377, std: 418.3326
[Debug] Reward mean: 137.4586, std: 941.7549
[Debug] Reward mean: 15724.4229, std: 11649.3301
Num steps: 1150000   Return: 1288.8   Time: 0:27:36
[Debug] Reward mean: 1937.8845, std: 4739.7637
[Debug] Reward mean: 9.0277, std: 443.4243
[Debug] Reward mean: 9.6156, std: 519.2989
Num steps: 1160000   Return: 1059.1   Time: 0:27:50
[Debug] Reward mean: 14.8195, std: 754.9298
[Debug] Reward mean: 9.3451, std: 511.8506
[Debug] Reward mean: 7.9603, std: 411.9797
[Debug] Reward mean: 36.2646, std: 572.4270
Num steps: 1170000   Return: 1421.1   Time: 0:28:05
[Debug] Reward mean: 11.4055, std: 592.2383
[Debug] Reward mean: 74.0783, std: 742.6270
[Debug] Reward mean: 69.6261, std: 718.7058
Num steps: 1180000   Return: 1136.7   Time: 0:28:19
[Debug] Reward mean: 10.8430, std: 495.5306
[Debug] Reward mean: 12.1640, std: 475.2143
[Debug] Reward mean: 12.0268, std: 643.4479
Num steps: 1190000   Return: 1005.6   Time: 0:28:33
[Debug] Reward mean: 64.5476, std: 981.5312
[Debug] Reward mean: 11.5331, std: 563.6516
[Debug] Reward mean: 3577.2063, std: 5777.0117
[Debug] Reward mean: 293.3382, std: 712.0373
Num steps: 1200000   Return: 962.0   Time: 0:28:48
[Debug] Reward mean: 6.1605, std: 337.4242
[Debug] Reward mean: 9.3973, std: 447.9829
[Debug] Reward mean: 13943.0264, std: 13366.6943
Num steps: 1210000   Return: 1068.0   Time: 0:29:03
[Debug] Reward mean: 2738.8972, std: 4863.4146
[Debug] Reward mean: 16.2142, std: 882.7527
[Debug] Reward mean: 15.1585, std: 713.0320
Num steps: 1220000   Return: 1305.3   Time: 0:29:18
[Debug] Reward mean: 36.8778, std: 815.3691
[Debug] Reward mean: 38.3340, std: 679.0292
[Debug] Reward mean: 10.7600, std: 545.7118
[Debug] Reward mean: 25.7935, std: 623.8397
Num steps: 1230000   Return: 1332.6   Time: 0:29:33
[Debug] Reward mean: 12.0955, std: 559.8686
[Debug] Reward mean: 11.6655, std: 616.7276
[Debug] Reward mean: 6.1000, std: 325.2705
Num steps: 1240000   Return: 936.2   Time: 0:29:47
[Debug] Reward mean: 11.4194, std: 625.4680
[Debug] Reward mean: 10.2428, std: 561.0198
[Debug] Reward mean: 7.5618, std: 414.1791
Num steps: 1250000   Return: 1627.2   Time: 0:30:02
[Debug] Reward mean: 13.7226, std: 515.8445
[Debug] Reward mean: 8.2486, std: 451.7920
[Debug] Reward mean: 118.7350, std: 987.1029
[Debug] Reward mean: 16.4506, std: 478.0582
Num steps: 1260000   Return: 944.6   Time: 0:30:17
[Debug] Reward mean: 592.2872, std: 2714.2646
[Debug] Reward mean: 11.5903, std: 606.2285
[Debug] Reward mean: 124.8739, std: 1016.1846
Num steps: 1270000   Return: 1392.2   Time: 0:30:32
[Debug] Reward mean: 386.5877, std: 2119.0010
[Debug] Reward mean: 10.1582, std: 556.3884
[Debug] Reward mean: 12.1150, std: 645.3772
Num steps: 1280000   Return: 886.0   Time: 0:30:47
[Debug] Reward mean: 139.7448, std: 1126.0468
[Debug] Reward mean: 31.0812, std: 1100.6763
[Debug] Reward mean: 17.9733, std: 976.6346
[Debug] Reward mean: 16.0700, std: 564.1610
Num steps: 1290000   Return: 925.4   Time: 0:31:01
[Debug] Reward mean: 39.5603, std: 1181.2552
[Debug] Reward mean: 15.1026, std: 687.6552
[Debug] Reward mean: 12.1754, std: 666.7692
Num steps: 1300000   Return: 1016.7   Time: 0:31:15
[Debug] Reward mean: 12.1208, std: 633.4969
[Debug] Reward mean: 12.1923, std: 622.0648
[Debug] Reward mean: 13.1620, std: 720.9108
Num steps: 1310000   Return: 1150.3   Time: 0:31:30
[Debug] Reward mean: 13.9012, std: 643.5230
[Debug] Reward mean: 11.4012, std: 547.5527
[Debug] Reward mean: 10.3437, std: 524.5983
[Debug] Reward mean: 12.5731, std: 544.7825
Num steps: 1320000   Return: 1335.2   Time: 0:31:45
[Debug] Reward mean: 24.1086, std: 1009.3669
[Debug] Reward mean: 10.9862, std: 601.7400
[Debug] Reward mean: 13.6438, std: 741.5068
Num steps: 1330000   Return: 837.5   Time: 0:31:59
[Debug] Reward mean: 11.4526, std: 587.1408
[Debug] Reward mean: 783.6927, std: 3382.6572
[Debug] Reward mean: 32.2731, std: 1274.4075
Num steps: 1340000   Return: 1209.1   Time: 0:32:14
[Debug] Reward mean: 190.3566, std: 1350.6405
[Debug] Reward mean: 284.7443, std: 1699.1050
[Debug] Reward mean: 16.7014, std: 884.5447
[Debug] Reward mean: 778.2712, std: 3604.9939
Num steps: 1350000   Return: 1104.4   Time: 0:32:28
[Debug] Reward mean: 474.9534, std: 3171.9290
[Debug] Reward mean: 16.6987, std: 898.1339
[Debug] Reward mean: 17.3668, std: 749.1225
Num steps: 1360000   Return: 1393.0   Time: 0:32:43
[Debug] Reward mean: 8355.8984, std: 9354.6016
[Debug] Reward mean: 1362.9594, std: 2695.8652
[Debug] Reward mean: 12.9171, std: 703.8526
Num steps: 1370000   Return: 962.4   Time: 0:32:56
[Debug] Reward mean: 19.8148, std: 983.0210
[Debug] Reward mean: 21.0558, std: 931.7516
[Debug] Reward mean: 156.6723, std: 2801.8010
[Debug] Reward mean: 10.7615, std: 586.8829
Num steps: 1380000   Return: 1173.3   Time: 0:33:12
[Debug] Reward mean: 21.4265, std: 828.6707
[Debug] Reward mean: 21.4411, std: 1096.6404
[Debug] Reward mean: 16.9195, std: 839.7218
Num steps: 1390000   Return: 1226.8   Time: 0:33:27
[Debug] Reward mean: 431.1277, std: 2058.5637
[Debug] Reward mean: 8.8316, std: 406.8182
[Debug] Reward mean: 18.6778, std: 928.2332
Num steps: 1400000   Return: 887.9   Time: 0:33:42
[Debug] Reward mean: 31.4382, std: 1041.0155
[Debug] Reward mean: 20.5771, std: 883.2501
[Debug] Reward mean: 25.1778, std: 876.5845
[Debug] Reward mean: 242.3873, std: 1678.3230
Num steps: 1410000   Return: 1006.2   Time: 0:33:56
[Debug] Reward mean: 15.5825, std: 712.5958
[Debug] Reward mean: 951.0038, std: 4266.3730
[Debug] Reward mean: 24.6392, std: 954.7063
Num steps: 1420000   Return: 1047.5   Time: 0:34:11
[Debug] Reward mean: 17059.6875, std: 16187.6475
[Debug] Reward mean: 4360.3672, std: 6945.3164
[Debug] Reward mean: 161.6320, std: 1094.6418
Num steps: 1430000   Return: 1145.7   Time: 0:34:26
[Debug] Reward mean: 26.3090, std: 1228.0657
[Debug] Reward mean: 21.2456, std: 1163.6669
[Debug] Reward mean: 20.0389, std: 844.2194
[Debug] Reward mean: 8.1717, std: 447.5800
Num steps: 1440000   Return: 1137.5   Time: 0:34:41
[Debug] Reward mean: 574.6459, std: 2803.1658
[Debug] Reward mean: 34.4095, std: 774.0387
[Debug] Reward mean: 1116.2688, std: 5418.6797
Num steps: 1450000   Return: 899.3   Time: 0:34:56
[Debug] Reward mean: 332.0686, std: 2020.1182
[Debug] Reward mean: 14.6102, std: 800.2317
[Debug] Reward mean: 97.9119, std: 1113.1754
Num steps: 1460000   Return: 1043.8   Time: 0:35:09
[Debug] Reward mean: 13.4180, std: 730.7727
[Debug] Reward mean: 17863.9629, std: 16433.6113
[Debug] Reward mean: 4224.9067, std: 7465.8916
[Debug] Reward mean: 24.0628, std: 1041.0192
Num steps: 1470000   Return: 1372.7   Time: 0:35:25
[Debug] Reward mean: 27.2119, std: 811.1590
[Debug] Reward mean: 10.9654, std: 600.5987
[Debug] Reward mean: 22.8658, std: 915.5180
Num steps: 1480000   Return: 1296.8   Time: 0:35:40
[Debug] Reward mean: 24.0029, std: 1127.0588
[Debug] Reward mean: 24.7469, std: 1347.1538
[Debug] Reward mean: 13.6001, std: 705.5551
Num steps: 1490000   Return: 1020.9   Time: 0:35:54
[Debug] Reward mean: 509.9995, std: 3013.5474
[Debug] Reward mean: 16.8919, std: 866.6143
[Debug] Reward mean: 19.8709, std: 1078.8042
[Debug] Reward mean: 224.2091, std: 1718.9371
Num steps: 1500000   Return: 1143.7   Time: 0:36:09
[Debug] Reward mean: 20.5183, std: 792.1580
[Debug] Reward mean: 17.8295, std: 970.1248
[Debug] Reward mean: 762.1027, std: 4781.2241
Num steps: 1510000   Return: 1272.7   Time: 0:36:23
[Debug] Reward mean: 17.9500, std: 983.1631
[Debug] Reward mean: 22.5410, std: 1173.9427
[Debug] Reward mean: 46.4223, std: 1312.8672
Num steps: 1520000   Return: 1083.7   Time: 0:36:38
[Debug] Reward mean: 19.9095, std: 1088.1503
[Debug] Reward mean: 24.3766, std: 1312.2262
[Debug] Reward mean: 48.8890, std: 1378.6265
[Debug] Reward mean: 15.5226, std: 849.1336
Num steps: 1530000   Return: 1276.5   Time: 0:36:53
[Debug] Reward mean: 25.6026, std: 1368.6482
[Debug] Reward mean: 29.7594, std: 1243.8051
[Debug] Reward mean: 19.4917, std: 1067.6027
Num steps: 1540000   Return: 1328.6   Time: 0:37:07
[Debug] Reward mean: 37.3010, std: 1504.1304
[Debug] Reward mean: 19.2307, std: 1053.3071
[Debug] Reward mean: 20.3494, std: 1112.4508
Num steps: 1550000   Return: 1141.8   Time: 0:37:22
[Debug] Reward mean: 23.2125, std: 1189.4578
[Debug] Reward mean: 17.8693, std: 876.7664
[Debug] Reward mean: 30.7045, std: 1186.0619
[Debug] Reward mean: 29.3112, std: 1524.5165
Num steps: 1560000   Return: 1301.8   Time: 0:37:37
[Debug] Reward mean: 21.7665, std: 1118.2351
[Debug] Reward mean: 15103.6494, std: 14572.1143
[Debug] Reward mean: 3264.9854, std: 5763.0439
Num steps: 1570000   Return: 1241.6   Time: 0:37:47
[Debug] Reward mean: 85.9876, std: 1495.2750
[Debug] Reward mean: 22.1114, std: 1208.6655
[Debug] Reward mean: 18.6042, std: 1005.3241
Num steps: 1580000   Return: 1042.1   Time: 0:37:55
[Debug] Reward mean: 271.9541, std: 2050.0408
[Debug] Reward mean: 137.3853, std: 1434.6731
[Debug] Reward mean: 14.5157, std: 771.1868
[Debug] Reward mean: 25.6137, std: 1402.9180
Num steps: 1590000   Return: 1289.6   Time: 0:38:04
[Debug] Reward mean: 16.2547, std: 837.9410
[Debug] Reward mean: 20.7455, std: 1136.2793
[Debug] Reward mean: 576.1557, std: 3188.9822
Num steps: 1600000   Return: 1365.7   Time: 0:38:13
[Debug] Reward mean: 25.0196, std: 1346.7433
[Debug] Reward mean: 25.6572, std: 904.9012
[Debug] Reward mean: 42.9119, std: 1405.7056
Num steps: 1610000   Return: 1102.1   Time: 0:38:21
[Debug] Reward mean: 24.3683, std: 1311.2268
[Debug] Reward mean: 27.5182, std: 1507.2325
[Debug] Reward mean: 22.7974, std: 1227.5114
[Debug] Reward mean: 27.0395, std: 1223.3945
Num steps: 1620000   Return: 1213.0   Time: 0:38:29
[Debug] Reward mean: 14646.4092, std: 18025.9551
[Debug] Reward mean: 2841.7859, std: 5010.9756
[Debug] Reward mean: 22.0963, std: 1109.5035
Num steps: 1630000   Return: 1292.3   Time: 0:38:38
[Debug] Reward mean: 29.1151, std: 1585.5796
[Debug] Reward mean: 22.3366, std: 1218.8035
[Debug] Reward mean: 256.5515, std: 2099.7202
Num steps: 1640000   Return: 1221.2   Time: 0:38:46
[Debug] Reward mean: 31.3927, std: 1702.7458
[Debug] Reward mean: 44.7672, std: 1774.5164
[Debug] Reward mean: 26.2260, std: 1436.4556
[Debug] Reward mean: 69.2987, std: 1054.1063
Num steps: 1650000   Return: 1402.9   Time: 0:38:55
[Debug] Reward mean: 94.9072, std: 2410.1057
[Debug] Reward mean: 27.2022, std: 1357.9888
[Debug] Reward mean: 265.4227, std: 2578.7065
Num steps: 1660000   Return: 1368.3   Time: 0:39:03
[Debug] Reward mean: 27.2791, std: 1329.9282
[Debug] Reward mean: 27.9494, std: 1423.7653
[Debug] Reward mean: 41.8697, std: 1548.4359
Num steps: 1670000   Return: 1347.8   Time: 0:39:12
[Debug] Reward mean: 882.0497, std: 4635.2329
[Debug] Reward mean: 26.7933, std: 1388.7806
[Debug] Reward mean: 32.0533, std: 1313.7787
[Debug] Reward mean: 31.5789, std: 1557.2773
Num steps: 1680000   Return: 1311.9   Time: 0:39:21
[Debug] Reward mean: 15.3410, std: 840.2630
[Debug] Reward mean: 39.2604, std: 1632.8302
[Debug] Reward mean: 31.4533, std: 1657.5875
Num steps: 1690000   Return: 1447.0   Time: 0:39:30
[Debug] Reward mean: 63.9043, std: 1522.0718
[Debug] Reward mean: 1042.9130, std: 5179.2012
[Debug] Reward mean: 27.8663, std: 1451.6934
Num steps: 1700000   Return: 942.2   Time: 0:39:39
[Debug] Reward mean: 869.3320, std: 5781.9082
[Debug] Reward mean: 33.7477, std: 1752.9944
[Debug] Reward mean: 53.4922, std: 2325.5608
[Debug] Reward mean: 27.0753, std: 1447.5106
Num steps: 1710000   Return: 1457.5   Time: 0:39:48
[Debug] Reward mean: 32.1600, std: 1701.7198
[Debug] Reward mean: 32.2772, std: 1365.6134
[Debug] Reward mean: 118.0036, std: 2052.2424
Num steps: 1720000   Return: 1465.3   Time: 0:39:57
[Debug] Reward mean: 837.7872, std: 4852.2139
[Debug] Reward mean: 38.1442, std: 1865.1842
[Debug] Reward mean: 5701.1372, std: 11780.6533
Num steps: 1730000   Return: 1396.3   Time: 0:40:05
[Debug] Reward mean: 177.2999, std: 1955.2622
[Debug] Reward mean: 4875.3188, std: 12647.1367
[Debug] Reward mean: 107.0475, std: 1752.6001
[Debug] Reward mean: 33.0379, std: 1507.7562
Num steps: 1740000   Return: 1172.6   Time: 0:40:14
[Debug] Reward mean: 65.3703, std: 1999.4080
[Debug] Reward mean: 34.6013, std: 1379.1554
[Debug] Reward mean: 28.2422, std: 1445.4457
Num steps: 1750000   Return: 960.9   Time: 0:40:23
[Debug] Reward mean: 42.3946, std: 2024.0613
[Debug] Reward mean: 154.6548, std: 1887.0095
[Debug] Reward mean: 51.2409, std: 2429.6069
Num steps: 1760000   Return: 1122.7   Time: 0:40:31
[Debug] Reward mean: 2089.2842, std: 9017.4268
[Debug] Reward mean: 36.7732, std: 1900.4132
[Debug] Reward mean: 469.8271, std: 3111.4817
[Debug] Reward mean: 38.0996, std: 2086.8010
Num steps: 1770000   Return: 1078.1   Time: 0:40:40
[Debug] Reward mean: 31.4988, std: 1725.2612
[Debug] Reward mean: 46.8775, std: 1818.1448
[Debug] Reward mean: 58.3453, std: 2154.5928
Num steps: 1780000   Return: 1180.5   Time: 0:40:48
[Debug] Reward mean: 60.1005, std: 1736.1477
[Debug] Reward mean: 42.0067, std: 1872.6222
[Debug] Reward mean: 24.3117, std: 1292.6414
Num steps: 1790000   Return: 1239.7   Time: 0:40:57
[Debug] Reward mean: 911.3465, std: 4909.3193
[Debug] Reward mean: 42.2233, std: 2093.4722
[Debug] Reward mean: 103.4816, std: 2446.4844
[Debug] Reward mean: 40.7798, std: 2223.9573
Num steps: 1800000   Return: 1707.3   Time: 0:41:05
[Debug] Reward mean: 65.4510, std: 1415.7191
[Debug] Reward mean: 25.1930, std: 1235.6346
[Debug] Reward mean: 19739.7734, std: 22188.6289
Num steps: 1810000   Return: 1331.9   Time: 0:41:14
[Debug] Reward mean: 5276.0283, std: 8277.1338
[Debug] Reward mean: 37.2467, std: 1935.3363
[Debug] Reward mean: 3365.5332, std: 14283.9619
Num steps: 1820000   Return: 846.1   Time: 0:41:22
[Debug] Reward mean: 51.0685, std: 2145.7603
[Debug] Reward mean: 532.0643, std: 3426.4797
[Debug] Reward mean: 41.8082, std: 2162.3792
[Debug] Reward mean: 25.5465, std: 1399.2395
Num steps: 1830000   Return: 1181.6   Time: 0:41:31
[Debug] Reward mean: 165.4280, std: 1903.5265
[Debug] Reward mean: 105.7986, std: 1223.5804
[Debug] Reward mean: 42.2714, std: 1836.2631
Num steps: 1840000   Return: 1159.6   Time: 0:41:40
[Debug] Reward mean: 34.7186, std: 1901.6136
[Debug] Reward mean: 3576.1353, std: 14075.4238
[Debug] Reward mean: 45.8470, std: 1401.4198
Num steps: 1850000   Return: 1289.1   Time: 0:41:48
[Debug] Reward mean: 21.3488, std: 1169.3224
[Debug] Reward mean: 374.2526, std: 3211.0930
[Debug] Reward mean: 31.9317, std: 1721.8408
[Debug] Reward mean: 49.9287, std: 2489.1072
Num steps: 1860000   Return: 929.4   Time: 0:41:57
[Debug] Reward mean: 110.7422, std: 2270.0342
[Debug] Reward mean: 55.9943, std: 2955.0376
[Debug] Reward mean: 64.5138, std: 1911.8383
Num steps: 1870000   Return: 1438.6   Time: 0:42:06
[Debug] Reward mean: 52.3749, std: 2670.1880
[Debug] Reward mean: 1036.6433, std: 6330.8110
[Debug] Reward mean: 815.1394, std: 5662.1699
Num steps: 1880000   Return: 1212.9   Time: 0:42:14
[Debug] Reward mean: 23.9655, std: 1312.6444
[Debug] Reward mean: 3527.4792, std: 13004.5059
[Debug] Reward mean: 165.7239, std: 2481.3020
[Debug] Reward mean: 2696.1570, std: 14366.9463
Num steps: 1890000   Return: 1421.8   Time: 0:42:24
[Debug] Reward mean: 73.7967, std: 2547.6375
[Debug] Reward mean: 206.7921, std: 2393.0845
[Debug] Reward mean: 57.2754, std: 3089.5574
Num steps: 1900000   Return: 1136.3   Time: 0:42:33
[Debug] Reward mean: 39.4995, std: 2078.3792
[Debug] Reward mean: 50.6898, std: 1613.7700
[Debug] Reward mean: 871.0213, std: 4999.5547
Num steps: 1910000   Return: 1163.9   Time: 0:42:41
[Debug] Reward mean: 43.3724, std: 2375.6025
[Debug] Reward mean: 50.8110, std: 2783.0352
[Debug] Reward mean: 58.3981, std: 2493.0283
[Debug] Reward mean: 185.4466, std: 2241.4775
Num steps: 1920000   Return: 950.0   Time: 0:42:50
[Debug] Reward mean: 180.2459, std: 2116.1587
[Debug] Reward mean: 52.0470, std: 2650.9180
[Debug] Reward mean: 56.0583, std: 2561.1157
Num steps: 1930000   Return: 1207.6   Time: 0:42:58
[Debug] Reward mean: 622.3077, std: 4551.5596
[Debug] Reward mean: 62.4431, std: 3065.1975
[Debug] Reward mean: 188.5160, std: 2972.9526
Num steps: 1940000   Return: 1104.4   Time: 0:43:07
[Debug] Reward mean: 44.5721, std: 2350.0723
[Debug] Reward mean: 45.6356, std: 2499.5662
[Debug] Reward mean: 617.2341, std: 4050.8503
[Debug] Reward mean: 54.2786, std: 2688.6279
Num steps: 1950000   Return: 1246.4   Time: 0:43:16
[Debug] Reward mean: 49.3390, std: 2217.5691
[Debug] Reward mean: 2521.9016, std: 11749.0342
[Debug] Reward mean: 52.1904, std: 2514.5686
Num steps: 1960000   Return: 1165.3   Time: 0:43:24
[Debug] Reward mean: 49.9385, std: 1771.5916
[Debug] Reward mean: 1471.7770, std: 7700.0723
[Debug] Reward mean: 2764.6223, std: 7540.3174
Num steps: 1970000   Return: 859.6   Time: 0:43:33
[Debug] Reward mean: 86.7660, std: 1759.1392
[Debug] Reward mean: 4132.4316, std: 30463.4863
[Debug] Reward mean: 89.3164, std: 3386.3489
[Debug] Reward mean: 2127.1553, std: 9732.5830
Num steps: 1980000   Return: 1506.8   Time: 0:43:41
[Debug] Reward mean: 298.9030, std: 3001.9487
[Debug] Reward mean: 51.5771, std: 2631.1873
[Debug] Reward mean: 124.2579, std: 2632.6050
Num steps: 1990000   Return: 958.1   Time: 0:43:50
[Debug] Reward mean: 3653.1353, std: 13260.0801
[Debug] Reward mean: 83.4771, std: 2880.9849
[Debug] Reward mean: 122.7907, std: 3568.1106
Num steps: 2000000   Return: 1238.7   Time: 0:43:58
Models saved to logs/StickInsect-v5/airl/20250521-1537/model
