running egg_info
writing ../../build/robot_policy/robot_policy.egg-info/PKG-INFO
writing dependency_links to ../../build/robot_policy/robot_policy.egg-info/dependency_links.txt
writing entry points to ../../build/robot_policy/robot_policy.egg-info/entry_points.txt
writing requirements to ../../build/robot_policy/robot_policy.egg-info/requires.txt
writing top-level names to ../../build/robot_policy/robot_policy.egg-info/top_level.txt
reading manifest file '../../build/robot_policy/robot_policy.egg-info/SOURCES.txt'
writing manifest file '../../build/robot_policy/robot_policy.egg-info/SOURCES.txt'
running build
running build_py
running install
running install_lib
running install_data
running install_egg_info
removing '/home/yuchen/airl-insect-walking/ros2_ws/install/robot_policy/lib/python3.10/site-packages/robot_policy-0.0.1-py3.10.egg-info' (and everything under it)
Copying ../../build/robot_policy/robot_policy.egg-info to /home/yuchen/airl-insect-walking/ros2_ws/install/robot_policy/lib/python3.10/site-packages/robot_policy-0.0.1-py3.10.egg-info
running install_scripts
Installing fake_contact_states script to /home/yuchen/airl-insect-walking/ros2_ws/install/robot_policy/lib/robot_policy
Installing fake_imu_states script to /home/yuchen/airl-insect-walking/ros2_ws/install/robot_policy/lib/robot_policy
Installing fake_joint_states script to /home/yuchen/airl-insect-walking/ros2_ws/install/robot_policy/lib/robot_policy
Installing policy_node script to /home/yuchen/airl-insect-walking/ros2_ws/install/robot_policy/lib/robot_policy
writing list of installed files to '/home/yuchen/airl-insect-walking/ros2_ws/build/robot_policy/install.log'
