Logging started at 20250527-1326
scale: [3.1415927 3.1415927 3.1415927 3.1415927 3.1415927 3.1415927 3.1415927
 3.1415927 3.1415927 3.1415927 3.1415927 3.1415927 3.1415927 3.1415927
 3.1415927 3.1415927 3.1415927 3.1415927]
mid: [0. 0. 0. 0. 0. 0. 0. 0. 0. 0. 0. 0. 0. 0. 0. 0. 0. 0.]
action space high: [1. 1. 1. 1. 1. 1. 1. 1. 1. 1. 1. 1. 1. 1. 1. 1. 1. 1.]
action space low: [-1. -1. -1. -1. -1. -1. -1. -1. -1. -1. -1. -1. -1. -1. -1. -1. -1. -1.]
scale: [3.1415927 3.1415927 3.1415927 3.1415927 3.1415927 3.1415927 3.1415927
 3.1415927 3.1415927 3.1415927 3.1415927 3.1415927 3.1415927 3.1415927
 3.1415927 3.1415927 3.1415927 3.1415927]
mid: [0. 0. 0. 0. 0. 0. 0. 0. 0. 0. 0. 0. 0. 0. 0. 0. 0. 0.]
action space high: [1. 1. 1. 1. 1. 1. 1. 1. 1. 1. 1. 1. 1. 1. 1. 1. 1. 1.]
action space low: [-1. -1. -1. -1. -1. -1. -1. -1. -1. -1. -1. -1. -1. -1. -1. -1. -1. -1.]
NVIDIA RTX A6000
Process ID: 1234242
Env: StickInsect-v4, experts/StickInsect_states_v1u2.pt, experts/StickInsect_actions_v1u2.pt, Seed: 0
Rollout length: 3000
Num steps: 2000000, Eval interval: 10000
Gamma: 0.995, Mix buffer: 1, Batch size: 64
lr_actor: 5e-05, lr_critic: 5e-05, lr_disc: 5e-05
Units Actor: (64, 64), Units Critic: (64, 64)
Units Disc: (100, 100)
Epoch ppo: 50, Epoch disc: 10
Clip Epsc: 0.2, Lambda: 0.97, Coef Ent: 0.05, Max Grad Norm: 10.0
Load data states: (688, 47), actions: (688, 18)
Expert data states: (687, 47), actions: (687, 18)
normalized expert action high: 0.5587616562843323
normalized expert action low: -0.5598832368850708
Expert buffer size: 687
Initial state shape: (47,)
Num steps: 10000    Return: 1862.0   Time: 0:00:20
Num steps: 20000    Return: 2636.3   Time: 0:00:39
Num steps: 30000    Return: 2703.5   Time: 0:00:59
Num steps: 40000    Return: 2939.4   Time: 0:01:19
Num steps: 50000    Return: 2914.8   Time: 0:01:38
Num steps: 60000    Return: 2827.4   Time: 0:01:57
Num steps: 70000    Return: 2815.4   Time: 0:02:16
Num steps: 80000    Return: 2823.3   Time: 0:02:36
Num steps: 90000    Return: 2911.7   Time: 0:02:55
Num steps: 100000   Return: 2742.9   Time: 0:03:15
Num steps: 110000   Return: 2815.5   Time: 0:03:34
Num steps: 120000   Return: 2983.4   Time: 0:03:53
Num steps: 130000   Return: 2860.7   Time: 0:04:12
Num steps: 140000   Return: 2997.8   Time: 0:04:32
Num steps: 150000   Return: 2822.3   Time: 0:04:51
Num steps: 160000   Return: 2944.3   Time: 0:05:10
Num steps: 170000   Return: 2899.2   Time: 0:05:29
Num steps: 180000   Return: 2846.9   Time: 0:05:49
Num steps: 190000   Return: 2912.3   Time: 0:06:08
Num steps: 200000   Return: 2906.8   Time: 0:06:27
Num steps: 210000   Return: 3001.0   Time: 0:06:46
Num steps: 220000   Return: 2851.8   Time: 0:07:05
Num steps: 230000   Return: 2813.6   Time: 0:07:24
Num steps: 240000   Return: 2934.9   Time: 0:07:44
Num steps: 250000   Return: 3028.2   Time: 0:08:03
Num steps: 260000   Return: 2904.0   Time: 0:08:22
Num steps: 270000   Return: 2924.4   Time: 0:08:41
Num steps: 280000   Return: 2979.9   Time: 0:09:01
Num steps: 290000   Return: 3021.7   Time: 0:09:20
Num steps: 300000   Return: 2974.7   Time: 0:09:40
Num steps: 310000   Return: 2917.5   Time: 0:09:59
Num steps: 320000   Return: 2961.0   Time: 0:10:18
Num steps: 330000   Return: 3048.1   Time: 0:10:37
Num steps: 340000   Return: 3053.2   Time: 0:10:57
Num steps: 350000   Return: 2930.5   Time: 0:11:16
Num steps: 360000   Return: 2939.7   Time: 0:11:35
Num steps: 370000   Return: 3020.8   Time: 0:11:54
Num steps: 380000   Return: 2989.7   Time: 0:12:13
Num steps: 390000   Return: 2908.8   Time: 0:12:32
Num steps: 400000   Return: 3005.7   Time: 0:12:51
Num steps: 410000   Return: 2945.9   Time: 0:13:10
Num steps: 420000   Return: 3042.3   Time: 0:13:30
Num steps: 430000   Return: 2955.6   Time: 0:13:49
Num steps: 440000   Return: 3096.7   Time: 0:14:08
Num steps: 450000   Return: 2992.9   Time: 0:14:28
Num steps: 460000   Return: 2962.7   Time: 0:14:47
Num steps: 470000   Return: 2903.1   Time: 0:15:06
Num steps: 480000   Return: 2995.0   Time: 0:15:26
Num steps: 490000   Return: 3025.9   Time: 0:15:45
Num steps: 500000   Return: 2942.2   Time: 0:16:04
Num steps: 510000   Return: 2945.6   Time: 0:16:23
Num steps: 520000   Return: 3065.9   Time: 0:16:43
Num steps: 530000   Return: 2941.3   Time: 0:17:02
Num steps: 540000   Return: 3014.9   Time: 0:17:21
Num steps: 550000   Return: 3003.3   Time: 0:17:41
Num steps: 560000   Return: 2971.5   Time: 0:18:00
Num steps: 570000   Return: 2982.1   Time: 0:18:20
Num steps: 580000   Return: 2937.8   Time: 0:18:39
Num steps: 590000   Return: 3007.8   Time: 0:18:59
Num steps: 600000   Return: 2978.3   Time: 0:19:18
Num steps: 610000   Return: 3092.4   Time: 0:19:38
Num steps: 620000   Return: 3176.2   Time: 0:19:57
Num steps: 630000   Return: 3049.0   Time: 0:20:17
Num steps: 640000   Return: 2929.4   Time: 0:20:36
Num steps: 650000   Return: 3058.7   Time: 0:20:55
Num steps: 660000   Return: 2957.3   Time: 0:21:15
Num steps: 670000   Return: 3005.4   Time: 0:21:35
Num steps: 680000   Return: 3043.3   Time: 0:21:54
Num steps: 690000   Return: 2920.4   Time: 0:22:14
Num steps: 700000   Return: 3004.5   Time: 0:22:34
Num steps: 710000   Return: 3028.6   Time: 0:22:53
Num steps: 720000   Return: 2986.0   Time: 0:23:13
Num steps: 730000   Return: 3024.5   Time: 0:23:33
Num steps: 740000   Return: 3007.9   Time: 0:23:52
Num steps: 750000   Return: 3028.4   Time: 0:24:12
Num steps: 760000   Return: 3036.1   Time: 0:24:32
Num steps: 770000   Return: 3164.6   Time: 0:24:51
Num steps: 780000   Return: 3118.0   Time: 0:25:11
Num steps: 790000   Return: 3119.6   Time: 0:25:30
Num steps: 800000   Return: 3048.0   Time: 0:25:50
Num steps: 810000   Return: 2927.7   Time: 0:26:09
Num steps: 820000   Return: 2894.6   Time: 0:26:28
Num steps: 830000   Return: 3017.5   Time: 0:26:47
Num steps: 840000   Return: 2999.3   Time: 0:27:07
Num steps: 850000   Return: 3043.0   Time: 0:27:26
Num steps: 860000   Return: 2973.6   Time: 0:27:46
Num steps: 870000   Return: 3012.8   Time: 0:28:05
Num steps: 880000   Return: 3015.5   Time: 0:28:25
Num steps: 890000   Return: 3010.6   Time: 0:28:44
Num steps: 900000   Return: 2926.4   Time: 0:29:04
Num steps: 910000   Return: 3037.2   Time: 0:29:23
Num steps: 920000   Return: 2987.6   Time: 0:29:42
Num steps: 930000   Return: 3045.5   Time: 0:30:02
Num steps: 940000   Return: 2993.6   Time: 0:30:21
Num steps: 950000   Return: 2964.8   Time: 0:30:40
Num steps: 960000   Return: 2942.2   Time: 0:31:00
Num steps: 970000   Return: 2914.4   Time: 0:31:19
Num steps: 980000   Return: 2893.0   Time: 0:31:39
Num steps: 990000   Return: 3236.6   Time: 0:31:58
Num steps: 1000000   Return: 2947.0   Time: 0:32:18
Num steps: 1010000   Return: 2960.1   Time: 0:32:37
Num steps: 1020000   Return: 2904.6   Time: 0:32:57
Num steps: 1030000   Return: 2932.2   Time: 0:33:16
Num steps: 1040000   Return: 2951.9   Time: 0:33:36
Num steps: 1050000   Return: 3003.8   Time: 0:33:56
Num steps: 1060000   Return: 2949.2   Time: 0:34:15
Num steps: 1070000   Return: 3068.4   Time: 0:34:35
Num steps: 1080000   Return: 2983.5   Time: 0:34:55
Num steps: 1090000   Return: 2983.7   Time: 0:35:14
Num steps: 1100000   Return: 3005.7   Time: 0:35:34
Num steps: 1110000   Return: 3067.8   Time: 0:35:54
Num steps: 1120000   Return: 2975.8   Time: 0:36:13
Num steps: 1130000   Return: 2928.5   Time: 0:36:33
Num steps: 1140000   Return: 2985.8   Time: 0:36:53
Num steps: 1150000   Return: 2905.8   Time: 0:37:12
Num steps: 1160000   Return: 2972.3   Time: 0:37:32
Num steps: 1170000   Return: 3121.9   Time: 0:37:52
Num steps: 1180000   Return: 3063.6   Time: 0:38:11
Num steps: 1190000   Return: 3067.2   Time: 0:38:31
Num steps: 1200000   Return: 3060.5   Time: 0:38:51
Num steps: 1210000   Return: 2983.8   Time: 0:39:10
Num steps: 1220000   Return: 3022.4   Time: 0:39:30
Num steps: 1230000   Return: 2994.1   Time: 0:39:49
Num steps: 1240000   Return: 2934.4   Time: 0:40:09
Num steps: 1250000   Return: 2935.0   Time: 0:40:28
Num steps: 1260000   Return: 3113.1   Time: 0:40:48
Num steps: 1270000   Return: 2926.1   Time: 0:41:07
Num steps: 1280000   Return: 3069.3   Time: 0:41:26
Num steps: 1290000   Return: 3075.6   Time: 0:41:46
Num steps: 1300000   Return: 2967.3   Time: 0:42:05
Num steps: 1310000   Return: 3089.0   Time: 0:42:24
Num steps: 1320000   Return: 2963.1   Time: 0:42:44
Num steps: 1330000   Return: 3066.9   Time: 0:43:03
Num steps: 1340000   Return: 2955.8   Time: 0:43:23
Num steps: 1350000   Return: 2989.7   Time: 0:43:42
Num steps: 1360000   Return: 3062.9   Time: 0:44:02
Num steps: 1370000   Return: 3062.0   Time: 0:44:21
Num steps: 1380000   Return: 3008.9   Time: 0:44:40
Num steps: 1390000   Return: 3010.6   Time: 0:44:59
Num steps: 1400000   Return: 3009.4   Time: 0:45:18
Num steps: 1410000   Return: 2937.5   Time: 0:45:38
Num steps: 1420000   Return: 3010.9   Time: 0:45:57
Num steps: 1430000   Return: 3028.2   Time: 0:46:16
Num steps: 1440000   Return: 2984.1   Time: 0:46:35
Num steps: 1450000   Return: 3018.5   Time: 0:46:55
Num steps: 1460000   Return: 3068.5   Time: 0:47:14
Num steps: 1470000   Return: 3026.7   Time: 0:47:33
Num steps: 1480000   Return: 2959.2   Time: 0:47:53
Num steps: 1490000   Return: 3025.2   Time: 0:48:12
Num steps: 1500000   Return: 2949.8   Time: 0:48:31
Num steps: 1510000   Return: 3042.1   Time: 0:48:50
Num steps: 1520000   Return: 3010.4   Time: 0:49:09
Num steps: 1530000   Return: 2996.0   Time: 0:49:29
Num steps: 1540000   Return: 3096.2   Time: 0:49:48
Num steps: 1550000   Return: 3088.8   Time: 0:50:07
Num steps: 1560000   Return: 3002.2   Time: 0:50:27
Num steps: 1570000   Return: 3035.8   Time: 0:50:46
Num steps: 1580000   Return: 2913.6   Time: 0:51:05
Num steps: 1590000   Return: 2998.7   Time: 0:51:24
Num steps: 1600000   Return: 3075.2   Time: 0:51:43
Num steps: 1610000   Return: 2970.9   Time: 0:52:02
Num steps: 1620000   Return: 3070.9   Time: 0:52:22
Num steps: 1630000   Return: 2995.9   Time: 0:52:40
Num steps: 1640000   Return: 3010.5   Time: 0:53:00
Num steps: 1650000   Return: 3031.6   Time: 0:53:19
Num steps: 1660000   Return: 2956.6   Time: 0:53:39
Num steps: 1670000   Return: 3056.1   Time: 0:53:58
Num steps: 1680000   Return: 2952.3   Time: 0:54:18
Num steps: 1690000   Return: 2968.1   Time: 0:54:38
Num steps: 1700000   Return: 2959.9   Time: 0:54:58
Num steps: 1710000   Return: 3072.9   Time: 0:55:17
Num steps: 1720000   Return: 3087.2   Time: 0:55:37
Num steps: 1730000   Return: 2991.3   Time: 0:55:56
Num steps: 1740000   Return: 2961.8   Time: 0:56:17
Num steps: 1750000   Return: 2925.5   Time: 0:56:36
Num steps: 1760000   Return: 2939.1   Time: 0:56:55
Num steps: 1770000   Return: 2950.3   Time: 0:57:15
Num steps: 1780000   Return: 3019.4   Time: 0:57:34
Num steps: 1790000   Return: 3154.9   Time: 0:57:54
Num steps: 1800000   Return: 2905.2   Time: 0:58:13
Num steps: 1810000   Return: 3102.3   Time: 0:58:32
Num steps: 1820000   Return: 2983.7   Time: 0:58:51
Num steps: 1830000   Return: 3018.2   Time: 0:59:11
Num steps: 1840000   Return: 2957.3   Time: 0:59:31
Num steps: 1850000   Return: 2904.5   Time: 0:59:50
Num steps: 1860000   Return: 3031.8   Time: 1:00:10
Num steps: 1870000   Return: 3021.5   Time: 1:00:29
Num steps: 1880000   Return: 3111.3   Time: 1:00:49
Num steps: 1890000   Return: 2966.4   Time: 1:01:09
Num steps: 1900000   Return: 3036.5   Time: 1:01:28
Num steps: 1910000   Return: 3051.2   Time: 1:01:48
Num steps: 1920000   Return: 2970.9   Time: 1:02:08
Num steps: 1930000   Return: 3037.5   Time: 1:02:27
Num steps: 1940000   Return: 3247.9   Time: 1:02:46
Num steps: 1950000   Return: 2939.8   Time: 1:03:06
Num steps: 1960000   Return: 3150.4   Time: 1:03:23
Num steps: 1970000   Return: 3074.1   Time: 1:03:37
Num steps: 1980000   Return: 3113.0   Time: 1:03:51
Num steps: 1990000   Return: 2995.0   Time: 1:04:04
Num steps: 2000000   Return: 2995.2   Time: 1:04:17
Models saved to logs/StickInsect-v4/gail/20250527-1326/model
